2026-03-09T13:38:12.909248+00:00 arena-wp kernel: clocksource: Long readout interval, skipping watchdog check: cs_nsec: 5002896273 wd_nsec: 5002896179
2026-03-09T13:38:59.086553+00:00 arena-wp systemd[1]: Stopping apache2.service - The Apache HTTP Server...
2026-03-09T13:38:59.138025+00:00 arena-wp apachectl[1417]: AH00558: apache2: Could not reliably determine the server's fully qualified domain name, using fd17:625c:f037:2:a00:27ff:fed8:540d. Set the 'ServerName' directive globally to suppress this message
2026-03-09T13:38:59.528304+00:00 arena-wp systemd[1]: apache2.service: Deactivated successfully.
2026-03-09T13:38:59.528504+00:00 arena-wp systemd[1]: Stopped apache2.service - The Apache HTTP Server.
2026-03-09T13:38:59.528610+00:00 arena-wp systemd[1]: apache2.service: Consumed 2.398s CPU time.
2026-03-09T13:38:59.538837+00:00 arena-wp systemd[1]: Starting apache2.service - The Apache HTTP Server...
2026-03-09T13:38:59.585887+00:00 arena-wp apachectl[1423]: AH00558: apache2: Could not reliably determine the server's fully qualified domain name, using fd17:625c:f037:2:a00:27ff:fed8:540d. Set the 'ServerName' directive globally to suppress this message
2026-03-09T13:38:59.595509+00:00 arena-wp systemd[1]: Started apache2.service - The Apache HTTP Server.
2026-03-09T13:39:01.120904+00:00 arena-wp CRON[1432]: (root) CMD (  [ -x /usr/lib/php/sessionclean ] && if [ ! -d /run/systemd/system ]; then /usr/lib/php/sessionclean; fi)
2026-03-09T13:39:05.742098+00:00 arena-wp systemd[1]: Starting phpsessionclean.service - Clean php session files...
2026-03-09T13:39:05.946820+00:00 arena-wp systemd[1]: phpsessionclean.service: Deactivated successfully.
2026-03-09T13:39:05.946917+00:00 arena-wp systemd[1]: Finished phpsessionclean.service - Clean php session files.
2026-03-09T13:40:03.283261+00:00 arena-wp systemd[1]: Starting sysstat-collect.service - system activity accounting tool...
2026-03-09T13:40:03.301160+00:00 arena-wp systemd[1]: sysstat-collect.service: Deactivated successfully.
2026-03-09T13:40:03.301488+00:00 arena-wp systemd[1]: Finished sysstat-collect.service - system activity accounting tool.
2026-03-09T13:40:49.688640+00:00 arena-wp systemd[1]: Reloading apache2.service - The Apache HTTP Server...
2026-03-09T13:40:49.806906+00:00 arena-wp apachectl[1515]: AH00558: apache2: Could not reliably determine the server's fully qualified domain name, using fd17:625c:f037:2:a00:27ff:fed8:540d. Set the 'ServerName' directive globally to suppress this message
2026-03-09T13:40:49.877485+00:00 arena-wp systemd[1]: Reloaded apache2.service - The Apache HTTP Server.
2026-03-09T13:41:28.579860+00:00 arena-wp systemd[1]: Starting update-notifier-download.service - Download data for packages that failed at package install time...
2026-03-09T13:41:28.757183+00:00 arena-wp systemd[1]: update-notifier-download.service: Deactivated successfully.
2026-03-09T13:41:28.757402+00:00 arena-wp systemd[1]: Finished update-notifier-download.service - Download data for packages that failed at package install time.
2026-03-09T13:43:03.269523+00:00 arena-wp systemd[1302]: launchpadlib-cache-clean.service - Clean up old files in the Launchpadlib cache was skipped because of an unmet condition check (ConditionPathExists=/home/vboxuser/.launchpadlib/api.launchpad.net/cache).
2026-03-09T13:45:01.231414+00:00 arena-wp CRON[1555]: (root) CMD (command -v debian-sa1 > /dev/null && debian-sa1 1 1)
2026-03-09T13:45:13.314960+00:00 arena-wp systemd[1]: Reloading apache2.service - The Apache HTTP Server...
2026-03-09T13:45:13.445656+00:00 arena-wp apachectl[1563]: AH00558: apache2: Could not reliably determine the server's fully qualified domain name, using fd17:625c:f037:2:a00:27ff:fed8:540d. Set the 'ServerName' directive globally to suppress this message
2026-03-09T13:45:13.488412+00:00 arena-wp systemd[1]: Reloaded apache2.service - The Apache HTTP Server.