2026-01-11T22:15:01.471651+00:00 finalArenaServer CRON[1519]: pam_unix(cron:session): session opened for user root(uid=0) by root(uid=0)
2026-01-11T22:15:01.483052+00:00 finalArenaServer CRON[1519]: pam_unix(cron:session): session closed for user root
2026-01-11T22:15:27.205334+00:00 finalArenaServer sudo:     root : TTY=pts/1 ; PWD=/root ; USER=root ; COMMAND=/usr/bin/vim /etc/php/8.3/apache2/conf.d/99-memory-limit.ini
2026-01-11T22:15:27.206895+00:00 finalArenaServer sudo: pam_unix(sudo:session): session opened for user root(uid=0) by vboxuser(uid=0)
2026-01-11T22:15:32.678785+00:00 finalArenaServer sudo: pam_unix(sudo:session): session closed for user root2026-01-12T01:53:26.419479+00:00 finalArenaServer sudo:     root : TTY=pts/1 ; PWD=/root ; USER=root ; COMMAND=/usr/bin/vim /etc/hosts
2026-01-12T01:53:26.420865+00:00 finalArenaServer sudo: pam_unix(sudo:session): session opened for user root(uid=0) by vboxuser(uid=0)
2026-01-12T01:53:32.458188+00:00 finalArenaServer sudo: pam_unix(sudo:session): session closed for user root
2026-01-12T01:55:01.908611+00:00 finalArenaServer CRON[1486]: pam_unix(cron:session): session opened for user root(uid=0) by root(uid=0)
2026-01-12T01:55:01.916895+00:00 finalArenaServer CRON[1486]: pam_unix(cron:session): session closed for user root
2026-01-12T01:58:00.429140+00:00 finalArenaServer sudo:     root : TTY=pts/1 ; PWD=/root ; USER=root ; COMMAND=/usr/bin/vim /etc/php/8.3/apache2/conf.d/99-memory-limit.ini
2026-01-12T01:58:00.430610+00:00 finalArenaServer sudo: pam_unix(sudo:session): session opened for user root(uid=0) by vboxuser(uid=0)
2026-01-12T01:58:04.939243+00:00 finalArenaServer sudo: pam_unix(sudo:session): session closed for user root2026-01-11T23:01:37.354789+00:00 finalArenaServer sudo:     root : TTY=pts/1 ; PWD=/root ; USER=root ; COMMAND=/usr/bin/vim /etc/apache2/apache2.conf
2026-01-11T23:01:37.358561+00:00 finalArenaServer sudo: pam_unix(sudo:session): session opened for user root(uid=0) by vboxuser(uid=0)
2026-01-11T23:01:49.082671+00:00 finalArenaServer sudo: pam_unix(sudo:session): session closed for user root2026-01-12T00:17:03.010492+00:00 finalArenaServer CRON[1432]: pam_unix(cron:session): session opened for user root(uid=0) by root(uid=0)
2026-01-12T00:17:03.022081+00:00 finalArenaServer CRON[1432]: pam_unix(cron:session): session closed for user root
2026-01-12T00:23:59.895755+00:00 finalArenaServer sudo:     root : TTY=pts/1 ; PWD=/root ; USER=root ; COMMAND=/usr/bin/vim /etc/php/8.3/apache2/conf.d/99-memory-limit.ini
2026-01-12T00:23:59.898062+00:00 finalArenaServer sudo: pam_unix(sudo:session): session opened for user root(uid=0) by vboxuser(uid=0)
2026-01-12T00:24:04.593458+00:00 finalArenaServer sudo: pam_unix(sudo:session): session closed for user root
2026-01-12T00:25:01.043224+00:00 finalArenaServer CRON[1490]: pam_unix(cron:session): session opened for user root(uid=0) by root(uid=0)
2026-01-12T00:25:01.071029+00:00 finalArenaServer CRON[1490]: pam_unix(cron:session): session closed for user root