2026-01-11T22:10:45.161068+00:00 finalArenaServer systemd[1]: systemd-hostnamed.service: Deactivated successfully.
2026-01-11T22:10:48.405566+00:00 finalArenaServer systemd-timesyncd[458]: Contacted time server 152.53.44.250:123 (2.ubuntu.pool.ntp.org).
2026-01-11T22:10:48.405647+00:00 finalArenaServer systemd-timesyncd[458]: Initial clock synchronization to Sun 2026-01-11 22:10:48.405020 UTC.
2026-01-11T22:10:48.405886+00:00 finalArenaServer systemd-resolved[452]: Clock change detected. Flushing caches.
2026-01-11T22:10:49.151004+00:00 finalArenaServer kernel: workqueue: e1000_watchdog [e1000] hogged CPU for >10000us 4 times, consider switching to WQ_UNBOUND
2026-01-11T22:10:50.766220+00:00 finalArenaServer systemd[1]: systemd-timedated.service: Deactivated successfully.
2026-01-11T22:10:52.296549+00:00 finalArenaServer kernel: workqueue: drm_fb_helper_damage_work hogged CPU for >10000us 4 times, consider switching to WQ_UNBOUND
2026-01-11T22:10:54.798291+00:00 finalArenaServer kernel: workqueue: drm_fb_helper_damage_work hogged CPU for >10000us 8 times, consider switching to WQ_UNBOUND
2026-01-11T22:10:59.390053+00:00 finalArenaServer kernel: workqueue: e1000_watchdog [e1000] hogged CPU for >10000us 8 times, consider switching to WQ_UNBOUND
2026-01-11T22:11:00.258192+00:00 finalArenaServer kernel: workqueue: blk_mq_run_work_fn hogged CPU for >10000us 16 times, consider switching to WQ_UNBOUND
2026-01-11T22:11:32.162322+00:00 finalArenaServer kernel: workqueue: e1000_watchdog [e1000] hogged CPU for >10000us 16 times, consider switching to WQ_UNBOUND
2026-01-11T22:11:34.727878+00:00 finalArenaServer kernel: workqueue: drm_fb_helper_damage_work hogged CPU for >10000us 16 times, consider switching to WQ_UNBOUND
2026-01-11T22:11:53.885918+00:00 finalArenaServer kernel: workqueue: drm_fb_helper_damage_work hogged CPU for >10000us 32 times, consider switching to WQ_UNBOUND
2026-01-11T22:12:15.316884+00:00 finalArenaServer kernel: workqueue: e1000_watchdog [e1000] hogged CPU for >10000us 32 times, consider switching to WQ_UNBOUND
2026-01-11T22:12:35.048308+00:00 finalArenaServer kernel: workqueue: drm_fb_helper_damage_work hogged CPU for >10000us 64 times, consider switching to WQ_UNBOUND
2026-01-11T22:13:38.875617+00:00 finalArenaServer systemd[1]: Stopping apache2.service - The Apache HTTP Server...
2026-01-11T22:13:39.045008+00:00 finalArenaServer apachectl[1494]: AH00558: apache2: Could not reliably determine the server's fully qualified domain name, using fd17:625c:f037:2:a00:27ff:fe3f:3739. Set the 'ServerName' directive globally to suppress this message
2026-01-11T22:13:39.132815+00:00 finalArenaServer systemd[1]: apache2.service: Deactivated successfully.
2026-01-11T22:13:39.132994+00:00 finalArenaServer systemd[1]: Stopped apache2.service - The Apache HTTP Server.
2026-01-11T22:13:39.133116+00:00 finalArenaServer systemd[1]: apache2.service: Consumed 2.169s CPU time, 55.8M memory peak, 0B memory swap peak.
2026-01-11T22:13:39.141921+00:00 finalArenaServer systemd[1]: Starting apache2.service - The Apache HTTP Server...
2026-01-11T22:13:39.263001+00:00 finalArenaServer kernel: workqueue: e1000_watchdog [e1000] hogged CPU for >10000us 64 times, consider switching to WQ_UNBOUND
2026-01-11T22:13:39.422677+00:00 finalArenaServer apachectl[1500]: AH00558: apache2: Could not reliably determine the server's fully qualified domain name, using fd17:625c:f037:2:a00:27ff:fe3f:3739. Set the 'ServerName' directive globally to suppress this message
2026-01-11T22:13:39.446049+00:00 finalArenaServer systemd[1]: Started apache2.service - The Apache HTTP Server.
2026-01-11T22:14:18.874442+00:00 finalArenaServer kernel: workqueue: drm_fb_helper_damage_work hogged CPU for >10000us 128 times, consider switching to WQ_UNBOUND
2026-01-11T22:15:01.472086+00:00 finalArenaServer CRON[1520]: (root) CMD (command -v debian-sa1 > /dev/null && debian-sa1 1 1)
2026-01-11T22:15:15.384240+00:00 finalArenaServer systemd[1]: Starting update-notifier-download.service - Download data for packages that failed at package install time...
2026-01-11T22:15:15.594488+00:00 finalArenaServer systemd[1]: update-notifier-download.service: Deactivated successfully.
2026-01-11T22:15:15.594668+00:00 finalArenaServer systemd[1]: Finished update-notifier-download.service - Download data for packages that failed at package install time.
2026-01-11T22:15:41.307696+00:00 finalArenaServer systemd[1201]: launchpadlib-cache-clean.service - Clean up old files in the Launchpadlib cache was skipped because of an unmet condition check (ConditionPathExists=/home/vboxuser/.launchpadlib/api.launchpad.net/cache).
2026-01-11T22:15:41.659347+00:00 finalArenaServer systemd[1]: Stopping apache2.service - The Apache HTTP Server...
2026-01-11T22:15:41.753110+00:00 finalArenaServer apachectl[1536]: AH00558: apache2: Could not reliably determine the server's fully qualified domain name, using fd17:625c:f037:2:a00:27ff:fe3f:3739. Set the 'ServerName' directive globally to suppress this message
2026-01-11T22:15:41.804746+00:00 finalArenaServer systemd[1]: apache2.service: Deactivated successfully.
2026-01-11T22:15:41.805831+00:00 finalArenaServer systemd[1]: Stopped apache2.service - The Apache HTTP Server.
2026-01-11T22:15:41.820701+00:00 finalArenaServer systemd[1]: Starting apache2.service - The Apache HTTP Server...
2026-01-11T22:15:41.923654+00:00 finalArenaServer apachectl[1544]: AH00558: apache2: Could not reliably determine the server's fully qualified domain name, using fd17:625c:f037:2:a00:27ff:fe3f:3739. Set the 'ServerName' directive globally to suppress this message
2026-01-11T22:15:41.940851+00:00 finalArenaServer systemd[1]: Started apache2.service - The Apache HTTP Server.2026-01-12T01:50:42.101820+00:00 finalArenaServer kernel: workqueue: e1000_watchdog [e1000] hogged CPU for >10000us 4 times, consider switching to WQ_UNBOUND
2026-01-12T01:51:14.876261+00:00 finalArenaServer kernel: workqueue: e1000_watchdog [e1000] hogged CPU for >10000us 8 times, consider switching to WQ_UNBOUND
2026-01-12T01:51:55.892238+00:00 finalArenaServer kernel: workqueue: e1000_watchdog [e1000] hogged CPU for >10000us 16 times, consider switching to WQ_UNBOUND
2026-01-12T01:52:47.393660+00:00 finalArenaServer kernel: workqueue: blk_mq_run_work_fn hogged CPU for >10000us 4 times, consider switching to WQ_UNBOUND
2026-01-12T01:53:19.864185+00:00 finalArenaServer kernel: workqueue: e1000_watchdog [e1000] hogged CPU for >10000us 32 times, consider switching to WQ_UNBOUND
2026-01-12T01:54:40.121650+00:00 finalArenaServer systemd[1]: Starting update-notifier-download.service - Download data for packages that failed at package install time...
2026-01-12T01:54:40.274218+00:00 finalArenaServer systemd[1]: update-notifier-download.service: Deactivated successfully.
2026-01-12T01:54:40.274287+00:00 finalArenaServer systemd[1]: Finished update-notifier-download.service - Download data for packages that failed at package install time.
2026-01-12T01:55:01.909775+00:00 finalArenaServer CRON[1487]: (root) CMD (command -v debian-sa1 > /dev/null && debian-sa1 1 1)
2026-01-12T01:56:19.252996+00:00 finalArenaServer kernel: workqueue: blk_mq_run_work_fn hogged CPU for >10000us 8 times, consider switching to WQ_UNBOUND
2026-01-12T01:56:23.417566+00:00 finalArenaServer systemd[1359]: launchpadlib-cache-clean.service - Clean up old files in the Launchpadlib cache was skipped because of an unmet condition check (ConditionPathExists=/home/vboxuser/.launchpadlib/api.launchpad.net/cache).
2026-01-12T01:56:38.172142+00:00 finalArenaServer systemd[1]: Stopping apache2.service - The Apache HTTP Server...
2026-01-12T01:56:38.220130+00:00 finalArenaServer apachectl[1505]: AH00558: apache2: Could not reliably determine the server's fully qualified domain name, using fd17:625c:f037:2:a00:27ff:fe3f:3739. Set the 'ServerName' directive globally to suppress this message
2026-01-12T01:56:38.274134+00:00 finalArenaServer systemd[1]: apache2.service: Deactivated successfully.
2026-01-12T01:56:38.274842+00:00 finalArenaServer systemd[1]: Stopped apache2.service - The Apache HTTP Server.
2026-01-12T01:56:38.274945+00:00 finalArenaServer systemd[1]: apache2.service: Consumed 2.263s CPU time, 143.6M memory peak, 0B memory swap peak.
2026-01-12T01:56:38.283814+00:00 finalArenaServer systemd[1]: Starting apache2.service - The Apache HTTP Server...
2026-01-12T01:56:38.346794+00:00 finalArenaServer apachectl[1512]: AH00558: apache2: Could not reliably determine the server's fully qualified domain name, using fd17:625c:f037:2:a00:27ff:fe3f:3739. Set the 'ServerName' directive globally to suppress this message
2026-01-12T01:56:38.355102+00:00 finalArenaServer systemd[1]: Started apache2.service - The Apache HTTP Server.
2026-01-12T01:57:37.103203+00:00 finalArenaServer kernel: workqueue: drm_fb_helper_damage_work hogged CPU for >10000us 8 times, consider switching to WQ_UNBOUND
2026-01-12T01:58:14.222781+00:00 finalArenaServer systemd[1]: Stopping apache2.service - The Apache HTTP Server...
2026-01-12T01:58:14.312270+00:00 finalArenaServer apachectl[1538]: AH00558: apache2: Could not reliably determine the server's fully qualified domain name, using fd17:625c:f037:2:a00:27ff:fe3f:3739. Set the 'ServerName' directive globally to suppress this message
2026-01-12T01:58:14.357201+00:00 finalArenaServer systemd[1]: apache2.service: Deactivated successfully.
2026-01-12T01:58:14.357680+00:00 finalArenaServer systemd[1]: Stopped apache2.service - The Apache HTTP Server.
2026-01-12T01:58:14.370329+00:00 finalArenaServer systemd[1]: Starting apache2.service - The Apache HTTP Server...
2026-01-12T01:58:14.405938+00:00 finalArenaServer apachectl[1545]: AH00558: apache2: Could not reliably determine the server's fully qualified domain name, using fd17:625c:f037:2:a00:27ff:fe3f:3739. Set the 'ServerName' directive globally to suppress this message
2026-01-12T01:58:14.415212+00:00 finalArenaServer systemd[1]: Started apache2.service - The Apache HTTP Server.2026-01-11T23:01:57.309520+00:00 finalArenaServer systemd[1]: Stopping apache2.service - The Apache HTTP Server...
2026-01-11T23:01:57.462844+00:00 finalArenaServer systemd[1]: apache2.service: Deactivated successfully.
2026-01-11T23:01:57.462948+00:00 finalArenaServer systemd[1]: Stopped apache2.service - The Apache HTTP Server.
2026-01-11T23:01:57.463012+00:00 finalArenaServer systemd[1]: apache2.service: Consumed 1.411s CPU time, 55.1M memory peak, 0B memory swap peak.
2026-01-11T23:01:57.482128+00:00 finalArenaServer systemd[1]: Starting apache2.service - The Apache HTTP Server...
2026-01-11T23:01:57.548775+00:00 finalArenaServer systemd[1]: Started apache2.service - The Apache HTTP Server.
2026-01-11T23:02:28.511672+00:00 finalArenaServer kernel: workqueue: drm_fb_helper_damage_work hogged CPU for >10000us 16 times, consider switching to WQ_UNBOUND
2026-01-11T23:02:54.851875+00:00 finalArenaServer systemd[1]: Starting fstrim.service - Discard unused blocks on filesystems from /etc/fstab...
2026-01-11T23:02:54.947583+00:00 finalArenaServer systemd[1]: Starting update-notifier-download.service - Download data for packages that failed at package install time...
2026-01-11T23:02:54.954912+00:00 finalArenaServer systemd[1]: fstrim.service: Deactivated successfully.
2026-01-11T23:02:54.956258+00:00 finalArenaServer systemd[1]: Finished fstrim.service - Discard unused blocks on filesystems from /etc/fstab.
2026-01-11T23:02:55.124051+00:00 finalArenaServer systemd[1]: update-notifier-download.service: Deactivated successfully.
2026-01-11T23:02:55.124427+00:00 finalArenaServer systemd[1]: Finished update-notifier-download.service - Download data for packages that failed at package install time.2026-01-12T00:15:58.670670+00:00 finalArenaServer systemd[1]: systemd-hostnamed.service: Deactivated successfully.
2026-01-12T00:16:00.701083+00:00 finalArenaServer systemd[1]: systemd-timedated.service: Deactivated successfully.
2026-01-12T00:16:03.004670+00:00 finalArenaServer systemd-timesyncd[430]: Contacted time server 37.252.189.117:123 (2.ubuntu.pool.ntp.org).
2026-01-12T00:16:03.005177+00:00 finalArenaServer systemd-timesyncd[430]: Initial clock synchronization to Mon 2026-01-12 00:16:03.003722 UTC.
2026-01-12T00:16:03.006404+00:00 finalArenaServer systemd-resolved[429]: Clock change detected. Flushing caches.
2026-01-12T00:16:28.583857+00:00 finalArenaServer systemd[1]: Starting e2scrub_all.service - Online ext4 Metadata Check for All Filesystems...
2026-01-12T00:16:28.602565+00:00 finalArenaServer systemd[1]: e2scrub_all.service: Deactivated successfully.
2026-01-12T00:16:28.602632+00:00 finalArenaServer systemd[1]: Finished e2scrub_all.service - Online ext4 Metadata Check for All Filesystems.
2026-01-12T00:17:03.012317+00:00 finalArenaServer CRON[1433]: (root) CMD (cd / && run-parts --report /etc/cron.hourly)
2026-01-12T00:19:21.443579+00:00 finalArenaServer kernel: workqueue: blk_mq_run_work_fn hogged CPU for >10000us 4 times, consider switching to WQ_UNBOUND
2026-01-12T00:20:01.139153+00:00 finalArenaServer systemd[1]: Starting sysstat-collect.service - system activity accounting tool...
2026-01-12T00:20:01.162055+00:00 finalArenaServer systemd[1]: sysstat-collect.service: Deactivated successfully.
2026-01-12T00:20:01.162285+00:00 finalArenaServer systemd[1]: Finished sysstat-collect.service - system activity accounting tool.
2026-01-12T00:20:55.227860+00:00 finalArenaServer systemd[1]: Starting update-notifier-download.service - Download data for packages that failed at package install time...
2026-01-12T00:20:55.386024+00:00 finalArenaServer systemd[1]: update-notifier-download.service: Deactivated successfully.
2026-01-12T00:20:55.386231+00:00 finalArenaServer systemd[1]: Finished update-notifier-download.service - Download data for packages that failed at package install time.
2026-01-12T00:21:15.214076+00:00 finalArenaServer systemd[1164]: launchpadlib-cache-clean.service - Clean up old files in the Launchpadlib cache was skipped because of an unmet condition check (ConditionPathExists=/home/vboxuser/.launchpadlib/api.launchpad.net/cache).
2026-01-12T00:24:14.068339+00:00 finalArenaServer systemd[1]: Reloading apache2.service - The Apache HTTP Server...
2026-01-12T00:24:14.199604+00:00 finalArenaServer apachectl[1478]: AH00558: apache2: Could not reliably determine the server's fully qualified domain name, using fd17:625c:f037:2:a00:27ff:fe3f:3739. Set the 'ServerName' directive globally to suppress this message
2026-01-12T00:24:14.236264+00:00 finalArenaServer systemd[1]: Reloaded apache2.service - The Apache HTTP Server.
2026-01-12T00:25:01.044755+00:00 finalArenaServer CRON[1491]: (root) CMD (command -v debian-sa1 > /dev/null && debian-sa1 1 1)