2026-03-05T11:56:35.189667+00:00 arena-wp kernel: clocksource: Long readout interval, skipping watchdog check: cs_nsec: 6742991211 wd_nsec: 6742985922
2026-03-05T11:57:07.083817+00:00 arena-wp kernel: workqueue: e1000_watchdog [e1000] hogged CPU for >10000us 8 times, consider switching to WQ_UNBOUND
2026-03-05T12:00:01.312018+00:00 arena-wp CRON[1515]: (root) CMD (test -x /usr/bin/certbot -a \! -d /run/systemd/system && perl -e 'sleep int(rand(43200))' && certbot -q renew --no-random-sleep-on-renew)
2026-03-05T12:00:02.880207+00:00 arena-wp systemd[1]: Starting sysstat-collect.service - system activity accounting tool...
2026-03-05T12:00:02.886208+00:00 arena-wp systemd[1]: Starting update-notifier-download.service - Download data for packages that failed at package install time...
2026-03-05T12:00:02.894091+00:00 arena-wp systemd[1]: sysstat-collect.service: Deactivated successfully.
2026-03-05T12:00:02.894764+00:00 arena-wp systemd[1]: Finished sysstat-collect.service - system activity accounting tool.
2026-03-05T12:00:03.263946+00:00 arena-wp systemd[1]: update-notifier-download.service: Deactivated successfully.
2026-03-05T12:00:03.264333+00:00 arena-wp systemd[1]: Finished update-notifier-download.service - Download data for packages that failed at package install time.
2026-03-05T12:01:23.666433+00:00 arena-wp systemd[1066]: launchpadlib-cache-clean.service - Clean up old files in the Launchpadlib cache was skipped because of an unmet condition check (ConditionPathExists=/home/vboxuser/.launchpadlib/api.launchpad.net/cache).
2026-03-05T12:04:18.982739+00:00 arena-wp kernel: workqueue: drm_fb_helper_damage_work hogged CPU for >10000us 16 times, consider switching to WQ_UNBOUND
2026-03-05T12:04:19.758704+00:00 arena-wp kernel: workqueue: e1000_watchdog [e1000] hogged CPU for >10000us 16 times, consider switching to WQ_UNBOUND
2026-03-05T12:05:01.786476+00:00 arena-wp CRON[1607]: (root) CMD (command -v debian-sa1 > /dev/null && debian-sa1 1 1)
2026-03-05T12:08:44.436715+00:00 arena-wp kernel: hrtimer: interrupt took 2671397 ns
2026-03-05T12:09:01.913103+00:00 arena-wp CRON[1631]: (root) CMD (  [ -x /usr/lib/php/sessionclean ] && if [ ! -d /run/systemd/system ]; then /usr/lib/php/sessionclean; fi)
2026-03-05T12:09:04.833594+00:00 arena-wp systemd[1]: Starting phpsessionclean.service - Clean php session files...
2026-03-05T12:09:05.416829+00:00 arena-wp systemd[1]: phpsessionclean.service: Deactivated successfully.
2026-03-05T12:09:05.417524+00:00 arena-wp systemd[1]: Finished phpsessionclean.service - Clean php session files.
2026-03-05T12:10:21.776430+00:00 arena-wp systemd[1]: Starting sysstat-collect.service - system activity accounting tool...
2026-03-05T12:10:21.787701+00:00 arena-wp systemd[1]: Starting systemd-tmpfiles-clean.service - Cleanup of Temporary Directories...
2026-03-05T12:10:21.848013+00:00 arena-wp systemd[1]: sysstat-collect.service: Deactivated successfully.
2026-03-05T12:10:21.848232+00:00 arena-wp systemd[1]: Finished sysstat-collect.service - system activity accounting tool.
2026-03-05T12:10:21.875936+00:00 arena-wp systemd[1]: systemd-tmpfiles-clean.service: Deactivated successfully.
2026-03-05T12:10:21.877333+00:00 arena-wp systemd[1]: Finished systemd-tmpfiles-clean.service - Cleanup of Temporary Directories.
2026-03-05T12:11:31.401270+00:00 arena-wp kernel: workqueue: drm_fb_helper_damage_work hogged CPU for >10000us 32 times, consider switching to WQ_UNBOUND
2026-03-05T12:15:02.008069+00:00 arena-wp CRON[1705]: (root) CMD (command -v debian-sa1 > /dev/null && debian-sa1 1 1)