2025-12-16T12:12:34.913834+00:00 finalArenaServer kernel: workqueue: blk_mq_run_work_fn hogged CPU for >10000us 4 times, consider switching to WQ_UNBOUND
2025-12-16T12:12:45.975119+00:00 finalArenaServer kernel: workqueue: drm_fb_helper_damage_work hogged CPU for >10000us 4 times, consider switching to WQ_UNBOUND
2025-12-16T12:12:46.033754+00:00 finalArenaServer kernel: workqueue: e1000_watchdog [e1000] hogged CPU for >10000us 4 times, consider switching to WQ_UNBOUND
2025-12-16T12:12:50.142066+00:00 finalArenaServer kernel: workqueue: e1000_watchdog [e1000] hogged CPU for >10000us 8 times, consider switching to WQ_UNBOUND
2025-12-16T12:13:11.142099+00:00 finalArenaServer kernel: workqueue: drm_fb_helper_damage_work hogged CPU for >10000us 8 times, consider switching to WQ_UNBOUND
2025-12-16T12:13:20.859203+00:00 finalArenaServer kernel: workqueue: e1000_watchdog [e1000] hogged CPU for >10000us 16 times, consider switching to WQ_UNBOUND
2025-12-16T12:14:39.144839+00:00 finalArenaServer kernel: workqueue: drm_fb_helper_damage_work hogged CPU for >10000us 16 times, consider switching to WQ_UNBOUND
2025-12-16T12:14:50.897032+00:00 finalArenaServer kernel: workqueue: e1000_watchdog [e1000] hogged CPU for >10000us 32 times, consider switching to WQ_UNBOUND
2025-12-16T12:15:01.989675+00:00 finalArenaServer CRON[1608]: (root) CMD (command -v debian-sa1 > /dev/null && debian-sa1 1 1)
2025-12-16T12:16:14.456800+00:00 finalArenaServer systemd[1]: Stopping apache2.service - The Apache HTTP Server...
2025-12-16T12:16:14.535590+00:00 finalArenaServer apachectl[1806]: AH00558: apache2: Could not reliably determine the server's fully qualified domain name, using fd17:625c:f037:2:a00:27ff:fe3f:3739. Set the 'ServerName' directive globally to suppress this message
2025-12-16T12:16:14.605355+00:00 finalArenaServer systemd[1]: apache2.service: Killing process 1346 (apache2) with signal SIGKILL.
2025-12-16T12:16:14.605455+00:00 finalArenaServer systemd[1]: apache2.service: Killing process 1347 (apache2) with signal SIGKILL.
2025-12-16T12:16:14.605508+00:00 finalArenaServer systemd[1]: apache2.service: Killing process 1348 (apache2) with signal SIGKILL.
2025-12-16T12:16:14.605557+00:00 finalArenaServer systemd[1]: apache2.service: Killing process 1349 (apache2) with signal SIGKILL.
2025-12-16T12:16:14.605601+00:00 finalArenaServer systemd[1]: apache2.service: Killing process 1350 (apache2) with signal SIGKILL.
2025-12-16T12:16:14.625429+00:00 finalArenaServer systemd[1]: apache2.service: Deactivated successfully.
2025-12-16T12:16:14.625590+00:00 finalArenaServer systemd[1]: Stopped apache2.service - The Apache HTTP Server.
2025-12-16T12:16:14.625706+00:00 finalArenaServer systemd[1]: apache2.service: Consumed 3.951s CPU time, 135.2M memory peak, 0B memory swap peak.
2025-12-16T12:16:14.635629+00:00 finalArenaServer systemd[1]: Starting apache2.service - The Apache HTTP Server...
2025-12-16T12:16:14.724581+00:00 finalArenaServer apachectl[1812]: AH00558: apache2: Could not reliably determine the server's fully qualified domain name, using fd17:625c:f037:2:a00:27ff:fe3f:3739. Set the 'ServerName' directive globally to suppress this message
2025-12-16T12:16:14.740944+00:00 finalArenaServer systemd[1]: Started apache2.service - The Apache HTTP Server.
2025-12-16T12:16:23.858931+00:00 finalArenaServer kernel: workqueue: drm_fb_helper_damage_work hogged CPU for >10000us 32 times, consider switching to WQ_UNBOUND
2025-12-16T12:16:38.023880+00:00 finalArenaServer systemd[1]: Stopping apache2.service - The Apache HTTP Server...
2025-12-16T12:16:38.088534+00:00 finalArenaServer apachectl[1846]: AH00558: apache2: Could not reliably determine the server's fully qualified domain name, using fd17:625c:f037:2:a00:27ff:fe3f:3739. Set the 'ServerName' directive globally to suppress this message
2025-12-16T12:16:38.167751+00:00 finalArenaServer systemd[1]: apache2.service: Deactivated successfully.
2025-12-16T12:16:38.169680+00:00 finalArenaServer systemd[1]: Stopped apache2.service - The Apache HTTP Server.
2025-12-16T12:16:38.169802+00:00 finalArenaServer systemd[1]: apache2.service: Consumed 1.216s CPU time.
2025-12-16T12:16:38.185202+00:00 finalArenaServer systemd[1]: Starting apache2.service - The Apache HTTP Server...
2025-12-16T12:16:38.247480+00:00 finalArenaServer apachectl[1852]: AH00558: apache2: Could not reliably determine the server's fully qualified domain name, using fd17:625c:f037:2:a00:27ff:fe3f:3739. Set the 'ServerName' directive globally to suppress this message
2025-12-16T12:16:38.261306+00:00 finalArenaServer systemd[1]: Started apache2.service - The Apache HTTP Server.
2025-12-16T12:16:44.689336+00:00 finalArenaServer kernel: workqueue: blk_mq_run_work_fn hogged CPU for >10000us 8 times, consider switching to WQ_UNBOUND
2025-12-16T12:16:48.831663+00:00 finalArenaServer systemd[1]: Starting update-notifier-download.service - Download data for packages that failed at package install time...
2025-12-16T12:16:49.046765+00:00 finalArenaServer systemd[1]: update-notifier-download.service: Deactivated successfully.
2025-12-16T12:16:49.047418+00:00 finalArenaServer systemd[1]: Finished update-notifier-download.service - Download data for packages that failed at package install time.