2026-03-05T13:39:01.175560+00:00 arena-wp CRON[1722]: (root) CMD (  [ -x /usr/lib/php/sessionclean ] && if [ ! -d /run/systemd/system ]; then /usr/lib/php/sessionclean; fi)
2026-03-05T13:39:01.185218+00:00 arena-wp systemd[1]: Starting phpsessionclean.service - Clean php session files...
2026-03-05T13:39:01.397467+00:00 arena-wp systemd[1]: phpsessionclean.service: Deactivated successfully.
2026-03-05T13:39:01.398022+00:00 arena-wp systemd[1]: Finished phpsessionclean.service - Clean php session files.
2026-03-05T13:39:20.211902+00:00 arena-wp systemd[1]: Reloading apache2.service - The Apache HTTP Server...
2026-03-05T13:39:20.311429+00:00 arena-wp apachectl[1778]: AH00558: apache2: Could not reliably determine the server's fully qualified domain name, using fd17:625c:f037:2:a00:27ff:fed8:540d. Set the 'ServerName' directive globally to suppress this message
2026-03-05T13:39:20.345635+00:00 arena-wp systemd[1]: Reloaded apache2.service - The Apache HTTP Server.
2026-03-05T13:40:25.490682+00:00 arena-wp systemd[1]: Starting sysstat-collect.service - system activity accounting tool...
2026-03-05T13:40:25.501631+00:00 arena-wp systemd[1]: sysstat-collect.service: Deactivated successfully.
2026-03-05T13:40:25.501787+00:00 arena-wp systemd[1]: Finished sysstat-collect.service - system activity accounting tool.
2026-03-05T13:41:46.875549+00:00 arena-wp systemd[1]: Stopping apache2.service - The Apache HTTP Server...
2026-03-05T13:41:46.922103+00:00 arena-wp apachectl[1825]: AH00558: apache2: Could not reliably determine the server's fully qualified domain name, using fd17:625c:f037:2:a00:27ff:fed8:540d. Set the 'ServerName' directive globally to suppress this message
2026-03-05T13:41:46.997438+00:00 arena-wp systemd[1]: apache2.service: Deactivated successfully.
2026-03-05T13:41:46.997792+00:00 arena-wp systemd[1]: Stopped apache2.service - The Apache HTTP Server.
2026-03-05T13:41:46.999574+00:00 arena-wp systemd[1]: apache2.service: Consumed 4.500s CPU time.
2026-03-05T13:41:47.008506+00:00 arena-wp systemd[1]: Starting apache2.service - The Apache HTTP Server...
2026-03-05T13:41:47.046363+00:00 arena-wp apachectl[1831]: AH00558: apache2: Could not reliably determine the server's fully qualified domain name, using fd17:625c:f037:2:a00:27ff:fed8:540d. Set the 'ServerName' directive globally to suppress this message
2026-03-05T13:41:47.058758+00:00 arena-wp systemd[1]: Started apache2.service - The Apache HTTP Server.
2026-03-05T13:42:25.335454+00:00 arena-wp systemd[1610]: launchpadlib-cache-clean.service - Clean up old files in the Launchpadlib cache was skipped because of an unmet condition check (ConditionPathExists=/home/vboxuser/.launchpadlib/api.launchpad.net/cache).
2026-03-05T13:45:01.240826+00:00 arena-wp CRON[1877]: (root) CMD (command -v debian-sa1 > /dev/null && debian-sa1 1 1)
2026-03-05T13:50:25.729831+00:00 arena-wp systemd[1]: Starting sysstat-collect.service - system activity accounting tool...
2026-03-05T13:50:25.768342+00:00 arena-wp systemd[1]: sysstat-collect.service: Deactivated successfully.
2026-03-05T13:50:25.768468+00:00 arena-wp systemd[1]: Finished sysstat-collect.service - system activity accounting tool.
2026-03-05T13:50:36.462403+00:00 arena-wp kernel: workqueue: blk_mq_run_work_fn hogged CPU for >10000us 8 times, consider switching to WQ_UNBOUND