2026-02-27T17:35:01.630757+00:00 arena-wp CRON[1491]: pam_unix(cron:session): session opened for user root(uid=0) by root(uid=0)
2026-02-27T17:35:01.649987+00:00 arena-wp CRON[1491]: pam_unix(cron:session): session closed for user root
2026-02-27T17:36:10.764138+00:00 arena-wp sudo:     root : TTY=pts/1 ; PWD=/root ; USER=root ; COMMAND=/usr/bin/vim /etc/apache2/apache2.conf
2026-02-27T17:36:10.777613+00:00 arena-wp sudo: pam_unix(sudo:session): session opened for user root(uid=0) by vboxuser(uid=0)
2026-02-27T17:36:15.866866+00:00 arena-wp sudo: pam_unix(sudo:session): session closed for user root
2026-02-27T17:39:01.697625+00:00 arena-wp CRON[1546]: pam_unix(cron:session): session opened for user root(uid=0) by root(uid=0)
2026-02-27T17:39:01.706595+00:00 arena-wp CRON[1546]: pam_unix(cron:session): session closed for user root
2026-02-27T17:42:46.485549+00:00 arena-wp sudo:     root : TTY=pts/1 ; PWD=/root ; USER=root ; COMMAND=/usr/bin/vim /var/www/wordpress/.htaccess
2026-02-27T17:42:46.485774+00:00 arena-wp sudo: pam_unix(sudo:session): session opened for user root(uid=0) by vboxuser(uid=0)
2026-02-27T17:42:51.671027+00:00 arena-wp sudo: pam_unix(sudo:session): session closed for user root
2026-02-27T18:55:01.527946+00:00 arena-wp CRON[1447]: pam_unix(cron:session): session opened for user root(uid=0) by root(uid=0)
2026-02-27T18:55:01.612123+00:00 arena-wp CRON[1447]: pam_unix(cron:session): session closed for user root
2026-03-12T18:49:47.883394+00:00 arena-wp sudo:     root : TTY=pts/1 ; PWD=/root ; USER=root ; COMMAND=/usr/bin/vim /var/www/wordpress/wp-config.php
2026-03-12T18:49:47.885373+00:00 arena-wp sudo: pam_unix(sudo:session): session opened for user root(uid=0) by vboxuser(uid=0)
2026-03-12T18:49:52.952970+00:00 arena-wp sudo: pam_unix(sudo:session): session closed for user root
2026-03-12T18:52:09.998877+00:00 arena-wp sudo:     root : TTY=pts/1 ; PWD=/root ; USER=root ; COMMAND=/usr/bin/vim /etc/hosts
2026-03-12T18:52:10.002696+00:00 arena-wp sudo: pam_unix(sudo:session): session opened for user root(uid=0) by vboxuser(uid=0)
2026-03-12T18:52:16.283598+00:00 arena-wp sudo: pam_unix(sudo:session): session closed for user root
2026-03-12T18:54:12.566941+00:00 arena-wp sudo:     root : TTY=pts/1 ; PWD=/root ; USER=root ; COMMAND=/usr/bin/vim /var/www/wordpress/wp-config.php
2026-03-12T18:54:12.572170+00:00 arena-wp sudo: pam_unix(sudo:session): session opened for user root(uid=0) by vboxuser(uid=0)
2026-03-12T18:54:18.593849+00:00 arena-wp sudo: pam_unix(sudo:session): session closed for user root
2026-03-12T18:55:01.751555+00:00 arena-wp CRON[1506]: pam_unix(cron:session): session opened for user root(uid=0) by root(uid=0)
2026-03-12T18:55:01.782430+00:00 arena-wp CRON[1506]: pam_unix(cron:session): session closed for user root
2026-03-12T18:55:58.697286+00:00 arena-wp sudo:     root : TTY=pts/1 ; PWD=/root ; USER=root ; COMMAND=/usr/bin/vim /var/www/wordpress/wp-config.php
2026-03-12T18:55:58.700916+00:00 arena-wp sudo: pam_unix(sudo:session): session opened for user root(uid=0) by vboxuser(uid=0)
2026-03-12T18:56:04.467634+00:00 arena-wp sudo: pam_unix(sudo:session): session closed for user root
2026-02-27T19:35:05.739250+00:00 arena-wp CRON[1470]: pam_unix(cron:session): session opened for user root(uid=0) by root(uid=0)
2026-02-27T19:35:05.755371+00:00 arena-wp CRON[1470]: pam_unix(cron:session): session closed for user root
2026-02-27T19:37:38.952161+00:00 arena-wp sudo:     root : TTY=pts/1 ; PWD=/root ; USER=root ; COMMAND=/usr/bin/vim /var/www/wordpress/wp-config.php
2026-02-27T19:37:38.963671+00:00 arena-wp sudo: pam_unix(sudo:session): session opened for user root(uid=0) by vboxuser(uid=0)
2026-02-27T19:37:43.492592+00:00 arena-wp sudo: pam_unix(sudo:session): session closed for user root
2026-02-27T19:38:11.352343+00:00 arena-wp sudo:     root : TTY=pts/1 ; PWD=/root ; USER=root ; COMMAND=/usr/bin/vim /var/www/wordpress/wp-config.php
2026-02-27T19:38:11.354602+00:00 arena-wp sudo: pam_unix(sudo:session): session opened for user root(uid=0) by vboxuser(uid=0)
2026-02-27T19:38:16.757650+00:00 arena-wp sudo: pam_unix(sudo:session): session closed for user root
2026-03-05T13:39:01.174670+00:00 arena-wp CRON[1721]: pam_unix(cron:session): session opened for user root(uid=0) by root(uid=0)
2026-03-05T13:39:01.178917+00:00 arena-wp CRON[1721]: pam_unix(cron:session): session closed for user root
2026-03-05T13:45:01.224877+00:00 arena-wp CRON[1876]: pam_unix(cron:session): session opened for user root(uid=0) by root(uid=0)
2026-03-05T13:45:01.242354+00:00 arena-wp CRON[1876]: pam_unix(cron:session): session closed for user root
2026-03-05T14:35:01.354169+00:00 arena-wp CRON[1580]: pam_unix(cron:session): session opened for user root(uid=0) by root(uid=0)
2026-03-05T14:35:01.389074+00:00 arena-wp CRON[1580]: pam_unix(cron:session): session closed for user root
2026-03-05T14:36:08.042955+00:00 arena-wp sudo:     root : TTY=pts/1 ; PWD=/root ; USER=www-data ; COMMAND=/usr/bin/rm /var/www/wordpress/wp-content/uploads/testfile
2026-03-05T14:36:08.045032+00:00 arena-wp sudo: pam_unix(sudo:session): session opened for user www-data(uid=33) by vboxuser(uid=0)
2026-03-05T14:37:48.135063+00:00 arena-wp sudo: pam_unix(sudo:session): session closed for user www-data
2026-03-05T14:38:20.068499+00:00 arena-wp sudo:     root : TTY=pts/1 ; PWD=/root ; USER=www-data ; COMMAND=/usr/bin/rm /var/www/wordpress/wp-content/uploads/testfile
2026-03-05T14:38:20.075171+00:00 arena-wp sudo: pam_unix(sudo:session): session opened for user www-data(uid=33) by vboxuser(uid=0)
2026-03-05T14:38:20.086110+00:00 arena-wp sudo: pam_unix(sudo:session): session closed for user www-data
2026-03-05T14:39:01.397475+00:00 arena-wp CRON[1662]: pam_unix(cron:session): session opened for user root(uid=0) by root(uid=0)
2026-03-05T14:39:01.404763+00:00 arena-wp CRON[1662]: pam_unix(cron:session): session closed for user root
2026-03-05T14:44:54.659872+00:00 arena-wp sudo:     root : TTY=pts/1 ; PWD=/root ; USER=root ; COMMAND=/usr/bin/vim /var/www/wordpress/wp-config.php
2026-03-05T14:44:54.661102+00:00 arena-wp sudo: pam_unix(sudo:session): session opened for user root(uid=0) by vboxuser(uid=0)
2026-03-05T14:44:59.294127+00:00 arena-wp sudo: pam_unix(sudo:session): session closed for user root
2026-03-05T14:45:01.418999+00:00 arena-wp CRON[1700]: pam_unix(cron:session): session opened for user root(uid=0) by root(uid=0)
2026-03-05T14:45:01.429865+00:00 arena-wp CRON[1700]: pam_unix(cron:session): session closed for user root
2026-03-05T14:47:13.053243+00:00 arena-wp sudo:     root : TTY=pts/1 ; PWD=/root ; USER=root ; COMMAND=/usr/bin/vim /etc/hosts
2026-03-05T14:47:13.054816+00:00 arena-wp sudo: pam_unix(sudo:session): session opened for user root(uid=0) by vboxuser(uid=0)
2026-03-05T14:47:17.389124+00:00 arena-wp sudo: pam_unix(sudo:session): session closed for user root
2026-03-05T16:45:01.573995+00:00 arena-wp CRON[1419]: pam_unix(cron:session): session opened for user root(uid=0) by root(uid=0)
2026-03-05T16:45:01.586076+00:00 arena-wp CRON[1419]: pam_unix(cron:session): session closed for user root
2026-03-05T16:45:36.987927+00:00 arena-wp sudo:     root : TTY=pts/1 ; PWD=/root ; USER=root ; COMMAND=/usr/bin/vim /var/www/wordpress/wp-config.php
2026-03-05T16:45:36.989721+00:00 arena-wp sudo: pam_unix(sudo:session): session opened for user root(uid=0) by vboxuser(uid=0)
2026-03-05T16:45:41.839255+00:00 arena-wp sudo: pam_unix(sudo:session): session closed for user root
2026-03-05T16:55:01.606215+00:00 arena-wp CRON[1496]: pam_unix(cron:session): session opened for user root(uid=0) by root(uid=0)
2026-03-05T16:55:01.622131+00:00 arena-wp CRON[1496]: pam_unix(cron:session): session closed for user root
2026-03-09T13:39:01.120353+00:00 arena-wp CRON[1431]: pam_unix(cron:session): session opened for user root(uid=0) by root(uid=0)
2026-03-09T13:39:01.130859+00:00 arena-wp CRON[1431]: pam_unix(cron:session): session closed for user root
2026-03-09T13:40:36.001403+00:00 arena-wp sudo:     root : TTY=pts/1 ; PWD=/root ; USER=root ; COMMAND=/usr/bin/vim /var/www/wordpress/.htaccess
2026-03-09T13:40:36.003051+00:00 arena-wp sudo: pam_unix(sudo:session): session opened for user root(uid=0) by vboxuser(uid=0)
2026-03-09T13:40:41.192609+00:00 arena-wp sudo: pam_unix(sudo:session): session closed for user root
2026-03-09T13:44:57.598182+00:00 arena-wp sudo:     root : TTY=pts/1 ; PWD=/root ; USER=root ; COMMAND=/usr/bin/vim /var/www/wordpress/.htaccess
2026-03-09T13:44:57.599340+00:00 arena-wp sudo: pam_unix(sudo:session): session opened for user root(uid=0) by vboxuser(uid=0)
2026-03-09T13:45:01.228459+00:00 arena-wp CRON[1554]: pam_unix(cron:session): session opened for user root(uid=0) by root(uid=0)
2026-03-09T13:45:01.258446+00:00 arena-wp CRON[1554]: pam_unix(cron:session): session closed for user root
2026-03-09T13:45:03.333516+00:00 arena-wp sudo: pam_unix(sudo:session): session closed for user root
2026-03-09T13:55:01.487849+00:00 arena-wp CRON[1418]: pam_unix(cron:session): session opened for user root(uid=0) by root(uid=0)
2026-03-09T13:55:01.504364+00:00 arena-wp CRON[1418]: pam_unix(cron:session): session closed for user root
2026-03-09T14:09:01.807688+00:00 arena-wp CRON[1404]: pam_unix(cron:session): session opened for user root(uid=0) by root(uid=0)
2026-03-09T14:09:01.840986+00:00 arena-wp CRON[1404]: pam_unix(cron:session): session closed for user root
2026-03-09T20:55:01.379790+00:00 arena-wp CRON[1378]: pam_unix(cron:session): session opened for user root(uid=0) by root(uid=0)
2026-03-09T20:55:01.391423+00:00 arena-wp CRON[1378]: pam_unix(cron:session): session closed for user root
2026-03-09T20:59:25.836402+00:00 arena-wp sudo:     root : TTY=pts/1 ; PWD=/root ; USER=root ; COMMAND=/usr/bin/vim /var/www/wordpress/wp-config.php
2026-03-09T20:59:25.840004+00:00 arena-wp sudo: pam_unix(sudo:session): session opened for user root(uid=0) by vboxuser(uid=0)
2026-03-09T20:59:31.537063+00:00 arena-wp sudo: pam_unix(sudo:session): session closed for user root
2026-03-09T21:00:44.451377+00:00 arena-wp sudo:     root : TTY=pts/1 ; PWD=/root ; USER=root ; COMMAND=/usr/bin/vim /var/www/wordpress/wp-config.php
2026-03-09T21:00:44.452533+00:00 arena-wp sudo: pam_unix(sudo:session): session opened for user root(uid=0) by vboxuser(uid=0)
2026-03-09T21:00:49.896914+00:00 arena-wp sudo: pam_unix(sudo:session): session closed for user root
2026-03-09T21:05:01.250615+00:00 arena-wp CRON[1517]: pam_unix(cron:session): session opened for user root(uid=0) by root(uid=0)
2026-03-09T21:05:01.265740+00:00 arena-wp CRON[1517]: pam_unix(cron:session): session closed for user root
2026-03-09T21:08:49.812560+00:00 arena-wp sudo:     root : TTY=pts/1 ; PWD=/root ; USER=root ; COMMAND=/usr/bin/vim /var/www/wordpress/wp-config.php
2026-03-09T21:08:49.864729+00:00 arena-wp sudo: pam_unix(sudo:session): session opened for user root(uid=0) by vboxuser(uid=0)
2026-03-09T21:08:55.110114+00:00 arena-wp sudo: pam_unix(sudo:session): session closed for user root
2026-03-09T21:09:01.433475+00:00 arena-wp CRON[1563]: pam_unix(cron:session): session opened for user root(uid=0) by root(uid=0)
2026-03-09T21:09:01.439048+00:00 arena-wp CRON[1563]: pam_unix(cron:session): session closed for user root
2026-03-09T21:15:01.688400+00:00 arena-wp CRON[1454]: pam_unix(cron:session): session opened for user root(uid=0) by root(uid=0)
2026-03-09T21:15:01.698386+00:00 arena-wp CRON[1454]: pam_unix(cron:session): session closed for user root
2026-03-09T21:16:37.454641+00:00 arena-wp sudo:     root : TTY=pts/1 ; PWD=/root ; USER=root ; COMMAND=/usr/bin/vim /var/www/wordpress/wp-config.php
2026-03-09T21:16:37.456574+00:00 arena-wp sudo: pam_unix(sudo:session): session opened for user root(uid=0) by vboxuser(uid=0)
2026-03-09T21:16:49.926581+00:00 arena-wp sudo: pam_unix(sudo:session): session closed for user root
2026-03-09T21:17:01.704456+00:00 arena-wp CRON[1480]: pam_unix(cron:session): session opened for user root(uid=0) by root(uid=0)
2026-03-09T21:17:01.732803+00:00 arena-wp CRON[1480]: pam_unix(cron:session): session closed for user root
2026-03-09T21:18:08.785409+00:00 arena-wp sudo:     root : TTY=pts/1 ; PWD=/root ; USER=root ; COMMAND=/usr/bin/vim /var/www/wordpress/wp-config.php
2026-03-09T21:18:08.787354+00:00 arena-wp sudo: pam_unix(sudo:session): session opened for user root(uid=0) by vboxuser(uid=0)
2026-03-09T21:18:14.546233+00:00 arena-wp sudo: pam_unix(sudo:session): session closed for user root
2026-03-09T21:21:26.096838+00:00 arena-wp sudo:     root : TTY=pts/1 ; PWD=/root ; USER=root ; COMMAND=/usr/bin/vim /var/www/wordpress/.htaccess
2026-03-09T21:21:26.098330+00:00 arena-wp sudo: pam_unix(sudo:session): session opened for user root(uid=0) by vboxuser(uid=0)
2026-03-09T21:21:32.931712+00:00 arena-wp sudo: pam_unix(sudo:session): session closed for user root
2026-03-09T21:25:01.745539+00:00 arena-wp CRON[1552]: pam_unix(cron:session): session opened for user root(uid=0) by root(uid=0)
2026-03-09T21:25:01.765557+00:00 arena-wp CRON[1552]: pam_unix(cron:session): session closed for user root
2026-03-09T21:35:02.994372+00:00 arena-wp CRON[1404]: pam_unix(cron:session): session opened for user root(uid=0) by root(uid=0)
2026-03-09T21:35:03.174070+00:00 arena-wp CRON[1404]: pam_unix(cron:session): session closed for user root
2026-03-09T21:39:01.190372+00:00 arena-wp CRON[1433]: pam_unix(cron:session): session opened for user root(uid=0) by root(uid=0)
2026-03-09T21:39:01.196409+00:00 arena-wp CRON[1433]: pam_unix(cron:session): session closed for user root
2026-03-09T21:43:31.746252+00:00 arena-wp runuser: pam_unix(runuser:session): session opened for user www-data(uid=33) by vboxuser(uid=0)
2026-03-09T21:43:31.765953+00:00 arena-wp runuser: pam_unix(runuser:session): session closed for user www-data
2026-03-09T21:45:01.210594+00:00 arena-wp CRON[1531]: pam_unix(cron:session): session opened for user root(uid=0) by root(uid=0)
2026-03-09T21:45:01.234571+00:00 arena-wp CRON[1531]: pam_unix(cron:session): session closed for user root
2026-03-09T21:55:01.236078+00:00 arena-wp CRON[1587]: pam_unix(cron:session): session opened for user root(uid=0) by root(uid=0)
2026-03-09T21:55:01.249221+00:00 arena-wp CRON[1587]: pam_unix(cron:session): session closed for user root
2026-03-09T22:01:41.187492+00:00 arena-wp sudo:     root : TTY=pts/1 ; PWD=/root ; USER=root ; COMMAND=/usr/bin/vim /var/www/wordpress/.htaccess
2026-03-09T22:01:41.191674+00:00 arena-wp sudo: pam_unix(sudo:session): session opened for user root(uid=0) by vboxuser(uid=0)
2026-03-09T22:01:46.693420+00:00 arena-wp sudo: pam_unix(sudo:session): session closed for user root
2026-03-09T22:05:01.262192+00:00 arena-wp CRON[1682]: pam_unix(cron:session): session opened for user root(uid=0) by root(uid=0)
2026-03-09T22:05:01.272921+00:00 arena-wp CRON[1682]: pam_unix(cron:session): session closed for user root
2026-03-09T22:09:01.282221+00:00 arena-wp CRON[1711]: pam_unix(cron:session): session opened for user root(uid=0) by root(uid=0)
2026-03-09T22:09:01.312450+00:00 arena-wp CRON[1711]: pam_unix(cron:session): session closed for user root
2026-03-09T22:17:03.919588+00:00 arena-wp CRON[1369]: pam_unix(cron:session): session opened for user root(uid=0) by root(uid=0)
2026-03-09T22:17:04.081008+00:00 arena-wp CRON[1369]: pam_unix(cron:session): session closed for user root
2026-03-09T22:29:31.644010+00:00 arena-wp sudo:     root : TTY=pts/1 ; PWD=/root ; USER=root ; COMMAND=/usr/bin/vim /var/www/wordpress/wp-config.php
2026-03-09T22:29:31.645321+00:00 arena-wp sudo: pam_unix(sudo:session): session opened for user root(uid=0) by vboxuser(uid=0)
2026-03-09T22:29:37.282562+00:00 arena-wp sudo: pam_unix(sudo:session): session closed for user root
2026-03-09T22:35:01.129362+00:00 arena-wp CRON[1499]: pam_unix(cron:session): session opened for user root(uid=0) by root(uid=0)
2026-03-09T22:35:01.142843+00:00 arena-wp CRON[1499]: pam_unix(cron:session): session closed for user root
2026-03-09T22:39:01.160167+00:00 arena-wp CRON[1516]: pam_unix(cron:session): session opened for user root(uid=0) by root(uid=0)
2026-03-09T22:39:01.182770+00:00 arena-wp CRON[1516]: pam_unix(cron:session): session closed for user root
2026-03-09T22:45:01.188264+00:00 arena-wp CRON[1591]: pam_unix(cron:session): session opened for user root(uid=0) by root(uid=0)
2026-03-09T22:45:01.208948+00:00 arena-wp CRON[1591]: pam_unix(cron:session): session closed for user root
2026-03-09T22:55:01.234494+00:00 arena-wp CRON[1620]: pam_unix(cron:session): session opened for user root(uid=0) by root(uid=0)
2026-03-09T22:55:01.244167+00:00 arena-wp CRON[1620]: pam_unix(cron:session): session closed for user root
