2026-02-27T17:30:02.039704+00:00 arena-wp systemd[1]: Starting sysstat-collect.service - system activity accounting tool...
2026-02-27T17:30:02.091330+00:00 arena-wp systemd[1]: sysstat-collect.service: Deactivated successfully.
2026-02-27T17:30:02.091829+00:00 arena-wp systemd[1]: Finished sysstat-collect.service - system activity accounting tool.
2026-02-27T17:30:45.186677+00:00 arena-wp systemd[1]: Starting update-notifier-download.service - Download data for packages that failed at package install time...
2026-02-27T17:30:45.374329+00:00 arena-wp systemd[1]: update-notifier-download.service: Deactivated successfully.
2026-02-27T17:30:45.374782+00:00 arena-wp systemd[1]: Finished update-notifier-download.service - Download data for packages that failed at package install time.
2026-02-27T17:32:03.568949+00:00 arena-wp kernel: workqueue: drm_fb_helper_damage_work hogged CPU for >10000us 4 times, consider switching to WQ_UNBOUND
2026-02-27T17:32:30.555734+00:00 arena-wp systemd[1]: Stopping apache2.service - The Apache HTTP Server...
2026-02-27T17:32:30.626772+00:00 arena-wp apachectl[1443]: AH00558: apache2: Could not reliably determine the server's fully qualified domain name, using fd17:625c:f037:2:a00:27ff:fed8:540d. Set the 'ServerName' directive globally to suppress this message
2026-02-27T17:32:30.691947+00:00 arena-wp systemd[1]: apache2.service: Deactivated successfully.
2026-02-27T17:32:30.692261+00:00 arena-wp systemd[1]: Stopped apache2.service - The Apache HTTP Server.
2026-02-27T17:32:30.693414+00:00 arena-wp systemd[1]: apache2.service: Consumed 2.802s CPU time.
2026-02-27T17:32:30.706416+00:00 arena-wp systemd[1]: Starting apache2.service - The Apache HTTP Server...
2026-02-27T17:32:30.753591+00:00 arena-wp apachectl[1450]: AH00558: apache2: Could not reliably determine the server's fully qualified domain name, using fd17:625c:f037:2:a00:27ff:fed8:540d. Set the 'ServerName' directive globally to suppress this message
2026-02-27T17:32:30.763800+00:00 arena-wp systemd[1]: Started apache2.service - The Apache HTTP Server.
2026-02-27T17:35:01.632719+00:00 arena-wp CRON[1492]: (root) CMD (command -v debian-sa1 > /dev/null && debian-sa1 1 1)
2026-02-27T17:35:45.199679+00:00 arena-wp systemd[1325]: launchpadlib-cache-clean.service - Clean up old files in the Launchpadlib cache was skipped because of an unmet condition check (ConditionPathExists=/home/vboxuser/.launchpadlib/api.launchpad.net/cache).
2026-02-27T17:36:24.474811+00:00 arena-wp systemd[1]: Stopping apache2.service - The Apache HTTP Server...
2026-02-27T17:36:24.543685+00:00 arena-wp apachectl[1513]: AH00558: apache2: Could not reliably determine the server's fully qualified domain name, using fd17:625c:f037:2:a00:27ff:fed8:540d. Set the 'ServerName' directive globally to suppress this message
2026-02-27T17:36:24.637283+00:00 arena-wp systemd[1]: apache2.service: Killing process 1461 (apache2) with signal SIGKILL.
2026-02-27T17:36:24.644695+00:00 arena-wp systemd[1]: apache2.service: Deactivated successfully.
2026-02-27T17:36:24.646778+00:00 arena-wp systemd[1]: Stopped apache2.service - The Apache HTTP Server.
2026-02-27T17:36:24.646883+00:00 arena-wp systemd[1]: apache2.service: Consumed 2.691s CPU time.
2026-02-27T17:36:24.660560+00:00 arena-wp systemd[1]: Starting apache2.service - The Apache HTTP Server...
2026-02-27T17:36:24.711589+00:00 arena-wp apachectl[1520]: AH00558: apache2: Could not reliably determine the server's fully qualified domain name, using fd17:625c:f037:2:a00:27ff:fed8:540d. Set the 'ServerName' directive globally to suppress this message
2026-02-27T17:36:24.723415+00:00 arena-wp systemd[1]: Started apache2.service - The Apache HTTP Server.
2026-02-27T17:39:01.699068+00:00 arena-wp CRON[1547]: (root) CMD (  [ -x /usr/lib/php/sessionclean ] && if [ ! -d /run/systemd/system ]; then /usr/lib/php/sessionclean; fi)
2026-02-27T17:39:01.707874+00:00 arena-wp systemd[1]: Starting phpsessionclean.service - Clean php session files...
2026-02-27T17:39:01.947024+00:00 arena-wp systemd[1]: phpsessionclean.service: Deactivated successfully.
2026-02-27T17:39:01.947232+00:00 arena-wp systemd[1]: Finished phpsessionclean.service - Clean php session files.
2026-02-27T17:40:24.999546+00:00 arena-wp systemd[1]: Starting sysstat-collect.service - system activity accounting tool...
2026-02-27T17:40:25.002864+00:00 arena-wp systemd[1]: Starting systemd-tmpfiles-clean.service - Cleanup of Temporary Directories...
2026-02-27T17:40:25.012626+00:00 arena-wp systemd[1]: sysstat-collect.service: Deactivated successfully.
2026-02-27T17:40:25.013044+00:00 arena-wp systemd[1]: Finished sysstat-collect.service - system activity accounting tool.
2026-02-27T17:40:25.039898+00:00 arena-wp systemd[1]: systemd-tmpfiles-clean.service: Deactivated successfully.
2026-02-27T17:40:25.040688+00:00 arena-wp systemd[1]: Finished systemd-tmpfiles-clean.service - Cleanup of Temporary Directories.
2026-02-27T17:42:18.070025+00:00 arena-wp systemd[1]: Reloading apache2.service - The Apache HTTP Server...
2026-02-27T17:42:18.239945+00:00 arena-wp apachectl[1645]: AH00558: apache2: Could not reliably determine the server's fully qualified domain name, using fd17:625c:f037:2:a00:27ff:fed8:540d. Set the 'ServerName' directive globally to suppress this message
2026-02-27T17:42:18.289856+00:00 arena-wp systemd[1]: Reloaded apache2.service - The Apache HTTP Server.
2026-02-27T17:43:02.025558+00:00 arena-wp systemd[1]: Reloading apache2.service - The Apache HTTP Server...
2026-02-27T17:43:02.154917+00:00 arena-wp apachectl[1667]: AH00558: apache2: Could not reliably determine the server's fully qualified domain name, using fd17:625c:f037:2:a00:27ff:fed8:540d. Set the 'ServerName' directive globally to suppress this message
2026-02-27T17:43:02.194626+00:00 arena-wp systemd[1]: Reloaded apache2.service - The Apache HTTP Server.
2026-02-27T18:12:00.891899+00:00 arena-wp kernel: workqueue: drm_fb_helper_damage_work hogged CPU for >10000us 4 times, consider switching to WQ_UNBOUND
2026-02-27T18:12:06.343112+00:00 arena-wp kernel: workqueue: blk_mq_run_work_fn hogged CPU for >10000us 16 times, consider switching to WQ_UNBOUND
2026-02-27T18:12:07.102643+00:00 arena-wp kernel: workqueue: drm_fb_helper_damage_work hogged CPU for >10000us 8 times, consider switching to WQ_UNBOUND
2026-02-27T18:12:48.132274+00:00 arena-wp kernel: clocksource: Long readout interval, skipping watchdog check: cs_nsec: 5193872785 wd_nsec: 5193872761
2026-02-27T18:13:01.686851+00:00 arena-wp kernel: workqueue: e1000_watchdog [e1000] hogged CPU for >10000us 4 times, consider switching to WQ_UNBOUND
2026-02-27T18:13:07.071326+00:00 arena-wp mariadbd[928]: 2026-02-27 18:13:07 32 [Warning] Access denied for user 'wp_admin'@'localhost' (using password: YES)
2026-02-27T18:13:36.576664+00:00 arena-wp kernel: workqueue: e1000_watchdog [e1000] hogged CPU for >10000us 8 times, consider switching to WQ_UNBOUND
2026-02-27T18:49:48.965096+00:00 arena-wp kernel: clocksource: Long readout interval, skipping watchdog check: cs_nsec: 3991196439 wd_nsec: 3991196373
2026-02-27T18:50:02.386348+00:00 arena-wp kernel: workqueue: drm_fb_helper_damage_work hogged CPU for >10000us 4 times, consider switching to WQ_UNBOUND
2026-02-27T18:50:14.151539+00:00 arena-wp systemd[1]: Starting sysstat-collect.service - system activity accounting tool...
2026-02-27T18:50:14.210780+00:00 arena-wp systemd[1]: sysstat-collect.service: Deactivated successfully.
2026-02-27T18:50:14.212971+00:00 arena-wp systemd[1]: Finished sysstat-collect.service - system activity accounting tool.
2026-02-27T18:50:20.421482+00:00 arena-wp kernel: workqueue: blk_mq_run_work_fn hogged CPU for >10000us 8 times, consider switching to WQ_UNBOUND
2026-02-27T18:50:35.122725+00:00 arena-wp kernel: workqueue: e1000_watchdog [e1000] hogged CPU for >10000us 8 times, consider switching to WQ_UNBOUND
2026-02-27T18:51:09.201664+00:00 arena-wp kernel: workqueue: drm_fb_helper_damage_work hogged CPU for >10000us 8 times, consider switching to WQ_UNBOUND
2026-02-27T18:51:30.406671+00:00 arena-wp kernel: workqueue: e1000_watchdog [e1000] hogged CPU for >10000us 16 times, consider switching to WQ_UNBOUND
2026-02-27T18:52:40.599814+00:00 arena-wp kernel: workqueue: drm_fb_helper_damage_work hogged CPU for >10000us 16 times, consider switching to WQ_UNBOUND
2026-02-27T18:53:36.625150+00:00 arena-wp systemd[1]: Starting update-notifier-download.service - Download data for packages that failed at package install time...
2026-02-27T18:53:36.813657+00:00 arena-wp systemd[1]: update-notifier-download.service: Deactivated successfully.
2026-02-27T18:53:36.813740+00:00 arena-wp systemd[1]: Finished update-notifier-download.service - Download data for packages that failed at package install time.
2026-02-27T18:55:01.583619+00:00 arena-wp CRON[1448]: (root) CMD (command -v debian-sa1 > /dev/null && debian-sa1 1 1)
2026-02-27T18:55:03.188593+00:00 arena-wp kernel: workqueue: e1000_watchdog [e1000] hogged CPU for >10000us 32 times, consider switching to WQ_UNBOUND
2026-02-27T18:55:36.443792+00:00 arena-wp systemd[1303]: launchpadlib-cache-clean.service - Clean up old files in the Launchpadlib cache was skipped because of an unmet condition check (ConditionPathExists=/home/vboxuser/.launchpadlib/api.launchpad.net/cache).
2026-02-27T19:00:13.536282+00:00 arena-wp systemd[1]: Starting sysstat-collect.service - system activity accounting tool...
2026-02-27T19:00:13.557715+00:00 arena-wp systemd[1]: sysstat-collect.service: Deactivated successfully.
2026-02-27T19:00:13.558049+00:00 arena-wp systemd[1]: Finished sysstat-collect.service - system activity accounting tool.
2026-03-12T18:45:27.247980+00:00 arena-wp systemd[1]: systemd-timedated.service: Deactivated successfully.
2026-03-12T18:45:30.424148+00:00 arena-wp systemd-timesyncd[463]: Contacted time server 83.137.41.14:123 (2.ubuntu.pool.ntp.org).
2026-03-12T18:45:30.424558+00:00 arena-wp systemd-resolved[457]: Clock change detected. Flushing caches.
2026-03-12T18:45:30.424633+00:00 arena-wp systemd-timesyncd[463]: Initial clock synchronization to Thu 2026-03-12 18:45:30.421331 UTC.
2026-03-12T18:45:30.457966+00:00 arena-wp systemd[1]: Starting e2scrub_all.service - Online ext4 Metadata Check for All Filesystems...
2026-03-12T18:45:30.465125+00:00 arena-wp systemd[1]: e2scrub_all.service: Deactivated successfully.
2026-03-12T18:45:30.465766+00:00 arena-wp systemd[1]: Finished e2scrub_all.service - Online ext4 Metadata Check for All Filesystems.
2026-03-12T18:45:42.126869+00:00 arena-wp kernel: clocksource: Long readout interval, skipping watchdog check: cs_nsec: 4146432593 wd_nsec: 4146429892
2026-03-12T18:46:18.148494+00:00 arena-wp systemd[1]: Starting man-db.service - Daily man-db regeneration...
2026-03-12T18:46:27.576327+00:00 arena-wp systemd[1]: man-db.service: Deactivated successfully.
2026-03-12T18:46:27.576813+00:00 arena-wp systemd[1]: Finished man-db.service - Daily man-db regeneration.
2026-03-12T18:46:27.577463+00:00 arena-wp systemd[1]: man-db.service: Consumed 4.063s CPU time.
2026-03-12T18:49:52.967268+00:00 arena-wp systemd[1]: Starting update-notifier-download.service - Download data for packages that failed at package install time...
2026-03-12T18:49:53.222058+00:00 arena-wp systemd[1]: update-notifier-download.service: Deactivated successfully.
2026-03-12T18:49:53.222254+00:00 arena-wp systemd[1]: Finished update-notifier-download.service - Download data for packages that failed at package install time.
2026-03-12T18:50:01.111842+00:00 arena-wp systemd[1]: Starting sysstat-collect.service - system activity accounting tool...
2026-03-12T18:50:01.115675+00:00 arena-wp systemd[1]: Reloading apache2.service - The Apache HTTP Server...
2026-03-12T18:50:01.123482+00:00 arena-wp systemd[1]: sysstat-collect.service: Deactivated successfully.
2026-03-12T18:50:01.130156+00:00 arena-wp systemd[1]: Finished sysstat-collect.service - system activity accounting tool.
2026-03-12T18:50:01.242987+00:00 arena-wp apachectl[1432]: AH00558: apache2: Could not reliably determine the server's fully qualified domain name, using fd17:625c:f037:2:a00:27ff:fed8:540d. Set the 'ServerName' directive globally to suppress this message
2026-03-12T18:50:01.284317+00:00 arena-wp systemd[1]: Reloaded apache2.service - The Apache HTTP Server.
2026-03-12T18:50:41.135628+00:00 arena-wp kernel: workqueue: e1000_watchdog [e1000] hogged CPU for >10000us 8 times, consider switching to WQ_UNBOUND
2026-03-12T18:51:00.602661+00:00 arena-wp systemd[1095]: launchpadlib-cache-clean.service - Clean up old files in the Launchpadlib cache was skipped because of an unmet condition check (ConditionPathExists=/home/vboxuser/.launchpadlib/api.launchpad.net/cache).
2026-03-12T18:52:04.381006+00:00 arena-wp kernel: workqueue: e1000_watchdog [e1000] hogged CPU for >10000us 16 times, consider switching to WQ_UNBOUND
2026-03-12T18:52:11.919491+00:00 arena-wp kernel: workqueue: drm_fb_helper_damage_work hogged CPU for >10000us 4 times, consider switching to WQ_UNBOUND
2026-03-12T18:52:25.498906+00:00 arena-wp systemd[1]: Reloading apache2.service - The Apache HTTP Server...
2026-03-12T18:52:25.651329+00:00 arena-wp apachectl[1463]: AH00558: apache2: Could not reliably determine the server's fully qualified domain name, using fd17:625c:f037:2:a00:27ff:fed8:540d. Set the 'ServerName' directive globally to suppress this message
2026-03-12T18:52:25.697464+00:00 arena-wp systemd[1]: Reloaded apache2.service - The Apache HTTP Server.
2026-03-12T18:53:50.299418+00:00 arena-wp kernel: workqueue: e1000_watchdog [e1000] hogged CPU for >10000us 32 times, consider switching to WQ_UNBOUND
2026-03-12T18:54:25.986893+00:00 arena-wp systemd[1]: Reloading apache2.service - The Apache HTTP Server...
2026-03-12T18:54:26.145004+00:00 arena-wp apachectl[1492]: AH00558: apache2: Could not reliably determine the server's fully qualified domain name, using fd17:625c:f037:2:a00:27ff:fed8:540d. Set the 'ServerName' directive globally to suppress this message
2026-03-12T18:54:26.196861+00:00 arena-wp systemd[1]: Reloaded apache2.service - The Apache HTTP Server.
2026-03-12T18:55:01.782231+00:00 arena-wp CRON[1507]: (root) CMD (command -v debian-sa1 > /dev/null && debian-sa1 1 1)
2026-03-12T18:56:22.055588+00:00 arena-wp systemd[1]: Reloading apache2.service - The Apache HTTP Server...
2026-03-12T18:56:22.301605+00:00 arena-wp apachectl[1527]: AH00558: apache2: Could not reliably determine the server's fully qualified domain name, using fd17:625c:f037:2:a00:27ff:fed8:540d. Set the 'ServerName' directive globally to suppress this message
2026-03-12T18:56:22.346123+00:00 arena-wp systemd[1]: Reloaded apache2.service - The Apache HTTP Server.
2026-03-12T18:56:22.885645+00:00 arena-wp kernel: workqueue: drm_fb_helper_damage_work hogged CPU for >10000us 8 times, consider switching to WQ_UNBOUND
2026-02-27T19:28:20.352283+00:00 arena-wp systemd[1]: Starting e2scrub_all.service - Online ext4 Metadata Check for All Filesystems...
2026-02-27T19:28:20.372832+00:00 arena-wp systemd[1]: e2scrub_all.service: Deactivated successfully.
2026-02-27T19:28:20.373002+00:00 arena-wp systemd[1]: Finished e2scrub_all.service - Online ext4 Metadata Check for All Filesystems.
2026-02-27T19:30:03.723797+00:00 arena-wp systemd[1]: Starting sysstat-collect.service - system activity accounting tool...
2026-02-27T19:30:03.761473+00:00 arena-wp systemd[1]: sysstat-collect.service: Deactivated successfully.
2026-02-27T19:30:03.761542+00:00 arena-wp systemd[1]: Finished sysstat-collect.service - system activity accounting tool.
2026-02-27T19:30:39.695974+00:00 arena-wp kernel: workqueue: e1000_watchdog [e1000] hogged CPU for >10000us 4 times, consider switching to WQ_UNBOUND
2026-02-27T19:31:17.366213+00:00 arena-wp kernel: workqueue: blk_mq_run_work_fn hogged CPU for >10000us 16 times, consider switching to WQ_UNBOUND
2026-02-27T19:32:31.381983+00:00 arena-wp systemd[1]: Starting update-notifier-download.service - Download data for packages that failed at package install time...
2026-02-27T19:32:31.661367+00:00 arena-wp systemd[1]: update-notifier-download.service: Deactivated successfully.
2026-02-27T19:32:31.661594+00:00 arena-wp systemd[1]: Finished update-notifier-download.service - Download data for packages that failed at package install time.
2026-02-27T19:33:36.429188+00:00 arena-wp systemd[1317]: launchpadlib-cache-clean.service - Clean up old files in the Launchpadlib cache was skipped because of an unmet condition check (ConditionPathExists=/home/vboxuser/.launchpadlib/api.launchpad.net/cache).
2026-02-27T19:35:05.741035+00:00 arena-wp CRON[1471]: (root) CMD (command -v debian-sa1 > /dev/null && debian-sa1 1 1)
2026-02-27T19:35:58.891201+00:00 arena-wp mariadbd[959]: 2026-02-27 19:35:58 37 [Warning] Access denied for user 'wordpress'@'localhost'
2026-02-27T19:36:19.044086+00:00 arena-wp mariadbd[959]: 2026-02-27 19:36:19 38 [Warning] Access denied for user 'wordpress'@'localhost'
2026-03-05T13:39:01.175560+00:00 arena-wp CRON[1722]: (root) CMD (  [ -x /usr/lib/php/sessionclean ] && if [ ! -d /run/systemd/system ]; then /usr/lib/php/sessionclean; fi)
2026-03-05T13:39:01.185218+00:00 arena-wp systemd[1]: Starting phpsessionclean.service - Clean php session files...
2026-03-05T13:39:01.397467+00:00 arena-wp systemd[1]: phpsessionclean.service: Deactivated successfully.
2026-03-05T13:39:01.398022+00:00 arena-wp systemd[1]: Finished phpsessionclean.service - Clean php session files.
2026-03-05T13:39:20.211902+00:00 arena-wp systemd[1]: Reloading apache2.service - The Apache HTTP Server...
2026-03-05T13:39:20.311429+00:00 arena-wp apachectl[1778]: AH00558: apache2: Could not reliably determine the server's fully qualified domain name, using fd17:625c:f037:2:a00:27ff:fed8:540d. Set the 'ServerName' directive globally to suppress this message
2026-03-05T13:39:20.345635+00:00 arena-wp systemd[1]: Reloaded apache2.service - The Apache HTTP Server.
2026-03-05T13:40:25.490682+00:00 arena-wp systemd[1]: Starting sysstat-collect.service - system activity accounting tool...
2026-03-05T13:40:25.501631+00:00 arena-wp systemd[1]: sysstat-collect.service: Deactivated successfully.
2026-03-05T13:40:25.501787+00:00 arena-wp systemd[1]: Finished sysstat-collect.service - system activity accounting tool.
2026-03-05T13:41:46.875549+00:00 arena-wp systemd[1]: Stopping apache2.service - The Apache HTTP Server...
2026-03-05T13:41:46.922103+00:00 arena-wp apachectl[1825]: AH00558: apache2: Could not reliably determine the server's fully qualified domain name, using fd17:625c:f037:2:a00:27ff:fed8:540d. Set the 'ServerName' directive globally to suppress this message
2026-03-05T13:41:46.997438+00:00 arena-wp systemd[1]: apache2.service: Deactivated successfully.
2026-03-05T13:41:46.997792+00:00 arena-wp systemd[1]: Stopped apache2.service - The Apache HTTP Server.
2026-03-05T13:41:46.999574+00:00 arena-wp systemd[1]: apache2.service: Consumed 4.500s CPU time.
2026-03-05T13:41:47.008506+00:00 arena-wp systemd[1]: Starting apache2.service - The Apache HTTP Server...
2026-03-05T13:41:47.046363+00:00 arena-wp apachectl[1831]: AH00558: apache2: Could not reliably determine the server's fully qualified domain name, using fd17:625c:f037:2:a00:27ff:fed8:540d. Set the 'ServerName' directive globally to suppress this message
2026-03-05T13:41:47.058758+00:00 arena-wp systemd[1]: Started apache2.service - The Apache HTTP Server.
2026-03-05T13:42:25.335454+00:00 arena-wp systemd[1610]: launchpadlib-cache-clean.service - Clean up old files in the Launchpadlib cache was skipped because of an unmet condition check (ConditionPathExists=/home/vboxuser/.launchpadlib/api.launchpad.net/cache).
2026-03-05T13:45:01.240826+00:00 arena-wp CRON[1877]: (root) CMD (command -v debian-sa1 > /dev/null && debian-sa1 1 1)
2026-03-05T13:50:25.729831+00:00 arena-wp systemd[1]: Starting sysstat-collect.service - system activity accounting tool...
2026-03-05T13:50:25.768342+00:00 arena-wp systemd[1]: sysstat-collect.service: Deactivated successfully.
2026-03-05T13:50:25.768468+00:00 arena-wp systemd[1]: Finished sysstat-collect.service - system activity accounting tool.
2026-03-05T13:50:36.462403+00:00 arena-wp kernel: workqueue: blk_mq_run_work_fn hogged CPU for >10000us 8 times, consider switching to WQ_UNBOUND
2026-03-05T13:59:18.920802+00:00 arena-wp systemd[1]: Starting e2scrub_all.service - Online ext4 Metadata Check for All Filesystems...
2026-03-05T13:59:18.936601+00:00 arena-wp systemd[1]: e2scrub_all.service: Deactivated successfully.
2026-03-05T13:59:18.938360+00:00 arena-wp systemd[1]: Finished e2scrub_all.service - Online ext4 Metadata Check for All Filesystems.
2026-03-05T13:59:33.522802+00:00 arena-wp kernel: workqueue: drm_fb_helper_damage_work hogged CPU for >10000us 4 times, consider switching to WQ_UNBOUND
2026-03-05T14:00:05.784479+00:00 arena-wp mariadbd[969]: 2026-03-05 14:00:05 33 [Warning] Access denied for user 'wp_admin'@'localhost' (using password: YES)
2026-03-05T14:00:05.813982+00:00 arena-wp systemd[1]: Starting sysstat-collect.service - system activity accounting tool...
2026-03-05T14:00:05.896133+00:00 arena-wp systemd[1]: sysstat-collect.service: Deactivated successfully.
2026-03-05T14:00:05.896304+00:00 arena-wp systemd[1]: Finished sysstat-collect.service - system activity accounting tool.
2026-03-05T14:00:08.546158+00:00 arena-wp kernel: workqueue: drm_fb_helper_damage_work hogged CPU for >10000us 8 times, consider switching to WQ_UNBOUND
2026-03-05T14:00:15.641296+00:00 arena-wp kernel: workqueue: e1000_watchdog [e1000] hogged CPU for >10000us 4 times, consider switching to WQ_UNBOUND
2026-03-05T14:01:31.434448+00:00 arena-wp kernel: workqueue: e1000_watchdog [e1000] hogged CPU for >10000us 8 times, consider switching to WQ_UNBOUND
2026-03-05T14:01:31.941758+00:00 arena-wp kernel: workqueue: drm_fb_helper_damage_work hogged CPU for >10000us 16 times, consider switching to WQ_UNBOUND
2026-03-05T14:01:45.242137+00:00 arena-wp kernel: workqueue: drm_fb_helper_damage_work hogged CPU for >10000us 32 times, consider switching to WQ_UNBOUND
2026-03-05T14:35:01.361311+00:00 arena-wp CRON[1581]: (root) CMD (command -v debian-sa1 > /dev/null && debian-sa1 1 1)
2026-03-05T14:35:08.004444+00:00 arena-wp kernel: workqueue: e1000_watchdog [e1000] hogged CPU for >10000us 4 times, consider switching to WQ_UNBOUND
2026-03-05T14:36:17.368753+00:00 arena-wp systemd[1]: Starting update-notifier-download.service - Download data for packages that failed at package install time...
2026-03-05T14:36:17.581899+00:00 arena-wp systemd[1]: update-notifier-download.service: Deactivated successfully.
2026-03-05T14:36:17.582383+00:00 arena-wp systemd[1]: Finished update-notifier-download.service - Download data for packages that failed at package install time.
2026-03-05T14:38:28.020889+00:00 arena-wp systemd[1452]: launchpadlib-cache-clean.service - Clean up old files in the Launchpadlib cache was skipped because of an unmet condition check (ConditionPathExists=/home/vboxuser/.launchpadlib/api.launchpad.net/cache).
2026-03-05T14:39:00.248931+00:00 arena-wp systemd[1]: Starting phpsessionclean.service - Clean php session files...
2026-03-05T14:39:00.540088+00:00 arena-wp systemd[1]: phpsessionclean.service: Deactivated successfully.
2026-03-05T14:39:00.540246+00:00 arena-wp systemd[1]: Finished phpsessionclean.service - Clean php session files.
2026-03-05T14:39:01.398703+00:00 arena-wp CRON[1663]: (root) CMD (  [ -x /usr/lib/php/sessionclean ] && if [ ! -d /run/systemd/system ]; then /usr/lib/php/sessionclean; fi)
2026-03-05T14:40:26.561889+00:00 arena-wp systemd[1]: Starting sysstat-collect.service - system activity accounting tool...
2026-03-05T14:40:26.570618+00:00 arena-wp systemd[1]: sysstat-collect.service: Deactivated successfully.
2026-03-05T14:40:26.571799+00:00 arena-wp systemd[1]: Finished sysstat-collect.service - system activity accounting tool.
2026-03-05T14:43:06.803630+00:00 arena-wp kernel: workqueue: drm_fb_helper_damage_work hogged CPU for >10000us 4 times, consider switching to WQ_UNBOUND
2026-03-05T14:45:01.419803+00:00 arena-wp CRON[1701]: (root) CMD (command -v debian-sa1 > /dev/null && debian-sa1 1 1)
2026-03-05T14:45:13.840970+00:00 arena-wp systemd[1]: Reloading apache2.service - The Apache HTTP Server...
2026-03-05T14:45:13.986465+00:00 arena-wp apachectl[1708]: AH00558: apache2: Could not reliably determine the server's fully qualified domain name, using fd17:625c:f037:2:a00:27ff:fed8:540d. Set the 'ServerName' directive globally to suppress this message
2026-03-05T14:45:14.154822+00:00 arena-wp systemd[1]: Reloaded apache2.service - The Apache HTTP Server.
2026-03-05T14:46:17.471844+00:00 arena-wp systemd[1]: Starting systemd-tmpfiles-clean.service - Cleanup of Temporary Directories...
2026-03-05T14:46:17.511936+00:00 arena-wp systemd[1]: systemd-tmpfiles-clean.service: Deactivated successfully.
2026-03-05T14:46:17.512077+00:00 arena-wp systemd[1]: Finished systemd-tmpfiles-clean.service - Cleanup of Temporary Directories.
2026-03-05T14:47:26.855848+00:00 arena-wp systemd[1]: Reloading apache2.service - The Apache HTTP Server...
2026-03-05T14:47:26.988407+00:00 arena-wp apachectl[1741]: AH00558: apache2: Could not reliably determine the server's fully qualified domain name, using fd17:625c:f037:2:a00:27ff:fed8:540d. Set the 'ServerName' directive globally to suppress this message
2026-03-05T14:47:27.030290+00:00 arena-wp systemd[1]: Reloaded apache2.service - The Apache HTTP Server.
2026-03-05T14:50:26.565639+00:00 arena-wp systemd[1]: Starting sysstat-collect.service - system activity accounting tool...
2026-03-05T14:50:26.582763+00:00 arena-wp systemd[1]: sysstat-collect.service: Deactivated successfully.
2026-03-05T14:50:26.582846+00:00 arena-wp systemd[1]: Finished sysstat-collect.service - system activity accounting tool.
2026-03-05T16:37:28.916310+00:00 arena-wp systemd[1]: Starting update-notifier-download.service - Download data for packages that failed at package install time...
2026-03-05T16:37:29.077592+00:00 arena-wp systemd[1]: update-notifier-download.service: Deactivated successfully.
2026-03-05T16:37:29.077832+00:00 arena-wp systemd[1]: Finished update-notifier-download.service - Download data for packages that failed at package install time.
2026-03-05T16:44:48.033835+00:00 arena-wp systemd[1]: Starting update-notifier-download.service - Download data for packages that failed at package install time...
2026-03-05T16:44:48.270144+00:00 arena-wp systemd[1]: update-notifier-download.service: Deactivated successfully.
2026-03-05T16:44:48.270351+00:00 arena-wp systemd[1]: Finished update-notifier-download.service - Download data for packages that failed at package install time.
2026-03-05T16:45:01.575154+00:00 arena-wp CRON[1420]: (root) CMD (command -v debian-sa1 > /dev/null && debian-sa1 1 1)
2026-03-05T16:46:00.455773+00:00 arena-wp systemd[1]: Reloading apache2.service - The Apache HTTP Server...
2026-03-05T16:46:00.560999+00:00 arena-wp apachectl[1434]: AH00558: apache2: Could not reliably determine the server's fully qualified domain name, using fd17:625c:f037:2:a00:27ff:fed8:540d. Set the 'ServerName' directive globally to suppress this message
2026-03-05T16:46:00.600001+00:00 arena-wp systemd[1]: Reloaded apache2.service - The Apache HTTP Server.
2026-03-05T16:46:22.785407+00:00 arena-wp systemd[1291]: launchpadlib-cache-clean.service - Clean up old files in the Launchpadlib cache was skipped because of an unmet condition check (ConditionPathExists=/home/vboxuser/.launchpadlib/api.launchpad.net/cache).
2026-03-05T16:50:22.792769+00:00 arena-wp systemd[1]: Starting sysstat-collect.service - system activity accounting tool...
2026-03-05T16:50:22.813963+00:00 arena-wp systemd[1]: sysstat-collect.service: Deactivated successfully.
2026-03-05T16:50:22.814094+00:00 arena-wp systemd[1]: Finished sysstat-collect.service - system activity accounting tool.
2026-03-05T16:54:46.959579+00:00 arena-wp systemd[1]: Starting systemd-tmpfiles-clean.service - Cleanup of Temporary Directories...
2026-03-05T16:54:47.018166+00:00 arena-wp systemd[1]: systemd-tmpfiles-clean.service: Deactivated successfully.
2026-03-05T16:54:47.018278+00:00 arena-wp systemd[1]: Finished systemd-tmpfiles-clean.service - Cleanup of Temporary Directories.
2026-03-05T16:55:01.606695+00:00 arena-wp CRON[1497]: (root) CMD (command -v debian-sa1 > /dev/null && debian-sa1 1 1)
2026-03-09T13:38:12.909248+00:00 arena-wp kernel: clocksource: Long readout interval, skipping watchdog check: cs_nsec: 5002896273 wd_nsec: 5002896179
2026-03-09T13:38:59.086553+00:00 arena-wp systemd[1]: Stopping apache2.service - The Apache HTTP Server...
2026-03-09T13:38:59.138025+00:00 arena-wp apachectl[1417]: AH00558: apache2: Could not reliably determine the server's fully qualified domain name, using fd17:625c:f037:2:a00:27ff:fed8:540d. Set the 'ServerName' directive globally to suppress this message
2026-03-09T13:38:59.528304+00:00 arena-wp systemd[1]: apache2.service: Deactivated successfully.
2026-03-09T13:38:59.528504+00:00 arena-wp systemd[1]: Stopped apache2.service - The Apache HTTP Server.
2026-03-09T13:38:59.528610+00:00 arena-wp systemd[1]: apache2.service: Consumed 2.398s CPU time.
2026-03-09T13:38:59.538837+00:00 arena-wp systemd[1]: Starting apache2.service - The Apache HTTP Server...
2026-03-09T13:38:59.585887+00:00 arena-wp apachectl[1423]: AH00558: apache2: Could not reliably determine the server's fully qualified domain name, using fd17:625c:f037:2:a00:27ff:fed8:540d. Set the 'ServerName' directive globally to suppress this message
2026-03-09T13:38:59.595509+00:00 arena-wp systemd[1]: Started apache2.service - The Apache HTTP Server.
2026-03-09T13:39:01.120904+00:00 arena-wp CRON[1432]: (root) CMD (  [ -x /usr/lib/php/sessionclean ] && if [ ! -d /run/systemd/system ]; then /usr/lib/php/sessionclean; fi)
2026-03-09T13:39:05.742098+00:00 arena-wp systemd[1]: Starting phpsessionclean.service - Clean php session files...
2026-03-09T13:39:05.946820+00:00 arena-wp systemd[1]: phpsessionclean.service: Deactivated successfully.
2026-03-09T13:39:05.946917+00:00 arena-wp systemd[1]: Finished phpsessionclean.service - Clean php session files.
2026-03-09T13:40:03.283261+00:00 arena-wp systemd[1]: Starting sysstat-collect.service - system activity accounting tool...
2026-03-09T13:40:03.301160+00:00 arena-wp systemd[1]: sysstat-collect.service: Deactivated successfully.
2026-03-09T13:40:03.301488+00:00 arena-wp systemd[1]: Finished sysstat-collect.service - system activity accounting tool.
2026-03-09T13:40:49.688640+00:00 arena-wp systemd[1]: Reloading apache2.service - The Apache HTTP Server...
2026-03-09T13:40:49.806906+00:00 arena-wp apachectl[1515]: AH00558: apache2: Could not reliably determine the server's fully qualified domain name, using fd17:625c:f037:2:a00:27ff:fed8:540d. Set the 'ServerName' directive globally to suppress this message
2026-03-09T13:40:49.877485+00:00 arena-wp systemd[1]: Reloaded apache2.service - The Apache HTTP Server.
2026-03-09T13:41:28.579860+00:00 arena-wp systemd[1]: Starting update-notifier-download.service - Download data for packages that failed at package install time...
2026-03-09T13:41:28.757183+00:00 arena-wp systemd[1]: update-notifier-download.service: Deactivated successfully.
2026-03-09T13:41:28.757402+00:00 arena-wp systemd[1]: Finished update-notifier-download.service - Download data for packages that failed at package install time.
2026-03-09T13:43:03.269523+00:00 arena-wp systemd[1302]: launchpadlib-cache-clean.service - Clean up old files in the Launchpadlib cache was skipped because of an unmet condition check (ConditionPathExists=/home/vboxuser/.launchpadlib/api.launchpad.net/cache).
2026-03-09T13:45:01.231414+00:00 arena-wp CRON[1555]: (root) CMD (command -v debian-sa1 > /dev/null && debian-sa1 1 1)
2026-03-09T13:45:13.314960+00:00 arena-wp systemd[1]: Reloading apache2.service - The Apache HTTP Server...
2026-03-09T13:45:13.445656+00:00 arena-wp apachectl[1563]: AH00558: apache2: Could not reliably determine the server's fully qualified domain name, using fd17:625c:f037:2:a00:27ff:fed8:540d. Set the 'ServerName' directive globally to suppress this message
2026-03-09T13:45:13.488412+00:00 arena-wp systemd[1]: Reloaded apache2.service - The Apache HTTP Server.
2026-03-09T13:47:35.143209+00:00 arena-wp mariadbd[898]: 2026-03-09 13:47:35 31 [Warning] Access denied for user 'wp_admin'@'localhost' (using password: YES)
2026-03-09T13:48:53.407382+00:00 arena-wp mariadbd[898]: 2026-03-09 13:48:53 32 [Warning] Access denied for user 'wp_admin'@'localhost' (using password: YES)
2026-03-09T13:50:06.167806+00:00 arena-wp systemd[1]: Starting sysstat-collect.service - system activity accounting tool...
2026-03-09T13:50:06.195267+00:00 arena-wp systemd[1]: sysstat-collect.service: Deactivated successfully.
2026-03-09T13:50:06.197039+00:00 arena-wp systemd[1]: Finished sysstat-collect.service - system activity accounting tool.
2026-03-09T13:51:50.859193+00:00 arena-wp systemd[1]: systemd-hostnamed.service: Deactivated successfully.
2026-03-09T13:51:54.693126+00:00 arena-wp systemd[1]: systemd-timedated.service: Deactivated successfully.
2026-03-09T13:51:54.963320+00:00 arena-wp kernel: clocksource: Long readout interval, skipping watchdog check: cs_nsec: 5489753138 wd_nsec: 5489753009
2026-03-09T13:51:56.447643+00:00 arena-wp systemd-timesyncd[444]: Contacted time server 162.159.200.1:123 (2.ubuntu.pool.ntp.org).
2026-03-09T13:51:56.448272+00:00 arena-wp systemd-timesyncd[444]: Initial clock synchronization to Mon 2026-03-09 13:51:56.443197 UTC.
2026-03-09T13:51:56.450619+00:00 arena-wp systemd-resolved[440]: Clock change detected. Flushing caches.
2026-03-09T13:55:01.489416+00:00 arena-wp CRON[1419]: (root) CMD (command -v debian-sa1 > /dev/null && debian-sa1 1 1)
2026-03-09T13:56:46.478617+00:00 arena-wp systemd[1]: Starting update-notifier-download.service - Download data for packages that failed at package install time...
2026-03-09T13:56:46.659279+00:00 arena-wp systemd[1]: update-notifier-download.service: Deactivated successfully.
2026-03-09T13:56:46.659552+00:00 arena-wp systemd[1]: Finished update-notifier-download.service - Download data for packages that failed at package install time.
2026-03-09T13:56:56.464594+00:00 arena-wp systemd[1286]: launchpadlib-cache-clean.service - Clean up old files in the Launchpadlib cache was skipped because of an unmet condition check (ConditionPathExists=/home/vboxuser/.launchpadlib/api.launchpad.net/cache).
2026-03-09T14:00:33.355761+00:00 arena-wp systemd[1]: Starting sysstat-collect.service - system activity accounting tool...
2026-03-09T14:00:33.373294+00:00 arena-wp systemd[1]: sysstat-collect.service: Deactivated successfully.
2026-03-09T14:00:33.374206+00:00 arena-wp systemd[1]: Finished sysstat-collect.service - system activity accounting tool.
2026-03-09T14:07:09.921514+00:00 arena-wp kernel: workqueue: drm_fb_helper_damage_work hogged CPU for >10000us 4 times, consider switching to WQ_UNBOUND
2026-03-09T14:08:27.757554+00:00 arena-wp kernel: workqueue: drm_fb_helper_damage_work hogged CPU for >10000us 8 times, consider switching to WQ_UNBOUND
2026-03-09T14:09:01.827056+00:00 arena-wp CRON[1405]: (root) CMD (  [ -x /usr/lib/php/sessionclean ] && if [ ! -d /run/systemd/system ]; then /usr/lib/php/sessionclean; fi)
2026-03-09T14:09:01.831478+00:00 arena-wp systemd[1]: Starting phpsessionclean.service - Clean php session files...
2026-03-09T14:09:02.113826+00:00 arena-wp systemd[1]: phpsessionclean.service: Deactivated successfully.
2026-03-09T14:09:02.113960+00:00 arena-wp systemd[1]: Finished phpsessionclean.service - Clean php session files.
2026-03-09T14:10:03.983092+00:00 arena-wp systemd[1]: Starting sysstat-collect.service - system activity accounting tool...
2026-03-09T14:10:04.029165+00:00 arena-wp systemd[1]: sysstat-collect.service: Deactivated successfully.
2026-03-09T14:10:04.030745+00:00 arena-wp systemd[1]: Finished sysstat-collect.service - system activity accounting tool.
2026-03-09T20:55:01.380395+00:00 arena-wp CRON[1379]: (root) CMD (command -v debian-sa1 > /dev/null && debian-sa1 1 1)
2026-03-09T20:55:15.997011+00:00 arena-wp kernel: workqueue: e1000_watchdog [e1000] hogged CPU for >10000us 4 times, consider switching to WQ_UNBOUND
2026-03-09T20:57:59.600859+00:00 arena-wp kernel: workqueue: e1000_watchdog [e1000] hogged CPU for >10000us 8 times, consider switching to WQ_UNBOUND
2026-03-09T20:58:05.809545+00:00 arena-wp systemd[1]: Starting update-notifier-download.service - Download data for packages that failed at package install time...
2026-03-09T20:58:05.999853+00:00 arena-wp systemd[1]: update-notifier-download.service: Deactivated successfully.
2026-03-09T20:58:06.000072+00:00 arena-wp systemd[1]: Finished update-notifier-download.service - Download data for packages that failed at package install time.
2026-03-09T20:59:05.778296+00:00 arena-wp systemd[1285]: launchpadlib-cache-clean.service - Clean up old files in the Launchpadlib cache was skipped because of an unmet condition check (ConditionPathExists=/home/vboxuser/.launchpadlib/api.launchpad.net/cache).
2026-03-09T20:59:51.171001+00:00 arena-wp systemd[1]: Reloading apache2.service - The Apache HTTP Server...
2026-03-09T20:59:51.375871+00:00 arena-wp apachectl[1434]: AH00558: apache2: Could not reliably determine the server's fully qualified domain name, using fd17:625c:f037:2:a00:27ff:fed8:540d. Set the 'ServerName' directive globally to suppress this message
2026-03-09T20:59:51.416891+00:00 arena-wp systemd[1]: Reloaded apache2.service - The Apache HTTP Server.
2026-03-09T21:00:12.699714+00:00 arena-wp systemd[1]: Starting sysstat-collect.service - system activity accounting tool...
2026-03-09T21:00:12.710701+00:00 arena-wp systemd[1]: sysstat-collect.service: Deactivated successfully.
2026-03-09T21:00:12.710859+00:00 arena-wp systemd[1]: Finished sysstat-collect.service - system activity accounting tool.
2026-03-09T21:01:10.997282+00:00 arena-wp systemd[1]: Reloading apache2.service - The Apache HTTP Server...
2026-03-09T21:01:11.168852+00:00 arena-wp apachectl[1457]: AH00558: apache2: Could not reliably determine the server's fully qualified domain name, using fd17:625c:f037:2:a00:27ff:fed8:540d. Set the 'ServerName' directive globally to suppress this message
2026-03-09T21:01:11.210575+00:00 arena-wp systemd[1]: Reloaded apache2.service - The Apache HTTP Server.
2026-03-09T21:01:36.056958+00:00 arena-wp kernel: workqueue: e1000_watchdog [e1000] hogged CPU for >10000us 16 times, consider switching to WQ_UNBOUND
2026-03-09T21:03:33.610431+00:00 arena-wp systemd[1]: Reloading apache2.service - The Apache HTTP Server...
2026-03-09T21:03:33.770379+00:00 arena-wp apachectl[1489]: AH00558: apache2: Could not reliably determine the server's fully qualified domain name, using fd17:625c:f037:2:a00:27ff:fed8:540d. Set the 'ServerName' directive globally to suppress this message
2026-03-09T21:03:33.811740+00:00 arena-wp systemd[1]: Reloaded apache2.service - The Apache HTTP Server.
2026-03-09T21:04:17.927426+00:00 arena-wp systemd[1]: Reloading apache2.service - The Apache HTTP Server...
2026-03-09T21:04:18.055872+00:00 arena-wp apachectl[1504]: AH00558: apache2: Could not reliably determine the server's fully qualified domain name, using fd17:625c:f037:2:a00:27ff:fed8:540d. Set the 'ServerName' directive globally to suppress this message
2026-03-09T21:04:18.083876+00:00 arena-wp systemd[1]: Reloaded apache2.service - The Apache HTTP Server.
2026-03-09T21:05:01.251859+00:00 arena-wp CRON[1518]: (root) CMD (command -v debian-sa1 > /dev/null && debian-sa1 1 1)
2026-03-09T21:07:59.497729+00:00 arena-wp systemd[1]: Starting systemd-tmpfiles-clean.service - Cleanup of Temporary Directories...
2026-03-09T21:07:59.518577+00:00 arena-wp systemd[1]: systemd-tmpfiles-clean.service: Deactivated successfully.
2026-03-09T21:07:59.518732+00:00 arena-wp systemd[1]: Finished systemd-tmpfiles-clean.service - Cleanup of Temporary Directories.
2026-03-09T21:08:25.391831+00:00 arena-wp systemd[1]: Reloading apache2.service - The Apache HTTP Server...
2026-03-09T21:08:25.551497+00:00 arena-wp apachectl[1550]: AH00558: apache2: Could not reliably determine the server's fully qualified domain name, using fd17:625c:f037:2:a00:27ff:fed8:540d. Set the 'ServerName' directive globally to suppress this message
2026-03-09T21:08:25.592855+00:00 arena-wp systemd[1]: Reloaded apache2.service - The Apache HTTP Server.
2026-03-09T21:09:01.434851+00:00 arena-wp CRON[1564]: (root) CMD (  [ -x /usr/lib/php/sessionclean ] && if [ ! -d /run/systemd/system ]; then /usr/lib/php/sessionclean; fi)
2026-03-09T21:09:05.793845+00:00 arena-wp systemd[1]: Starting phpsessionclean.service - Clean php session files...
2026-03-09T21:09:05.989178+00:00 arena-wp systemd[1]: phpsessionclean.service: Deactivated successfully.
2026-03-09T21:09:05.989279+00:00 arena-wp systemd[1]: Finished phpsessionclean.service - Clean php session files.
2026-03-09T21:13:40.327577+00:00 arena-wp kernel: workqueue: e1000_watchdog [e1000] hogged CPU for >10000us 4 times, consider switching to WQ_UNBOUND
2026-03-09T21:14:50.271273+00:00 arena-wp systemd[1]: Stopping apache2.service - The Apache HTTP Server...
2026-03-09T21:14:50.345333+00:00 arena-wp apachectl[1435]: AH00558: apache2: Could not reliably determine the server's fully qualified domain name, using fd17:625c:f037:2:a00:27ff:fed8:540d. Set the 'ServerName' directive globally to suppress this message
2026-03-09T21:14:50.384502+00:00 arena-wp systemd[1]: apache2.service: Deactivated successfully.
2026-03-09T21:14:50.385975+00:00 arena-wp systemd[1]: Stopped apache2.service - The Apache HTTP Server.
2026-03-09T21:14:50.386073+00:00 arena-wp systemd[1]: apache2.service: Consumed 1.501s CPU time.
2026-03-09T21:14:50.396368+00:00 arena-wp systemd[1]: Starting apache2.service - The Apache HTTP Server...
2026-03-09T21:14:50.451360+00:00 arena-wp apachectl[1441]: AH00558: apache2: Could not reliably determine the server's fully qualified domain name, using fd17:625c:f037:2:a00:27ff:fed8:540d. Set the 'ServerName' directive globally to suppress this message
2026-03-09T21:14:50.463384+00:00 arena-wp systemd[1]: Started apache2.service - The Apache HTTP Server.
2026-03-09T21:15:01.689747+00:00 arena-wp CRON[1455]: (root) CMD (command -v debian-sa1 > /dev/null && debian-sa1 1 1)
2026-03-09T21:16:49.942822+00:00 arena-wp systemd[1]: Starting update-notifier-download.service - Download data for packages that failed at package install time...
2026-03-09T21:16:50.231747+00:00 arena-wp systemd[1]: update-notifier-download.service: Deactivated successfully.
2026-03-09T21:16:50.231841+00:00 arena-wp systemd[1]: Finished update-notifier-download.service - Download data for packages that failed at package install time.
2026-03-09T21:17:00.212747+00:00 arena-wp systemd[1]: Reloading apache2.service - The Apache HTTP Server...
2026-03-09T21:17:00.332923+00:00 arena-wp apachectl[1473]: AH00558: apache2: Could not reliably determine the server's fully qualified domain name, using fd17:625c:f037:2:a00:27ff:fed8:540d. Set the 'ServerName' directive globally to suppress this message
2026-03-09T21:17:00.395431+00:00 arena-wp systemd[1]: Reloaded apache2.service - The Apache HTTP Server.
2026-03-09T21:17:01.705527+00:00 arena-wp CRON[1481]: (root) CMD (cd / && run-parts --report /etc/cron.hourly)
2026-03-09T21:18:32.541196+00:00 arena-wp systemd[1]: Reloading apache2.service - The Apache HTTP Server...
2026-03-09T21:18:32.786323+00:00 arena-wp apachectl[1498]: AH00558: apache2: Could not reliably determine the server's fully qualified domain name, using fd17:625c:f037:2:a00:27ff:fed8:540d. Set the 'ServerName' directive globally to suppress this message
2026-03-09T21:18:32.831204+00:00 arena-wp systemd[1]: Reloaded apache2.service - The Apache HTTP Server.
2026-03-09T21:18:35.177904+00:00 arena-wp systemd[1322]: launchpadlib-cache-clean.service - Clean up old files in the Launchpadlib cache was skipped because of an unmet condition check (ConditionPathExists=/home/vboxuser/.launchpadlib/api.launchpad.net/cache).
2026-03-09T21:20:02.594213+00:00 arena-wp systemd[1]: Starting sysstat-collect.service - system activity accounting tool...
2026-03-09T21:20:02.612232+00:00 arena-wp systemd[1]: sysstat-collect.service: Deactivated successfully.
2026-03-09T21:20:02.612435+00:00 arena-wp systemd[1]: Finished sysstat-collect.service - system activity accounting tool.
2026-03-09T21:24:31.589397+00:00 arena-wp kernel: workqueue: blk_mq_run_work_fn hogged CPU for >10000us 16 times, consider switching to WQ_UNBOUND
2026-03-09T21:25:01.746130+00:00 arena-wp CRON[1553]: (root) CMD (command -v debian-sa1 > /dev/null && debian-sa1 1 1)
2026-03-09T21:29:15.949357+00:00 arena-wp systemd[1]: systemd-hostnamed.service: Deactivated successfully.
2026-03-09T21:29:18.288511+00:00 arena-wp systemd-timesyncd[458]: Contacted time server 162.159.200.1:123 (2.ubuntu.pool.ntp.org).
2026-03-09T21:29:18.288577+00:00 arena-wp systemd-timesyncd[458]: Initial clock synchronization to Mon 2026-03-09 21:29:18.287970 UTC.
2026-03-09T21:29:18.289257+00:00 arena-wp systemd-resolved[455]: Clock change detected. Flushing caches.
2026-03-09T21:29:20.192753+00:00 arena-wp systemd[1]: systemd-timedated.service: Deactivated successfully.
2026-03-09T21:29:30.940855+00:00 arena-wp mariadbd[936]: 2026-03-09 21:29:30 31 [Warning] Access denied for user 'wp_admin'@'localhost' (using password: YES)
2026-03-09T21:30:09.816651+00:00 arena-wp systemd[1]: Starting sysstat-collect.service - system activity accounting tool...
2026-03-09T21:30:09.845612+00:00 arena-wp systemd[1]: sysstat-collect.service: Deactivated successfully.
2026-03-09T21:30:09.845695+00:00 arena-wp systemd[1]: Finished sysstat-collect.service - system activity accounting tool.
2026-03-09T21:31:15.922267+00:00 arena-wp mariadbd[936]: 2026-03-09 21:31:15 32 [Warning] Access denied for user 'wp_admin'@'localhost' (using password: YES)
2026-03-09T21:32:43.428395+00:00 arena-wp systemd[1]: Reloading apache2.service - The Apache HTTP Server...
2026-03-09T21:32:43.543542+00:00 arena-wp apachectl[1374]: AH00558: apache2: Could not reliably determine the server's fully qualified domain name, using fd17:625c:f037:2:a00:27ff:fed8:540d. Set the 'ServerName' directive globally to suppress this message
2026-03-09T21:32:43.590145+00:00 arena-wp systemd[1]: Reloaded apache2.service - The Apache HTTP Server.
2026-03-09T21:35:02.995269+00:00 arena-wp CRON[1405]: (root) CMD (command -v debian-sa1 > /dev/null && debian-sa1 1 1)
2026-03-09T21:39:01.193515+00:00 arena-wp CRON[1434]: (root) CMD (  [ -x /usr/lib/php/sessionclean ] && if [ ! -d /run/systemd/system ]; then /usr/lib/php/sessionclean; fi)
2026-03-09T21:39:01.198437+00:00 arena-wp systemd[1]: Starting phpsessionclean.service - Clean php session files...
2026-03-09T21:39:01.408481+00:00 arena-wp systemd[1]: phpsessionclean.service: Deactivated successfully.
2026-03-09T21:39:01.408580+00:00 arena-wp systemd[1]: Finished phpsessionclean.service - Clean php session files.
2026-03-09T21:39:11.742286+00:00 arena-wp systemd[1]: Starting update-notifier-download.service - Download data for packages that failed at package install time...
2026-03-09T21:39:11.918011+00:00 arena-wp systemd[1]: update-notifier-download.service: Deactivated successfully.
2026-03-09T21:39:11.918314+00:00 arena-wp systemd[1]: Finished update-notifier-download.service - Download data for packages that failed at package install time.
2026-03-09T21:40:01.704528+00:00 arena-wp systemd[1]: Starting sysstat-collect.service - system activity accounting tool...
2026-03-09T21:40:01.722204+00:00 arena-wp systemd[1]: sysstat-collect.service: Deactivated successfully.
2026-03-09T21:40:01.722401+00:00 arena-wp systemd[1]: Finished sysstat-collect.service - system activity accounting tool.
2026-03-09T21:40:02.669031+00:00 arena-wp systemd[1309]: launchpadlib-cache-clean.service - Clean up old files in the Launchpadlib cache was skipped because of an unmet condition check (ConditionPathExists=/home/vboxuser/.launchpadlib/api.launchpad.net/cache).
2026-03-09T21:40:38.701948+00:00 arena-wp kernel: workqueue: blk_mq_run_work_fn hogged CPU for >10000us 16 times, consider switching to WQ_UNBOUND
2026-03-09T21:45:01.234460+00:00 arena-wp CRON[1532]: (root) CMD (command -v debian-sa1 > /dev/null && debian-sa1 1 1)
2026-03-09T21:49:02.681123+00:00 arena-wp systemd[1]: Starting systemd-tmpfiles-clean.service - Cleanup of Temporary Directories...
2026-03-09T21:49:02.747794+00:00 arena-wp systemd[1]: systemd-tmpfiles-clean.service: Deactivated successfully.
2026-03-09T21:49:02.748649+00:00 arena-wp systemd[1]: Finished systemd-tmpfiles-clean.service - Cleanup of Temporary Directories.
2026-03-09T21:50:02.102194+00:00 arena-wp systemd[1]: Starting sysstat-collect.service - system activity accounting tool...
2026-03-09T21:50:02.129602+00:00 arena-wp systemd[1]: sysstat-collect.service: Deactivated successfully.
2026-03-09T21:50:02.129802+00:00 arena-wp systemd[1]: Finished sysstat-collect.service - system activity accounting tool.
2026-03-09T21:55:01.238450+00:00 arena-wp CRON[1588]: (root) CMD (command -v debian-sa1 > /dev/null && debian-sa1 1 1)
2026-03-09T22:00:02.100904+00:00 arena-wp systemd[1]: Starting sysstat-collect.service - system activity accounting tool...
2026-03-09T22:00:02.128883+00:00 arena-wp systemd[1]: sysstat-collect.service: Deactivated successfully.
2026-03-09T22:00:02.128963+00:00 arena-wp systemd[1]: Finished sysstat-collect.service - system activity accounting tool.
2026-03-09T22:00:36.342675+00:00 arena-wp systemd[1]: Stopping apache2.service - The Apache HTTP Server...
2026-03-09T22:00:36.422637+00:00 arena-wp apachectl[1618]: AH00558: apache2: Could not reliably determine the server's fully qualified domain name, using fd17:625c:f037:2:a00:27ff:fed8:540d. Set the 'ServerName' directive globally to suppress this message
2026-03-09T22:00:36.527083+00:00 arena-wp systemd[1]: apache2.service: Deactivated successfully.
2026-03-09T22:00:36.528085+00:00 arena-wp systemd[1]: Stopped apache2.service - The Apache HTTP Server.
2026-03-09T22:00:36.528218+00:00 arena-wp systemd[1]: apache2.service: Consumed 7.182s CPU time.
2026-03-09T22:00:36.549735+00:00 arena-wp systemd[1]: Starting apache2.service - The Apache HTTP Server...
2026-03-09T22:00:36.601390+00:00 arena-wp apachectl[1625]: AH00558: apache2: Could not reliably determine the server's fully qualified domain name, using fd17:625c:f037:2:a00:27ff:fed8:540d. Set the 'ServerName' directive globally to suppress this message
2026-03-09T22:00:36.611133+00:00 arena-wp systemd[1]: Started apache2.service - The Apache HTTP Server.
2026-03-09T22:03:52.678627+00:00 arena-wp systemd[1]: Starting apt-daily-upgrade.service - Daily apt upgrade and clean activities...
2026-03-09T22:03:52.855094+00:00 arena-wp systemd[1]: apt-daily-upgrade.service: Deactivated successfully.
2026-03-09T22:03:52.855167+00:00 arena-wp systemd[1]: Finished apt-daily-upgrade.service - Daily apt upgrade and clean activities.
2026-03-09T22:05:01.264697+00:00 arena-wp CRON[1683]: (root) CMD (command -v debian-sa1 > /dev/null && debian-sa1 1 1)
2026-03-09T22:09:01.312075+00:00 arena-wp CRON[1712]: (root) CMD (  [ -x /usr/lib/php/sessionclean ] && if [ ! -d /run/systemd/system ]; then /usr/lib/php/sessionclean; fi)
2026-03-09T22:09:01.312380+00:00 arena-wp systemd[1]: Starting phpsessionclean.service - Clean php session files...
2026-03-09T22:09:01.527170+00:00 arena-wp systemd[1]: phpsessionclean.service: Deactivated successfully.
2026-03-09T22:09:01.528455+00:00 arena-wp systemd[1]: Finished phpsessionclean.service - Clean php session files.
2026-03-09T22:10:02.103836+00:00 arena-wp systemd[1]: Starting sysstat-collect.service - system activity accounting tool...
2026-03-09T22:10:02.118065+00:00 arena-wp systemd[1]: sysstat-collect.service: Deactivated successfully.
2026-03-09T22:10:02.118387+00:00 arena-wp systemd[1]: Finished sysstat-collect.service - system activity accounting tool.
2026-03-09T22:17:03.920386+00:00 arena-wp CRON[1370]: (root) CMD (cd / && run-parts --report /etc/cron.hourly)
2026-03-09T22:17:09.396801+00:00 arena-wp kernel: clocksource: Long readout interval, skipping watchdog check: cs_nsec: 2996329279 wd_nsec: 2996327129
2026-03-09T22:17:46.072928+00:00 arena-wp systemd[1]: Starting apt-daily.service - Daily apt download activities...
2026-03-09T22:17:46.207895+00:00 arena-wp systemd[1]: apt-daily.service: Deactivated successfully.
2026-03-09T22:17:46.208147+00:00 arena-wp systemd[1]: Finished apt-daily.service - Daily apt download activities.
2026-03-09T22:18:44.992609+00:00 arena-wp kernel: workqueue: e1000_watchdog [e1000] hogged CPU for >10000us 4 times, consider switching to WQ_UNBOUND
2026-03-09T22:20:27.737020+00:00 arena-wp systemd[1]: Starting sysstat-collect.service - system activity accounting tool...
2026-03-09T22:20:27.766883+00:00 arena-wp systemd[1]: sysstat-collect.service: Deactivated successfully.
2026-03-09T22:20:27.767235+00:00 arena-wp systemd[1]: Finished sysstat-collect.service - system activity accounting tool.
2026-03-09T22:21:10.276324+00:00 arena-wp systemd[1]: Starting update-notifier-download.service - Download data for packages that failed at package install time...
2026-03-09T22:21:10.476814+00:00 arena-wp systemd[1]: update-notifier-download.service: Deactivated successfully.
2026-03-09T22:21:10.477135+00:00 arena-wp systemd[1]: Finished update-notifier-download.service - Download data for packages that failed at package install time.
2026-03-09T22:22:47.729302+00:00 arena-wp systemd[1283]: launchpadlib-cache-clean.service - Clean up old files in the Launchpadlib cache was skipped because of an unmet condition check (ConditionPathExists=/home/vboxuser/.launchpadlib/api.launchpad.net/cache).
2026-03-09T22:29:58.181403+00:00 arena-wp systemd[1]: Reloading apache2.service - The Apache HTTP Server...
2026-03-09T22:29:58.290344+00:00 arena-wp apachectl[1424]: AH00558: apache2: Could not reliably determine the server's fully qualified domain name, using fd17:625c:f037:2:a00:27ff:fed8:540d. Set the 'ServerName' directive globally to suppress this message
2026-03-09T22:29:58.330075+00:00 arena-wp systemd[1]: Reloaded apache2.service - The Apache HTTP Server.
2026-03-09T22:30:04.428752+00:00 arena-wp systemd[1]: Starting sysstat-collect.service - system activity accounting tool...
2026-03-09T22:30:04.442505+00:00 arena-wp systemd[1]: sysstat-collect.service: Deactivated successfully.
2026-03-09T22:30:04.442668+00:00 arena-wp systemd[1]: Finished sysstat-collect.service - system activity accounting tool.
2026-03-09T22:30:53.802982+00:00 arena-wp systemd[1]: Starting update-notifier-download.service - Download data for packages that failed at package install time...
2026-03-09T22:30:53.964669+00:00 arena-wp systemd[1]: update-notifier-download.service: Deactivated successfully.
2026-03-09T22:30:53.965431+00:00 arena-wp systemd[1]: Finished update-notifier-download.service - Download data for packages that failed at package install time.
2026-03-09T22:32:05.460778+00:00 arena-wp systemd[1]: Starting fwupd-refresh.service - Refresh fwupd metadata and update motd...
2026-03-09T22:32:05.550689+00:00 arena-wp dbus-daemon[622]: [system] Activating via systemd: service name='org.freedesktop.fwupd' unit='fwupd.service' requested by ':1.21' (uid=989 pid=1447 comm="/usr/bin/fwupdmgr refresh" label="unconfined")
2026-03-09T22:32:05.563720+00:00 arena-wp systemd[1]: Starting fwupd.service - Firmware update daemon...
2026-03-09T22:32:05.854364+00:00 arena-wp dbus-daemon[622]: [system] Activating via systemd: service name='org.freedesktop.UPower' unit='upower.service' requested by ':1.22' (uid=0 pid=1452 comm="/usr/libexec/fwupd/fwupd" label="unconfined")
2026-03-09T22:32:05.863897+00:00 arena-wp systemd[1]: Starting upower.service - Daemon for power management...
2026-03-09T22:32:06.051505+00:00 arena-wp dbus-daemon[622]: [system] Successfully activated service 'org.freedesktop.UPower'
2026-03-09T22:32:06.052253+00:00 arena-wp systemd[1]: Started upower.service - Daemon for power management.
2026-03-09T22:32:06.152988+00:00 arena-wp fwupd[1452]: 22:32:06.150 FuEngine             failed to add device /sys/devices/pci0000:00/0000:00:01.1/ata2/host1/target1:0:0/1:0:0:0/block/sr0: failed to open /dev/sr0: No medium found
2026-03-09T22:32:06.201455+00:00 arena-wp fwupd[1452]: 22:32:06.201 FuMain               fwupd 1.9.30 ready for requests (locale en_US.UTF-8)
2026-03-09T22:32:06.203266+00:00 arena-wp dbus-daemon[622]: [system] Successfully activated service 'org.freedesktop.fwupd'
2026-03-09T22:32:06.203990+00:00 arena-wp systemd[1]: Started fwupd.service - Firmware update daemon.
2026-03-09T22:32:06.241980+00:00 arena-wp fwupdmgr[1447]: Updating lvfs
2026-03-09T22:32:10.173420+00:00 arena-wp fwupdmgr[1447]: Successfully downloaded new metadata: 0 local devices supported
2026-03-09T22:32:10.177299+00:00 arena-wp systemd[1]: fwupd-refresh.service: Deactivated successfully.
2026-03-09T22:32:10.177448+00:00 arena-wp systemd[1]: Finished fwupd-refresh.service - Refresh fwupd metadata and update motd.
2026-03-09T22:33:05.449195+00:00 arena-wp systemd[1317]: launchpadlib-cache-clean.service - Clean up old files in the Launchpadlib cache was skipped because of an unmet condition check (ConditionPathExists=/home/vboxuser/.launchpadlib/api.launchpad.net/cache).
2026-03-09T22:34:13.555993+00:00 arena-wp mariadbd[951]: 2026-03-09 22:34:13 31 [Warning] Access denied for user ''@'localhost'
2026-03-09T22:35:01.129864+00:00 arena-wp CRON[1500]: (root) CMD (command -v debian-sa1 > /dev/null && debian-sa1 1 1)
2026-03-09T22:39:01.182710+00:00 arena-wp CRON[1517]: (root) CMD (  [ -x /usr/lib/php/sessionclean ] && if [ ! -d /run/systemd/system ]; then /usr/lib/php/sessionclean; fi)
2026-03-09T22:39:05.464165+00:00 arena-wp systemd[1]: Starting phpsessionclean.service - Clean php session files...
2026-03-09T22:39:05.657325+00:00 arena-wp systemd[1]: phpsessionclean.service: Deactivated successfully.
2026-03-09T22:39:05.657409+00:00 arena-wp systemd[1]: Finished phpsessionclean.service - Clean php session files.
2026-03-09T22:40:05.458152+00:00 arena-wp systemd[1]: Starting sysstat-collect.service - system activity accounting tool...
2026-03-09T22:40:05.472672+00:00 arena-wp systemd[1]: sysstat-collect.service: Deactivated successfully.
2026-03-09T22:40:05.473058+00:00 arena-wp systemd[1]: Finished sysstat-collect.service - system activity accounting tool.
2026-03-09T22:40:53.170040+00:00 arena-wp systemd[1]: Starting systemd-tmpfiles-clean.service - Cleanup of Temporary Directories...
2026-03-09T22:40:53.193050+00:00 arena-wp systemd[1]: systemd-tmpfiles-clean.service: Deactivated successfully.
2026-03-09T22:40:53.193345+00:00 arena-wp systemd[1]: Finished systemd-tmpfiles-clean.service - Cleanup of Temporary Directories.
2026-03-09T22:45:01.208905+00:00 arena-wp CRON[1592]: (root) CMD (command -v debian-sa1 > /dev/null && debian-sa1 1 1)
2026-03-09T22:50:05.458495+00:00 arena-wp systemd[1]: Starting sysstat-collect.service - system activity accounting tool...
2026-03-09T22:50:05.490494+00:00 arena-wp systemd[1]: sysstat-collect.service: Deactivated successfully.
2026-03-09T22:50:05.490572+00:00 arena-wp systemd[1]: Finished sysstat-collect.service - system activity accounting tool.
2026-03-09T22:55:01.235789+00:00 arena-wp CRON[1621]: (root) CMD (command -v debian-sa1 > /dev/null && debian-sa1 1 1)
