2026-02-27T18:49:48.965096+00:00 arena-wp kernel: clocksource: Long readout interval, skipping watchdog check: cs_nsec: 3991196439 wd_nsec: 3991196373
2026-02-27T18:50:02.386348+00:00 arena-wp kernel: workqueue: drm_fb_helper_damage_work hogged CPU for >10000us 4 times, consider switching to WQ_UNBOUND
2026-02-27T18:50:14.151539+00:00 arena-wp systemd[1]: Starting sysstat-collect.service - system activity accounting tool...
2026-02-27T18:50:14.210780+00:00 arena-wp systemd[1]: sysstat-collect.service: Deactivated successfully.
2026-02-27T18:50:14.212971+00:00 arena-wp systemd[1]: Finished sysstat-collect.service - system activity accounting tool.
2026-02-27T18:50:20.421482+00:00 arena-wp kernel: workqueue: blk_mq_run_work_fn hogged CPU for >10000us 8 times, consider switching to WQ_UNBOUND
2026-02-27T18:50:35.122725+00:00 arena-wp kernel: workqueue: e1000_watchdog [e1000] hogged CPU for >10000us 8 times, consider switching to WQ_UNBOUND
2026-02-27T18:51:09.201664+00:00 arena-wp kernel: workqueue: drm_fb_helper_damage_work hogged CPU for >10000us 8 times, consider switching to WQ_UNBOUND
2026-02-27T18:51:30.406671+00:00 arena-wp kernel: workqueue: e1000_watchdog [e1000] hogged CPU for >10000us 16 times, consider switching to WQ_UNBOUND
2026-02-27T18:52:40.599814+00:00 arena-wp kernel: workqueue: drm_fb_helper_damage_work hogged CPU for >10000us 16 times, consider switching to WQ_UNBOUND
2026-02-27T18:53:36.625150+00:00 arena-wp systemd[1]: Starting update-notifier-download.service - Download data for packages that failed at package install time...
2026-02-27T18:53:36.813657+00:00 arena-wp systemd[1]: update-notifier-download.service: Deactivated successfully.
2026-02-27T18:53:36.813740+00:00 arena-wp systemd[1]: Finished update-notifier-download.service - Download data for packages that failed at package install time.
2026-02-27T18:55:01.583619+00:00 arena-wp CRON[1448]: (root) CMD (command -v debian-sa1 > /dev/null && debian-sa1 1 1)
2026-02-27T18:55:03.188593+00:00 arena-wp kernel: workqueue: e1000_watchdog [e1000] hogged CPU for >10000us 32 times, consider switching to WQ_UNBOUND
2026-02-27T18:55:36.443792+00:00 arena-wp systemd[1303]: launchpadlib-cache-clean.service - Clean up old files in the Launchpadlib cache was skipped because of an unmet condition check (ConditionPathExists=/home/vboxuser/.launchpadlib/api.launchpad.net/cache).
2026-02-27T19:00:13.536282+00:00 arena-wp systemd[1]: Starting sysstat-collect.service - system activity accounting tool...
2026-02-27T19:00:13.557715+00:00 arena-wp systemd[1]: sysstat-collect.service: Deactivated successfully.
2026-02-27T19:00:13.558049+00:00 arena-wp systemd[1]: Finished sysstat-collect.service - system activity accounting tool.
2026-03-05T14:35:01.361311+00:00 arena-wp CRON[1581]: (root) CMD (command -v debian-sa1 > /dev/null && debian-sa1 1 1)
2026-03-05T14:35:08.004444+00:00 arena-wp kernel: workqueue: e1000_watchdog [e1000] hogged CPU for >10000us 4 times, consider switching to WQ_UNBOUND
2026-03-05T14:36:17.368753+00:00 arena-wp systemd[1]: Starting update-notifier-download.service - Download data for packages that failed at package install time...
2026-03-05T14:36:17.581899+00:00 arena-wp systemd[1]: update-notifier-download.service: Deactivated successfully.
2026-03-05T14:36:17.582383+00:00 arena-wp systemd[1]: Finished update-notifier-download.service - Download data for packages that failed at package install time.
2026-03-05T14:38:28.020889+00:00 arena-wp systemd[1452]: launchpadlib-cache-clean.service - Clean up old files in the Launchpadlib cache was skipped because of an unmet condition check (ConditionPathExists=/home/vboxuser/.launchpadlib/api.launchpad.net/cache).
2026-03-05T14:39:00.248931+00:00 arena-wp systemd[1]: Starting phpsessionclean.service - Clean php session files...
2026-03-05T14:39:00.540088+00:00 arena-wp systemd[1]: phpsessionclean.service: Deactivated successfully.
2026-03-05T14:39:00.540246+00:00 arena-wp systemd[1]: Finished phpsessionclean.service - Clean php session files.
2026-03-05T14:39:01.398703+00:00 arena-wp CRON[1663]: (root) CMD (  [ -x /usr/lib/php/sessionclean ] && if [ ! -d /run/systemd/system ]; then /usr/lib/php/sessionclean; fi)
2026-03-05T14:40:26.561889+00:00 arena-wp systemd[1]: Starting sysstat-collect.service - system activity accounting tool...
2026-03-05T14:40:26.570618+00:00 arena-wp systemd[1]: sysstat-collect.service: Deactivated successfully.
2026-03-05T14:40:26.571799+00:00 arena-wp systemd[1]: Finished sysstat-collect.service - system activity accounting tool.
2026-03-05T14:43:06.803630+00:00 arena-wp kernel: workqueue: drm_fb_helper_damage_work hogged CPU for >10000us 4 times, consider switching to WQ_UNBOUND
2026-03-05T14:45:01.419803+00:00 arena-wp CRON[1701]: (root) CMD (command -v debian-sa1 > /dev/null && debian-sa1 1 1)
2026-03-05T14:45:13.840970+00:00 arena-wp systemd[1]: Reloading apache2.service - The Apache HTTP Server...
2026-03-05T14:45:13.986465+00:00 arena-wp apachectl[1708]: AH00558: apache2: Could not reliably determine the server's fully qualified domain name, using fd17:625c:f037:2:a00:27ff:fed8:540d. Set the 'ServerName' directive globally to suppress this message
2026-03-05T14:45:14.154822+00:00 arena-wp systemd[1]: Reloaded apache2.service - The Apache HTTP Server.
2026-03-05T14:46:17.471844+00:00 arena-wp systemd[1]: Starting systemd-tmpfiles-clean.service - Cleanup of Temporary Directories...
2026-03-05T14:46:17.511936+00:00 arena-wp systemd[1]: systemd-tmpfiles-clean.service: Deactivated successfully.
2026-03-05T14:46:17.512077+00:00 arena-wp systemd[1]: Finished systemd-tmpfiles-clean.service - Cleanup of Temporary Directories.
2026-03-05T14:47:26.855848+00:00 arena-wp systemd[1]: Reloading apache2.service - The Apache HTTP Server...
2026-03-05T14:47:26.988407+00:00 arena-wp apachectl[1741]: AH00558: apache2: Could not reliably determine the server's fully qualified domain name, using fd17:625c:f037:2:a00:27ff:fed8:540d. Set the 'ServerName' directive globally to suppress this message
2026-03-05T14:47:27.030290+00:00 arena-wp systemd[1]: Reloaded apache2.service - The Apache HTTP Server.
2026-03-05T14:50:26.565639+00:00 arena-wp systemd[1]: Starting sysstat-collect.service - system activity accounting tool...
2026-03-05T14:50:26.582763+00:00 arena-wp systemd[1]: sysstat-collect.service: Deactivated successfully.
2026-03-05T14:50:26.582846+00:00 arena-wp systemd[1]: Finished sysstat-collect.service - system activity accounting tool.
2026-03-09T13:51:50.859193+00:00 arena-wp systemd[1]: systemd-hostnamed.service: Deactivated successfully.
2026-03-09T13:51:54.693126+00:00 arena-wp systemd[1]: systemd-timedated.service: Deactivated successfully.
2026-03-09T13:51:54.963320+00:00 arena-wp kernel: clocksource: Long readout interval, skipping watchdog check: cs_nsec: 5489753138 wd_nsec: 5489753009
2026-03-09T13:51:56.447643+00:00 arena-wp systemd-timesyncd[444]: Contacted time server 162.159.200.1:123 (2.ubuntu.pool.ntp.org).
2026-03-09T13:51:56.448272+00:00 arena-wp systemd-timesyncd[444]: Initial clock synchronization to Mon 2026-03-09 13:51:56.443197 UTC.
2026-03-09T13:51:56.450619+00:00 arena-wp systemd-resolved[440]: Clock change detected. Flushing caches.
2026-03-09T13:55:01.489416+00:00 arena-wp CRON[1419]: (root) CMD (command -v debian-sa1 > /dev/null && debian-sa1 1 1)
2026-03-09T13:56:46.478617+00:00 arena-wp systemd[1]: Starting update-notifier-download.service - Download data for packages that failed at package install time...
2026-03-09T13:56:46.659279+00:00 arena-wp systemd[1]: update-notifier-download.service: Deactivated successfully.
2026-03-09T13:56:46.659552+00:00 arena-wp systemd[1]: Finished update-notifier-download.service - Download data for packages that failed at package install time.
2026-03-09T13:56:56.464594+00:00 arena-wp systemd[1286]: launchpadlib-cache-clean.service - Clean up old files in the Launchpadlib cache was skipped because of an unmet condition check (ConditionPathExists=/home/vboxuser/.launchpadlib/api.launchpad.net/cache).
2026-03-09T14:00:33.355761+00:00 arena-wp systemd[1]: Starting sysstat-collect.service - system activity accounting tool...
2026-03-09T14:00:33.373294+00:00 arena-wp systemd[1]: sysstat-collect.service: Deactivated successfully.
2026-03-09T14:00:33.374206+00:00 arena-wp systemd[1]: Finished sysstat-collect.service - system activity accounting tool.
2026-03-09T21:35:02.995269+00:00 arena-wp CRON[1405]: (root) CMD (command -v debian-sa1 > /dev/null && debian-sa1 1 1)
2026-03-09T21:39:01.193515+00:00 arena-wp CRON[1434]: (root) CMD (  [ -x /usr/lib/php/sessionclean ] && if [ ! -d /run/systemd/system ]; then /usr/lib/php/sessionclean; fi)
2026-03-09T21:39:01.198437+00:00 arena-wp systemd[1]: Starting phpsessionclean.service - Clean php session files...
2026-03-09T21:39:01.408481+00:00 arena-wp systemd[1]: phpsessionclean.service: Deactivated successfully.
2026-03-09T21:39:01.408580+00:00 arena-wp systemd[1]: Finished phpsessionclean.service - Clean php session files.
2026-03-09T21:39:11.742286+00:00 arena-wp systemd[1]: Starting update-notifier-download.service - Download data for packages that failed at package install time...
2026-03-09T21:39:11.918011+00:00 arena-wp systemd[1]: update-notifier-download.service: Deactivated successfully.
2026-03-09T21:39:11.918314+00:00 arena-wp systemd[1]: Finished update-notifier-download.service - Download data for packages that failed at package install time.
2026-03-09T21:40:01.704528+00:00 arena-wp systemd[1]: Starting sysstat-collect.service - system activity accounting tool...
2026-03-09T21:40:01.722204+00:00 arena-wp systemd[1]: sysstat-collect.service: Deactivated successfully.
2026-03-09T21:40:01.722401+00:00 arena-wp systemd[1]: Finished sysstat-collect.service - system activity accounting tool.
2026-03-09T21:40:02.669031+00:00 arena-wp systemd[1309]: launchpadlib-cache-clean.service - Clean up old files in the Launchpadlib cache was skipped because of an unmet condition check (ConditionPathExists=/home/vboxuser/.launchpadlib/api.launchpad.net/cache).
2026-03-09T21:40:38.701948+00:00 arena-wp kernel: workqueue: blk_mq_run_work_fn hogged CPU for >10000us 16 times, consider switching to WQ_UNBOUND
2026-03-09T21:45:01.234460+00:00 arena-wp CRON[1532]: (root) CMD (command -v debian-sa1 > /dev/null && debian-sa1 1 1)
2026-03-09T21:49:02.681123+00:00 arena-wp systemd[1]: Starting systemd-tmpfiles-clean.service - Cleanup of Temporary Directories...
2026-03-09T21:49:02.747794+00:00 arena-wp systemd[1]: systemd-tmpfiles-clean.service: Deactivated successfully.
2026-03-09T21:49:02.748649+00:00 arena-wp systemd[1]: Finished systemd-tmpfiles-clean.service - Cleanup of Temporary Directories.
2026-03-09T21:50:02.102194+00:00 arena-wp systemd[1]: Starting sysstat-collect.service - system activity accounting tool...
2026-03-09T21:50:02.129602+00:00 arena-wp systemd[1]: sysstat-collect.service: Deactivated successfully.
2026-03-09T21:50:02.129802+00:00 arena-wp systemd[1]: Finished sysstat-collect.service - system activity accounting tool.
2026-03-09T21:55:01.238450+00:00 arena-wp CRON[1588]: (root) CMD (command -v debian-sa1 > /dev/null && debian-sa1 1 1)
2026-03-09T22:00:02.100904+00:00 arena-wp systemd[1]: Starting sysstat-collect.service - system activity accounting tool...
2026-03-09T22:00:02.128883+00:00 arena-wp systemd[1]: sysstat-collect.service: Deactivated successfully.
2026-03-09T22:00:02.128963+00:00 arena-wp systemd[1]: Finished sysstat-collect.service - system activity accounting tool.
2026-03-09T22:00:36.342675+00:00 arena-wp systemd[1]: Stopping apache2.service - The Apache HTTP Server...
2026-03-09T22:00:36.422637+00:00 arena-wp apachectl[1618]: AH00558: apache2: Could not reliably determine the server's fully qualified domain name, using fd17:625c:f037:2:a00:27ff:fed8:540d. Set the 'ServerName' directive globally to suppress this message
2026-03-09T22:00:36.527083+00:00 arena-wp systemd[1]: apache2.service: Deactivated successfully.
2026-03-09T22:00:36.528085+00:00 arena-wp systemd[1]: Stopped apache2.service - The Apache HTTP Server.
2026-03-09T22:00:36.528218+00:00 arena-wp systemd[1]: apache2.service: Consumed 7.182s CPU time.
2026-03-09T22:00:36.549735+00:00 arena-wp systemd[1]: Starting apache2.service - The Apache HTTP Server...
2026-03-09T22:00:36.601390+00:00 arena-wp apachectl[1625]: AH00558: apache2: Could not reliably determine the server's fully qualified domain name, using fd17:625c:f037:2:a00:27ff:fed8:540d. Set the 'ServerName' directive globally to suppress this message
2026-03-09T22:00:36.611133+00:00 arena-wp systemd[1]: Started apache2.service - The Apache HTTP Server.
2026-03-09T22:03:52.678627+00:00 arena-wp systemd[1]: Starting apt-daily-upgrade.service - Daily apt upgrade and clean activities...
2026-03-09T22:03:52.855094+00:00 arena-wp systemd[1]: apt-daily-upgrade.service: Deactivated successfully.
2026-03-09T22:03:52.855167+00:00 arena-wp systemd[1]: Finished apt-daily-upgrade.service - Daily apt upgrade and clean activities.
2026-03-09T22:05:01.264697+00:00 arena-wp CRON[1683]: (root) CMD (command -v debian-sa1 > /dev/null && debian-sa1 1 1)
2026-03-09T22:09:01.312075+00:00 arena-wp CRON[1712]: (root) CMD (  [ -x /usr/lib/php/sessionclean ] && if [ ! -d /run/systemd/system ]; then /usr/lib/php/sessionclean; fi)
2026-03-09T22:09:01.312380+00:00 arena-wp systemd[1]: Starting phpsessionclean.service - Clean php session files...
2026-03-09T22:09:01.527170+00:00 arena-wp systemd[1]: phpsessionclean.service: Deactivated successfully.
2026-03-09T22:09:01.528455+00:00 arena-wp systemd[1]: Finished phpsessionclean.service - Clean php session files.
2026-03-09T22:10:02.103836+00:00 arena-wp systemd[1]: Starting sysstat-collect.service - system activity accounting tool...
2026-03-09T22:10:02.118065+00:00 arena-wp systemd[1]: sysstat-collect.service: Deactivated successfully.
2026-03-09T22:10:02.118387+00:00 arena-wp systemd[1]: Finished sysstat-collect.service - system activity accounting tool.
