2025-12-17T14:48:12.774156+00:00 finalArenaServer dbus-daemon[622]: [system] Successfully activated service 'org.freedesktop.UPower'
2025-12-17T14:48:12.775119+00:00 finalArenaServer systemd[1]: Started upower.service - Daemon for power management.
2025-12-17T14:48:12.924970+00:00 finalArenaServer fwupd[1490]: 14:48:12.920 FuEngine             failed to add device /sys/devices/pci0000:00/0000:00:01.1/ata2/host1/target1:0:0/1:0:0:0/block/sr0: failed to open /dev/sr0: No medium found
2025-12-17T14:48:13.093782+00:00 finalArenaServer fwupd[1490]: 14:48:13.093 FuMain               fwupd 1.9.30 ready for requests (locale en_US.UTF-8)
2025-12-17T14:48:13.098222+00:00 finalArenaServer dbus-daemon[622]: [system] Successfully activated service 'org.freedesktop.fwupd'
2025-12-17T14:48:13.101143+00:00 finalArenaServer systemd[1]: Started fwupd.service - Firmware update daemon.
2025-12-17T14:48:13.130201+00:00 finalArenaServer fwupdmgr[1459]: Updating lvfs
2025-12-17T14:48:16.215199+00:00 finalArenaServer systemd[1]: systemd-timedated.service: Deactivated successfully.
2025-12-17T14:48:16.635811+00:00 finalArenaServer kernel: workqueue: e1000_watchdog [e1000] hogged CPU for >10000us 4 times, consider switching to WQ_UNBOUND
2025-12-17T14:48:17.900537+00:00 finalArenaServer fwupdmgr[1459]: Successfully downloaded new metadata: 0 local devices supported
2025-12-17T14:48:17.910187+00:00 finalArenaServer systemd[1]: fwupd-refresh.service: Deactivated successfully.
2025-12-17T14:48:17.910715+00:00 finalArenaServer systemd[1]: Finished fwupd-refresh.service - Refresh fwupd metadata and update motd.
2025-12-17T14:49:12.003587+00:00 finalArenaServer kernel: workqueue: e1000_watchdog [e1000] hogged CPU for >10000us 8 times, consider switching to WQ_UNBOUND
2025-12-17T14:50:17.039746+00:00 finalArenaServer systemd[1]: Starting sysstat-collect.service - system activity accounting tool...
2025-12-17T14:50:17.060094+00:00 finalArenaServer systemd[1]: sysstat-collect.service: Deactivated successfully.
2025-12-17T14:50:17.060871+00:00 finalArenaServer systemd[1]: Finished sysstat-collect.service - system activity accounting tool.
2025-12-17T14:52:30.565785+00:00 finalArenaServer systemd[1]: Starting update-notifier-download.service - Download data for packages that failed at package install time...
2025-12-17T14:52:31.010183+00:00 finalArenaServer systemd[1]: update-notifier-download.service: Deactivated successfully.
2025-12-17T14:52:31.036122+00:00 finalArenaServer systemd[1]: Finished update-notifier-download.service - Download data for packages that failed at package install time.
2025-12-17T14:53:04.765696+00:00 finalArenaServer kernel: workqueue: e1000_watchdog [e1000] hogged CPU for >10000us 16 times, consider switching to WQ_UNBOUND
2025-12-17T14:53:30.607529+00:00 finalArenaServer systemd[1125]: launchpadlib-cache-clean.service - Clean up old files in the Launchpadlib cache was skipped because of an unmet condition check (ConditionPathExists=/home/vboxuser/.launchpadlib/api.launchpad.net/cache).
2025-12-17T14:55:01.991112+00:00 finalArenaServer CRON[1848]: (root) CMD (command -v debian-sa1 > /dev/null && debian-sa1 1 1)
2025-12-17T14:55:33.069588+00:00 finalArenaServer kernel: workqueue: blk_mq_run_work_fn hogged CPU for >10000us 32 times, consider switching to WQ_UNBOUND
2025-12-17T14:55:35.005821+00:00 finalArenaServer systemd[1]: Stopping apache2.service - The Apache HTTP Server...
2025-12-17T14:55:35.161862+00:00 finalArenaServer apachectl[1930]: AH00558: apache2: Could not reliably determine the server's fully qualified domain name, using fd17:625c:f037:2:a00:27ff:fe3f:3739. Set the 'ServerName' directive globally to suppress this message
2025-12-17T14:55:35.328890+00:00 finalArenaServer systemd[1]: apache2.service: Killing process 1430 (apache2) with signal SIGKILL.
2025-12-17T14:55:35.329082+00:00 finalArenaServer systemd[1]: apache2.service: Killing process 1432 (apache2) with signal SIGKILL.
2025-12-17T14:55:35.329174+00:00 finalArenaServer systemd[1]: apache2.service: Killing process 1433 (apache2) with signal SIGKILL.
2025-12-17T14:55:35.329260+00:00 finalArenaServer systemd[1]: apache2.service: Killing process 1434 (apache2) with signal SIGKILL.
2025-12-17T14:55:35.371075+00:00 finalArenaServer systemd[1]: apache2.service: Deactivated successfully.
2025-12-17T14:55:35.371392+00:00 finalArenaServer systemd[1]: Stopped apache2.service - The Apache HTTP Server.
2025-12-17T14:55:35.372542+00:00 finalArenaServer systemd[1]: apache2.service: Consumed 9.346s CPU time, 142.2M memory peak, 0B memory swap peak.
2025-12-17T14:55:35.396206+00:00 finalArenaServer systemd[1]: Starting apache2.service - The Apache HTTP Server...
2025-12-17T14:55:35.579461+00:00 finalArenaServer apachectl[1937]: AH00558: apache2: Could not reliably determine the server's fully qualified domain name, using fd17:625c:f037:2:a00:27ff:fe3f:3739. Set the 'ServerName' directive globally to suppress this message
2025-12-17T14:55:35.659094+00:00 finalArenaServer systemd[1]: Started apache2.service - The Apache HTTP Server.
2025-12-17T14:55:37.648639+00:00 finalArenaServer systemd[1]: Stopping apache2.service - The Apache HTTP Server...
2025-12-17T14:55:37.783641+00:00 finalArenaServer apachectl[1949]: AH00558: apache2: Could not reliably determine the server's fully qualified domain name, using fd17:625c:f037:2:a00:27ff:fe3f:3739. Set the 'ServerName' directive globally to suppress this message
2025-12-17T14:55:37.878836+00:00 finalArenaServer systemd[1]: apache2.service: Deactivated successfully.
2025-12-17T14:55:37.881611+00:00 finalArenaServer systemd[1]: Stopped apache2.service - The Apache HTTP Server.
2025-12-17T14:55:37.904626+00:00 finalArenaServer systemd[1]: Starting apache2.service - The Apache HTTP Server...
2025-12-17T14:55:38.069427+00:00 finalArenaServer apachectl[1955]: AH00558: apache2: Could not reliably determine the server's fully qualified domain name, using fd17:625c:f037:2:a00:27ff:fe3f:3739. Set the 'ServerName' directive globally to suppress this message
2025-12-17T14:55:38.101880+00:00 finalArenaServer systemd[1]: Started apache2.service - The Apache HTTP Server.
2025-12-17T14:56:03.095833+00:00 finalArenaServer systemd[1]: Stopping apache2.service - The Apache HTTP Server...
2025-12-17T14:56:03.203806+00:00 finalArenaServer apachectl[1970]: AH00558: apache2: Could not reliably determine the server's fully qualified domain name, using fd17:625c:f037:2:a00:27ff:fe3f:3739. Set the 'ServerName' directive globally to suppress this message
2025-12-17T14:56:03.296686+00:00 finalArenaServer systemd[1]: apache2.service: Deactivated successfully.
2025-12-17T14:56:03.297071+00:00 finalArenaServer systemd[1]: Stopped apache2.service - The Apache HTTP Server.
2025-12-17T14:56:03.315632+00:00 finalArenaServer systemd[1]: Starting apache2.service - The Apache HTTP Server...
2025-12-17T14:56:03.459870+00:00 finalArenaServer apachectl[1977]: AH00558: apache2: Could not reliably determine the server's fully qualified domain name, using fd17:625c:f037:2:a00:27ff:fe3f:3739. Set the 'ServerName' directive globally to suppress this message
2025-12-17T14:56:03.478441+00:00 finalArenaServer systemd[1]: Started apache2.service - The Apache HTTP Server.
2025-12-17T14:59:49.074527+00:00 finalArenaServer systemd[1]: Stopping apache2.service - The Apache HTTP Server...
2025-12-17T14:59:49.206882+00:00 finalArenaServer apachectl[2225]: AH00558: apache2: Could not reliably determine the server's fully qualified domain name, using fd17:625c:f037:2:a00:27ff:fe3f:3739. Set the 'ServerName' directive globally to suppress this message
2025-12-17T14:59:49.300598+00:00 finalArenaServer systemd[1]: apache2.service: Deactivated successfully.
2025-12-17T14:59:49.302005+00:00 finalArenaServer systemd[1]: Stopped apache2.service - The Apache HTTP Server.
2025-12-17T14:59:49.302630+00:00 finalArenaServer systemd[1]: apache2.service: Consumed 1.339s CPU time, 51.3M memory peak, 0B memory swap peak.
2025-12-17T14:59:49.322799+00:00 finalArenaServer systemd[1]: Starting apache2.service - The Apache HTTP Server...
2025-12-17T14:59:49.442183+00:00 finalArenaServer apachectl[2231]: AH00558: apache2: Could not reliably determine the server's fully qualified domain name, using fd17:625c:f037:2:a00:27ff:fe3f:3739. Set the 'ServerName' directive globally to suppress this message
2025-12-17T14:59:49.472649+00:00 finalArenaServer systemd[1]: Started apache2.service - The Apache HTTP Server.
2025-12-17T15:00:17.569065+00:00 finalArenaServer systemd[1]: Starting sysstat-collect.service - system activity accounting tool...
2025-12-17T15:00:17.603986+00:00 finalArenaServer systemd[1]: sysstat-collect.service: Deactivated successfully.
2025-12-17T15:00:17.604117+00:00 finalArenaServer systemd[1]: Finished sysstat-collect.service - system activity accounting tool.