2025-12-17T14:26:10.478414+00:00 finalArenaServer kernel: workqueue: e1000_watchdog [e1000] hogged CPU for >10000us 4 times, consider switching to WQ_UNBOUND
2025-12-17T14:26:18.744467+00:00 finalArenaServer kernel: workqueue: drm_fb_helper_damage_work hogged CPU for >10000us 8 times, consider switching to WQ_UNBOUND
2025-12-17T14:26:24.472046+00:00 finalArenaServer kernel: workqueue: e1000_watchdog [e1000] hogged CPU for >10000us 8 times, consider switching to WQ_UNBOUND
2025-12-17T14:26:35.597288+00:00 finalArenaServer kernel: workqueue: drm_fb_helper_damage_work hogged CPU for >10000us 16 times, consider switching to WQ_UNBOUND
2025-12-17T14:27:01.393222+00:00 finalArenaServer kernel: workqueue: e1000_watchdog [e1000] hogged CPU for >10000us 16 times, consider switching to WQ_UNBOUND
2025-12-17T14:29:11.478265+00:00 finalArenaServer kernel: clocksource: Long readout interval, skipping watchdog check: cs_nsec: 5025267451 wd_nsec: 5025267058
2025-12-17T14:29:14.829108+00:00 finalArenaServer kernel: workqueue: blk_mq_run_work_fn hogged CPU for >10000us 32 times, consider switching to WQ_UNBOUND
2025-12-17T14:29:47.617237+00:00 finalArenaServer kernel: workqueue: blk_mq_requeue_work hogged CPU for >10000us 4 times, consider switching to WQ_UNBOUND
2025-12-17T14:29:47.905612+00:00 finalArenaServer kernel: workqueue: blk_mq_run_work_fn hogged CPU for >10000us 64 times, consider switching to WQ_UNBOUND
2025-12-17T14:30:22.015363+00:00 finalArenaServer systemd[1]: Starting sysstat-collect.service - system activity accounting tool...
2025-12-17T14:30:22.030171+00:00 finalArenaServer systemd[1]: Starting update-notifier-download.service - Download data for packages that failed at package install time...
2025-12-17T14:30:22.046849+00:00 finalArenaServer systemd[1]: sysstat-collect.service: Deactivated successfully.
2025-12-17T14:30:22.049357+00:00 finalArenaServer systemd[1]: Finished sysstat-collect.service - system activity accounting tool.
2025-12-17T14:30:22.360798+00:00 finalArenaServer systemd[1]: update-notifier-download.service: Deactivated successfully.
2025-12-17T14:30:22.361089+00:00 finalArenaServer systemd[1]: Finished update-notifier-download.service - Download data for packages that failed at package install time.
2025-12-17T14:30:40.455370+00:00 finalArenaServer systemd[1111]: launchpadlib-cache-clean.service - Clean up old files in the Launchpadlib cache was skipped because of an unmet condition check (ConditionPathExists=/home/vboxuser/.launchpadlib/api.launchpad.net/cache).
2025-12-17T14:31:46.529780+00:00 finalArenaServer kernel: workqueue: e1000_watchdog [e1000] hogged CPU for >10000us 32 times, consider switching to WQ_UNBOUND
2025-12-17T14:32:03.302000+00:00 finalArenaServer systemd[1]: Stopping apache2.service - The Apache HTTP Server...
2025-12-17T14:32:03.369921+00:00 finalArenaServer apachectl[1680]: AH00558: apache2: Could not reliably determine the server's fully qualified domain name, using fd17:625c:f037:2:a00:27ff:fe3f:3739. Set the 'ServerName' directive globally to suppress this message
2025-12-17T14:32:03.496467+00:00 finalArenaServer systemd[1]: apache2.service: Deactivated successfully.
2025-12-17T14:32:03.496663+00:00 finalArenaServer systemd[1]: Stopped apache2.service - The Apache HTTP Server.
2025-12-17T14:32:03.497395+00:00 finalArenaServer systemd[1]: apache2.service: Consumed 21.739s CPU time, 263.8M memory peak, 0B memory swap peak.
2025-12-17T14:32:03.516653+00:00 finalArenaServer systemd[1]: Starting apache2.service - The Apache HTTP Server...
2025-12-17T14:32:03.581048+00:00 finalArenaServer apachectl[1687]: AH00558: apache2: Could not reliably determine the server's fully qualified domain name, using fd17:625c:f037:2:a00:27ff:fe3f:3739. Set the 'ServerName' directive globally to suppress this message
2025-12-17T14:32:03.594404+00:00 finalArenaServer systemd[1]: Started apache2.service - The Apache HTTP Server.