2025-12-17T16:13:58.073204+00:00 finalArenaServer kernel: workqueue: e1000_watchdog [e1000] hogged CPU for >10000us 4 times, consider switching to WQ_UNBOUND
2025-12-17T16:15:01.481536+00:00 finalArenaServer CRON[1532]: (root) CMD (command -v debian-sa1 > /dev/null && debian-sa1 1 1)
2025-12-17T16:17:01.514729+00:00 finalArenaServer CRON[1623]: (root) CMD (cd / && run-parts --report /etc/cron.hourly)
2025-12-17T16:17:12.409293+00:00 finalArenaServer systemd[1]: Starting update-notifier-download.service - Download data for packages that failed at package install time...
2025-12-17T16:17:13.095556+00:00 finalArenaServer systemd[1]: update-notifier-download.service: Deactivated successfully.
2025-12-17T16:17:13.143618+00:00 finalArenaServer systemd[1]: Finished update-notifier-download.service - Download data for packages that failed at package install time.
2025-12-17T16:18:12.390581+00:00 finalArenaServer systemd[1176]: launchpadlib-cache-clean.service - Clean up old files in the Launchpadlib cache was skipped because of an unmet condition check (ConditionPathExists=/home/vboxuser/.launchpadlib/api.launchpad.net/cache).
2025-12-17T16:18:28.410314+00:00 finalArenaServer kernel: workqueue: e1000_watchdog [e1000] hogged CPU for >10000us 8 times, consider switching to WQ_UNBOUND
2025-12-17T16:20:02.404500+00:00 finalArenaServer systemd[1]: Starting sysstat-collect.service - system activity accounting tool...
2025-12-17T16:20:02.416450+00:00 finalArenaServer systemd[1]: sysstat-collect.service: Deactivated successfully.
2025-12-17T16:20:02.416530+00:00 finalArenaServer systemd[1]: Finished sysstat-collect.service - system activity accounting tool.
2025-12-17T16:21:30.130616+00:00 finalArenaServer kernel: workqueue: drm_fb_helper_damage_work hogged CPU for >10000us 4 times, consider switching to WQ_UNBOUND
2025-12-17T16:25:01.570149+00:00 finalArenaServer CRON[1906]: (root) CMD (command -v debian-sa1 > /dev/null && debian-sa1 1 1)
2025-12-17T16:26:00.400539+00:00 finalArenaServer kernel: workqueue: drm_fb_helper_damage_work hogged CPU for >10000us 8 times, consider switching to WQ_UNBOUND
2025-12-17T16:26:00.446545+00:00 finalArenaServer systemd[1]: Starting man-db.service - Daily man-db regeneration...
2025-12-17T16:26:03.609586+00:00 finalArenaServer systemd[1]: man-db.service: Deactivated successfully.
2025-12-17T16:26:03.614395+00:00 finalArenaServer systemd[1]: Finished man-db.service - Daily man-db regeneration.
2025-12-17T16:26:03.614615+00:00 finalArenaServer systemd[1]: man-db.service: Consumed 1.383s CPU time.
2025-12-17T16:27:12.414551+00:00 finalArenaServer systemd[1]: Starting systemd-tmpfiles-clean.service - Cleanup of Temporary Directories...
2025-12-17T16:27:12.478187+00:00 finalArenaServer systemd[1]: systemd-tmpfiles-clean.service: Deactivated successfully.
2025-12-17T16:27:12.478377+00:00 finalArenaServer systemd[1]: Finished systemd-tmpfiles-clean.service - Cleanup of Temporary Directories.
2025-12-17T16:28:06.909968+00:00 finalArenaServer kernel: workqueue: drm_fb_helper_damage_work hogged CPU for >10000us 16 times, consider switching to WQ_UNBOUND
2025-12-17T16:28:59.866797+00:00 finalArenaServer kernel: workqueue: blk_mq_run_work_fn hogged CPU for >10000us 32 times, consider switching to WQ_UNBOUND
2025-12-17T16:29:03.298172+00:00 finalArenaServer kernel: workqueue: drm_fb_helper_damage_work hogged CPU for >10000us 32 times, consider switching to WQ_UNBOUND
2025-12-17T16:29:15.137828+00:00 finalArenaServer systemd[1]: Stopping apache2.service - The Apache HTTP Server...
2025-12-17T16:29:15.513044+00:00 finalArenaServer apachectl[2075]: AH00558: apache2: Could not reliably determine the server's fully qualified domain name, using fd17:625c:f037:2:a00:27ff:fe3f:3739. Set the 'ServerName' directive globally to suppress this message
2025-12-17T16:29:16.140324+00:00 finalArenaServer systemd[1]: apache2.service: Killing process 1428 (apache2) with signal SIGKILL.
2025-12-17T16:29:16.189360+00:00 finalArenaServer systemd[1]: apache2.service: Deactivated successfully.
2025-12-17T16:29:16.192380+00:00 finalArenaServer systemd[1]: Stopped apache2.service - The Apache HTTP Server.
2025-12-17T16:29:16.193382+00:00 finalArenaServer systemd[1]: apache2.service: Consumed 10.250s CPU time, 147.2M memory peak, 0B memory swap peak.
2025-12-17T16:29:16.217419+00:00 finalArenaServer systemd[1]: Starting apache2.service - The Apache HTTP Server...
2025-12-17T16:29:16.370590+00:00 finalArenaServer apachectl[2081]: AH00558: apache2: Could not reliably determine the server's fully qualified domain name, using fd17:625c:f037:2:a00:27ff:fe3f:3739. Set the 'ServerName' directive globally to suppress this message
2025-12-17T16:29:16.433347+00:00 finalArenaServer systemd[1]: Started apache2.service - The Apache HTTP Server.2025-12-17T12:01:42.008664+00:00 finalArenaServer kernel: workqueue: e1000_watchdog [e1000] hogged CPU for >10000us 8 times, consider switching to WQ_UNBOUND
2025-12-17T12:03:10.870953+00:00 finalArenaServer systemd[1]: Stopping apache2.service - The Apache HTTP Server...
2025-12-17T12:03:10.945926+00:00 finalArenaServer apachectl[1603]: AH00558: apache2: Could not reliably determine the server's fully qualified domain name, using fd17:625c:f037:2:a00:27ff:fe3f:3739. Set the 'ServerName' directive globally to suppress this message
2025-12-17T12:03:11.022834+00:00 finalArenaServer systemd[1]: apache2.service: Deactivated successfully.
2025-12-17T12:03:11.024176+00:00 finalArenaServer systemd[1]: Stopped apache2.service - The Apache HTTP Server.
2025-12-17T12:03:11.024262+00:00 finalArenaServer systemd[1]: apache2.service: Consumed 4.063s CPU time, 131.1M memory peak, 0B memory swap peak.
2025-12-17T12:03:11.035628+00:00 finalArenaServer systemd[1]: Starting apache2.service - The Apache HTTP Server...
2025-12-17T12:03:11.095232+00:00 finalArenaServer apachectl[1609]: AH00558: apache2: Could not reliably determine the server's fully qualified domain name, using fd17:625c:f037:2:a00:27ff:fe3f:3739. Set the 'ServerName' directive globally to suppress this message
2025-12-17T12:03:11.113490+00:00 finalArenaServer systemd[1]: Started apache2.service - The Apache HTTP Server.2025-12-16T12:12:34.913834+00:00 finalArenaServer kernel: workqueue: blk_mq_run_work_fn hogged CPU for >10000us 4 times, consider switching to WQ_UNBOUND
2025-12-16T12:12:45.975119+00:00 finalArenaServer kernel: workqueue: drm_fb_helper_damage_work hogged CPU for >10000us 4 times, consider switching to WQ_UNBOUND
2025-12-16T12:12:46.033754+00:00 finalArenaServer kernel: workqueue: e1000_watchdog [e1000] hogged CPU for >10000us 4 times, consider switching to WQ_UNBOUND
2025-12-16T12:12:50.142066+00:00 finalArenaServer kernel: workqueue: e1000_watchdog [e1000] hogged CPU for >10000us 8 times, consider switching to WQ_UNBOUND
2025-12-16T12:13:11.142099+00:00 finalArenaServer kernel: workqueue: drm_fb_helper_damage_work hogged CPU for >10000us 8 times, consider switching to WQ_UNBOUND
2025-12-16T12:13:20.859203+00:00 finalArenaServer kernel: workqueue: e1000_watchdog [e1000] hogged CPU for >10000us 16 times, consider switching to WQ_UNBOUND
2025-12-16T12:14:39.144839+00:00 finalArenaServer kernel: workqueue: drm_fb_helper_damage_work hogged CPU for >10000us 16 times, consider switching to WQ_UNBOUND
2025-12-16T12:14:50.897032+00:00 finalArenaServer kernel: workqueue: e1000_watchdog [e1000] hogged CPU for >10000us 32 times, consider switching to WQ_UNBOUND
2025-12-16T12:15:01.989675+00:00 finalArenaServer CRON[1608]: (root) CMD (command -v debian-sa1 > /dev/null && debian-sa1 1 1)
2025-12-16T12:16:14.456800+00:00 finalArenaServer systemd[1]: Stopping apache2.service - The Apache HTTP Server...
2025-12-16T12:16:14.535590+00:00 finalArenaServer apachectl[1806]: AH00558: apache2: Could not reliably determine the server's fully qualified domain name, using fd17:625c:f037:2:a00:27ff:fe3f:3739. Set the 'ServerName' directive globally to suppress this message
2025-12-16T12:16:14.605355+00:00 finalArenaServer systemd[1]: apache2.service: Killing process 1346 (apache2) with signal SIGKILL.
2025-12-16T12:16:14.605455+00:00 finalArenaServer systemd[1]: apache2.service: Killing process 1347 (apache2) with signal SIGKILL.
2025-12-16T12:16:14.605508+00:00 finalArenaServer systemd[1]: apache2.service: Killing process 1348 (apache2) with signal SIGKILL.
2025-12-16T12:16:14.605557+00:00 finalArenaServer systemd[1]: apache2.service: Killing process 1349 (apache2) with signal SIGKILL.
2025-12-16T12:16:14.605601+00:00 finalArenaServer systemd[1]: apache2.service: Killing process 1350 (apache2) with signal SIGKILL.
2025-12-16T12:16:14.625429+00:00 finalArenaServer systemd[1]: apache2.service: Deactivated successfully.
2025-12-16T12:16:14.625590+00:00 finalArenaServer systemd[1]: Stopped apache2.service - The Apache HTTP Server.
2025-12-16T12:16:14.625706+00:00 finalArenaServer systemd[1]: apache2.service: Consumed 3.951s CPU time, 135.2M memory peak, 0B memory swap peak.
2025-12-16T12:16:14.635629+00:00 finalArenaServer systemd[1]: Starting apache2.service - The Apache HTTP Server...
2025-12-16T12:16:14.724581+00:00 finalArenaServer apachectl[1812]: AH00558: apache2: Could not reliably determine the server's fully qualified domain name, using fd17:625c:f037:2:a00:27ff:fe3f:3739. Set the 'ServerName' directive globally to suppress this message
2025-12-16T12:16:14.740944+00:00 finalArenaServer systemd[1]: Started apache2.service - The Apache HTTP Server.
2025-12-16T12:16:23.858931+00:00 finalArenaServer kernel: workqueue: drm_fb_helper_damage_work hogged CPU for >10000us 32 times, consider switching to WQ_UNBOUND
2025-12-16T12:16:38.023880+00:00 finalArenaServer systemd[1]: Stopping apache2.service - The Apache HTTP Server...
2025-12-16T12:16:38.088534+00:00 finalArenaServer apachectl[1846]: AH00558: apache2: Could not reliably determine the server's fully qualified domain name, using fd17:625c:f037:2:a00:27ff:fe3f:3739. Set the 'ServerName' directive globally to suppress this message
2025-12-16T12:16:38.167751+00:00 finalArenaServer systemd[1]: apache2.service: Deactivated successfully.
2025-12-16T12:16:38.169680+00:00 finalArenaServer systemd[1]: Stopped apache2.service - The Apache HTTP Server.
2025-12-16T12:16:38.169802+00:00 finalArenaServer systemd[1]: apache2.service: Consumed 1.216s CPU time.
2025-12-16T12:16:38.185202+00:00 finalArenaServer systemd[1]: Starting apache2.service - The Apache HTTP Server...
2025-12-16T12:16:38.247480+00:00 finalArenaServer apachectl[1852]: AH00558: apache2: Could not reliably determine the server's fully qualified domain name, using fd17:625c:f037:2:a00:27ff:fe3f:3739. Set the 'ServerName' directive globally to suppress this message
2025-12-16T12:16:38.261306+00:00 finalArenaServer systemd[1]: Started apache2.service - The Apache HTTP Server.
2025-12-16T12:16:44.689336+00:00 finalArenaServer kernel: workqueue: blk_mq_run_work_fn hogged CPU for >10000us 8 times, consider switching to WQ_UNBOUND
2025-12-16T12:16:48.831663+00:00 finalArenaServer systemd[1]: Starting update-notifier-download.service - Download data for packages that failed at package install time...
2025-12-16T12:16:49.046765+00:00 finalArenaServer systemd[1]: update-notifier-download.service: Deactivated successfully.
2025-12-16T12:16:49.047418+00:00 finalArenaServer systemd[1]: Finished update-notifier-download.service - Download data for packages that failed at package install time.2025-12-16T13:38:46.475843+00:00 finalArenaServer kernel: workqueue: blk_mq_run_work_fn hogged CPU for >10000us 4 times, consider switching to WQ_UNBOUND
2025-12-16T13:39:03.292728+00:00 finalArenaServer CRON[1412]: (root) CMD (  [ -x /usr/lib/php/sessionclean ] && if [ ! -d /run/systemd/system ]; then /usr/lib/php/sessionclean; fi)
2025-12-16T13:39:11.232318+00:00 finalArenaServer kernel: workqueue: e1000_watchdog [e1000] hogged CPU for >10000us 8 times, consider switching to WQ_UNBOUND
2025-12-16T13:39:12.942687+00:00 finalArenaServer systemd[1]: Starting phpsessionclean.service - Clean php session files...
2025-12-16T13:39:13.134285+00:00 finalArenaServer systemd[1]: phpsessionclean.service: Deactivated successfully.
2025-12-16T13:39:13.134558+00:00 finalArenaServer systemd[1]: Finished phpsessionclean.service - Clean php session files.
2025-12-16T13:40:12.949647+00:00 finalArenaServer systemd[1]: Starting sysstat-collect.service - system activity accounting tool...
2025-12-16T13:40:12.982936+00:00 finalArenaServer systemd[1]: sysstat-collect.service: Deactivated successfully.
2025-12-16T13:40:12.983219+00:00 finalArenaServer systemd[1]: Finished sysstat-collect.service - system activity accounting tool.
2025-12-16T13:40:14.744437+00:00 finalArenaServer kernel: workqueue: e1000_watchdog [e1000] hogged CPU for >10000us 16 times, consider switching to WQ_UNBOUND
2025-12-16T13:40:56.442553+00:00 finalArenaServer systemd[1]: Stopping apache2.service - The Apache HTTP Server...
2025-12-16T13:40:56.497304+00:00 finalArenaServer apachectl[1550]: AH00558: apache2: Could not reliably determine the server's fully qualified domain name, using fd17:625c:f037:2:a00:27ff:fe3f:3739. Set the 'ServerName' directive globally to suppress this message
2025-12-16T13:40:56.547691+00:00 finalArenaServer systemd[1]: apache2.service: Deactivated successfully.
2025-12-16T13:40:56.547986+00:00 finalArenaServer systemd[1]: Stopped apache2.service - The Apache HTTP Server.
2025-12-16T13:40:56.548049+00:00 finalArenaServer systemd[1]: apache2.service: Consumed 2.264s CPU time.
2025-12-16T13:40:56.557190+00:00 finalArenaServer systemd[1]: Starting apache2.service - The Apache HTTP Server...
2025-12-16T13:40:56.594643+00:00 finalArenaServer apachectl[1556]: AH00558: apache2: Could not reliably determine the server's fully qualified domain name, using fd17:625c:f037:2:a00:27ff:fe3f:3739. Set the 'ServerName' directive globally to suppress this message
2025-12-16T13:40:56.605439+00:00 finalArenaServer systemd[1]: Started apache2.service - The Apache HTTP Server.2025-12-17T14:48:12.774156+00:00 finalArenaServer dbus-daemon[622]: [system] Successfully activated service 'org.freedesktop.UPower'
2025-12-17T14:48:12.775119+00:00 finalArenaServer systemd[1]: Started upower.service - Daemon for power management.
2025-12-17T14:48:12.924970+00:00 finalArenaServer fwupd[1490]: 14:48:12.920 FuEngine             failed to add device /sys/devices/pci0000:00/0000:00:01.1/ata2/host1/target1:0:0/1:0:0:0/block/sr0: failed to open /dev/sr0: No medium found
2025-12-17T14:48:13.093782+00:00 finalArenaServer fwupd[1490]: 14:48:13.093 FuMain               fwupd 1.9.30 ready for requests (locale en_US.UTF-8)
2025-12-17T14:48:13.098222+00:00 finalArenaServer dbus-daemon[622]: [system] Successfully activated service 'org.freedesktop.fwupd'
2025-12-17T14:48:13.101143+00:00 finalArenaServer systemd[1]: Started fwupd.service - Firmware update daemon.
2025-12-17T14:48:13.130201+00:00 finalArenaServer fwupdmgr[1459]: Updating lvfs
2025-12-17T14:48:16.215199+00:00 finalArenaServer systemd[1]: systemd-timedated.service: Deactivated successfully.
2025-12-17T14:48:16.635811+00:00 finalArenaServer kernel: workqueue: e1000_watchdog [e1000] hogged CPU for >10000us 4 times, consider switching to WQ_UNBOUND
2025-12-17T14:48:17.900537+00:00 finalArenaServer fwupdmgr[1459]: Successfully downloaded new metadata: 0 local devices supported
2025-12-17T14:48:17.910187+00:00 finalArenaServer systemd[1]: fwupd-refresh.service: Deactivated successfully.
2025-12-17T14:48:17.910715+00:00 finalArenaServer systemd[1]: Finished fwupd-refresh.service - Refresh fwupd metadata and update motd.
2025-12-17T14:49:12.003587+00:00 finalArenaServer kernel: workqueue: e1000_watchdog [e1000] hogged CPU for >10000us 8 times, consider switching to WQ_UNBOUND
2025-12-17T14:50:17.039746+00:00 finalArenaServer systemd[1]: Starting sysstat-collect.service - system activity accounting tool...
2025-12-17T14:50:17.060094+00:00 finalArenaServer systemd[1]: sysstat-collect.service: Deactivated successfully.
2025-12-17T14:50:17.060871+00:00 finalArenaServer systemd[1]: Finished sysstat-collect.service - system activity accounting tool.
2025-12-17T14:52:30.565785+00:00 finalArenaServer systemd[1]: Starting update-notifier-download.service - Download data for packages that failed at package install time...
2025-12-17T14:52:31.010183+00:00 finalArenaServer systemd[1]: update-notifier-download.service: Deactivated successfully.
2025-12-17T14:52:31.036122+00:00 finalArenaServer systemd[1]: Finished update-notifier-download.service - Download data for packages that failed at package install time.
2025-12-17T14:53:04.765696+00:00 finalArenaServer kernel: workqueue: e1000_watchdog [e1000] hogged CPU for >10000us 16 times, consider switching to WQ_UNBOUND
2025-12-17T14:53:30.607529+00:00 finalArenaServer systemd[1125]: launchpadlib-cache-clean.service - Clean up old files in the Launchpadlib cache was skipped because of an unmet condition check (ConditionPathExists=/home/vboxuser/.launchpadlib/api.launchpad.net/cache).
2025-12-17T14:55:01.991112+00:00 finalArenaServer CRON[1848]: (root) CMD (command -v debian-sa1 > /dev/null && debian-sa1 1 1)
2025-12-17T14:55:33.069588+00:00 finalArenaServer kernel: workqueue: blk_mq_run_work_fn hogged CPU for >10000us 32 times, consider switching to WQ_UNBOUND
2025-12-17T14:55:35.005821+00:00 finalArenaServer systemd[1]: Stopping apache2.service - The Apache HTTP Server...
2025-12-17T14:55:35.161862+00:00 finalArenaServer apachectl[1930]: AH00558: apache2: Could not reliably determine the server's fully qualified domain name, using fd17:625c:f037:2:a00:27ff:fe3f:3739. Set the 'ServerName' directive globally to suppress this message
2025-12-17T14:55:35.328890+00:00 finalArenaServer systemd[1]: apache2.service: Killing process 1430 (apache2) with signal SIGKILL.
2025-12-17T14:55:35.329082+00:00 finalArenaServer systemd[1]: apache2.service: Killing process 1432 (apache2) with signal SIGKILL.
2025-12-17T14:55:35.329174+00:00 finalArenaServer systemd[1]: apache2.service: Killing process 1433 (apache2) with signal SIGKILL.
2025-12-17T14:55:35.329260+00:00 finalArenaServer systemd[1]: apache2.service: Killing process 1434 (apache2) with signal SIGKILL.
2025-12-17T14:55:35.371075+00:00 finalArenaServer systemd[1]: apache2.service: Deactivated successfully.
2025-12-17T14:55:35.371392+00:00 finalArenaServer systemd[1]: Stopped apache2.service - The Apache HTTP Server.
2025-12-17T14:55:35.372542+00:00 finalArenaServer systemd[1]: apache2.service: Consumed 9.346s CPU time, 142.2M memory peak, 0B memory swap peak.
2025-12-17T14:55:35.396206+00:00 finalArenaServer systemd[1]: Starting apache2.service - The Apache HTTP Server...
2025-12-17T14:55:35.579461+00:00 finalArenaServer apachectl[1937]: AH00558: apache2: Could not reliably determine the server's fully qualified domain name, using fd17:625c:f037:2:a00:27ff:fe3f:3739. Set the 'ServerName' directive globally to suppress this message
2025-12-17T14:55:35.659094+00:00 finalArenaServer systemd[1]: Started apache2.service - The Apache HTTP Server.
2025-12-17T14:55:37.648639+00:00 finalArenaServer systemd[1]: Stopping apache2.service - The Apache HTTP Server...
2025-12-17T14:55:37.783641+00:00 finalArenaServer apachectl[1949]: AH00558: apache2: Could not reliably determine the server's fully qualified domain name, using fd17:625c:f037:2:a00:27ff:fe3f:3739. Set the 'ServerName' directive globally to suppress this message
2025-12-17T14:55:37.878836+00:00 finalArenaServer systemd[1]: apache2.service: Deactivated successfully.
2025-12-17T14:55:37.881611+00:00 finalArenaServer systemd[1]: Stopped apache2.service - The Apache HTTP Server.
2025-12-17T14:55:37.904626+00:00 finalArenaServer systemd[1]: Starting apache2.service - The Apache HTTP Server...
2025-12-17T14:55:38.069427+00:00 finalArenaServer apachectl[1955]: AH00558: apache2: Could not reliably determine the server's fully qualified domain name, using fd17:625c:f037:2:a00:27ff:fe3f:3739. Set the 'ServerName' directive globally to suppress this message
2025-12-17T14:55:38.101880+00:00 finalArenaServer systemd[1]: Started apache2.service - The Apache HTTP Server.
2025-12-17T14:56:03.095833+00:00 finalArenaServer systemd[1]: Stopping apache2.service - The Apache HTTP Server...
2025-12-17T14:56:03.203806+00:00 finalArenaServer apachectl[1970]: AH00558: apache2: Could not reliably determine the server's fully qualified domain name, using fd17:625c:f037:2:a00:27ff:fe3f:3739. Set the 'ServerName' directive globally to suppress this message
2025-12-17T14:56:03.296686+00:00 finalArenaServer systemd[1]: apache2.service: Deactivated successfully.
2025-12-17T14:56:03.297071+00:00 finalArenaServer systemd[1]: Stopped apache2.service - The Apache HTTP Server.
2025-12-17T14:56:03.315632+00:00 finalArenaServer systemd[1]: Starting apache2.service - The Apache HTTP Server...
2025-12-17T14:56:03.459870+00:00 finalArenaServer apachectl[1977]: AH00558: apache2: Could not reliably determine the server's fully qualified domain name, using fd17:625c:f037:2:a00:27ff:fe3f:3739. Set the 'ServerName' directive globally to suppress this message
2025-12-17T14:56:03.478441+00:00 finalArenaServer systemd[1]: Started apache2.service - The Apache HTTP Server.
2025-12-17T14:59:49.074527+00:00 finalArenaServer systemd[1]: Stopping apache2.service - The Apache HTTP Server...
2025-12-17T14:59:49.206882+00:00 finalArenaServer apachectl[2225]: AH00558: apache2: Could not reliably determine the server's fully qualified domain name, using fd17:625c:f037:2:a00:27ff:fe3f:3739. Set the 'ServerName' directive globally to suppress this message
2025-12-17T14:59:49.300598+00:00 finalArenaServer systemd[1]: apache2.service: Deactivated successfully.
2025-12-17T14:59:49.302005+00:00 finalArenaServer systemd[1]: Stopped apache2.service - The Apache HTTP Server.
2025-12-17T14:59:49.302630+00:00 finalArenaServer systemd[1]: apache2.service: Consumed 1.339s CPU time, 51.3M memory peak, 0B memory swap peak.
2025-12-17T14:59:49.322799+00:00 finalArenaServer systemd[1]: Starting apache2.service - The Apache HTTP Server...
2025-12-17T14:59:49.442183+00:00 finalArenaServer apachectl[2231]: AH00558: apache2: Could not reliably determine the server's fully qualified domain name, using fd17:625c:f037:2:a00:27ff:fe3f:3739. Set the 'ServerName' directive globally to suppress this message
2025-12-17T14:59:49.472649+00:00 finalArenaServer systemd[1]: Started apache2.service - The Apache HTTP Server.
2025-12-17T15:00:17.569065+00:00 finalArenaServer systemd[1]: Starting sysstat-collect.service - system activity accounting tool...
2025-12-17T15:00:17.603986+00:00 finalArenaServer systemd[1]: sysstat-collect.service: Deactivated successfully.
2025-12-17T15:00:17.604117+00:00 finalArenaServer systemd[1]: Finished sysstat-collect.service - system activity accounting tool.2025-12-17T13:42:04.524908+00:00 finalArenaServer systemd[1]: session-1.scope: Deactivated successfully.
2025-12-17T13:42:04.526472+00:00 finalArenaServer systemd[1]: session-1.scope: Consumed 5.982s CPU time.
2025-12-17T13:42:11.946498+00:00 finalArenaServer systemd-resolved[478]: Clock change detected. Flushing caches.
2025-12-17T13:42:11.946823+00:00 finalArenaServer systemd-timesyncd[483]: Contacted time server 37.252.189.117:123 (2.ubuntu.pool.ntp.org).
2025-12-17T13:42:11.946920+00:00 finalArenaServer systemd-timesyncd[483]: Initial clock synchronization to Wed 2025-12-17 13:42:11.941203 UTC.
2025-12-17T13:42:13.131004+00:00 finalArenaServer systemd[1]: systemd-hostnamed.service: Deactivated successfully.
2025-12-17T13:42:16.719013+00:00 finalArenaServer systemd[1]: Started session-4.scope - Session 4 of User vboxuser.
2025-12-17T13:42:17.061662+00:00 finalArenaServer systemd[1]: systemd-timedated.service: Deactivated successfully.
2025-12-17T13:42:46.434873+00:00 finalArenaServer kernel: workqueue: drm_fb_helper_damage_work hogged CPU for >10000us 4 times, consider switching to WQ_UNBOUND
2025-12-17T13:42:53.750994+00:00 finalArenaServer kernel: workqueue: e1000_watchdog [e1000] hogged CPU for >10000us 4 times, consider switching to WQ_UNBOUND
2025-12-17T13:44:24.073238+00:00 finalArenaServer kernel: workqueue: e1000_watchdog [e1000] hogged CPU for >10000us 8 times, consider switching to WQ_UNBOUND
2025-12-17T13:44:25.462369+00:00 finalArenaServer kernel: workqueue: drm_fb_helper_damage_work hogged CPU for >10000us 8 times, consider switching to WQ_UNBOUND
2025-12-17T13:44:40.253039+00:00 finalArenaServer kernel: workqueue: e1000_watchdog [e1000] hogged CPU for >10000us 16 times, consider switching to WQ_UNBOUND
2025-12-17T13:45:01.170084+00:00 finalArenaServer CRON[1499]: (root) CMD (command -v debian-sa1 > /dev/null && debian-sa1 1 1)
2025-12-17T13:46:00.331304+00:00 finalArenaServer kernel: workqueue: drm_fb_helper_damage_work hogged CPU for >10000us 16 times, consider switching to WQ_UNBOUND
2025-12-17T13:46:40.196749+00:00 finalArenaServer systemd[1]: Starting update-notifier-download.service - Download data for packages that failed at package install time...
2025-12-17T13:46:41.904245+00:00 finalArenaServer systemd[1]: update-notifier-download.service: Deactivated successfully.
2025-12-17T13:46:41.906827+00:00 finalArenaServer systemd[1]: Finished update-notifier-download.service - Download data for packages that failed at package install time.
2025-12-17T13:46:41.907056+00:00 finalArenaServer systemd[1]: update-notifier-download.service: Consumed 1.277s CPU time.
2025-12-17T13:47:10.384438+00:00 finalArenaServer systemd[1149]: launchpadlib-cache-clean.service - Clean up old files in the Launchpadlib cache was skipped because of an unmet condition check (ConditionPathExists=/home/vboxuser/.launchpadlib/api.launchpad.net/cache).
2025-12-17T13:47:13.020439+00:00 finalArenaServer kernel: workqueue: blk_mq_run_work_fn hogged CPU for >10000us 32 times, consider switching to WQ_UNBOUND
2025-12-17T13:47:29.362343+00:00 finalArenaServer systemd[1]: Stopping apache2.service - The Apache HTTP Server...
2025-12-17T13:47:29.493387+00:00 finalArenaServer apachectl[1600]: AH00558: apache2: Could not reliably determine the server's fully qualified domain name, using fd17:625c:f037:2:a00:27ff:fe3f:3739. Set the 'ServerName' directive globally to suppress this message
2025-12-17T13:47:29.628143+00:00 finalArenaServer systemd[1]: apache2.service: Killing process 1280 (apache2) with signal SIGKILL.
2025-12-17T13:47:29.642232+00:00 finalArenaServer systemd[1]: apache2.service: Deactivated successfully.
2025-12-17T13:47:29.646791+00:00 finalArenaServer systemd[1]: Stopped apache2.service - The Apache HTTP Server.
2025-12-17T13:47:29.647139+00:00 finalArenaServer systemd[1]: apache2.service: Consumed 8.676s CPU time, 113.7M memory peak, 0B memory swap peak.
2025-12-17T13:47:29.674046+00:00 finalArenaServer systemd[1]: Starting apache2.service - The Apache HTTP Server...
2025-12-17T13:47:29.773029+00:00 finalArenaServer apachectl[1607]: AH00558: apache2: Could not reliably determine the server's fully qualified domain name, using fd17:625c:f037:2:a00:27ff:fe3f:3739. Set the 'ServerName' directive globally to suppress this message
2025-12-17T13:47:29.806122+00:00 finalArenaServer systemd[1]: Started apache2.service - The Apache HTTP Server.
2025-12-17T13:48:05.249419+00:00 finalArenaServer kernel: workqueue: e1000_watchdog [e1000] hogged CPU for >10000us 32 times, consider switching to WQ_UNBOUND
2025-12-17T13:50:12.903517+00:00 finalArenaServer systemd[1]: Starting sysstat-collect.service - system activity accounting tool...
2025-12-17T13:50:12.961084+00:00 finalArenaServer systemd[1]: sysstat-collect.service: Deactivated successfully.
2025-12-17T13:50:12.961235+00:00 finalArenaServer systemd[1]: Finished sysstat-collect.service - system activity accounting tool.