type=SYSCALL msg=audit(1772215911.310:1693): arch=c000003e syscall=59 success=yes exit=0 a0=5f7f901b39c0 a1=5f7f9006e3c0 a2=5f7f9006dcc0 a3=5f7f9006e3c0 items=2 ppid=1335 pid=1350 auid=1000 uid=0 gid=0 euid=0 suid=0 fsuid=0 egid=0 sgid=0 fsgid=0 tty=pts1 ses=3 comm="systemctl" exe="/usr/bin/systemctl" subj=unconfined key="T1078_Valid_Accounts"ARCH=x86_64 SYSCALL=execve AUID="vboxuser" UID="root" GID="root" EUID="root" SUID="root" FSUID="root" EGID="root" SGID="root" FSGID="root"
type=EXECVE msg=audit(1772215911.310:1693): argc=3 a0="systemctl" a1="status" a2="mariadb"
type=PATH msg=audit(1772215911.310:1693): item=0 name="/usr/bin/systemctl" inode=1461475 dev=08:02 mode=0100755 ouid=0 ogid=0 rdev=00:00 nametype=NORMAL cap_fp=0 cap_fi=0 cap_fe=0 cap_fver=0 cap_frootid=0OUID="root" OGID="root"
type=PATH msg=audit(1772215911.310:1693): item=1 name="/lib64/ld-linux-x86-64.so.2" inode=1481429 dev=08:02 mode=0100755 ouid=0 ogid=0 rdev=00:00 nametype=NORMAL cap_fp=0 cap_fi=0 cap_fe=0 cap_fver=0 cap_frootid=0OUID="root" OGID="root"
type=PROCTITLE msg=audit(1772215911.310:1693): proctitle=73797374656D63746C00737461747573006D617269616462
type=SYSCALL msg=audit(1772215911.321:1694): arch=c000003e syscall=42 success=yes exit=0 a0=3 a1=5e1e6f7c1ac8 a2=17 a3=7fffab642844 items=1 ppid=1335 pid=1350 auid=1000 uid=0 gid=0 euid=0 suid=0 fsuid=0 egid=0 sgid=0 fsgid=0 tty=pts1 ses=3 comm="systemctl" exe="/usr/bin/systemctl" subj=unconfined key="T1043_Commonly_Used_Port"ARCH=x86_64 SYSCALL=connect AUID="vboxuser" UID="root" GID="root" EUID="root" SUID="root" FSUID="root" EGID="root" SGID="root" FSGID="root"
type=SOCKADDR msg=audit(1772215911.321:1694): saddr=01002F72756E2F73797374656D642F7072697661746500SADDR={ saddr_fam=local path=/run/systemd/private }
type=PATH msg=audit(1772215911.321:1694): item=0 name="/run/systemd/private" inode=442 dev=00:18 mode=0140700 ouid=0 ogid=0 rdev=00:00 nametype=NORMAL cap_fp=0 cap_fi=0 cap_fe=0 cap_fver=0 cap_frootid=0OUID="root" OGID="root"
type=PROCTITLE msg=audit(1772215911.321:1694): proctitle=73797374656D63746C00737461747573006D617269616462
type=SYSCALL msg=audit(1772215919.313:1695): arch=c000003e syscall=59 success=yes exit=0 a0=5f7f901b3a60 a1=5f7f901b3840 a2=5f7f9006dcc0 a3=5f7f901b3840 items=2 ppid=1335 pid=1351 auid=1000 uid=0 gid=0 euid=0 suid=0 fsuid=0 egid=0 sgid=0 fsgid=0 tty=pts1 ses=3 comm="systemctl" exe="/usr/bin/systemctl" subj=unconfined key="T1078_Valid_Accounts"ARCH=x86_64 SYSCALL=execve AUID="vboxuser" UID="root" GID="root" EUID="root" SUID="root" FSUID="root" EGID="root" SGID="root" FSGID="root"
type=EXECVE msg=audit(1772215919.313:1695): argc=3 a0="systemctl" a1="status" a2="apache2"
type=PATH msg=audit(1772215919.313:1695): item=0 name="/usr/bin/systemctl" inode=1461475 dev=08:02 mode=0100755 ouid=0 ogid=0 rdev=00:00 nametype=NORMAL cap_fp=0 cap_fi=0 cap_fe=0 cap_fver=0 cap_frootid=0OUID="root" OGID="root"
type=PATH msg=audit(1772215919.313:1695): item=1 name="/lib64/ld-linux-x86-64.so.2" inode=1481429 dev=08:02 mode=0100755 ouid=0 ogid=0 rdev=00:00 nametype=NORMAL cap_fp=0 cap_fi=0 cap_fe=0 cap_fver=0 cap_frootid=0OUID="root" OGID="root"
type=PROCTITLE msg=audit(1772215919.313:1695): proctitle=73797374656D63746C007374617475730061706163686532
type=SYSCALL msg=audit(1772215919.326:1696): arch=c000003e syscall=42 success=yes exit=0 a0=3 a1=652a3ad78ac8 a2=17 a3=7ffd62cd8354 items=1 ppid=1335 pid=1351 auid=1000 uid=0 gid=0 euid=0 suid=0 fsuid=0 egid=0 sgid=0 fsgid=0 tty=pts1 ses=3 comm="systemctl" exe="/usr/bin/systemctl" subj=unconfined key="T1043_Commonly_Used_Port"ARCH=x86_64 SYSCALL=connect AUID="vboxuser" UID="root" GID="root" EUID="root" SUID="root" FSUID="root" EGID="root" SGID="root" FSGID="root"
type=SOCKADDR msg=audit(1772215919.326:1696): saddr=01002F72756E2F73797374656D642F7072697661746500SADDR={ saddr_fam=local path=/run/systemd/private }
type=PATH msg=audit(1772215919.326:1696): item=0 name="/run/systemd/private" inode=442 dev=00:18 mode=0140700 ouid=0 ogid=0 rdev=00:00 nametype=NORMAL cap_fp=0 cap_fi=0 cap_fe=0 cap_fver=0 cap_frootid=0OUID="root" OGID="root"
type=PROCTITLE msg=audit(1772215919.326:1696): proctitle=73797374656D63746C007374617475730061706163686532
type=SYSCALL msg=audit(1772215926.893:1697): arch=c000003e syscall=59 success=yes exit=0 a0=5f7f901b3b30 a1=5f7f901b3a80 a2=5f7f9006dcc0 a3=5f7f901b3a80 items=2 ppid=1335 pid=1352 auid=1000 uid=0 gid=0 euid=0 suid=0 fsuid=0 egid=0 sgid=0 fsgid=0 tty=pts1 ses=3 comm="mysqladmin" exe="/usr/bin/mariadb-admin" subj=unconfined key="T1078_Valid_Accounts"ARCH=x86_64 SYSCALL=execve AUID="vboxuser" UID="root" GID="root" EUID="root" SUID="root" FSUID="root" EGID="root" SGID="root" FSGID="root"
type=EXECVE msg=audit(1772215926.893:1697): argc=2 a0="mysqladmin" a1="ping"
type=PATH msg=audit(1772215926.893:1697): item=0 name="/usr/bin/mysqladmin" inode=1498978 dev=08:02 mode=0100755 ouid=0 ogid=0 rdev=00:00 nametype=NORMAL cap_fp=0 cap_fi=0 cap_fe=0 cap_fver=0 cap_frootid=0OUID="root" OGID="root"
type=PATH msg=audit(1772215926.893:1697): item=1 name="/lib64/ld-linux-x86-64.so.2" inode=1481429 dev=08:02 mode=0100755 ouid=0 ogid=0 rdev=00:00 nametype=NORMAL cap_fp=0 cap_fi=0 cap_fe=0 cap_fver=0 cap_frootid=0OUID="root" OGID="root"
type=PROCTITLE msg=audit(1772215926.893:1697): proctitle=6D7973716C61646D696E0070696E67
type=SYSCALL msg=audit(1772215937.414:1698): arch=c000003e syscall=59 success=yes exit=0 a0=5f7f901b3870 a1=5f7f901b3b90 a2=5f7f9006dcc0 a3=5f7f901b3c40 items=2 ppid=1335 pid=1353 auid=1000 uid=0 gid=0 euid=0 suid=0 fsuid=0 egid=0 sgid=0 fsgid=0 tty=pts1 ses=3 comm="cat" exe="/usr/bin/cat" subj=unconfined key="T1078_Valid_Accounts"ARCH=x86_64 SYSCALL=execve AUID="vboxuser" UID="root" GID="root" EUID="root" SUID="root" FSUID="root" EGID="root" SGID="root" FSGID="root"
type=EXECVE msg=audit(1772215937.414:1698): argc=2 a0="cat" a1="/var/www/html/wp-config.php"
type=PATH msg=audit(1772215937.414:1698): item=0 name="/usr/bin/cat" inode=1442301 dev=08:02 mode=0100755 ouid=0 ogid=0 rdev=00:00 nametype=NORMAL cap_fp=0 cap_fi=0 cap_fe=0 cap_fver=0 cap_frootid=0OUID="root" OGID="root"
type=PATH msg=audit(1772215937.414:1698): item=1 name="/lib64/ld-linux-x86-64.so.2" inode=1481429 dev=08:02 mode=0100755 ouid=0 ogid=0 rdev=00:00 nametype=NORMAL cap_fp=0 cap_fi=0 cap_fe=0 cap_fver=0 cap_frootid=0OUID="root" OGID="root"
type=PROCTITLE msg=audit(1772215937.414:1698): proctitle=636174002F7661722F7777772F68746D6C2F77702D636F6E6669672E706870
type=SYSCALL msg=audit(1772215945.905:1699): arch=c000003e syscall=59 success=yes exit=0 a0=5f7f901b3ef0 a1=5f7f901b3c40 a2=5f7f9006dcc0 a3=5f7f901b3c40 items=2 ppid=1335 pid=1354 auid=1000 uid=0 gid=0 euid=0 suid=0 fsuid=0 egid=0 sgid=0 fsgid=0 tty=pts1 ses=3 comm="ls" exe="/usr/bin/ls" subj=unconfined key="T1078_Valid_Accounts"ARCH=x86_64 SYSCALL=execve AUID="vboxuser" UID="root" GID="root" EUID="root" SUID="root" FSUID="root" EGID="root" SGID="root" FSGID="root"
type=EXECVE msg=audit(1772215945.905:1699): argc=4 a0="ls" a1="--color=auto" a2="-l" a3="/var/www/"
type=PATH msg=audit(1772215945.905:1699): item=0 name="/usr/bin/ls" inode=1442533 dev=08:02 mode=0100755 ouid=0 ogid=0 rdev=00:00 nametype=NORMAL cap_fp=0 cap_fi=0 cap_fe=0 cap_fver=0 cap_frootid=0OUID="root" OGID="root"
type=PATH msg=audit(1772215945.905:1699): item=1 name="/lib64/ld-linux-x86-64.so.2" inode=1481429 dev=08:02 mode=0100755 ouid=0 ogid=0 rdev=00:00 nametype=NORMAL cap_fp=0 cap_fi=0 cap_fe=0 cap_fver=0 cap_frootid=0OUID="root" OGID="root"
type=PROCTITLE msg=audit(1772215945.905:1699): proctitle=6C73002D2D636F6C6F723D6175746F002D6C002F7661722F7777772F
type=SYSCALL msg=audit(1772215955.034:1700): arch=c000003e syscall=59 success=yes exit=0 a0=5f7f901b3f70 a1=5f7f901b3ca0 a2=5f7f9006dcc0 a3=5f7f901b3ca0 items=2 ppid=1335 pid=1355 auid=1000 uid=0 gid=0 euid=0 suid=0 fsuid=0 egid=0 sgid=0 fsgid=0 tty=pts1 ses=3 comm="ls" exe="/usr/bin/ls" subj=unconfined key="T1078_Valid_Accounts"ARCH=x86_64 SYSCALL=execve AUID="vboxuser" UID="root" GID="root" EUID="root" SUID="root" FSUID="root" EGID="root" SGID="root" FSGID="root"
type=EXECVE msg=audit(1772215955.034:1700): argc=4 a0="ls" a1="--color=auto" a2="-l" a3="/var/www/wordpress/"
type=PATH msg=audit(1772215955.034:1700): item=0 name="/usr/bin/ls" inode=1442533 dev=08:02 mode=0100755 ouid=0 ogid=0 rdev=00:00 nametype=NORMAL cap_fp=0 cap_fi=0 cap_fe=0 cap_fver=0 cap_frootid=0OUID="root" OGID="root"
type=PATH msg=audit(1772215955.034:1700): item=1 name="/lib64/ld-linux-x86-64.so.2" inode=1481429 dev=08:02 mode=0100755 ouid=0 ogid=0 rdev=00:00 nametype=NORMAL cap_fp=0 cap_fi=0 cap_fe=0 cap_fver=0 cap_frootid=0OUID="root" OGID="root"
type=PROCTITLE msg=audit(1772215955.034:1700): proctitle=6C73002D2D636F6C6F723D6175746F002D6C002F7661722F7777772F776F726470726573732F
type=SYSCALL msg=audit(1772215964.335:1701): arch=c000003e syscall=59 success=yes exit=0 a0=5f7f901b3920 a1=5f7f901b3f90 a2=5f7f9006dcc0 a3=5f7f901b3fb0 items=2 ppid=1335 pid=1356 auid=1000 uid=0 gid=0 euid=0 suid=0 fsuid=0 egid=0 sgid=0 fsgid=0 tty=pts1 ses=3 comm="cat" exe="/usr/bin/cat" subj=unconfined key="T1078_Valid_Accounts"ARCH=x86_64 SYSCALL=execve AUID="vboxuser" UID="root" GID="root" EUID="root" SUID="root" FSUID="root" EGID="root" SGID="root" FSGID="root"
type=EXECVE msg=audit(1772215964.335:1701): argc=2 a0="cat" a1="/var/www/wordpress/wp-config.php"
type=PATH msg=audit(1772215964.335:1701): item=0 name="/usr/bin/cat" inode=1442301 dev=08:02 mode=0100755 ouid=0 ogid=0 rdev=00:00 nametype=NORMAL cap_fp=0 cap_fi=0 cap_fe=0 cap_fver=0 cap_frootid=0OUID="root" OGID="root"
type=PATH msg=audit(1772215964.335:1701): item=1 name="/lib64/ld-linux-x86-64.so.2" inode=1481429 dev=08:02 mode=0100755 ouid=0 ogid=0 rdev=00:00 nametype=NORMAL cap_fp=0 cap_fi=0 cap_fe=0 cap_fver=0 cap_frootid=0OUID="root" OGID="root"
type=PROCTITLE msg=audit(1772215964.335:1701): proctitle=636174002F7661722F7777772F776F726470726573732F77702D636F6E6669672E706870
type=SYSCALL msg=audit(1772215975.517:1702): arch=c000003e syscall=59 success=yes exit=0 a0=5f7f901b4040 a1=5f7f901b3fb0 a2=5f7f9006dcc0 a3=5f7f901b35f0 items=2 ppid=1335 pid=1357 auid=1000 uid=0 gid=0 euid=0 suid=0 fsuid=0 egid=0 sgid=0 fsgid=0 tty=pts1 ses=3 comm="grep" exe="/usr/bin/grep" subj=unconfined key="T1078_Valid_Accounts"ARCH=x86_64 SYSCALL=execve AUID="vboxuser" UID="root" GID="root" EUID="root" SUID="root" FSUID="root" EGID="root" SGID="root" FSGID="root"
type=EXECVE msg=audit(1772215975.517:1702): argc=4 a0="grep" a1="--color=auto" a2="DB_" a3="/var/www/wordpress/wp-config.php"
type=PATH msg=audit(1772215975.517:1702): item=0 name="/usr/bin/grep" inode=1442450 dev=08:02 mode=0100755 ouid=0 ogid=0 rdev=00:00 nametype=NORMAL cap_fp=0 cap_fi=0 cap_fe=0 cap_fver=0 cap_frootid=0OUID="root" OGID="root"
type=PATH msg=audit(1772215975.517:1702): item=1 name="/lib64/ld-linux-x86-64.so.2" inode=1481429 dev=08:02 mode=0100755 ouid=0 ogid=0 rdev=00:00 nametype=NORMAL cap_fp=0 cap_fi=0 cap_fe=0 cap_fver=0 cap_frootid=0OUID="root" OGID="root"
type=PROCTITLE msg=audit(1772215975.517:1702): proctitle=67726570002D2D636F6C6F723D6175746F0044425F002F7661722F7777772F776F726470726573732F77702D636F6E6669672E706870
type=SYSCALL msg=audit(1772215987.051:1703): arch=c000003e syscall=59 success=yes exit=0 a0=5f7f9007df10 a1=5f7f901b37b0 a2=5f7f9006dcc0 a3=5f7f90152da0 items=2 ppid=1335 pid=1358 auid=1000 uid=0 gid=0 euid=0 suid=0 fsuid=0 egid=0 sgid=0 fsgid=0 tty=pts1 ses=3 comm="mysql" exe="/usr/bin/mariadb" subj=unconfined key="T1078_Valid_Accounts"ARCH=x86_64 SYSCALL=execve AUID="vboxuser" UID="root" GID="root" EUID="root" SUID="root" FSUID="root" EGID="root" SGID="root" FSGID="root"
type=EXECVE msg=audit(1772215987.051:1703): argc=5 a0="mysql" a1="-uwp_admin" a2="-pWpSecure_2025!" a3="-e" a4=55534520776F726470726573733B2053484F57205441424C45533B
type=PATH msg=audit(1772215987.051:1703): item=0 name="/usr/bin/mysql" inode=1498967 dev=08:02 mode=0100755 ouid=0 ogid=0 rdev=00:00 nametype=NORMAL cap_fp=0 cap_fi=0 cap_fe=0 cap_fver=0 cap_frootid=0OUID="root" OGID="root"
type=PATH msg=audit(1772215987.051:1703): item=1 name="/lib64/ld-linux-x86-64.so.2" inode=1481429 dev=08:02 mode=0100755 ouid=0 ogid=0 rdev=00:00 nametype=NORMAL cap_fp=0 cap_fi=0 cap_fe=0 cap_fver=0 cap_frootid=0OUID="root" OGID="root"
type=PROCTITLE msg=audit(1772215987.051:1703): proctitle=6D7973716C002D7577705F61646D696E002D7057705365637572655F3230323521002D650055534520776F726470726573733B2053484F57205441424C45533B
type=SYSCALL msg=audit(1772215996.892:1704): arch=c000003e syscall=59 success=yes exit=0 a0=5f7f901b4040 a1=5f7f901b3c40 a2=5f7f9006dcc0 a3=5f7f9007dfb0 items=2 ppid=1335 pid=1360 auid=1000 uid=0 gid=0 euid=0 suid=0 fsuid=0 egid=0 sgid=0 fsgid=0 tty=pts1 ses=3 comm="mysql" exe="/usr/bin/mariadb" subj=unconfined key="T1078_Valid_Accounts"ARCH=x86_64 SYSCALL=execve AUID="vboxuser" UID="root" GID="root" EUID="root" SUID="root" FSUID="root" EGID="root" SGID="root" FSGID="root"
type=EXECVE msg=audit(1772215996.892:1704): argc=4 a0="mysql" a1="-uroot" a2="-e" a3=53454C45435420557365722C486F73742046524F4D206D7973716C2E757365723B
type=PATH msg=audit(1772215996.892:1704): item=0 name="/usr/bin/mysql" inode=1498967 dev=08:02 mode=0100755 ouid=0 ogid=0 rdev=00:00 nametype=NORMAL cap_fp=0 cap_fi=0 cap_fe=0 cap_fver=0 cap_frootid=0OUID="root" OGID="root"
type=PATH msg=audit(1772215996.892:1704): item=1 name="/lib64/ld-linux-x86-64.so.2" inode=1481429 dev=08:02 mode=0100755 ouid=0 ogid=0 rdev=00:00 nametype=NORMAL cap_fp=0 cap_fi=0 cap_fe=0 cap_fver=0 cap_frootid=0OUID="root" OGID="root"
type=PROCTITLE msg=audit(1772215996.892:1704): proctitle=6D7973716C002D75726F6F74002D650053454C45435420557365722C486F73742046524F4D206D7973716C2E757365723B
type=SYSCALL msg=audit(1772216008.370:1705): arch=c000003e syscall=59 success=yes exit=0 a0=5f7f9007e140 a1=5f7f901b3ca0 a2=5f7f9006dcc0 a3=5f7f90152970 items=2 ppid=1335 pid=1361 auid=1000 uid=0 gid=0 euid=0 suid=0 fsuid=0 egid=0 sgid=0 fsgid=0 tty=pts1 ses=3 comm="mysql" exe="/usr/bin/mariadb" subj=unconfined key="T1078_Valid_Accounts"ARCH=x86_64 SYSCALL=execve AUID="vboxuser" UID="root" GID="root" EUID="root" SUID="root" FSUID="root" EGID="root" SGID="root" FSGID="root"
type=EXECVE msg=audit(1772216008.370:1705): argc=4 a0="mysql" a1="-uroot" a2="-e" a3=53454C45435420557365722C486F73742046524F4D206D7973716C2E757365722057484552452055736572204C494B45202725777025273B
type=PATH msg=audit(1772216008.370:1705): item=0 name="/usr/bin/mysql" inode=1498967 dev=08:02 mode=0100755 ouid=0 ogid=0 rdev=00:00 nametype=NORMAL cap_fp=0 cap_fi=0 cap_fe=0 cap_fver=0 cap_frootid=0OUID="root" OGID="root"
type=PATH msg=audit(1772216008.370:1705): item=1 name="/lib64/ld-linux-x86-64.so.2" inode=1481429 dev=08:02 mode=0100755 ouid=0 ogid=0 rdev=00:00 nametype=NORMAL cap_fp=0 cap_fi=0 cap_fe=0 cap_fver=0 cap_frootid=0OUID="root" OGID="root"
type=PROCTITLE msg=audit(1772216008.370:1705): proctitle=6D7973716C002D75726F6F74002D650053454C45435420557365722C486F73742046524F4D206D7973716C2E757365722057484552452055736572204C494B45202725777025273B
type=SYSCALL msg=audit(1772216020.514:1706): arch=c000003e syscall=59 success=yes exit=0 a0=5f7f9007e2e0 a1=5f7f901b3ca0 a2=5f7f9006dcc0 a3=5f7f9007e4a0 items=2 ppid=1335 pid=1362 auid=1000 uid=0 gid=0 euid=0 suid=0 fsuid=0 egid=0 sgid=0 fsgid=0 tty=pts1 ses=3 comm="mysql" exe="/usr/bin/mariadb" subj=unconfined key="T1078_Valid_Accounts"ARCH=x86_64 SYSCALL=execve AUID="vboxuser" UID="root" GID="root" EUID="root" SUID="root" FSUID="root" EGID="root" SGID="root" FSGID="root"
type=EXECVE msg=audit(1772216020.514:1706): argc=4 a0="mysql" a1="-uroot" a2="-e" a3=53454C45435420757365722C686F73742C61757468656E7469636174696F6E5F737472696E672046524F4D206D7973716C2E7573657220574845524520757365723D2777705F75736572273B
type=PATH msg=audit(1772216020.514:1706): item=0 name="/usr/bin/mysql" inode=1498967 dev=08:02 mode=0100755 ouid=0 ogid=0 rdev=00:00 nametype=NORMAL cap_fp=0 cap_fi=0 cap_fe=0 cap_fver=0 cap_frootid=0OUID="root" OGID="root"
type=PATH msg=audit(1772216020.514:1706): item=1 name="/lib64/ld-linux-x86-64.so.2" inode=1481429 dev=08:02 mode=0100755 ouid=0 ogid=0 rdev=00:00 nametype=NORMAL cap_fp=0 cap_fi=0 cap_fe=0 cap_fver=0 cap_frootid=0OUID="root" OGID="root"
type=PROCTITLE msg=audit(1772216020.514:1706): proctitle=6D7973716C002D75726F6F74002D650053454C45435420757365722C686F73742C61757468656E7469636174696F6E5F737472696E672046524F4D206D7973716C2E7573657220574845524520757365723D2777705F75736572273B
type=SYSCALL msg=audit(1772216055.067:1707): arch=c000003e syscall=59 success=yes exit=0 a0=5f7f9007e510 a1=5f7f901b3ca0 a2=5f7f9006dcc0 a3=5f7f901b40c0 items=2 ppid=1335 pid=1363 auid=1000 uid=0 gid=0 euid=0 suid=0 fsuid=0 egid=0 sgid=0 fsgid=0 tty=pts1 ses=3 comm="mysql" exe="/usr/bin/mariadb" subj=unconfined key="T1078_Valid_Accounts"ARCH=x86_64 SYSCALL=execve AUID="vboxuser" UID="root" GID="root" EUID="root" SUID="root" FSUID="root" EGID="root" SGID="root" FSGID="root"
type=EXECVE msg=audit(1772216055.067:1707): argc=4 a0="mysql" a1="-uroot" a2="-e" a3=4352454154452055534552204946204E4F5420455849535453202777705F61646D696E2740276C6F63616C686F737427204944454E544946494544204259202757705365637572655F323032355C21273B
type=PATH msg=audit(1772216055.067:1707): item=0 name="/usr/bin/mysql" inode=1498967 dev=08:02 mode=0100755 ouid=0 ogid=0 rdev=00:00 nametype=NORMAL cap_fp=0 cap_fi=0 cap_fe=0 cap_fver=0 cap_frootid=0OUID="root" OGID="root"
type=PATH msg=audit(1772216055.067:1707): item=1 name="/lib64/ld-linux-x86-64.so.2" inode=1481429 dev=08:02 mode=0100755 ouid=0 ogid=0 rdev=00:00 nametype=NORMAL cap_fp=0 cap_fi=0 cap_fe=0 cap_fver=0 cap_frootid=0OUID="root" OGID="root"
type=PROCTITLE msg=audit(1772216055.067:1707): proctitle=6D7973716C002D75726F6F74002D65004352454154452055534552204946204E4F5420455849535453202777705F61646D696E2740276C6F63616C686F737427204944454E544946494544204259202757705365637572655F323032355C21273B
type=SYSCALL msg=audit(1772216067.047:1708): arch=c000003e syscall=59 success=yes exit=0 a0=5f7f901b4130 a1=5f7f901b3aa0 a2=5f7f9006dcc0 a3=5f7f901b4170 items=2 ppid=1335 pid=1364 auid=1000 uid=0 gid=0 euid=0 suid=0 fsuid=0 egid=0 sgid=0 fsgid=0 tty=pts1 ses=3 comm="mysql" exe="/usr/bin/mariadb" subj=unconfined key="T1078_Valid_Accounts"ARCH=x86_64 SYSCALL=execve AUID="vboxuser" UID="root" GID="root" EUID="root" SUID="root" FSUID="root" EGID="root" SGID="root" FSGID="root"
type=EXECVE msg=audit(1772216067.047:1708): argc=4 a0="mysql" a1="-uroot" a2="-e" a3=4752414E5420414C4C2050524956494C45474553204F4E20776F726470726573732E2A20544F202777705F61646D696E2740276C6F63616C686F7374273B20464C5553482050524956494C454745533B
type=PATH msg=audit(1772216067.047:1708): item=0 name="/usr/bin/mysql" inode=1498967 dev=08:02 mode=0100755 ouid=0 ogid=0 rdev=00:00 nametype=NORMAL cap_fp=0 cap_fi=0 cap_fe=0 cap_fver=0 cap_frootid=0OUID="root" OGID="root"
type=PATH msg=audit(1772216067.047:1708): item=1 name="/lib64/ld-linux-x86-64.so.2" inode=1481429 dev=08:02 mode=0100755 ouid=0 ogid=0 rdev=00:00 nametype=NORMAL cap_fp=0 cap_fi=0 cap_fe=0 cap_fver=0 cap_frootid=0OUID="root" OGID="root"
type=PROCTITLE msg=audit(1772216067.047:1708): proctitle=6D7973716C002D75726F6F74002D65004752414E5420414C4C2050524956494C45474553204F4E20776F726470726573732E2A20544F202777705F61646D696E2740276C6F63616C686F7374273B20464C5553482050524956494C454745533B
type=SYSCALL msg=audit(1772216078.273:1709): arch=c000003e syscall=59 success=yes exit=0 a0=5f7f9007e510 a1=5f7f9006e380 a2=5f7f9006dcc0 a3=5f7f901b2b10 items=2 ppid=1335 pid=1365 auid=1000 uid=0 gid=0 euid=0 suid=0 fsuid=0 egid=0 sgid=0 fsgid=0 tty=pts1 ses=3 comm="mysql" exe="/usr/bin/mariadb" subj=unconfined key="T1078_Valid_Accounts"ARCH=x86_64 SYSCALL=execve AUID="vboxuser" UID="root" GID="root" EUID="root" SUID="root" FSUID="root" EGID="root" SGID="root" FSGID="root"
type=EXECVE msg=audit(1772216078.273:1709): argc=5 a0="mysql" a1="-uwp_admin" a2="-pWpSecure_2025!" a3="-e" a4=55534520776F726470726573733B2053484F57205441424C45533B
type=PATH msg=audit(1772216078.273:1709): item=0 name="/usr/bin/mysql" inode=1498967 dev=08:02 mode=0100755 ouid=0 ogid=0 rdev=00:00 nametype=NORMAL cap_fp=0 cap_fi=0 cap_fe=0 cap_fver=0 cap_frootid=0OUID="root" OGID="root"
type=PATH msg=audit(1772216078.273:1709): item=1 name="/lib64/ld-linux-x86-64.so.2" inode=1481429 dev=08:02 mode=0100755 ouid=0 ogid=0 rdev=00:00 nametype=NORMAL cap_fp=0 cap_fi=0 cap_fe=0 cap_fver=0 cap_frootid=0OUID="root" OGID="root"
type=PROCTITLE msg=audit(1772216078.273:1709): proctitle=6D7973716C002D7577705F61646D696E002D7057705365637572655F3230323521002D650055534520776F726470726573733B2053484F57205441424C45533B
type=SYSCALL msg=audit(1772216086.242:1710): arch=c000003e syscall=42 success=yes exit=0 a0=10 a1=7ffcea876080 a2=1d a3=1 items=1 ppid=864 pid=1260 auid=4294967295 uid=33 gid=33 euid=33 suid=33 fsuid=33 egid=33 sgid=33 fsgid=33 tty=(none) ses=4294967295 comm="apache2" exe="/usr/sbin/apache2" subj=unconfined key="T1043_Commonly_Used_Port"ARCH=x86_64 SYSCALL=connect AUID="unset" UID="www-data" GID="www-data" EUID="www-data" SUID="www-data" FSUID="www-data" EGID="www-data" SGID="www-data" FSGID="www-data"
type=SOCKADDR msg=audit(1772216086.242:1710): saddr=01002F7661722F72756E2F6D7973716C642F6D7973716C642E736F636BSADDR={ saddr_fam=local path=/var/run/mysqld/mysqld.sock }
type=PATH msg=audit(1772216086.242:1710): item=0 name="/var/run/mysqld/mysqld.sock" inode=1363 dev=00:18 mode=0140777 ouid=111 ogid=111 rdev=00:00 nametype=NORMAL cap_fp=0 cap_fi=0 cap_fe=0 cap_fver=0 cap_frootid=0OUID="mysql" OGID="mysql"
type=PROCTITLE msg=audit(1772216086.242:1710): proctitle=2F7573722F7362696E2F61706163686532002D6B007374617274
type=SYSCALL msg=audit(1772216086.831:1711): arch=c000003e syscall=106 success=yes exit=0 a0=21 a1=7f414df544a0 a2=0 a3=22 items=0 ppid=864 pid=1366 auid=4294967295 uid=0 gid=33 euid=0 suid=0 fsuid=0 egid=33 sgid=33 fsgid=33 tty=(none) ses=4294967295 comm="apache2" exe="/usr/sbin/apache2" subj=unconfined key="T1166_Seuid_and_Setgid"ARCH=x86_64 SYSCALL=setgid AUID="unset" UID="root" GID="www-data" EUID="root" SUID="root" FSUID="root" EGID="www-data" SGID="www-data" FSGID="www-data"
type=PROCTITLE msg=audit(1772216086.831:1711): proctitle=2F7573722F7362696E2F61706163686532002D6B007374617274
type=SYSCALL msg=audit(1772216086.831:1712): arch=c000003e syscall=42 success=yes exit=0 a0=e a1=7ffcea878bf0 a2=2d a3=578e71a8c300 items=1 ppid=864 pid=1366 auid=4294967295 uid=0 gid=33 euid=0 suid=0 fsuid=0 egid=33 sgid=33 fsgid=33 tty=(none) ses=4294967295 comm="apache2" exe="/usr/sbin/apache2" subj=unconfined key="T1043_Commonly_Used_Port"ARCH=x86_64 SYSCALL=connect AUID="unset" UID="root" GID="www-data" EUID="root" SUID="root" FSUID="root" EGID="www-data" SGID="www-data" FSGID="www-data"
type=SOCKADDR msg=audit(1772216086.831:1712): saddr=01002F72756E2F73797374656D642F7573657264622F696F2E73797374656D642E44796E616D69635573657200SADDR={ saddr_fam=local path=/run/systemd/userdb/io.systemd.DynamicUser }
type=PATH msg=audit(1772216086.831:1712): item=0 name="/run/systemd/userdb/io.systemd.DynamicUser" inode=444 dev=00:18 mode=0140666 ouid=0 ogid=0 rdev=00:00 nametype=NORMAL cap_fp=0 cap_fi=0 cap_fe=0 cap_fver=0 cap_frootid=0OUID="root" OGID="root"
type=PROCTITLE msg=audit(1772216086.831:1712): proctitle=2F7573722F7362696E2F61706163686532002D6B007374617274
type=SYSCALL msg=audit(1772216086.834:1713): arch=c000003e syscall=105 success=yes exit=0 a0=21 a1=578e71903ec0 a2=578b094fd0c3 a3=578e71903ed0 items=0 ppid=864 pid=1366 auid=4294967295 uid=33 gid=33 euid=33 suid=33 fsuid=33 egid=33 sgid=33 fsgid=33 tty=(none) ses=4294967295 comm="apache2" exe="/usr/sbin/apache2" subj=unconfined key="T1166_Seuid_and_Setgid"ARCH=x86_64 SYSCALL=setuid AUID="unset" UID="www-data" GID="www-data" EUID="www-data" SUID="www-data" FSUID="www-data" EGID="www-data" SGID="www-data" FSGID="www-data"
type=PROCTITLE msg=audit(1772216086.834:1713): proctitle=2F7573722F7362696E2F61706163686532002D6B007374617274
type=SYSCALL msg=audit(1772216087.933:1714): arch=c000003e syscall=42 success=yes exit=0 a0=14 a1=7f413cbffd8c a2=10 a3=7f413cbfc504 items=0 ppid=864 pid=1260 auid=4294967295 uid=33 gid=33 euid=33 suid=33 fsuid=33 egid=33 sgid=33 fsgid=33 tty=(none) ses=4294967295 comm="apache2" exe="/usr/sbin/apache2" subj=unconfined key="T1043_Commonly_Used_Port"ARCH=x86_64 SYSCALL=connect AUID="unset" UID="www-data" GID="www-data" EUID="www-data" SUID="www-data" FSUID="www-data" EGID="www-data" SGID="www-data" FSGID="www-data"
type=SOCKADDR msg=audit(1772216087.933:1714): saddr=020000357F0000350000000000000000SADDR={ saddr_fam=inet laddr=127.0.0.53 lport=53 }
type=PROCTITLE msg=audit(1772216087.933:1714): proctitle=2F7573722F7362696E2F61706163686532002D6B007374617274
type=SYSCALL msg=audit(1772216087.934:1715): arch=c000003e syscall=42 success=yes exit=0 a0=14 a1=7f413cbffd8c a2=10 a3=7f413cbfc504 items=0 ppid=864 pid=1260 auid=4294967295 uid=33 gid=33 euid=33 suid=33 fsuid=33 egid=33 sgid=33 fsgid=33 tty=(none) ses=4294967295 comm="apache2" exe="/usr/sbin/apache2" subj=unconfined key="T1043_Commonly_Used_Port"ARCH=x86_64 SYSCALL=connect AUID="unset" UID="www-data" GID="www-data" EUID="www-data" SUID="www-data" FSUID="www-data" EGID="www-data" SGID="www-data" FSGID="www-data"
type=SOCKADDR msg=audit(1772216087.934:1715): saddr=020000357F0000350000000000000000SADDR={ saddr_fam=inet laddr=127.0.0.53 lport=53 }
type=PROCTITLE msg=audit(1772216087.934:1715): proctitle=2F7573722F7362696E2F61706163686532002D6B007374617274
type=SYSCALL msg=audit(1772216088.843:1716): arch=c000003e syscall=106 success=yes exit=0 a0=21 a1=7f414df544a0 a2=0 a3=22 items=0 ppid=864 pid=1371 auid=4294967295 uid=0 gid=33 euid=0 suid=0 fsuid=0 egid=33 sgid=33 fsgid=33 tty=(none) ses=4294967295 comm="apache2" exe="/usr/sbin/apache2" subj=unconfined key="T1166_Seuid_and_Setgid"ARCH=x86_64 SYSCALL=setgid AUID="unset" UID="root" GID="www-data" EUID="root" SUID="root" FSUID="root" EGID="www-data" SGID="www-data" FSGID="www-data"
type=PROCTITLE msg=audit(1772216088.843:1716): proctitle=2F7573722F7362696E2F61706163686532002D6B007374617274
type=SYSCALL msg=audit(1772216088.845:1717): arch=c000003e syscall=42 success=yes exit=0 a0=e a1=7ffcea878bf0 a2=2d a3=578e71a8c300 items=1 ppid=864 pid=1371 auid=4294967295 uid=0 gid=33 euid=0 suid=0 fsuid=0 egid=33 sgid=33 fsgid=33 tty=(none) ses=4294967295 comm="apache2" exe="/usr/sbin/apache2" subj=unconfined key="T1043_Commonly_Used_Port"ARCH=x86_64 SYSCALL=connect AUID="unset" UID="root" GID="www-data" EUID="root" SUID="root" FSUID="root" EGID="www-data" SGID="www-data" FSGID="www-data"
type=SOCKADDR msg=audit(1772216088.845:1717): saddr=01002F72756E2F73797374656D642F7573657264622F696F2E73797374656D642E44796E616D69635573657200SADDR={ saddr_fam=local path=/run/systemd/userdb/io.systemd.DynamicUser }
type=PATH msg=audit(1772216088.845:1717): item=0 name="/run/systemd/userdb/io.systemd.DynamicUser" inode=444 dev=00:18 mode=0140666 ouid=0 ogid=0 rdev=00:00 nametype=NORMAL cap_fp=0 cap_fi=0 cap_fe=0 cap_fver=0 cap_frootid=0OUID="root" OGID="root"
type=PROCTITLE msg=audit(1772216088.845:1717): proctitle=2F7573722F7362696E2F61706163686532002D6B007374617274
type=SYSCALL msg=audit(1772216088.846:1718): arch=c000003e syscall=105 success=yes exit=0 a0=21 a1=578e71903ec0 a2=578b094fd0c3 a3=578e71903ed0 items=0 ppid=864 pid=1371 auid=4294967295 uid=33 gid=33 euid=33 suid=33 fsuid=33 egid=33 sgid=33 fsgid=33 tty=(none) ses=4294967295 comm="apache2" exe="/usr/sbin/apache2" subj=unconfined key="T1166_Seuid_and_Setgid"ARCH=x86_64 SYSCALL=setuid AUID="unset" UID="www-data" GID="www-data" EUID="www-data" SUID="www-data" FSUID="www-data" EGID="www-data" SGID="www-data" FSGID="www-data"
type=PROCTITLE msg=audit(1772216088.846:1718): proctitle=2F7573722F7362696E2F61706163686532002D6B007374617274
type=SYSCALL msg=audit(1772216094.492:1719): arch=c000003e syscall=59 success=yes exit=0 a0=5f7f901b3ef0 a1=5f7f901b3840 a2=5f7f9006dcc0 a3=5f7f901b42e0 items=2 ppid=1335 pid=1372 auid=1000 uid=0 gid=0 euid=0 suid=0 fsuid=0 egid=0 sgid=0 fsgid=0 tty=pts1 ses=3 comm="tail" exe="/usr/bin/tail" subj=unconfined key="T1078_Valid_Accounts"ARCH=x86_64 SYSCALL=execve AUID="vboxuser" UID="root" GID="root" EUID="root" SUID="root" FSUID="root" EGID="root" SGID="root" FSGID="root"
type=EXECVE msg=audit(1772216094.492:1719): argc=4 a0="tail" a1="-c" a2="+10421148" a3="/var/www/nextcloud/data/nextcloud.log"
type=PATH msg=audit(1772216094.492:1719): item=0 name="/usr/bin/tail" inode=1442904 dev=08:02 mode=0100755 ouid=0 ogid=0 rdev=00:00 nametype=NORMAL cap_fp=0 cap_fi=0 cap_fe=0 cap_fver=0 cap_frootid=0OUID="root" OGID="root"
type=PATH msg=audit(1772216094.492:1719): item=1 name="/lib64/ld-linux-x86-64.so.2" inode=1481429 dev=08:02 mode=0100755 ouid=0 ogid=0 rdev=00:00 nametype=NORMAL cap_fp=0 cap_fi=0 cap_fe=0 cap_fver=0 cap_frootid=0OUID="root" OGID="root"
type=PROCTITLE msg=audit(1772216094.492:1719): proctitle=7461696C002D63002B3130343231313438002F7661722F7777772F6E657874636C6F75642F646174612F6E657874636C6F75642E6C6F67
type=SYSCALL msg=audit(1772216094.594:1720): arch=c000003e syscall=59 success=yes exit=0 a0=5f7f901b4370 a1=5f7f901b3ca0 a2=5f7f9006dcc0 a3=5f7f901b4410 items=2 ppid=1335 pid=1373 auid=1000 uid=0 gid=0 euid=0 suid=0 fsuid=0 egid=0 sgid=0 fsgid=0 tty=pts1 ses=3 comm="tail" exe="/usr/bin/tail" subj=unconfined key="T1078_Valid_Accounts"ARCH=x86_64 SYSCALL=execve AUID="vboxuser" UID="root" GID="root" EUID="root" SUID="root" FSUID="root" EGID="root" SGID="root" FSGID="root"
type=EXECVE msg=audit(1772216094.594:1720): argc=4 a0="tail" a1="-c" a2="+16853" a3="/var/log/syslog"
type=PATH msg=audit(1772216094.594:1720): item=0 name="/usr/bin/tail" inode=1442904 dev=08:02 mode=0100755 ouid=0 ogid=0 rdev=00:00 nametype=NORMAL cap_fp=0 cap_fi=0 cap_fe=0 cap_fver=0 cap_frootid=0OUID="root" OGID="root"
type=PATH msg=audit(1772216094.594:1720): item=1 name="/lib64/ld-linux-x86-64.so.2" inode=1481429 dev=08:02 mode=0100755 ouid=0 ogid=0 rdev=00:00 nametype=NORMAL cap_fp=0 cap_fi=0 cap_fe=0 cap_fver=0 cap_frootid=0OUID="root" OGID="root"
type=PROCTITLE msg=audit(1772216094.594:1720): proctitle=7461696C002D63002B3136383533002F7661722F6C6F672F7379736C6F67
type=SYSCALL msg=audit(1772216094.679:1721): arch=c000003e syscall=59 success=yes exit=0 a0=5f7f901b40a0 a1=5f7f901b3ca0 a2=5f7f9006dcc0 a3=5f7f901b44b0 items=2 ppid=1335 pid=1374 auid=1000 uid=0 gid=0 euid=0 suid=0 fsuid=0 egid=0 sgid=0 fsgid=0 tty=pts1 ses=3 comm="tail" exe="/usr/bin/tail" subj=unconfined key="T1078_Valid_Accounts"ARCH=x86_64 SYSCALL=execve AUID="vboxuser" UID="root" GID="root" EUID="root" SUID="root" FSUID="root" EGID="root" SGID="root" FSGID="root"
type=EXECVE msg=audit(1772216094.679:1721): argc=4 a0="tail" a1="-c" a2="+3568" a3="/var/log/auth.log"
type=PATH msg=audit(1772216094.679:1721): item=0 name="/usr/bin/tail" inode=1442904 dev=08:02 mode=0100755 ouid=0 ogid=0 rdev=00:00 nametype=NORMAL cap_fp=0 cap_fi=0 cap_fe=0 cap_fver=0 cap_frootid=0OUID="root" OGID="root"
type=PATH msg=audit(1772216094.679:1721): item=1 name="/lib64/ld-linux-x86-64.so.2" inode=1481429 dev=08:02 mode=0100755 ouid=0 ogid=0 rdev=00:00 nametype=NORMAL cap_fp=0 cap_fi=0 cap_fe=0 cap_fver=0 cap_frootid=0OUID="root" OGID="root"
type=PROCTITLE msg=audit(1772216094.679:1721): proctitle=7461696C002D63002B33353638002F7661722F6C6F672F617574682E6C6F67
type=SYSCALL msg=audit(1772216094.776:1722): arch=c000003e syscall=59 success=yes exit=0 a0=5f7f901b41e0 a1=5f7f901b3840 a2=5f7f9006dcc0 a3=5f7f901b44f0 items=2 ppid=1335 pid=1375 auid=1000 uid=0 gid=0 euid=0 suid=0 fsuid=0 egid=0 sgid=0 fsgid=0 tty=pts1 ses=3 comm="tail" exe="/usr/bin/tail" subj=unconfined key="T1078_Valid_Accounts"ARCH=x86_64 SYSCALL=execve AUID="vboxuser" UID="root" GID="root" EUID="root" SUID="root" FSUID="root" EGID="root" SGID="root" FSGID="root"
type=EXECVE msg=audit(1772216094.776:1722): argc=4 a0="tail" a1="-c" a2="+179434645" a3="/var/log/audit/audit.log"
type=PATH msg=audit(1772216094.776:1722): item=0 name="/usr/bin/tail" inode=1442904 dev=08:02 mode=0100755 ouid=0 ogid=0 rdev=00:00 nametype=NORMAL cap_fp=0 cap_fi=0 cap_fe=0 cap_fver=0 cap_frootid=0OUID="root" OGID="root"
type=PATH msg=audit(1772216094.776:1722): item=1 name="/lib64/ld-linux-x86-64.so.2" inode=1481429 dev=08:02 mode=0100755 ouid=0 ogid=0 rdev=00:00 nametype=NORMAL cap_fp=0 cap_fi=0 cap_fe=0 cap_fver=0 cap_frootid=0OUID="root" OGID="root"
type=PROCTITLE msg=audit(1772216094.776:1722): proctitle=7461696C002D63002B313739343334363435002F7661722F6C6F672F61756469742F61756469742E6C6F67
type=SYSCALL msg=audit(1772216094.781:1723): arch=c000003e syscall=257 success=yes exit=3 a0=ffffff9c a1=7ffc274096c3 a2=0 a3=0 items=1 ppid=1335 pid=1375 auid=1000 uid=0 gid=0 euid=0 suid=0 fsuid=0 egid=0 sgid=0 fsgid=0 tty=pts1 ses=3 comm="tail" exe="/usr/bin/tail" subj=unconfined key="auditlog"ARCH=x86_64 SYSCALL=openat AUID="vboxuser" UID="root" GID="root" EUID="root" SUID="root" FSUID="root" EGID="root" SGID="root" FSGID="root"
type=PATH msg=audit(1772216094.781:1723): item=0 name="/var/log/audit/audit.log" inode=659339 dev=08:02 mode=0100640 ouid=0 ogid=4 rdev=00:00 nametype=NORMAL cap_fp=0 cap_fi=0 cap_fe=0 cap_fver=0 cap_frootid=0OUID="root" OGID="adm"
type=PROCTITLE msg=audit(1772216094.781:1723): proctitle=7461696C002D63002B313739343334363435002F7661722F6C6F672F61756469742F61756469742E6C6F67