2026-02-24T11:47:50.719208+00:00 arena-wp kernel: workqueue: drm_fb_helper_damage_work hogged CPU for >10000us 4 times, consider switching to WQ_UNBOUND
2026-02-24T11:47:54.031070+00:00 arena-wp kernel: workqueue: e1000_watchdog [e1000] hogged CPU for >10000us 8 times, consider switching to WQ_UNBOUND
2026-02-24T11:48:07.708181+00:00 arena-wp kernel: workqueue: drm_fb_helper_damage_work hogged CPU for >10000us 8 times, consider switching to WQ_UNBOUND
2026-02-24T11:48:22.865674+00:00 arena-wp kernel: workqueue: e1000_watchdog [e1000] hogged CPU for >10000us 16 times, consider switching to WQ_UNBOUND
2026-02-24T11:48:28.991974+00:00 arena-wp systemd[1]: Starting fwupd-refresh.service - Refresh fwupd metadata and update motd...
2026-02-24T11:48:29.255804+00:00 arena-wp dbus-daemon[619]: [system] Activating via systemd: service name='org.freedesktop.fwupd' unit='fwupd.service' requested by ':1.21' (uid=989 pid=1513 comm="/usr/bin/fwupdmgr refresh" label="unconfined")
2026-02-24T11:48:29.279400+00:00 arena-wp systemd[1]: Starting fwupd.service - Firmware update daemon...
2026-02-24T11:48:30.203028+00:00 arena-wp dbus-daemon[619]: [system] Activating via systemd: service name='org.freedesktop.UPower' unit='upower.service' requested by ':1.22' (uid=0 pid=1518 comm="/usr/libexec/fwupd/fwupd" label="unconfined")
2026-02-24T11:48:30.263259+00:00 arena-wp systemd[1]: Starting upower.service - Daemon for power management...
2026-02-24T11:48:30.727802+00:00 arena-wp dbus-daemon[619]: [system] Successfully activated service 'org.freedesktop.UPower'
2026-02-24T11:48:30.728035+00:00 arena-wp systemd[1]: Started upower.service - Daemon for power management.
2026-02-24T11:48:30.923467+00:00 arena-wp fwupd[1518]: 11:48:30.920 FuEngine             failed to add device /sys/devices/pci0000:00/0000:00:01.1/ata2/host1/target1:0:0/1:0:0:0/block/sr0: failed to open /dev/sr0: No medium found
2026-02-24T11:48:31.059962+00:00 arena-wp fwupd[1518]: 11:48:31.058 FuMain               fwupd 1.9.30 ready for requests (locale en_US.UTF-8)
2026-02-24T11:48:31.066787+00:00 arena-wp dbus-daemon[619]: [system] Successfully activated service 'org.freedesktop.fwupd'
2026-02-24T11:48:31.068373+00:00 arena-wp systemd[1]: Started fwupd.service - Firmware update daemon.
2026-02-24T11:48:31.157647+00:00 arena-wp fwupdmgr[1513]: Updating lvfs
2026-02-24T11:48:36.734424+00:00 arena-wp kernel: workqueue: drm_fb_helper_damage_work hogged CPU for >10000us 16 times, consider switching to WQ_UNBOUND
2026-02-24T11:48:39.890867+00:00 arena-wp fwupdmgr[1513]: Successfully downloaded new metadata: 0 local devices supported
2026-02-24T11:48:39.915110+00:00 arena-wp systemd[1]: fwupd-refresh.service: Deactivated successfully.
2026-02-24T11:48:39.916151+00:00 arena-wp systemd[1]: Finished fwupd-refresh.service - Refresh fwupd metadata and update motd.
2026-02-24T11:48:45.553091+00:00 arena-wp kernel: clocksource: Long readout interval, skipping watchdog check: cs_nsec: 4488327858 wd_nsec: 4488327470
2026-02-24T11:49:40.454778+00:00 arena-wp kernel: workqueue: e1000_watchdog [e1000] hogged CPU for >10000us 32 times, consider switching to WQ_UNBOUND
2026-02-24T11:50:28.967306+00:00 arena-wp systemd[1]: Starting sysstat-collect.service - system activity accounting tool...
2026-02-24T11:50:29.092550+00:00 arena-wp systemd[1]: sysstat-collect.service: Deactivated successfully.
2026-02-24T11:50:29.100338+00:00 arena-wp systemd[1]: Finished sysstat-collect.service - system activity accounting tool.