2026-01-11T23:32:41.243901+00:00 finalArenaServer sudo:     root : TTY=pts/1 ; PWD=/root ; USER=root ; COMMAND=/usr/bin/vim /var/www/nextcloud/config/config.php
2026-01-11T23:32:41.246315+00:00 finalArenaServer sudo: pam_unix(sudo:session): session opened for user root(uid=0) by vboxuser(uid=0)
2026-01-11T23:32:46.171046+00:00 finalArenaServer sudo: pam_unix(sudo:session): session closed for user root2026-01-11T23:39:01.224620+00:00 finalArenaServer CRON[1444]: pam_unix(cron:session): session opened for user root(uid=0) by root(uid=0)
2026-01-11T23:39:01.251824+00:00 finalArenaServer CRON[1444]: pam_unix(cron:session): session closed for user root2026-01-11T23:55:03.098940+00:00 finalArenaServer CRON[1428]: pam_unix(cron:session): session opened for user root(uid=0) by root(uid=0)
2026-01-11T23:55:03.122864+00:00 finalArenaServer CRON[1428]: pam_unix(cron:session): session closed for user root
2026-01-11T23:59:01.184525+00:00 finalArenaServer CRON[1781]: pam_unix(cron:session): session opened for user root(uid=0) by root(uid=0)
2026-01-11T23:59:01.201188+00:00 finalArenaServer CRON[1781]: pam_unix(cron:session): session closed for user root
2026-01-11T23:59:23.868824+00:00 finalArenaServer sudo:     root : TTY=pts/1 ; PWD=/root ; USER=www-data ; COMMAND=/usr/bin/php /var/www/nextcloud/occ user:list
2026-01-11T23:59:23.870615+00:00 finalArenaServer sudo: pam_unix(sudo:session): session opened for user www-data(uid=33) by vboxuser(uid=0)
2026-01-11T23:59:24.484246+00:00 finalArenaServer sudo: pam_unix(sudo:session): session closed for user www-data
2026-01-11T23:59:52.047794+00:00 finalArenaServer sudo:     root : TTY=pts/1 ; PWD=/root ; USER=www-data ; COMMAND=/usr/bin/php /var/www/nextcloud/occ user:resetpassword --help
2026-01-11T23:59:52.049048+00:00 finalArenaServer sudo: pam_unix(sudo:session): session opened for user www-data(uid=33) by vboxuser(uid=0)
2026-01-11T23:59:52.391471+00:00 finalArenaServer sudo: pam_unix(sudo:session): session closed for user www-data
2026-01-12T00:00:01.214372+00:00 finalArenaServer CRON[1797]: pam_unix(cron:session): session opened for user root(uid=0) by root(uid=0)
2026-01-12T00:00:01.221814+00:00 finalArenaServer CRON[1797]: pam_unix(cron:session): session closed for user root
2026-01-12T00:00:16.586547+00:00 finalArenaServer sudo:     root : TTY=pts/1 ; PWD=/root ; USER=www-data ; ENV=OC_PASS=Admin12345! ; COMMAND=/usr/bin/php /var/www/nextcloud/occ user:resetpassword --password-from-env Admin
2026-01-12T00:00:16.588511+00:00 finalArenaServer sudo: pam_unix(sudo:session): session opened for user www-data(uid=33) by vboxuser(uid=0)
2026-01-12T00:00:17.523245+00:00 finalArenaServer sudo: pam_unix(sudo:session): session closed for user www-data
2026-01-12T00:00:50.982637+00:00 finalArenaServer sudo:     root : TTY=pts/1 ; PWD=/root ; USER=www-data ; ENV=OC_PASS=Yb9@kV3v!s9N6wQ2#pLJ ; COMMAND=/usr/bin/php /var/www/nextcloud/occ user:resetpassword --password-from-env Admin
2026-01-12T00:00:50.984565+00:00 finalArenaServer sudo: pam_unix(sudo:session): session opened for user www-data(uid=33) by vboxuser(uid=0)
2026-01-12T00:00:51.831621+00:00 finalArenaServer sudo: pam_unix(sudo:session): session closed for user www-data2026-01-12T00:05:01.351339+00:00 finalArenaServer CRON[1450]: pam_unix(cron:session): session opened for user root(uid=0) by root(uid=0)
2026-01-12T00:05:01.366759+00:00 finalArenaServer CRON[1450]: pam_unix(cron:session): session closed for user root
2026-01-12T00:05:23.684517+00:00 finalArenaServer sudo:     root : TTY=pts/1 ; PWD=/root ; USER=www-data ; COMMAND=/usr/bin/php -d detect_unicode=0 /var/www/nextcloud/occ log:tail --lines=100
2026-01-12T00:05:23.686330+00:00 finalArenaServer sudo: pam_unix(sudo:session): session opened for user www-data(uid=33) by vboxuser(uid=0)
2026-01-12T00:05:24.451564+00:00 finalArenaServer sudo: pam_unix(sudo:session): session closed for user www-data
2026-01-12T00:05:35.600029+00:00 finalArenaServer sudo:     root : TTY=pts/1 ; PWD=/root ; USER=www-data ; COMMAND=/usr/bin/php /var/www/nextcloud/occ log:tail 150
2026-01-12T00:05:35.602320+00:00 finalArenaServer sudo: pam_unix(sudo:session): session opened for user www-data(uid=33) by vboxuser(uid=0)
2026-01-12T00:05:36.895673+00:00 finalArenaServer sudo: pam_unix(sudo:session): session closed for user www-data
2026-01-12T00:06:20.576983+00:00 finalArenaServer sudo:     root : TTY=pts/1 ; PWD=/root ; USER=www-data ; COMMAND=/usr/bin/php /var/www/nextcloud/occ app:list
2026-01-12T00:06:20.578364+00:00 finalArenaServer sudo: pam_unix(sudo:session): session opened for user www-data(uid=33) by vboxuser(uid=0)
2026-01-12T00:06:20.959808+00:00 finalArenaServer sudo: pam_unix(sudo:session): session closed for user www-data
2026-01-12T00:08:30.253985+00:00 finalArenaServer sudo:     root : TTY=pts/1 ; PWD=/root ; USER=www-data ; COMMAND=/usr/bin/php /var/www/nextcloud/occ app:status files
2026-01-12T00:08:30.257054+00:00 finalArenaServer sudo: pam_unix(sudo:session): session opened for user www-data(uid=33) by vboxuser(uid=0)
2026-01-12T00:08:30.602143+00:00 finalArenaServer sudo: pam_unix(sudo:session): session closed for user www-data
2026-01-12T00:09:01.968989+00:00 finalArenaServer CRON[1530]: pam_unix(cron:session): session opened for user root(uid=0) by root(uid=0)
2026-01-12T00:09:01.980631+00:00 finalArenaServer CRON[1530]: pam_unix(cron:session): session closed for user root
2026-01-12T00:09:29.231765+00:00 finalArenaServer sudo:     root : TTY=pts/1 ; PWD=/root ; USER=www-data ; COMMAND=/usr/bin/php /var/www/nextcloud/occ app:list
2026-01-12T00:09:29.232943+00:00 finalArenaServer sudo: pam_unix(sudo:session): session opened for user www-data(uid=33) by vboxuser(uid=0)
2026-01-12T00:09:29.553991+00:00 finalArenaServer sudo: pam_unix(sudo:session): session closed for user www-data
2026-01-12T00:09:53.921815+00:00 finalArenaServer sudo:     root : TTY=pts/1 ; PWD=/root ; USER=www-data ; COMMAND=/usr/bin/php /var/www/nextcloud/occ integrity:check-app files
2026-01-12T00:09:53.922961+00:00 finalArenaServer sudo: pam_unix(sudo:session): session opened for user www-data(uid=33) by vboxuser(uid=0)
2026-01-12T00:09:54.519774+00:00 finalArenaServer sudo: pam_unix(sudo:session): session closed for user www-data
2026-01-12T00:11:38.701652+00:00 finalArenaServer sudo:     root : TTY=pts/1 ; PWD=/root ; USER=www-data ; COMMAND=/usr/bin/php /var/www/nextcloud/occ integrity:check-app files
2026-01-12T00:11:38.704829+00:00 finalArenaServer sudo: pam_unix(sudo:session): session opened for user www-data(uid=33) by vboxuser(uid=0)
2026-01-12T00:11:39.123318+00:00 finalArenaServer sudo: pam_unix(sudo:session): session closed for user www-data
2026-01-12T00:11:50.717484+00:00 finalArenaServer sudo:     root : TTY=pts/1 ; PWD=/root ; USER=www-data ; COMMAND=/usr/bin/php /var/www/nextcloud/occ maintenance:repair
2026-01-12T00:11:50.719934+00:00 finalArenaServer sudo: pam_unix(sudo:session): session opened for user www-data(uid=33) by vboxuser(uid=0)
2026-01-12T00:11:51.996584+00:00 finalArenaServer sudo: pam_unix(sudo:session): session closed for user www-data2026-01-12T00:17:03.010492+00:00 finalArenaServer CRON[1432]: pam_unix(cron:session): session opened for user root(uid=0) by root(uid=0)
2026-01-12T00:17:03.022081+00:00 finalArenaServer CRON[1432]: pam_unix(cron:session): session closed for user root
2026-01-12T00:23:59.895755+00:00 finalArenaServer sudo:     root : TTY=pts/1 ; PWD=/root ; USER=root ; COMMAND=/usr/bin/vim /etc/php/8.3/apache2/conf.d/99-memory-limit.ini
2026-01-12T00:23:59.898062+00:00 finalArenaServer sudo: pam_unix(sudo:session): session opened for user root(uid=0) by vboxuser(uid=0)
2026-01-12T00:24:04.593458+00:00 finalArenaServer sudo: pam_unix(sudo:session): session closed for user root
2026-01-12T00:25:01.043224+00:00 finalArenaServer CRON[1490]: pam_unix(cron:session): session opened for user root(uid=0) by root(uid=0)
2026-01-12T00:25:01.071029+00:00 finalArenaServer CRON[1490]: pam_unix(cron:session): session closed for user root2026-01-12T00:35:01.152342+00:00 finalArenaServer CRON[1526]: pam_unix(cron:session): session opened for user root(uid=0) by root(uid=0)
2026-01-12T00:35:01.162218+00:00 finalArenaServer CRON[1526]: pam_unix(cron:session): session closed for user root
2026-01-12T00:39:01.379478+00:00 finalArenaServer CRON[1588]: pam_unix(cron:session): session opened for user root(uid=0) by root(uid=0)
2026-01-12T00:39:01.389557+00:00 finalArenaServer CRON[1588]: pam_unix(cron:session): session closed for user root
2026-01-12T00:41:01.256481+00:00 finalArenaServer sudo:     root : TTY=pts/1 ; PWD=/root ; USER=www-data ; COMMAND=/usr/bin/php -d display_errors=1 /var/www/nextcloud/occ status
2026-01-12T00:41:01.260064+00:00 finalArenaServer sudo: pam_unix(sudo:session): session opened for user www-data(uid=33) by vboxuser(uid=0)
2026-01-12T00:41:01.668107+00:00 finalArenaServer sudo: pam_unix(sudo:session): session closed for user www-data2026-01-12T00:29:05.682009+00:00 finalArenaServer sudo:     root : TTY=pts/1 ; PWD=/root ; USER=root ; COMMAND=/usr/bin/vim /etc/apache2/sites-enabled/nextcloud.conf
2026-01-12T00:29:05.683392+00:00 finalArenaServer sudo: pam_unix(sudo:session): session opened for user root(uid=0) by vboxuser(uid=0)
2026-01-12T00:29:10.790212+00:00 finalArenaServer sudo: pam_unix(sudo:session): session closed for user root