2026-01-12T01:25:01.407627+00:00 finalArenaServer CRON[1541]: pam_unix(cron:session): session opened for user root(uid=0) by root(uid=0)
2026-01-12T01:25:01.420379+00:00 finalArenaServer CRON[1541]: pam_unix(cron:session): session closed for user root
2026-01-12T01:26:13.020347+00:00 finalArenaServer sudo:     root : TTY=pts/1 ; PWD=/root ; USER=root ; COMMAND=/usr/bin/vim /var/www/nextcloud/config/config.php
2026-01-12T01:26:13.029483+00:00 finalArenaServer sudo: pam_unix(sudo:session): session opened for user root(uid=0) by vboxuser(uid=0)
2026-01-12T01:26:18.682084+00:00 finalArenaServer sudo: pam_unix(sudo:session): session closed for user root2026-01-12T01:32:43.663688+00:00 finalArenaServer sudo:     root : TTY=pts/1 ; PWD=/root ; USER=root ; COMMAND=/usr/bin/vim /etc/apache2/sites-available/000-default.conf
2026-01-12T01:32:43.667513+00:00 finalArenaServer sudo: pam_unix(sudo:session): session opened for user root(uid=0) by vboxuser(uid=0)
2026-01-12T01:32:48.152425+00:00 finalArenaServer sudo: pam_unix(sudo:session): session closed for user root
2026-01-12T01:35:02.123230+00:00 finalArenaServer CRON[1507]: pam_unix(cron:session): session opened for user root(uid=0) by root(uid=0)
2026-01-12T01:35:02.183511+00:00 finalArenaServer CRON[1507]: pam_unix(cron:session): session closed for user root2026-01-12T01:39:01.647118+00:00 finalArenaServer CRON[1485]: pam_unix(cron:session): session opened for user root(uid=0) by root(uid=0)
2026-01-12T01:39:01.651305+00:00 finalArenaServer CRON[1485]: pam_unix(cron:session): session closed for user root2026-01-12T01:45:01.517837+00:00 finalArenaServer CRON[1467]: pam_unix(cron:session): session opened for user root(uid=0) by root(uid=0)
2026-01-12T01:45:01.528745+00:00 finalArenaServer CRON[1467]: pam_unix(cron:session): session closed for user root2026-01-12T01:53:26.419479+00:00 finalArenaServer sudo:     root : TTY=pts/1 ; PWD=/root ; USER=root ; COMMAND=/usr/bin/vim /etc/hosts
2026-01-12T01:53:26.420865+00:00 finalArenaServer sudo: pam_unix(sudo:session): session opened for user root(uid=0) by vboxuser(uid=0)
2026-01-12T01:53:32.458188+00:00 finalArenaServer sudo: pam_unix(sudo:session): session closed for user root
2026-01-12T01:55:01.908611+00:00 finalArenaServer CRON[1486]: pam_unix(cron:session): session opened for user root(uid=0) by root(uid=0)
2026-01-12T01:55:01.916895+00:00 finalArenaServer CRON[1486]: pam_unix(cron:session): session closed for user root
2026-01-12T01:58:00.429140+00:00 finalArenaServer sudo:     root : TTY=pts/1 ; PWD=/root ; USER=root ; COMMAND=/usr/bin/vim /etc/php/8.3/apache2/conf.d/99-memory-limit.ini
2026-01-12T01:58:00.430610+00:00 finalArenaServer sudo: pam_unix(sudo:session): session opened for user root(uid=0) by vboxuser(uid=0)
2026-01-12T01:58:04.939243+00:00 finalArenaServer sudo: pam_unix(sudo:session): session closed for user root2026-01-12T02:09:01.799976+00:00 finalArenaServer CRON[1513]: pam_unix(cron:session): session opened for user root(uid=0) by root(uid=0)
2026-01-12T02:09:01.874187+00:00 finalArenaServer CRON[1513]: pam_unix(cron:session): session closed for user root
2026-01-12T02:15:01.023797+00:00 finalArenaServer CRON[1643]: pam_unix(cron:session): session opened for user root(uid=0) by root(uid=0)
2026-01-12T02:15:01.043801+00:00 finalArenaServer CRON[1643]: pam_unix(cron:session): session closed for user root
2026-01-12T02:17:01.079241+00:00 finalArenaServer CRON[1665]: pam_unix(cron:session): session opened for user root(uid=0) by root(uid=0)
2026-01-12T02:17:01.162408+00:00 finalArenaServer CRON[1665]: pam_unix(cron:session): session closed for user root2026-01-12T02:02:58.884723+00:00 finalArenaServer sudo:     root : TTY=pts/1 ; PWD=/root ; USER=root ; COMMAND=/usr/bin/vim /etc/apache2/sites-enabled/nextcloud.conf
2026-01-12T02:02:58.889135+00:00 finalArenaServer sudo: pam_unix(sudo:session): session opened for user root(uid=0) by vboxuser(uid=0)
2026-01-12T02:03:03.586877+00:00 finalArenaServer sudo: pam_unix(sudo:session): session closed for user root