2026-01-12T01:20:39.912394+00:00 finalArenaServer kernel: workqueue: blk_mq_run_work_fn hogged CPU for >10000us 8 times, consider switching to WQ_UNBOUND
2026-01-12T01:20:46.976299+00:00 finalArenaServer kernel: workqueue: e1000_watchdog [e1000] hogged CPU for >10000us 8 times, consider switching to WQ_UNBOUND
2026-01-12T01:20:48.962675+00:00 finalArenaServer systemd[1]: Starting e2scrub_all.service - Online ext4 Metadata Check for All Filesystems...
2026-01-12T01:20:49.076922+00:00 finalArenaServer systemd[1]: e2scrub_all.service: Deactivated successfully.
2026-01-12T01:20:49.077598+00:00 finalArenaServer systemd[1]: Finished e2scrub_all.service - Online ext4 Metadata Check for All Filesystems.
2026-01-12T01:21:04.331858+00:00 finalArenaServer kernel: clocksource: Long readout interval, skipping watchdog check: cs_nsec: 5815823020 wd_nsec: 5815820927
2026-01-12T01:21:58.028608+00:00 finalArenaServer kernel: workqueue: e1000_watchdog [e1000] hogged CPU for >10000us 16 times, consider switching to WQ_UNBOUND
2026-01-12T01:22:50.364903+00:00 finalArenaServer kernel: workqueue: blk_mq_run_work_fn hogged CPU for >10000us 16 times, consider switching to WQ_UNBOUND
2026-01-12T01:24:33.851093+00:00 finalArenaServer kernel: workqueue: e1000_watchdog [e1000] hogged CPU for >10000us 32 times, consider switching to WQ_UNBOUND
2026-01-12T01:24:57.643208+00:00 finalArenaServer systemd[1]: Starting update-notifier-download.service - Download data for packages that failed at package install time...
2026-01-12T01:24:57.843442+00:00 finalArenaServer systemd[1]: update-notifier-download.service: Deactivated successfully.
2026-01-12T01:24:57.844533+00:00 finalArenaServer systemd[1]: Finished update-notifier-download.service - Download data for packages that failed at package install time.
2026-01-12T01:24:58.140918+00:00 finalArenaServer systemd[1]: Reloading apache2.service - The Apache HTTP Server...
2026-01-12T01:24:58.291082+00:00 finalArenaServer apachectl[1534]: AH00558: apache2: Could not reliably determine the server's fully qualified domain name, using fd17:625c:f037:2:a00:27ff:fe3f:3739. Set the 'ServerName' directive globally to suppress this message
2026-01-12T01:24:58.350511+00:00 finalArenaServer systemd[1]: Reloaded apache2.service - The Apache HTTP Server.
2026-01-12T01:25:01.408655+00:00 finalArenaServer CRON[1542]: (root) CMD (command -v debian-sa1 > /dev/null && debian-sa1 1 1)
2026-01-12T01:25:36.370586+00:00 finalArenaServer kernel: workqueue: drm_fb_helper_damage_work hogged CPU for >10000us 8 times, consider switching to WQ_UNBOUND
2026-01-12T01:25:43.166692+00:00 finalArenaServer systemd[1167]: launchpadlib-cache-clean.service - Clean up old files in the Launchpadlib cache was skipped because of an unmet condition check (ConditionPathExists=/home/vboxuser/.launchpadlib/api.launchpad.net/cache).
2026-01-12T01:26:27.576155+00:00 finalArenaServer systemd[1]: Reloading apache2.service - The Apache HTTP Server...
2026-01-12T01:26:27.710978+00:00 finalArenaServer apachectl[1562]: AH00558: apache2: Could not reliably determine the server's fully qualified domain name, using fd17:625c:f037:2:a00:27ff:fe3f:3739. Set the 'ServerName' directive globally to suppress this message
2026-01-12T01:26:27.769278+00:00 finalArenaServer systemd[1]: Reloaded apache2.service - The Apache HTTP Server.2026-01-12T01:30:45.249364+00:00 finalArenaServer systemd[1]: Starting e2scrub_all.service - Online ext4 Metadata Check for All Filesystems...
2026-01-12T01:30:45.255388+00:00 finalArenaServer systemd[1]: systemd-hostnamed.service: Deactivated successfully.
2026-01-12T01:30:45.301228+00:00 finalArenaServer systemd[1]: e2scrub_all.service: Deactivated successfully.
2026-01-12T01:30:45.301374+00:00 finalArenaServer systemd[1]: Finished e2scrub_all.service - Online ext4 Metadata Check for All Filesystems.
2026-01-12T01:30:46.384584+00:00 finalArenaServer systemd[1]: systemd-timedated.service: Deactivated successfully.
2026-01-12T01:30:49.549613+00:00 finalArenaServer systemd-resolved[465]: Clock change detected. Flushing caches.
2026-01-12T01:30:49.549929+00:00 finalArenaServer systemd-timesyncd[470]: Contacted time server 151.236.30.71:123 (2.ubuntu.pool.ntp.org).
2026-01-12T01:30:49.550035+00:00 finalArenaServer systemd-timesyncd[470]: Initial clock synchronization to Mon 2026-01-12 01:30:49.546276 UTC.
2026-01-12T01:30:53.279245+00:00 finalArenaServer kernel: workqueue: e1000_watchdog [e1000] hogged CPU for >10000us 4 times, consider switching to WQ_UNBOUND
2026-01-12T01:30:55.517963+00:00 finalArenaServer kernel: workqueue: drm_fb_helper_damage_work hogged CPU for >10000us 4 times, consider switching to WQ_UNBOUND
2026-01-12T01:31:05.086141+00:00 finalArenaServer kernel: workqueue: e1000_watchdog [e1000] hogged CPU for >10000us 8 times, consider switching to WQ_UNBOUND
2026-01-12T01:31:17.292496+00:00 finalArenaServer kernel: clocksource: Long readout interval, skipping watchdog check: cs_nsec: 7130489038 wd_nsec: 7130486601
2026-01-12T01:31:17.292538+00:00 finalArenaServer kernel: workqueue: blk_mq_run_work_fn hogged CPU for >10000us 8 times, consider switching to WQ_UNBOUND
2026-01-12T01:31:31.791661+00:00 finalArenaServer kernel: workqueue: e1000_watchdog [e1000] hogged CPU for >10000us 16 times, consider switching to WQ_UNBOUND
2026-01-12T01:31:53.099677+00:00 finalArenaServer kernel: workqueue: drm_fb_helper_damage_work hogged CPU for >10000us 8 times, consider switching to WQ_UNBOUND
2026-01-12T01:32:16.301489+00:00 finalArenaServer kernel: workqueue: e1000_watchdog [e1000] hogged CPU for >10000us 32 times, consider switching to WQ_UNBOUND
2026-01-12T01:32:46.784546+00:00 finalArenaServer kernel: workqueue: drm_fb_helper_damage_work hogged CPU for >10000us 16 times, consider switching to WQ_UNBOUND
2026-01-12T01:32:54.523274+00:00 finalArenaServer systemd[1]: Reloading apache2.service - The Apache HTTP Server...
2026-01-12T01:32:54.671949+00:00 finalArenaServer apachectl[1473]: AH00558: apache2: Could not reliably determine the server's fully qualified domain name, using fd17:625c:f037:2:a00:27ff:fe3f:3739. Set the 'ServerName' directive globally to suppress this message
2026-01-12T01:32:54.709800+00:00 finalArenaServer systemd[1]: Reloaded apache2.service - The Apache HTTP Server.
2026-01-12T01:33:00.260839+00:00 finalArenaServer mariadbd[1002]: 2026-01-12  1:33:00 31 [Warning] Access denied for user 'nc_user'@'localhost'
2026-01-12T01:33:00.299493+00:00 finalArenaServer mariadbd[1002]: 2026-01-12  1:33:00 32 [Warning] Access denied for user 'nc_user'@'localhost'
2026-01-12T01:33:00.311379+00:00 finalArenaServer mariadbd[1002]: 2026-01-12  1:33:00 33 [Warning] Access denied for user 'nc_user'@'localhost'
2026-01-12T01:33:00.311893+00:00 finalArenaServer mariadbd[1002]: 2026-01-12  1:33:00 34 [Warning] Access denied for user 'nc_user'@'localhost'
2026-01-12T01:33:00.313595+00:00 finalArenaServer mariadbd[1002]: 2026-01-12  1:33:00 35 [Warning] Access denied for user 'nc_user'@'localhost'
2026-01-12T01:33:00.314455+00:00 finalArenaServer mariadbd[1002]: 2026-01-12  1:33:00 36 [Warning] Access denied for user 'nc_user'@'localhost'
2026-01-12T01:33:00.317542+00:00 finalArenaServer mariadbd[1002]: 2026-01-12  1:33:00 37 [Warning] Access denied for user 'nc_user'@'localhost'
2026-01-12T01:33:00.317780+00:00 finalArenaServer mariadbd[1002]: 2026-01-12  1:33:00 38 [Warning] Access denied for user 'nc_user'@'localhost'
2026-01-12T01:33:00.382093+00:00 finalArenaServer mariadbd[1002]: 2026-01-12  1:33:00 39 [Warning] Access denied for user 'nc_user'@'localhost'
2026-01-12T01:33:00.382354+00:00 finalArenaServer mariadbd[1002]: 2026-01-12  1:33:00 40 [Warning] Access denied for user 'nc_user'@'localhost'
2026-01-12T01:33:00.384520+00:00 finalArenaServer mariadbd[1002]: 2026-01-12  1:33:00 41 [Warning] Access denied for user 'nc_user'@'localhost'
2026-01-12T01:33:00.385106+00:00 finalArenaServer mariadbd[1002]: 2026-01-12  1:33:00 42 [Warning] Access denied for user 'nc_user'@'localhost'
2026-01-12T01:33:00.403092+00:00 finalArenaServer mariadbd[1002]: 2026-01-12  1:33:00 43 [Warning] Access denied for user 'nc_user'@'localhost'
2026-01-12T01:33:00.404196+00:00 finalArenaServer mariadbd[1002]: 2026-01-12  1:33:00 44 [Warning] Access denied for user 'nc_user'@'localhost'
2026-01-12T01:33:00.465951+00:00 finalArenaServer mariadbd[1002]: 2026-01-12  1:33:00 45 [Warning] Access denied for user 'nc_user'@'localhost'
2026-01-12T01:33:00.466948+00:00 finalArenaServer mariadbd[1002]: 2026-01-12  1:33:00 46 [Warning] Access denied for user 'nc_user'@'localhost'
2026-01-12T01:33:00.516466+00:00 finalArenaServer mariadbd[1002]: 2026-01-12  1:33:00 47 [Warning] Access denied for user 'nc_user'@'localhost'
2026-01-12T01:33:00.517813+00:00 finalArenaServer mariadbd[1002]: 2026-01-12  1:33:00 48 [Warning] Access denied for user 'nc_user'@'localhost'
2026-01-12T01:33:00.518498+00:00 finalArenaServer mariadbd[1002]: 2026-01-12  1:33:00 49 [Warning] Access denied for user 'nc_user'@'localhost'
2026-01-12T01:33:00.519245+00:00 finalArenaServer mariadbd[1002]: 2026-01-12  1:33:00 50 [Warning] Access denied for user 'nc_user'@'localhost'
2026-01-12T01:33:00.520009+00:00 finalArenaServer mariadbd[1002]: 2026-01-12  1:33:00 51 [Warning] Access denied for user 'nc_user'@'localhost'
2026-01-12T01:33:00.520446+00:00 finalArenaServer mariadbd[1002]: 2026-01-12  1:33:00 52 [Warning] Access denied for user 'nc_user'@'localhost'
2026-01-12T01:33:00.521191+00:00 finalArenaServer mariadbd[1002]: 2026-01-12  1:33:00 53 [Warning] Access denied for user 'nc_user'@'localhost'
2026-01-12T01:33:00.521609+00:00 finalArenaServer mariadbd[1002]: 2026-01-12  1:33:00 54 [Warning] Access denied for user 'nc_user'@'localhost'
2026-01-12T01:33:00.522961+00:00 finalArenaServer mariadbd[1002]: 2026-01-12  1:33:00 55 [Warning] Access denied for user 'nc_user'@'localhost'
2026-01-12T01:33:00.523641+00:00 finalArenaServer mariadbd[1002]: 2026-01-12  1:33:00 56 [Warning] Access denied for user 'nc_user'@'localhost'
2026-01-12T01:33:00.525125+00:00 finalArenaServer mariadbd[1002]: 2026-01-12  1:33:00 57 [Warning] Access denied for user 'nc_user'@'localhost'
2026-01-12T01:33:00.526305+00:00 finalArenaServer mariadbd[1002]: 2026-01-12  1:33:00 58 [Warning] Access denied for user 'nc_user'@'localhost'
2026-01-12T01:33:00.528008+00:00 finalArenaServer mariadbd[1002]: 2026-01-12  1:33:00 59 [Warning] Access denied for user 'nc_user'@'localhost'
2026-01-12T01:33:00.528613+00:00 finalArenaServer mariadbd[1002]: 2026-01-12  1:33:00 60 [Warning] Access denied for user 'nc_user'@'localhost'
2026-01-12T01:33:00.531114+00:00 finalArenaServer mariadbd[1002]: 2026-01-12  1:33:00 61 [Warning] Access denied for user 'nc_user'@'localhost'
2026-01-12T01:33:00.531959+00:00 finalArenaServer mariadbd[1002]: 2026-01-12  1:33:00 62 [Warning] Access denied for user 'nc_user'@'localhost'
2026-01-12T01:33:02.268314+00:00 finalArenaServer kernel: workqueue: blk_mq_run_work_fn hogged CPU for >10000us 16 times, consider switching to WQ_UNBOUND
2026-01-12T01:33:26.377591+00:00 finalArenaServer kernel: workqueue: e1000_watchdog [e1000] hogged CPU for >10000us 64 times, consider switching to WQ_UNBOUND
2026-01-12T01:33:54.417717+00:00 finalArenaServer mariadbd[1002]: 2026-01-12  1:33:54 63 [Warning] Access denied for user 'nc_user'@'localhost'
2026-01-12T01:34:10.231680+00:00 finalArenaServer kernel: workqueue: ata_sff_pio_task hogged CPU for >10000us 4 times, consider switching to WQ_UNBOUND
2026-01-12T01:35:02.141040+00:00 finalArenaServer CRON[1508]: (root) CMD (command -v debian-sa1 > /dev/null && debian-sa1 1 1)2026-01-12T01:37:02.568979+00:00 finalArenaServer kernel: workqueue: e1000_watchdog [e1000] hogged CPU for >10000us 8 times, consider switching to WQ_UNBOUND
2026-01-12T01:37:26.342634+00:00 finalArenaServer kernel: workqueue: e1000_watchdog [e1000] hogged CPU for >10000us 16 times, consider switching to WQ_UNBOUND
2026-01-12T01:37:39.699718+00:00 finalArenaServer kernel: workqueue: blk_mq_run_work_fn hogged CPU for >10000us 8 times, consider switching to WQ_UNBOUND
2026-01-12T01:38:10.104379+00:00 finalArenaServer kernel: workqueue: drm_fb_helper_damage_work hogged CPU for >10000us 8 times, consider switching to WQ_UNBOUND
2026-01-12T01:38:27.078674+00:00 finalArenaServer kernel: workqueue: e1000_watchdog [e1000] hogged CPU for >10000us 32 times, consider switching to WQ_UNBOUND
2026-01-12T01:38:28.915971+00:00 finalArenaServer systemd[1]: Reloading apache2.service - The Apache HTTP Server...
2026-01-12T01:38:34.078481+00:00 finalArenaServer apachectl[1458]: AH00558: apache2: Could not reliably determine the server's fully qualified domain name, using fd17:625c:f037:2:a00:27ff:fe3f:3739. Set the 'ServerName' directive globally to suppress this message
2026-01-12T01:38:34.107135+00:00 finalArenaServer systemd[1]: Reloaded apache2.service - The Apache HTTP Server.
2026-01-12T01:39:01.647428+00:00 finalArenaServer CRON[1486]: (root) CMD (  [ -x /usr/lib/php/sessionclean ] && if [ ! -d /run/systemd/system ]; then /usr/lib/php/sessionclean; fi)
2026-01-12T01:39:23.393473+00:00 finalArenaServer systemd[1]: Starting phpsessionclean.service - Clean php session files...
2026-01-12T01:39:23.622987+00:00 finalArenaServer systemd[1]: phpsessionclean.service: Deactivated successfully.
2026-01-12T01:39:23.623233+00:00 finalArenaServer systemd[1]: Finished phpsessionclean.service - Clean php session files.2026-01-12T01:41:22.647734+00:00 finalArenaServer kernel: workqueue: blk_mq_run_work_fn hogged CPU for >10000us 8 times, consider switching to WQ_UNBOUND
2026-01-12T01:45:01.518480+00:00 finalArenaServer CRON[1468]: (root) CMD (command -v debian-sa1 > /dev/null && debian-sa1 1 1)
2026-01-12T01:45:29.569157+00:00 finalArenaServer systemd[1]: Starting update-notifier-download.service - Download data for packages that failed at package install time...
2026-01-12T01:45:29.737970+00:00 finalArenaServer systemd[1]: update-notifier-download.service: Deactivated successfully.
2026-01-12T01:45:29.738118+00:00 finalArenaServer systemd[1]: Finished update-notifier-download.service - Download data for packages that failed at package install time.
2026-01-12T01:46:16.615699+00:00 finalArenaServer systemd[1168]: launchpadlib-cache-clean.service - Clean up old files in the Launchpadlib cache was skipped because of an unmet condition check (ConditionPathExists=/home/vboxuser/.launchpadlib/api.launchpad.net/cache).
2026-01-12T01:47:55.829725+00:00 finalArenaServer systemd[1]: Reloading apache2.service - The Apache HTTP Server...
2026-01-12T01:47:55.961296+00:00 finalArenaServer apachectl[1495]: AH00558: apache2: Could not reliably determine the server's fully qualified domain name, using fd17:625c:f037:2:a00:27ff:fe3f:3739. Set the 'ServerName' directive globally to suppress this message
2026-01-12T01:47:56.002598+00:00 finalArenaServer systemd[1]: Reloaded apache2.service - The Apache HTTP Server.2026-01-12T01:50:42.101820+00:00 finalArenaServer kernel: workqueue: e1000_watchdog [e1000] hogged CPU for >10000us 4 times, consider switching to WQ_UNBOUND
2026-01-12T01:51:14.876261+00:00 finalArenaServer kernel: workqueue: e1000_watchdog [e1000] hogged CPU for >10000us 8 times, consider switching to WQ_UNBOUND
2026-01-12T01:51:55.892238+00:00 finalArenaServer kernel: workqueue: e1000_watchdog [e1000] hogged CPU for >10000us 16 times, consider switching to WQ_UNBOUND
2026-01-12T01:52:47.393660+00:00 finalArenaServer kernel: workqueue: blk_mq_run_work_fn hogged CPU for >10000us 4 times, consider switching to WQ_UNBOUND
2026-01-12T01:53:19.864185+00:00 finalArenaServer kernel: workqueue: e1000_watchdog [e1000] hogged CPU for >10000us 32 times, consider switching to WQ_UNBOUND
2026-01-12T01:54:40.121650+00:00 finalArenaServer systemd[1]: Starting update-notifier-download.service - Download data for packages that failed at package install time...
2026-01-12T01:54:40.274218+00:00 finalArenaServer systemd[1]: update-notifier-download.service: Deactivated successfully.
2026-01-12T01:54:40.274287+00:00 finalArenaServer systemd[1]: Finished update-notifier-download.service - Download data for packages that failed at package install time.
2026-01-12T01:55:01.909775+00:00 finalArenaServer CRON[1487]: (root) CMD (command -v debian-sa1 > /dev/null && debian-sa1 1 1)
2026-01-12T01:56:19.252996+00:00 finalArenaServer kernel: workqueue: blk_mq_run_work_fn hogged CPU for >10000us 8 times, consider switching to WQ_UNBOUND
2026-01-12T01:56:23.417566+00:00 finalArenaServer systemd[1359]: launchpadlib-cache-clean.service - Clean up old files in the Launchpadlib cache was skipped because of an unmet condition check (ConditionPathExists=/home/vboxuser/.launchpadlib/api.launchpad.net/cache).
2026-01-12T01:56:38.172142+00:00 finalArenaServer systemd[1]: Stopping apache2.service - The Apache HTTP Server...
2026-01-12T01:56:38.220130+00:00 finalArenaServer apachectl[1505]: AH00558: apache2: Could not reliably determine the server's fully qualified domain name, using fd17:625c:f037:2:a00:27ff:fe3f:3739. Set the 'ServerName' directive globally to suppress this message
2026-01-12T01:56:38.274134+00:00 finalArenaServer systemd[1]: apache2.service: Deactivated successfully.
2026-01-12T01:56:38.274842+00:00 finalArenaServer systemd[1]: Stopped apache2.service - The Apache HTTP Server.
2026-01-12T01:56:38.274945+00:00 finalArenaServer systemd[1]: apache2.service: Consumed 2.263s CPU time, 143.6M memory peak, 0B memory swap peak.
2026-01-12T01:56:38.283814+00:00 finalArenaServer systemd[1]: Starting apache2.service - The Apache HTTP Server...
2026-01-12T01:56:38.346794+00:00 finalArenaServer apachectl[1512]: AH00558: apache2: Could not reliably determine the server's fully qualified domain name, using fd17:625c:f037:2:a00:27ff:fe3f:3739. Set the 'ServerName' directive globally to suppress this message
2026-01-12T01:56:38.355102+00:00 finalArenaServer systemd[1]: Started apache2.service - The Apache HTTP Server.
2026-01-12T01:57:37.103203+00:00 finalArenaServer kernel: workqueue: drm_fb_helper_damage_work hogged CPU for >10000us 8 times, consider switching to WQ_UNBOUND
2026-01-12T01:58:14.222781+00:00 finalArenaServer systemd[1]: Stopping apache2.service - The Apache HTTP Server...
2026-01-12T01:58:14.312270+00:00 finalArenaServer apachectl[1538]: AH00558: apache2: Could not reliably determine the server's fully qualified domain name, using fd17:625c:f037:2:a00:27ff:fe3f:3739. Set the 'ServerName' directive globally to suppress this message
2026-01-12T01:58:14.357201+00:00 finalArenaServer systemd[1]: apache2.service: Deactivated successfully.
2026-01-12T01:58:14.357680+00:00 finalArenaServer systemd[1]: Stopped apache2.service - The Apache HTTP Server.
2026-01-12T01:58:14.370329+00:00 finalArenaServer systemd[1]: Starting apache2.service - The Apache HTTP Server...
2026-01-12T01:58:14.405938+00:00 finalArenaServer apachectl[1545]: AH00558: apache2: Could not reliably determine the server's fully qualified domain name, using fd17:625c:f037:2:a00:27ff:fe3f:3739. Set the 'ServerName' directive globally to suppress this message
2026-01-12T01:58:14.415212+00:00 finalArenaServer systemd[1]: Started apache2.service - The Apache HTTP Server.2026-01-12T02:05:46.910154+00:00 finalArenaServer systemd[1]: systemd-hostnamed.service: Deactivated successfully.
2026-01-12T02:05:47.701190+00:00 finalArenaServer kernel: workqueue: e1000_watchdog [e1000] hogged CPU for >10000us 4 times, consider switching to WQ_UNBOUND
2026-01-12T02:05:48.633744+00:00 finalArenaServer systemd[1]: systemd-timedated.service: Deactivated successfully.
2026-01-12T02:05:51.206297+00:00 finalArenaServer systemd-resolved[436]: Clock change detected. Flushing caches.
2026-01-12T02:05:51.206539+00:00 finalArenaServer systemd-timesyncd[445]: Contacted time server 162.159.200.1:123 (2.ubuntu.pool.ntp.org).
2026-01-12T02:05:51.206624+00:00 finalArenaServer systemd-timesyncd[445]: Initial clock synchronization to Mon 2026-01-12 02:05:51.205278 UTC.
2026-01-12T02:05:51.900506+00:00 finalArenaServer kernel: workqueue: drm_fb_helper_damage_work hogged CPU for >10000us 8 times, consider switching to WQ_UNBOUND
2026-01-12T02:05:58.817457+00:00 finalArenaServer kernel: workqueue: drm_fb_helper_damage_work hogged CPU for >10000us 16 times, consider switching to WQ_UNBOUND
2026-01-12T02:06:05.215812+00:00 finalArenaServer kernel: workqueue: e1000_watchdog [e1000] hogged CPU for >10000us 8 times, consider switching to WQ_UNBOUND
2026-01-12T02:06:19.629709+00:00 finalArenaServer kernel: workqueue: blk_mq_run_work_fn hogged CPU for >10000us 8 times, consider switching to WQ_UNBOUND
2026-01-12T02:06:21.026959+00:00 finalArenaServer kernel: workqueue: e1000_watchdog [e1000] hogged CPU for >10000us 16 times, consider switching to WQ_UNBOUND
2026-01-12T02:06:23.546360+00:00 finalArenaServer kernel: clocksource: Long readout interval, skipping watchdog check: cs_nsec: 2298551458 wd_nsec: 2298550656
2026-01-12T02:06:27.690950+00:00 finalArenaServer kernel: workqueue: drm_fb_helper_damage_work hogged CPU for >10000us 32 times, consider switching to WQ_UNBOUND
2026-01-12T02:06:57.661872+00:00 finalArenaServer kernel: workqueue: e1000_watchdog [e1000] hogged CPU for >10000us 32 times, consider switching to WQ_UNBOUND
2026-01-12T02:07:39.262212+00:00 finalArenaServer kernel: workqueue: ata_sff_pio_task hogged CPU for >10000us 4 times, consider switching to WQ_UNBOUND
2026-01-12T02:07:41.500102+00:00 finalArenaServer systemd[1]: Starting redis-server.service - Advanced key-value store...
2026-01-12T02:07:41.583966+00:00 finalArenaServer systemd[1]: Started redis-server.service - Advanced key-value store.
2026-01-12T02:07:50.859743+00:00 finalArenaServer systemd[1]: Stopping apache2.service - The Apache HTTP Server...
2026-01-12T02:07:51.001853+00:00 finalArenaServer apachectl[1491]: AH00558: apache2: Could not reliably determine the server's fully qualified domain name, using fd17:625c:f037:2:a00:27ff:fe3f:3739. Set the 'ServerName' directive globally to suppress this message
2026-01-12T02:07:51.081498+00:00 finalArenaServer systemd[1]: apache2.service: Killing process 1375 (apache2) with signal SIGKILL.
2026-01-12T02:07:51.085034+00:00 finalArenaServer systemd[1]: apache2.service: Deactivated successfully.
2026-01-12T02:07:51.085693+00:00 finalArenaServer systemd[1]: Stopped apache2.service - The Apache HTTP Server.
2026-01-12T02:07:51.096709+00:00 finalArenaServer systemd[1]: Starting apache2.service - The Apache HTTP Server...
2026-01-12T02:07:51.176858+00:00 finalArenaServer apachectl[1497]: AH00558: apache2: Could not reliably determine the server's fully qualified domain name, using fd17:625c:f037:2:a00:27ff:fe3f:3739. Set the 'ServerName' directive globally to suppress this message
2026-01-12T02:07:51.190658+00:00 finalArenaServer systemd[1]: Started apache2.service - The Apache HTTP Server.
2026-01-12T02:07:56.368463+00:00 finalArenaServer kernel: workqueue: blk_mq_run_work_fn hogged CPU for >10000us 16 times, consider switching to WQ_UNBOUND
2026-01-12T02:08:06.615617+00:00 finalArenaServer kernel: workqueue: e1000_watchdog [e1000] hogged CPU for >10000us 64 times, consider switching to WQ_UNBOUND
2026-01-12T02:09:01.802058+00:00 finalArenaServer CRON[1514]: (root) CMD (  [ -x /usr/lib/php/sessionclean ] && if [ ! -d /run/systemd/system ]; then /usr/lib/php/sessionclean; fi)
2026-01-12T02:09:09.492506+00:00 finalArenaServer systemd[1]: Starting phpsessionclean.service - Clean php session files...
2026-01-12T02:09:09.935190+00:00 finalArenaServer systemd[1]: phpsessionclean.service: Deactivated successfully.
2026-01-12T02:09:09.935863+00:00 finalArenaServer systemd[1]: Finished phpsessionclean.service - Clean php session files.
2026-01-12T02:09:49.940109+00:00 finalArenaServer mariadbd[980]: 2026-01-12  2:09:49 37 [Warning] Access denied for user 'nc_app'@'localhost'
2026-01-12T02:10:09.638351+00:00 finalArenaServer systemd[1]: Starting sysstat-collect.service - system activity accounting tool...
2026-01-12T02:10:09.830456+00:00 finalArenaServer systemd[1]: sysstat-collect.service: Deactivated successfully.
2026-01-12T02:10:09.830660+00:00 finalArenaServer systemd[1]: Finished sysstat-collect.service - system activity accounting tool.
2026-01-12T02:10:18.067792+00:00 finalArenaServer systemd[1]: Starting update-notifier-download.service - Download data for packages that failed at package install time...
2026-01-12T02:10:18.281058+00:00 finalArenaServer systemd[1]: update-notifier-download.service: Deactivated successfully.
2026-01-12T02:10:18.282974+00:00 finalArenaServer systemd[1]: Finished update-notifier-download.service - Download data for packages that failed at package install time.
2026-01-12T02:11:13.517698+00:00 finalArenaServer systemd[1164]: launchpadlib-cache-clean.service - Clean up old files in the Launchpadlib cache was skipped because of an unmet condition check (ConditionPathExists=/home/vboxuser/.launchpadlib/api.launchpad.net/cache).
2026-01-12T02:11:14.149281+00:00 finalArenaServer kernel: workqueue: e1000_watchdog [e1000] hogged CPU for >10000us 128 times, consider switching to WQ_UNBOUND
2026-01-12T02:11:28.761523+00:00 finalArenaServer systemd[1]: Stopping apache2.service - The Apache HTTP Server...
2026-01-12T02:11:28.926231+00:00 finalArenaServer apachectl[1591]: AH00558: apache2: Could not reliably determine the server's fully qualified domain name, using fd17:625c:f037:2:a00:27ff:fe3f:3739. Set the 'ServerName' directive globally to suppress this message
2026-01-12T02:11:29.055688+00:00 finalArenaServer systemd[1]: apache2.service: Deactivated successfully.
2026-01-12T02:11:29.058483+00:00 finalArenaServer systemd[1]: Stopped apache2.service - The Apache HTTP Server.
2026-01-12T02:11:29.080452+00:00 finalArenaServer systemd[1]: Starting apache2.service - The Apache HTTP Server...
2026-01-12T02:11:29.162183+00:00 finalArenaServer apachectl[1597]: AH00558: apache2: Could not reliably determine the server's fully qualified domain name, using fd17:625c:f037:2:a00:27ff:fe3f:3739. Set the 'ServerName' directive globally to suppress this message
2026-01-12T02:11:29.176917+00:00 finalArenaServer systemd[1]: Started apache2.service - The Apache HTTP Server.
2026-01-12T02:13:25.411226+00:00 finalArenaServer kernel: workqueue: drm_fb_helper_damage_work hogged CPU for >10000us 64 times, consider switching to WQ_UNBOUND
2026-01-12T02:14:49.954801+00:00 finalArenaServer kernel: workqueue: ata_sff_pio_task hogged CPU for >10000us 8 times, consider switching to WQ_UNBOUND
2026-01-12T02:15:01.025103+00:00 finalArenaServer CRON[1644]: (root) CMD (command -v debian-sa1 > /dev/null && debian-sa1 1 1)
2026-01-12T02:17:01.133614+00:00 finalArenaServer CRON[1666]: (root) CMD (cd / && run-parts --report /etc/cron.hourly)
2026-01-12T02:17:09.396374+00:00 finalArenaServer systemd[1]: Starting apt-daily-upgrade.service - Daily apt upgrade and clean activities...
2026-01-12T02:17:09.403186+00:00 finalArenaServer systemd[1]: Starting fwupd-refresh.service - Refresh fwupd metadata and update motd...
2026-01-12T02:17:09.545352+00:00 finalArenaServer dbus-daemon[630]: [system] Activating via systemd: service name='org.freedesktop.fwupd' unit='fwupd.service' requested by ':1.19' (uid=989 pid=1674 comm="/usr/bin/fwupdmgr refresh" label="unconfined")
2026-01-12T02:17:09.559187+00:00 finalArenaServer systemd[1]: Starting fwupd.service - Firmware update daemon...
2026-01-12T02:17:09.714233+00:00 finalArenaServer systemd[1]: apt-daily-upgrade.service: Deactivated successfully.
2026-01-12T02:17:09.715271+00:00 finalArenaServer systemd[1]: Finished apt-daily-upgrade.service - Daily apt upgrade and clean activities.
2026-01-12T02:17:09.907243+00:00 finalArenaServer dbus-daemon[630]: [system] Activating via systemd: service name='org.freedesktop.UPower' unit='upower.service' requested by ':1.20' (uid=0 pid=1685 comm="/usr/libexec/fwupd/fwupd" label="unconfined")
2026-01-12T02:17:09.926741+00:00 finalArenaServer systemd[1]: Starting upower.service - Daemon for power management...
2026-01-12T02:17:10.081561+00:00 finalArenaServer dbus-daemon[630]: [system] Successfully activated service 'org.freedesktop.UPower'
2026-01-12T02:17:10.081629+00:00 finalArenaServer systemd[1]: Started upower.service - Daemon for power management.
2026-01-12T02:17:10.165365+00:00 finalArenaServer fwupd[1685]: 02:17:10.164 FuEngine             failed to add device /sys/devices/pci0000:00/0000:00:01.1/ata2/host1/target1:0:0/1:0:0:0/block/sr0: failed to open /dev/sr0: No medium found
2026-01-12T02:17:10.229586+00:00 finalArenaServer fwupd[1685]: 02:17:10.229 FuMain               fwupd 1.9.30 ready for requests (locale en_US.UTF-8)
2026-01-12T02:17:10.230897+00:00 finalArenaServer dbus-daemon[630]: [system] Successfully activated service 'org.freedesktop.fwupd'
2026-01-12T02:17:10.231620+00:00 finalArenaServer systemd[1]: Started fwupd.service - Firmware update daemon.
2026-01-12T02:17:10.250270+00:00 finalArenaServer fwupdmgr[1674]: Updating lvfs
2026-01-12T02:17:13.763289+00:00 finalArenaServer fwupdmgr[1674]: Successfully downloaded new metadata: 0 local devices supported
2026-01-12T02:17:13.770220+00:00 finalArenaServer systemd[1]: fwupd-refresh.service: Deactivated successfully.
2026-01-12T02:17:13.770309+00:00 finalArenaServer systemd[1]: Finished fwupd-refresh.service - Refresh fwupd metadata and update motd.
2026-01-12T02:20:09.937957+00:00 finalArenaServer systemd[1]: Starting sysstat-collect.service - system activity accounting tool...
2026-01-12T02:20:09.946086+00:00 finalArenaServer systemd[1]: Starting systemd-tmpfiles-clean.service - Cleanup of Temporary Directories...
2026-01-12T02:20:09.948718+00:00 finalArenaServer systemd[1]: sysstat-collect.service: Deactivated successfully.
2026-01-12T02:20:09.950115+00:00 finalArenaServer systemd[1]: Finished sysstat-collect.service - system activity accounting tool.
2026-01-12T02:20:10.075670+00:00 finalArenaServer systemd[1]: systemd-tmpfiles-clean.service: Deactivated successfully.
2026-01-12T02:20:10.075875+00:00 finalArenaServer systemd[1]: Finished systemd-tmpfiles-clean.service - Cleanup of Temporary Directories.
2026-01-12T02:20:35.576221+00:00 finalArenaServer kernel: workqueue: blk_mq_run_work_fn hogged CPU for >10000us 32 times, consider switching to WQ_UNBOUND2026-01-12T02:00:22.957379+00:00 finalArenaServer kernel: workqueue: e1000_watchdog [e1000] hogged CPU for >10000us 8 times, consider switching to WQ_UNBOUND
2026-01-12T02:00:27.557902+00:00 finalArenaServer kernel: workqueue: blk_mq_run_work_fn hogged CPU for >10000us 8 times, consider switching to WQ_UNBOUND
2026-01-12T02:00:31.966272+00:00 finalArenaServer kernel: clocksource: Long readout interval, skipping watchdog check: cs_nsec: 3500265720 wd_nsec: 3500264625
2026-01-12T02:00:31.990761+00:00 finalArenaServer kernel: workqueue: drm_fb_helper_damage_work hogged CPU for >10000us 8 times, consider switching to WQ_UNBOUND
2026-01-12T02:00:46.181229+00:00 finalArenaServer kernel: workqueue: e1000_watchdog [e1000] hogged CPU for >10000us 16 times, consider switching to WQ_UNBOUND
2026-01-12T02:01:20.415133+00:00 finalArenaServer kernel: workqueue: e1000_watchdog [e1000] hogged CPU for >10000us 32 times, consider switching to WQ_UNBOUND
2026-01-12T02:01:36.747112+00:00 finalArenaServer systemd[1]: Stopping apache2.service - The Apache HTTP Server...
2026-01-12T02:01:36.819948+00:00 finalArenaServer apachectl[1461]: AH00558: apache2: Could not reliably determine the server's fully qualified domain name, using fd17:625c:f037:2:a00:27ff:fe3f:3739. Set the 'ServerName' directive globally to suppress this message
2026-01-12T02:01:36.877929+00:00 finalArenaServer systemd[1]: apache2.service: Deactivated successfully.
2026-01-12T02:01:36.878972+00:00 finalArenaServer systemd[1]: Stopped apache2.service - The Apache HTTP Server.
2026-01-12T02:01:36.893831+00:00 finalArenaServer systemd[1]: Starting apache2.service - The Apache HTTP Server...
2026-01-12T02:01:36.952708+00:00 finalArenaServer apachectl[1467]: AH00558: apache2: Could not reliably determine the server's fully qualified domain name, using fd17:625c:f037:2:a00:27ff:fe3f:3739. Set the 'ServerName' directive globally to suppress this message
2026-01-12T02:01:36.965565+00:00 finalArenaServer systemd[1]: Started apache2.service - The Apache HTTP Server.
2026-01-12T02:01:41.266084+00:00 finalArenaServer kernel: workqueue: drm_fb_helper_damage_work hogged CPU for >10000us 16 times, consider switching to WQ_UNBOUND
2026-01-12T02:02:26.517975+00:00 finalArenaServer kernel: workqueue: e1000_watchdog [e1000] hogged CPU for >10000us 64 times, consider switching to WQ_UNBOUND
2026-01-12T02:03:13.665731+00:00 finalArenaServer systemd[1]: Reloading apache2.service - The Apache HTTP Server...
2026-01-12T02:03:13.801215+00:00 finalArenaServer apachectl[1495]: AH00558: apache2: Could not reliably determine the server's fully qualified domain name, using fd17:625c:f037:2:a00:27ff:fe3f:3739. Set the 'ServerName' directive globally to suppress this message
2026-01-12T02:03:13.846832+00:00 finalArenaServer systemd[1]: Reloaded apache2.service - The Apache HTTP Server.