2025-12-16T12:55:01.839006+00:00 finalArenaServer CRON[1432]: pam_unix(cron:session): session opened for user root(uid=0) by root(uid=0)
2025-12-16T12:55:01.856559+00:00 finalArenaServer CRON[1432]: pam_unix(cron:session): session closed for user root
2025-12-16T13:05:01.878968+00:00 finalArenaServer CRON[1833]: pam_unix(cron:session): session opened for user root(uid=0) by root(uid=0)
2025-12-16T13:05:01.901190+00:00 finalArenaServer CRON[1833]: pam_unix(cron:session): session closed for user root2025-12-16T13:09:01.952707+00:00 finalArenaServer CRON[1394]: pam_unix(cron:session): session opened for user root(uid=0) by root(uid=0)
2025-12-16T13:09:01.958882+00:00 finalArenaServer CRON[1394]: pam_unix(cron:session): session closed for user root
2025-12-16T13:15:01.315153+00:00 finalArenaServer CRON[1578]: pam_unix(cron:session): session opened for user root(uid=0) by root(uid=0)
2025-12-16T13:15:01.342970+00:00 finalArenaServer CRON[1578]: pam_unix(cron:session): session closed for user root2025-12-16T13:25:01.853822+00:00 finalArenaServer CRON[1647]: pam_unix(cron:session): session opened for user root(uid=0) by root(uid=0)
2025-12-16T13:25:01.868632+00:00 finalArenaServer CRON[1647]: pam_unix(cron:session): session closed for user root2025-12-16T13:39:03.289593+00:00 finalArenaServer CRON[1411]: pam_unix(cron:session): session opened for user root(uid=0) by root(uid=0)
2025-12-16T13:39:03.301101+00:00 finalArenaServer CRON[1411]: pam_unix(cron:session): session closed for user root2025-12-16T13:45:01.089064+00:00 finalArenaServer CRON[1506]: pam_unix(cron:session): session opened for user root(uid=0) by root(uid=0)
2025-12-16T13:45:01.117880+00:00 finalArenaServer CRON[1506]: pam_unix(cron:session): session closed for user root
2025-12-16T13:52:46.274343+00:00 finalArenaServer sudo: pam_unix(sudo-i:session): session closed for user root
2025-12-16T13:52:48.404543+00:00 finalArenaServer sudo: vboxuser : TTY=pts/0 ; PWD=/root ; USER=root ; COMMAND=/bin/bash
2025-12-16T13:52:48.405973+00:00 finalArenaServer sudo: pam_unix(sudo-i:session): session opened for user root(uid=0) by vboxuser(uid=1000)
2025-12-16T13:55:01.384035+00:00 finalArenaServer CRON[1898]: pam_unix(cron:session): session opened for user root(uid=0) by root(uid=0)
2025-12-16T13:55:01.397185+00:00 finalArenaServer CRON[1898]: pam_unix(cron:session): session closed for user root
2025-12-16T13:59:49.170585+00:00 finalArenaServer usermod[2131]: add 'www-data' to group 'redis'
2025-12-16T13:59:49.179811+00:00 finalArenaServer usermod[2131]: add 'www-data' to shadow group 'redis'
2025-12-16T14:05:01.460004+00:00 finalArenaServer CRON[2311]: pam_unix(cron:session): session opened for user root(uid=0) by root(uid=0)
2025-12-16T14:05:01.483323+00:00 finalArenaServer CRON[2311]: pam_unix(cron:session): session closed for user root
2025-12-16T14:09:01.616359+00:00 finalArenaServer CRON[2485]: pam_unix(cron:session): session opened for user root(uid=0) by root(uid=0)
2025-12-16T14:09:01.625166+00:00 finalArenaServer CRON[2485]: pam_unix(cron:session): session closed for user root
2025-12-16T14:15:01.729270+00:00 finalArenaServer CRON[2649]: pam_unix(cron:session): session opened for user root(uid=0) by root(uid=0)
2025-12-16T14:15:01.737690+00:00 finalArenaServer CRON[2649]: pam_unix(cron:session): session closed for user root
2025-12-16T14:17:01.761359+00:00 finalArenaServer CRON[2687]: pam_unix(cron:session): session opened for user root(uid=0) by root(uid=0)
2025-12-16T14:17:01.782375+00:00 finalArenaServer CRON[2687]: pam_unix(cron:session): session closed for user root
2025-12-16T14:17:13.396883+00:00 finalArenaServer sudo:     root : TTY=pts/1 ; PWD=/var/www/nextcloud ; USER=www-data ; COMMAND=/usr/bin/php occ maintenance:repair
2025-12-16T14:17:13.398811+00:00 finalArenaServer sudo: pam_unix(sudo:session): session opened for user www-data(uid=33) by vboxuser(uid=0)
2025-12-16T14:17:14.703648+00:00 finalArenaServer sudo: pam_unix(sudo:session): session closed for user www-data
2025-12-16T14:18:23.811630+00:00 finalArenaServer sudo:     root : TTY=pts/1 ; PWD=/var/www/nextcloud ; USER=www-data ; COMMAND=/usr/bin/php occ -h
2025-12-16T14:18:23.813806+00:00 finalArenaServer sudo: pam_unix(sudo:session): session opened for user www-data(uid=33) by vboxuser(uid=0)
2025-12-16T14:18:24.228843+00:00 finalArenaServer sudo: pam_unix(sudo:session): session closed for user www-data
2025-12-16T14:18:31.325067+00:00 finalArenaServer sudo:     root : TTY=pts/1 ; PWD=/var/www/nextcloud ; USER=www-data ; COMMAND=/usr/bin/php occ list
2025-12-16T14:18:31.327275+00:00 finalArenaServer sudo: pam_unix(sudo:session): session opened for user www-data(uid=33) by vboxuser(uid=0)
2025-12-16T14:18:31.699089+00:00 finalArenaServer sudo: pam_unix(sudo:session): session closed for user www-data
2025-12-16T14:18:46.042191+00:00 finalArenaServer sudo:     root : TTY=pts/1 ; PWD=/var/www/nextcloud ; USER=www-data ; COMMAND=/usr/bin/php occ config:list
2025-12-16T14:18:46.045229+00:00 finalArenaServer sudo: pam_unix(sudo:session): session opened for user www-data(uid=33) by vboxuser(uid=0)
2025-12-16T14:18:46.390702+00:00 finalArenaServer sudo: pam_unix(sudo:session): session closed for user www-data
2025-12-16T14:19:51.145866+00:00 finalArenaServer sudo:     root : TTY=pts/1 ; PWD=/var/www/nextcloud ; USER=www-data ; COMMAND=/usr/bin/php occ:list system
2025-12-16T14:19:51.148421+00:00 finalArenaServer sudo: pam_unix(sudo:session): session opened for user www-data(uid=33) by vboxuser(uid=0)
2025-12-16T14:19:51.184847+00:00 finalArenaServer sudo: pam_unix(sudo:session): session closed for user www-data
2025-12-16T14:20:06.244229+00:00 finalArenaServer sudo:     root : TTY=pts/1 ; PWD=/var/www/nextcloud ; USER=www-data ; COMMAND=/usr/bin/php occ app:list
2025-12-16T14:20:06.244683+00:00 finalArenaServer sudo: pam_unix(sudo:session): session opened for user www-data(uid=33) by vboxuser(uid=0)
2025-12-16T14:20:06.618715+00:00 finalArenaServer sudo: pam_unix(sudo:session): session closed for user www-data
2025-12-16T14:22:03.768588+00:00 finalArenaServer sudo:     root : TTY=pts/1 ; PWD=/var/www/nextcloud ; USER=root ; COMMAND=/usr/bin/apt-get purge redis-server
2025-12-16T14:22:03.791228+00:00 finalArenaServer sudo: pam_unix(sudo:session): session opened for user root(uid=0) by vboxuser(uid=0)
2025-12-16T14:22:03.791312+00:00 finalArenaServer sudo: pam_unix(sudo:session): session closed for user root
2025-12-16T14:22:11.635587+00:00 finalArenaServer sudo:     root : TTY=pts/1 ; PWD=/var/www/nextcloud ; USER=root ; COMMAND=/usr/bin/dpkg --configure -a
2025-12-16T14:22:11.636591+00:00 finalArenaServer sudo: pam_unix(sudo:session): session opened for user root(uid=0) by vboxuser(uid=0)
2025-12-16T14:22:42.657049+00:00 finalArenaServer sudo: pam_unix(sudo:session): session closed for user root
2025-12-16T14:25:01.868564+00:00 finalArenaServer CRON[8482]: pam_unix(cron:session): session opened for user root(uid=0) by root(uid=0)
2025-12-16T14:25:01.893538+00:00 finalArenaServer CRON[8482]: pam_unix(cron:session): session closed for user root
2025-12-16T14:35:01.601108+00:00 finalArenaServer CRON[9008]: pam_unix(cron:session): session opened for user root(uid=0) by root(uid=0)
2025-12-16T14:35:01.609562+00:00 finalArenaServer CRON[9008]: pam_unix(cron:session): session closed for user root
2025-12-16T14:39:01.061457+00:00 finalArenaServer CRON[9100]: pam_unix(cron:session): session opened for user root(uid=0) by root(uid=0)
2025-12-16T14:39:01.083437+00:00 finalArenaServer CRON[9100]: pam_unix(cron:session): session closed for user root2025-12-17T09:45:01.091748+00:00 finalArenaServer CRON[1656]: pam_unix(cron:session): session opened for user root(uid=0) by root(uid=0)
2025-12-17T09:45:01.102758+00:00 finalArenaServer CRON[1656]: pam_unix(cron:session): session closed for user root