2025-12-16T12:50:13.460340+00:00 finalArenaServer systemd[1]: Starting sysstat-collect.service - system activity accounting tool...
2025-12-16T12:50:13.468701+00:00 finalArenaServer systemd[1]: sysstat-collect.service: Deactivated successfully.
2025-12-16T12:50:13.469119+00:00 finalArenaServer systemd[1]: Finished sysstat-collect.service - system activity accounting tool.
2025-12-16T12:51:45.332415+00:00 finalArenaServer kernel: workqueue: blk_mq_run_work_fn hogged CPU for >10000us 8 times, consider switching to WQ_UNBOUND2025-12-16T12:54:56.349941+00:00 finalArenaServer mariadbd[866]: 2025-12-16 12:54:56 34 [Warning] Access denied for user 'nc_user'@'localhost'
2025-12-16T12:54:56.367704+00:00 finalArenaServer mariadbd[866]: 2025-12-16 12:54:56 35 [Warning] Access denied for user 'nc_user'@'localhost'
2025-12-16T12:54:56.377892+00:00 finalArenaServer mariadbd[866]: 2025-12-16 12:54:56 36 [Warning] Access denied for user 'nc_user'@'localhost'
2025-12-16T12:54:56.380525+00:00 finalArenaServer mariadbd[866]: 2025-12-16 12:54:56 37 [Warning] Access denied for user 'nc_user'@'localhost'
2025-12-16T12:54:56.382613+00:00 finalArenaServer mariadbd[866]: 2025-12-16 12:54:56 38 [Warning] Access denied for user 'nc_user'@'localhost'
2025-12-16T12:54:56.383143+00:00 finalArenaServer mariadbd[866]: 2025-12-16 12:54:56 39 [Warning] Access denied for user 'nc_user'@'localhost'
2025-12-16T12:54:56.386823+00:00 finalArenaServer mariadbd[866]: 2025-12-16 12:54:56 40 [Warning] Access denied for user 'nc_user'@'localhost'
2025-12-16T12:54:56.388754+00:00 finalArenaServer mariadbd[866]: 2025-12-16 12:54:56 41 [Warning] Access denied for user 'nc_user'@'localhost'
2025-12-16T12:54:56.428333+00:00 finalArenaServer mariadbd[866]: 2025-12-16 12:54:56 42 [Warning] Access denied for user 'nc_user'@'localhost'
2025-12-16T12:54:56.430117+00:00 finalArenaServer mariadbd[866]: 2025-12-16 12:54:56 43 [Warning] Access denied for user 'nc_user'@'localhost'
2025-12-16T12:54:56.433827+00:00 finalArenaServer mariadbd[866]: 2025-12-16 12:54:56 44 [Warning] Access denied for user 'nc_user'@'localhost'
2025-12-16T12:54:56.433918+00:00 finalArenaServer mariadbd[866]: 2025-12-16 12:54:56 45 [Warning] Access denied for user 'nc_user'@'localhost'
2025-12-16T12:54:56.445030+00:00 finalArenaServer mariadbd[866]: 2025-12-16 12:54:56 46 [Warning] Access denied for user 'nc_user'@'localhost'
2025-12-16T12:54:56.446114+00:00 finalArenaServer mariadbd[866]: 2025-12-16 12:54:56 47 [Warning] Access denied for user 'nc_user'@'localhost'
2025-12-16T12:54:56.479778+00:00 finalArenaServer mariadbd[866]: 2025-12-16 12:54:56 48 [Warning] Access denied for user 'nc_user'@'localhost'
2025-12-16T12:54:56.481171+00:00 finalArenaServer mariadbd[866]: 2025-12-16 12:54:56 49 [Warning] Access denied for user 'nc_user'@'localhost'
2025-12-16T12:55:01.839576+00:00 finalArenaServer CRON[1433]: (root) CMD (command -v debian-sa1 > /dev/null && debian-sa1 1 1)
2025-12-16T12:55:32.493614+00:00 finalArenaServer mariadbd[866]: 2025-12-16 12:55:32 50 [Warning] Access denied for user 'nc_user'@'localhost'
2025-12-16T12:55:32.495804+00:00 finalArenaServer mariadbd[866]: 2025-12-16 12:55:32 51 [Warning] Access denied for user 'nc_user'@'localhost'
2025-12-16T12:55:32.496702+00:00 finalArenaServer mariadbd[866]: 2025-12-16 12:55:32 52 [Warning] Access denied for user 'nc_user'@'localhost'
2025-12-16T12:55:32.496954+00:00 finalArenaServer mariadbd[866]: 2025-12-16 12:55:32 53 [Warning] Access denied for user 'nc_user'@'localhost'
2025-12-16T12:55:32.497651+00:00 finalArenaServer mariadbd[866]: 2025-12-16 12:55:32 54 [Warning] Access denied for user 'nc_user'@'localhost'
2025-12-16T12:55:32.497677+00:00 finalArenaServer mariadbd[866]: 2025-12-16 12:55:32 55 [Warning] Access denied for user 'nc_user'@'localhost'
2025-12-16T12:55:32.498085+00:00 finalArenaServer mariadbd[866]: 2025-12-16 12:55:32 56 [Warning] Access denied for user 'nc_user'@'localhost'
2025-12-16T12:55:32.498932+00:00 finalArenaServer mariadbd[866]: 2025-12-16 12:55:32 57 [Warning] Access denied for user 'nc_user'@'localhost'
2025-12-16T12:55:32.500443+00:00 finalArenaServer mariadbd[866]: 2025-12-16 12:55:32 58 [Warning] Access denied for user 'nc_user'@'localhost'
2025-12-16T12:55:32.500846+00:00 finalArenaServer mariadbd[866]: 2025-12-16 12:55:32 59 [Warning] Access denied for user 'nc_user'@'localhost'
2025-12-16T12:55:32.501480+00:00 finalArenaServer mariadbd[866]: 2025-12-16 12:55:32 60 [Warning] Access denied for user 'nc_user'@'localhost'
2025-12-16T12:55:32.501912+00:00 finalArenaServer mariadbd[866]: 2025-12-16 12:55:32 61 [Warning] Access denied for user 'nc_user'@'localhost'
2025-12-16T12:55:32.504047+00:00 finalArenaServer mariadbd[866]: 2025-12-16 12:55:32 62 [Warning] Access denied for user 'nc_user'@'localhost'
2025-12-16T12:55:32.504104+00:00 finalArenaServer mariadbd[866]: 2025-12-16 12:55:32 63 [Warning] Access denied for user 'nc_user'@'localhost'
2025-12-16T12:55:32.506811+00:00 finalArenaServer mariadbd[866]: 2025-12-16 12:55:32 64 [Warning] Access denied for user 'nc_user'@'localhost'
2025-12-16T12:55:32.507533+00:00 finalArenaServer mariadbd[866]: 2025-12-16 12:55:32 65 [Warning] Access denied for user 'nc_user'@'localhost'
2025-12-16T12:57:35.450536+00:00 finalArenaServer mariadbd[866]: 2025-12-16 12:57:35 66 [Warning] Access denied for user 'nc_app'@'localhost'
2025-12-16T12:57:35.451278+00:00 finalArenaServer mariadbd[866]: 2025-12-16 12:57:35 67 [Warning] Access denied for user 'nc_app'@'localhost'
2025-12-16T12:57:35.452067+00:00 finalArenaServer mariadbd[866]: 2025-12-16 12:57:35 68 [Warning] Access denied for user 'nc_app'@'localhost'
2025-12-16T12:57:35.452802+00:00 finalArenaServer mariadbd[866]: 2025-12-16 12:57:35 69 [Warning] Access denied for user 'nc_app'@'localhost'
2025-12-16T12:57:35.454154+00:00 finalArenaServer mariadbd[866]: 2025-12-16 12:57:35 70 [Warning] Access denied for user 'nc_app'@'localhost'
2025-12-16T12:57:35.454793+00:00 finalArenaServer mariadbd[866]: 2025-12-16 12:57:35 71 [Warning] Access denied for user 'nc_app'@'localhost'
2025-12-16T12:57:35.455160+00:00 finalArenaServer mariadbd[866]: 2025-12-16 12:57:35 72 [Warning] Access denied for user 'nc_app'@'localhost'
2025-12-16T12:57:35.455723+00:00 finalArenaServer mariadbd[866]: 2025-12-16 12:57:35 73 [Warning] Access denied for user 'nc_app'@'localhost'
2025-12-16T12:57:35.457402+00:00 finalArenaServer mariadbd[866]: 2025-12-16 12:57:35 74 [Warning] Access denied for user 'nc_app'@'localhost'
2025-12-16T12:57:35.457788+00:00 finalArenaServer mariadbd[866]: 2025-12-16 12:57:35 75 [Warning] Access denied for user 'nc_app'@'localhost'
2025-12-16T12:57:35.458957+00:00 finalArenaServer mariadbd[866]: 2025-12-16 12:57:35 76 [Warning] Access denied for user 'nc_app'@'localhost'
2025-12-16T12:57:35.459633+00:00 finalArenaServer mariadbd[866]: 2025-12-16 12:57:35 77 [Warning] Access denied for user 'nc_app'@'localhost'
2025-12-16T12:57:35.461902+00:00 finalArenaServer mariadbd[866]: 2025-12-16 12:57:35 78 [Warning] Access denied for user 'nc_app'@'localhost'
2025-12-16T12:57:35.464710+00:00 finalArenaServer mariadbd[866]: 2025-12-16 12:57:35 79 [Warning] Access denied for user 'nc_app'@'localhost'
2025-12-16T12:57:35.469686+00:00 finalArenaServer mariadbd[866]: 2025-12-16 12:57:35 80 [Warning] Access denied for user 'nc_app'@'localhost'
2025-12-16T12:57:35.471932+00:00 finalArenaServer mariadbd[866]: 2025-12-16 12:57:35 81 [Warning] Access denied for user 'nc_app'@'localhost'
2025-12-16T12:57:38.077938+00:00 finalArenaServer mariadbd[866]: 2025-12-16 12:57:38 82 [Warning] Access denied for user 'nc_app'@'localhost'
2025-12-16T12:57:38.078801+00:00 finalArenaServer mariadbd[866]: 2025-12-16 12:57:38 83 [Warning] Access denied for user 'nc_app'@'localhost'
2025-12-16T12:57:38.079848+00:00 finalArenaServer mariadbd[866]: 2025-12-16 12:57:38 84 [Warning] Access denied for user 'nc_app'@'localhost'
2025-12-16T12:57:38.080845+00:00 finalArenaServer mariadbd[866]: 2025-12-16 12:57:38 85 [Warning] Access denied for user 'nc_app'@'localhost'
2025-12-16T12:57:38.081723+00:00 finalArenaServer mariadbd[866]: 2025-12-16 12:57:38 86 [Warning] Access denied for user 'nc_app'@'localhost'
2025-12-16T12:57:38.082559+00:00 finalArenaServer mariadbd[866]: 2025-12-16 12:57:38 87 [Warning] Access denied for user 'nc_app'@'localhost'
2025-12-16T12:57:38.083845+00:00 finalArenaServer mariadbd[866]: 2025-12-16 12:57:38 88 [Warning] Access denied for user 'nc_app'@'localhost'
2025-12-16T12:57:38.084880+00:00 finalArenaServer mariadbd[866]: 2025-12-16 12:57:38 89 [Warning] Access denied for user 'nc_app'@'localhost'
2025-12-16T12:57:38.086703+00:00 finalArenaServer mariadbd[866]: 2025-12-16 12:57:38 90 [Warning] Access denied for user 'nc_app'@'localhost'
2025-12-16T12:57:38.087533+00:00 finalArenaServer mariadbd[866]: 2025-12-16 12:57:38 91 [Warning] Access denied for user 'nc_app'@'localhost'
2025-12-16T12:57:38.088051+00:00 finalArenaServer mariadbd[866]: 2025-12-16 12:57:38 92 [Warning] Access denied for user 'nc_app'@'localhost'
2025-12-16T12:57:38.089012+00:00 finalArenaServer mariadbd[866]: 2025-12-16 12:57:38 93 [Warning] Access denied for user 'nc_app'@'localhost'
2025-12-16T12:57:38.090643+00:00 finalArenaServer mariadbd[866]: 2025-12-16 12:57:38 94 [Warning] Access denied for user 'nc_app'@'localhost'
2025-12-16T12:57:38.091834+00:00 finalArenaServer mariadbd[866]: 2025-12-16 12:57:38 95 [Warning] Access denied for user 'nc_app'@'localhost'
2025-12-16T12:57:38.093207+00:00 finalArenaServer mariadbd[866]: 2025-12-16 12:57:38 96 [Warning] Access denied for user 'nc_app'@'localhost'
2025-12-16T12:57:38.093243+00:00 finalArenaServer mariadbd[866]: 2025-12-16 12:57:38 97 [Warning] Access denied for user 'nc_app'@'localhost'
2025-12-16T12:57:43.609258+00:00 finalArenaServer mariadbd[866]: 2025-12-16 12:57:43 98 [Warning] Access denied for user 'nc_app'@'localhost'
2025-12-16T12:57:43.610103+00:00 finalArenaServer mariadbd[866]: 2025-12-16 12:57:43 99 [Warning] Access denied for user 'nc_app'@'localhost'
2025-12-16T12:57:43.610188+00:00 finalArenaServer mariadbd[866]: 2025-12-16 12:57:43 100 [Warning] Access denied for user 'nc_app'@'localhost'
2025-12-16T12:57:43.610258+00:00 finalArenaServer mariadbd[866]: 2025-12-16 12:57:43 101 [Warning] Access denied for user 'nc_app'@'localhost'
2025-12-16T12:57:43.610323+00:00 finalArenaServer mariadbd[866]: 2025-12-16 12:57:43 102 [Warning] Access denied for user 'nc_app'@'localhost'
2025-12-16T12:57:43.610389+00:00 finalArenaServer mariadbd[866]: 2025-12-16 12:57:43 103 [Warning] Access denied for user 'nc_app'@'localhost'
2025-12-16T12:57:43.610481+00:00 finalArenaServer mariadbd[866]: 2025-12-16 12:57:43 104 [Warning] Access denied for user 'nc_app'@'localhost'
2025-12-16T12:57:43.610562+00:00 finalArenaServer mariadbd[866]: 2025-12-16 12:57:43 105 [Warning] Access denied for user 'nc_app'@'localhost'
2025-12-16T12:57:43.612009+00:00 finalArenaServer mariadbd[866]: 2025-12-16 12:57:43 106 [Warning] Access denied for user 'nc_app'@'localhost'
2025-12-16T12:57:43.612387+00:00 finalArenaServer mariadbd[866]: 2025-12-16 12:57:43 107 [Warning] Access denied for user 'nc_app'@'localhost'
2025-12-16T12:57:43.613207+00:00 finalArenaServer mariadbd[866]: 2025-12-16 12:57:43 108 [Warning] Access denied for user 'nc_app'@'localhost'
2025-12-16T12:57:43.613775+00:00 finalArenaServer mariadbd[866]: 2025-12-16 12:57:43 109 [Warning] Access denied for user 'nc_app'@'localhost'
2025-12-16T12:57:43.614884+00:00 finalArenaServer mariadbd[866]: 2025-12-16 12:57:43 110 [Warning] Access denied for user 'nc_app'@'localhost'
2025-12-16T12:57:43.615934+00:00 finalArenaServer mariadbd[866]: 2025-12-16 12:57:43 111 [Warning] Access denied for user 'nc_app'@'localhost'
2025-12-16T12:57:43.618553+00:00 finalArenaServer mariadbd[866]: 2025-12-16 12:57:43 112 [Warning] Access denied for user 'nc_app'@'localhost'
2025-12-16T12:57:43.619559+00:00 finalArenaServer mariadbd[866]: 2025-12-16 12:57:43 113 [Warning] Access denied for user 'nc_app'@'localhost'
2025-12-16T12:58:04.556912+00:00 finalArenaServer mariadbd[866]: 2025-12-16 12:58:04 114 [Warning] Access denied for user 'nc_app'@'localhost'
2025-12-16T12:58:04.557571+00:00 finalArenaServer mariadbd[866]: 2025-12-16 12:58:04 115 [Warning] Access denied for user 'nc_app'@'localhost'
2025-12-16T12:58:04.559126+00:00 finalArenaServer mariadbd[866]: 2025-12-16 12:58:04 116 [Warning] Access denied for user 'nc_app'@'localhost'
2025-12-16T12:58:04.560287+00:00 finalArenaServer mariadbd[866]: 2025-12-16 12:58:04 117 [Warning] Access denied for user 'nc_app'@'localhost'
2025-12-16T12:58:04.560735+00:00 finalArenaServer mariadbd[866]: 2025-12-16 12:58:04 118 [Warning] Access denied for user 'nc_app'@'localhost'
2025-12-16T12:58:04.561562+00:00 finalArenaServer mariadbd[866]: 2025-12-16 12:58:04 119 [Warning] Access denied for user 'nc_app'@'localhost'
2025-12-16T12:58:04.562588+00:00 finalArenaServer mariadbd[866]: 2025-12-16 12:58:04 120 [Warning] Access denied for user 'nc_app'@'localhost'
2025-12-16T12:58:04.562671+00:00 finalArenaServer mariadbd[866]: 2025-12-16 12:58:04 121 [Warning] Access denied for user 'nc_app'@'localhost'
2025-12-16T12:58:04.564537+00:00 finalArenaServer mariadbd[866]: 2025-12-16 12:58:04 122 [Warning] Access denied for user 'nc_app'@'localhost'
2025-12-16T12:58:04.565038+00:00 finalArenaServer mariadbd[866]: 2025-12-16 12:58:04 123 [Warning] Access denied for user 'nc_app'@'localhost'
2025-12-16T12:58:04.565803+00:00 finalArenaServer mariadbd[866]: 2025-12-16 12:58:04 124 [Warning] Access denied for user 'nc_app'@'localhost'
2025-12-16T12:58:04.566246+00:00 finalArenaServer mariadbd[866]: 2025-12-16 12:58:04 125 [Warning] Access denied for user 'nc_app'@'localhost'
2025-12-16T12:58:04.567921+00:00 finalArenaServer mariadbd[866]: 2025-12-16 12:58:04 126 [Warning] Access denied for user 'nc_app'@'localhost'
2025-12-16T12:58:04.568979+00:00 finalArenaServer mariadbd[866]: 2025-12-16 12:58:04 127 [Warning] Access denied for user 'nc_app'@'localhost'
2025-12-16T12:58:04.571345+00:00 finalArenaServer mariadbd[866]: 2025-12-16 12:58:04 128 [Warning] Access denied for user 'nc_app'@'localhost'
2025-12-16T12:58:04.572409+00:00 finalArenaServer mariadbd[866]: 2025-12-16 12:58:04 129 [Warning] Access denied for user 'nc_app'@'localhost'
2025-12-16T12:58:17.897258+00:00 finalArenaServer systemd[1]: Starting update-notifier-download.service - Download data for packages that failed at package install time...
2025-12-16T12:58:18.046562+00:00 finalArenaServer systemd[1]: update-notifier-download.service: Deactivated successfully.
2025-12-16T12:58:18.047014+00:00 finalArenaServer systemd[1]: Finished update-notifier-download.service - Download data for packages that failed at package install time.
2025-12-16T12:59:25.717905+00:00 finalArenaServer systemd[1100]: launchpadlib-cache-clean.service - Clean up old files in the Launchpadlib cache was skipped because of an unmet condition check (ConditionPathExists=/home/vboxuser/.launchpadlib/api.launchpad.net/cache).
2025-12-16T13:00:01.080381+00:00 finalArenaServer mariadbd[866]: 2025-12-16 13:00:01 130 [Warning] Access denied for user 'nc_app'@'localhost'
2025-12-16T13:00:01.082812+00:00 finalArenaServer mariadbd[866]: 2025-12-16 13:00:01 131 [Warning] Access denied for user 'nc_app'@'localhost'
2025-12-16T13:00:01.084788+00:00 finalArenaServer mariadbd[866]: 2025-12-16 13:00:01 132 [Warning] Access denied for user 'nc_app'@'localhost'
2025-12-16T13:00:01.086227+00:00 finalArenaServer mariadbd[866]: 2025-12-16 13:00:01 133 [Warning] Access denied for user 'nc_app'@'localhost'
2025-12-16T13:00:01.087399+00:00 finalArenaServer mariadbd[866]: 2025-12-16 13:00:01 134 [Warning] Access denied for user 'nc_app'@'localhost'
2025-12-16T13:00:01.087871+00:00 finalArenaServer mariadbd[866]: 2025-12-16 13:00:01 135 [Warning] Access denied for user 'nc_app'@'localhost'
2025-12-16T13:00:01.088689+00:00 finalArenaServer mariadbd[866]: 2025-12-16 13:00:01 136 [Warning] Access denied for user 'nc_app'@'localhost'
2025-12-16T13:00:01.089049+00:00 finalArenaServer mariadbd[866]: 2025-12-16 13:00:01 137 [Warning] Access denied for user 'nc_app'@'localhost'
2025-12-16T13:00:01.090254+00:00 finalArenaServer mariadbd[866]: 2025-12-16 13:00:01 138 [Warning] Access denied for user 'nc_app'@'localhost'
2025-12-16T13:00:01.090684+00:00 finalArenaServer mariadbd[866]: 2025-12-16 13:00:01 139 [Warning] Access denied for user 'nc_app'@'localhost'
2025-12-16T13:00:01.091576+00:00 finalArenaServer mariadbd[866]: 2025-12-16 13:00:01 140 [Warning] Access denied for user 'nc_app'@'localhost'
2025-12-16T13:00:01.091668+00:00 finalArenaServer mariadbd[866]: 2025-12-16 13:00:01 141 [Warning] Access denied for user 'nc_app'@'localhost'
2025-12-16T13:00:01.093934+00:00 finalArenaServer mariadbd[866]: 2025-12-16 13:00:01 142 [Warning] Access denied for user 'nc_app'@'localhost'
2025-12-16T13:00:01.094669+00:00 finalArenaServer mariadbd[866]: 2025-12-16 13:00:01 143 [Warning] Access denied for user 'nc_app'@'localhost'
2025-12-16T13:00:01.096794+00:00 finalArenaServer mariadbd[866]: 2025-12-16 13:00:01 144 [Warning] Access denied for user 'nc_app'@'localhost'
2025-12-16T13:00:01.097923+00:00 finalArenaServer mariadbd[866]: 2025-12-16 13:00:01 145 [Warning] Access denied for user 'nc_app'@'localhost'
2025-12-16T13:00:15.724903+00:00 finalArenaServer systemd[1]: Starting sysstat-collect.service - system activity accounting tool...
2025-12-16T13:00:15.746695+00:00 finalArenaServer systemd[1]: sysstat-collect.service: Deactivated successfully.
2025-12-16T13:00:15.746821+00:00 finalArenaServer systemd[1]: Finished sysstat-collect.service - system activity accounting tool.
2025-12-16T13:00:16.035422+00:00 finalArenaServer mariadbd[866]: 2025-12-16 13:00:16 146 [Warning] Access denied for user 'nc_app'@'localhost'
2025-12-16T13:00:16.037992+00:00 finalArenaServer mariadbd[866]: 2025-12-16 13:00:16 147 [Warning] Access denied for user 'nc_app'@'localhost'
2025-12-16T13:00:16.038586+00:00 finalArenaServer mariadbd[866]: 2025-12-16 13:00:16 148 [Warning] Access denied for user 'nc_app'@'localhost'
2025-12-16T13:00:16.039930+00:00 finalArenaServer mariadbd[866]: 2025-12-16 13:00:16 149 [Warning] Access denied for user 'nc_app'@'localhost'
2025-12-16T13:00:16.040784+00:00 finalArenaServer mariadbd[866]: 2025-12-16 13:00:16 150 [Warning] Access denied for user 'nc_app'@'localhost'
2025-12-16T13:00:16.041661+00:00 finalArenaServer mariadbd[866]: 2025-12-16 13:00:16 151 [Warning] Access denied for user 'nc_app'@'localhost'
2025-12-16T13:00:16.042601+00:00 finalArenaServer mariadbd[866]: 2025-12-16 13:00:16 152 [Warning] Access denied for user 'nc_app'@'localhost'
2025-12-16T13:00:16.043552+00:00 finalArenaServer mariadbd[866]: 2025-12-16 13:00:16 153 [Warning] Access denied for user 'nc_app'@'localhost'
2025-12-16T13:00:16.044833+00:00 finalArenaServer mariadbd[866]: 2025-12-16 13:00:16 154 [Warning] Access denied for user 'nc_app'@'localhost'
2025-12-16T13:00:16.045602+00:00 finalArenaServer mariadbd[866]: 2025-12-16 13:00:16 155 [Warning] Access denied for user 'nc_app'@'localhost'
2025-12-16T13:00:16.046649+00:00 finalArenaServer mariadbd[866]: 2025-12-16 13:00:16 156 [Warning] Access denied for user 'nc_app'@'localhost'
2025-12-16T13:00:16.047680+00:00 finalArenaServer mariadbd[866]: 2025-12-16 13:00:16 157 [Warning] Access denied for user 'nc_app'@'localhost'
2025-12-16T13:00:16.049131+00:00 finalArenaServer mariadbd[866]: 2025-12-16 13:00:16 158 [Warning] Access denied for user 'nc_app'@'localhost'
2025-12-16T13:00:16.050845+00:00 finalArenaServer mariadbd[866]: 2025-12-16 13:00:16 159 [Warning] Access denied for user 'nc_app'@'localhost'
2025-12-16T13:00:16.053260+00:00 finalArenaServer mariadbd[866]: 2025-12-16 13:00:16 160 [Warning] Access denied for user 'nc_app'@'localhost'
2025-12-16T13:00:16.054347+00:00 finalArenaServer mariadbd[866]: 2025-12-16 13:00:16 161 [Warning] Access denied for user 'nc_app'@'localhost'
2025-12-16T13:01:21.725055+00:00 finalArenaServer systemd[1]: Starting fwupd-refresh.service - Refresh fwupd metadata and update motd...
2025-12-16T13:01:21.813111+00:00 finalArenaServer dbus-daemon[620]: [system] Activating via systemd: service name='org.freedesktop.fwupd' unit='fwupd.service' requested by ':1.21' (uid=989 pid=1748 comm="/usr/bin/fwupdmgr refresh" label="unconfined")
2025-12-16T13:01:21.827251+00:00 finalArenaServer systemd[1]: Starting fwupd.service - Firmware update daemon...
2025-12-16T13:01:22.103587+00:00 finalArenaServer dbus-daemon[620]: [system] Activating via systemd: service name='org.freedesktop.UPower' unit='upower.service' requested by ':1.22' (uid=0 pid=1753 comm="/usr/libexec/fwupd/fwupd" label="unconfined")
2025-12-16T13:01:22.114565+00:00 finalArenaServer systemd[1]: Starting upower.service - Daemon for power management...
2025-12-16T13:01:22.259187+00:00 finalArenaServer dbus-daemon[620]: [system] Successfully activated service 'org.freedesktop.UPower'
2025-12-16T13:01:22.259252+00:00 finalArenaServer systemd[1]: Started upower.service - Daemon for power management.
2025-12-16T13:01:22.352889+00:00 finalArenaServer fwupd[1753]: 13:01:22.352 FuEngine             failed to add device /sys/devices/pci0000:00/0000:00:01.1/ata2/host1/target1:0:0/1:0:0:0/block/sr0: failed to open /dev/sr0: No medium found
2025-12-16T13:01:22.402096+00:00 finalArenaServer fwupd[1753]: 13:01:22.401 FuMain               fwupd 1.9.30 ready for requests (locale en_US.UTF-8)
2025-12-16T13:01:22.403052+00:00 finalArenaServer dbus-daemon[620]: [system] Successfully activated service 'org.freedesktop.fwupd'
2025-12-16T13:01:22.403798+00:00 finalArenaServer systemd[1]: Started fwupd.service - Firmware update daemon.
2025-12-16T13:01:22.414871+00:00 finalArenaServer fwupdmgr[1748]: Updating lvfs
2025-12-16T13:01:25.381241+00:00 finalArenaServer fwupdmgr[1748]: Successfully downloaded new metadata: 0 local devices supported
2025-12-16T13:01:25.385541+00:00 finalArenaServer systemd[1]: fwupd-refresh.service: Deactivated successfully.
2025-12-16T13:01:25.385609+00:00 finalArenaServer systemd[1]: Finished fwupd-refresh.service - Refresh fwupd metadata and update motd.
2025-12-16T13:01:50.567909+00:00 finalArenaServer mariadbd[866]: 2025-12-16 13:01:50 162 [Warning] Access denied for user 'nc_app'@'localhost'
2025-12-16T13:01:50.570420+00:00 finalArenaServer mariadbd[866]: 2025-12-16 13:01:50 163 [Warning] Access denied for user 'nc_app'@'localhost'
2025-12-16T13:01:50.571685+00:00 finalArenaServer mariadbd[866]: 2025-12-16 13:01:50 164 [Warning] Access denied for user 'nc_app'@'localhost'
2025-12-16T13:01:50.572451+00:00 finalArenaServer mariadbd[866]: 2025-12-16 13:01:50 165 [Warning] Access denied for user 'nc_app'@'localhost'
2025-12-16T13:01:50.573584+00:00 finalArenaServer mariadbd[866]: 2025-12-16 13:01:50 166 [Warning] Access denied for user 'nc_app'@'localhost'
2025-12-16T13:01:50.574551+00:00 finalArenaServer mariadbd[866]: 2025-12-16 13:01:50 167 [Warning] Access denied for user 'nc_app'@'localhost'
2025-12-16T13:01:50.574814+00:00 finalArenaServer mariadbd[866]: 2025-12-16 13:01:50 168 [Warning] Access denied for user 'nc_app'@'localhost'
2025-12-16T13:01:50.575124+00:00 finalArenaServer mariadbd[866]: 2025-12-16 13:01:50 169 [Warning] Access denied for user 'nc_app'@'localhost'
2025-12-16T13:01:50.576965+00:00 finalArenaServer mariadbd[866]: 2025-12-16 13:01:50 170 [Warning] Access denied for user 'nc_app'@'localhost'
2025-12-16T13:01:50.577788+00:00 finalArenaServer mariadbd[866]: 2025-12-16 13:01:50 171 [Warning] Access denied for user 'nc_app'@'localhost'
2025-12-16T13:01:50.578816+00:00 finalArenaServer mariadbd[866]: 2025-12-16 13:01:50 172 [Warning] Access denied for user 'nc_app'@'localhost'
2025-12-16T13:01:50.579045+00:00 finalArenaServer mariadbd[866]: 2025-12-16 13:01:50 173 [Warning] Access denied for user 'nc_app'@'localhost'
2025-12-16T13:01:50.581205+00:00 finalArenaServer mariadbd[866]: 2025-12-16 13:01:50 174 [Warning] Access denied for user 'nc_app'@'localhost'
2025-12-16T13:01:50.583021+00:00 finalArenaServer mariadbd[866]: 2025-12-16 13:01:50 175 [Warning] Access denied for user 'nc_app'@'localhost'
2025-12-16T13:01:50.586511+00:00 finalArenaServer mariadbd[866]: 2025-12-16 13:01:50 176 [Warning] Access denied for user 'nc_app'@'localhost'
2025-12-16T13:01:50.591528+00:00 finalArenaServer mariadbd[866]: 2025-12-16 13:01:50 177 [Warning] Access denied for user 'nc_app'@'localhost'
2025-12-16T13:01:53.269883+00:00 finalArenaServer mariadbd[866]: 2025-12-16 13:01:53 178 [Warning] Access denied for user 'nc_app'@'localhost'
2025-12-16T13:01:53.271009+00:00 finalArenaServer mariadbd[866]: 2025-12-16 13:01:53 179 [Warning] Access denied for user 'nc_app'@'localhost'
2025-12-16T13:01:53.271790+00:00 finalArenaServer mariadbd[866]: 2025-12-16 13:01:53 180 [Warning] Access denied for user 'nc_app'@'localhost'
2025-12-16T13:01:53.272771+00:00 finalArenaServer mariadbd[866]: 2025-12-16 13:01:53 181 [Warning] Access denied for user 'nc_app'@'localhost'
2025-12-16T13:01:53.273617+00:00 finalArenaServer mariadbd[866]: 2025-12-16 13:01:53 182 [Warning] Access denied for user 'nc_app'@'localhost'
2025-12-16T13:01:53.274638+00:00 finalArenaServer mariadbd[866]: 2025-12-16 13:01:53 183 [Warning] Access denied for user 'nc_app'@'localhost'
2025-12-16T13:01:53.275615+00:00 finalArenaServer mariadbd[866]: 2025-12-16 13:01:53 184 [Warning] Access denied for user 'nc_app'@'localhost'
2025-12-16T13:01:53.276937+00:00 finalArenaServer mariadbd[866]: 2025-12-16 13:01:53 185 [Warning] Access denied for user 'nc_app'@'localhost'
2025-12-16T13:01:53.280375+00:00 finalArenaServer mariadbd[866]: 2025-12-16 13:01:53 186 [Warning] Access denied for user 'nc_app'@'localhost'
2025-12-16T13:01:53.282987+00:00 finalArenaServer mariadbd[866]: 2025-12-16 13:01:53 187 [Warning] Access denied for user 'nc_app'@'localhost'
2025-12-16T13:01:53.284901+00:00 finalArenaServer mariadbd[866]: 2025-12-16 13:01:53 188 [Warning] Access denied for user 'nc_app'@'localhost'
2025-12-16T13:01:53.286949+00:00 finalArenaServer mariadbd[866]: 2025-12-16 13:01:53 189 [Warning] Access denied for user 'nc_app'@'localhost'
2025-12-16T13:01:53.289558+00:00 finalArenaServer mariadbd[866]: 2025-12-16 13:01:53 190 [Warning] Access denied for user 'nc_app'@'localhost'
2025-12-16T13:01:53.290190+00:00 finalArenaServer mariadbd[866]: 2025-12-16 13:01:53 191 [Warning] Access denied for user 'nc_app'@'localhost'
2025-12-16T13:01:53.293528+00:00 finalArenaServer mariadbd[866]: 2025-12-16 13:01:53 192 [Warning] Access denied for user 'nc_app'@'localhost'
2025-12-16T13:01:53.296922+00:00 finalArenaServer mariadbd[866]: 2025-12-16 13:01:53 193 [Warning] Access denied for user 'nc_app'@'localhost'
2025-12-16T13:05:01.901091+00:00 finalArenaServer CRON[1834]: (root) CMD (command -v debian-sa1 > /dev/null && debian-sa1 1 1)2025-12-16T13:08:54.920270+00:00 finalArenaServer kernel: workqueue: e1000_watchdog [e1000] hogged CPU for >10000us 16 times, consider switching to WQ_UNBOUND
2025-12-16T13:09:01.953214+00:00 finalArenaServer CRON[1395]: (root) CMD (  [ -x /usr/lib/php/sessionclean ] && if [ ! -d /run/systemd/system ]; then /usr/lib/php/sessionclean; fi)
2025-12-16T13:09:10.279840+00:00 finalArenaServer systemd[1]: Starting phpsessionclean.service - Clean php session files...
2025-12-16T13:09:10.516564+00:00 finalArenaServer systemd[1]: phpsessionclean.service: Deactivated successfully.
2025-12-16T13:09:10.517729+00:00 finalArenaServer systemd[1]: Finished phpsessionclean.service - Clean php session files.
2025-12-16T13:09:13.920771+00:00 finalArenaServer kernel: workqueue: blk_mq_run_work_fn hogged CPU for >10000us 4 times, consider switching to WQ_UNBOUND
2025-12-16T13:10:06.352717+00:00 finalArenaServer kernel: workqueue: drm_fb_helper_damage_work hogged CPU for >10000us 16 times, consider switching to WQ_UNBOUND
2025-12-16T13:10:06.846252+00:00 finalArenaServer systemd[1]: Starting sysstat-collect.service - system activity accounting tool...
2025-12-16T13:10:06.904989+00:00 finalArenaServer systemd[1]: sysstat-collect.service: Deactivated successfully.
2025-12-16T13:10:06.905102+00:00 finalArenaServer systemd[1]: Finished sysstat-collect.service - system activity accounting tool.
2025-12-16T13:10:14.787786+00:00 finalArenaServer kernel: workqueue: e1000_watchdog [e1000] hogged CPU for >10000us 32 times, consider switching to WQ_UNBOUND
2025-12-16T13:11:35.530348+00:00 finalArenaServer kernel: clocksource: Long readout interval, skipping watchdog check: cs_nsec: 3030795283 wd_nsec: 3030793450
2025-12-16T13:12:26.581294+00:00 finalArenaServer systemd[1]: Starting update-notifier-download.service - Download data for packages that failed at package install time...
2025-12-16T13:12:26.718179+00:00 finalArenaServer systemd[1]: update-notifier-download.service: Deactivated successfully.
2025-12-16T13:12:26.718242+00:00 finalArenaServer systemd[1]: Finished update-notifier-download.service - Download data for packages that failed at package install time.
2025-12-16T13:12:54.172032+00:00 finalArenaServer kernel: workqueue: drm_fb_helper_damage_work hogged CPU for >10000us 32 times, consider switching to WQ_UNBOUND
2025-12-16T13:14:06.806311+00:00 finalArenaServer systemd[1077]: launchpadlib-cache-clean.service - Clean up old files in the Launchpadlib cache was skipped because of an unmet condition check (ConditionPathExists=/home/vboxuser/.launchpadlib/api.launchpad.net/cache).
2025-12-16T13:15:01.318771+00:00 finalArenaServer CRON[1579]: (root) CMD (command -v debian-sa1 > /dev/null && debian-sa1 1 1)
2025-12-16T13:15:25.177386+00:00 finalArenaServer kernel: workqueue: blk_mq_run_work_fn hogged CPU for >10000us 8 times, consider switching to WQ_UNBOUND2025-12-16T13:18:11.585093+00:00 finalArenaServer kernel: workqueue: e1000_watchdog [e1000] hogged CPU for >10000us 4 times, consider switching to WQ_UNBOUND
2025-12-16T13:18:25.146500+00:00 finalArenaServer kernel: workqueue: blk_mq_run_work_fn hogged CPU for >10000us 16 times, consider switching to WQ_UNBOUND
2025-12-16T13:18:54.590091+00:00 finalArenaServer kernel: workqueue: e1000_watchdog [e1000] hogged CPU for >10000us 8 times, consider switching to WQ_UNBOUND
2025-12-16T13:19:27.804157+00:00 finalArenaServer kernel: workqueue: drm_fb_helper_damage_work hogged CPU for >10000us 8 times, consider switching to WQ_UNBOUND
2025-12-16T13:19:41.698661+00:00 finalArenaServer kernel: workqueue: e1000_watchdog [e1000] hogged CPU for >10000us 16 times, consider switching to WQ_UNBOUND
2025-12-16T13:20:19.507348+00:00 finalArenaServer systemd[1]: Starting sysstat-collect.service - system activity accounting tool...
2025-12-16T13:20:19.525816+00:00 finalArenaServer systemd[1]: sysstat-collect.service: Deactivated successfully.
2025-12-16T13:20:19.526370+00:00 finalArenaServer systemd[1]: Finished sysstat-collect.service - system activity accounting tool.
2025-12-16T13:22:00.028148+00:00 finalArenaServer systemd[1]: Starting update-notifier-download.service - Download data for packages that failed at package install time...
2025-12-16T13:22:00.225988+00:00 finalArenaServer systemd[1]: update-notifier-download.service: Deactivated successfully.
2025-12-16T13:22:00.226177+00:00 finalArenaServer systemd[1]: Finished update-notifier-download.service - Download data for packages that failed at package install time.
2025-12-16T13:22:28.622158+00:00 finalArenaServer kernel: workqueue: drm_fb_helper_damage_work hogged CPU for >10000us 16 times, consider switching to WQ_UNBOUND
2025-12-16T13:22:29.523811+00:00 finalArenaServer systemd[1084]: launchpadlib-cache-clean.service - Clean up old files in the Launchpadlib cache was skipped because of an unmet condition check (ConditionPathExists=/home/vboxuser/.launchpadlib/api.launchpad.net/cache).
2025-12-16T13:23:55.264507+00:00 finalArenaServer systemd[1]: Stopping apache2.service - The Apache HTTP Server...
2025-12-16T13:23:55.327152+00:00 finalArenaServer apachectl[1566]: AH00558: apache2: Could not reliably determine the server's fully qualified domain name, using fd17:625c:f037:2:a00:27ff:fe3f:3739. Set the 'ServerName' directive globally to suppress this message
2025-12-16T13:23:55.410168+00:00 finalArenaServer systemd[1]: apache2.service: Killing process 1332 (apache2) with signal SIGKILL.
2025-12-16T13:23:55.410275+00:00 finalArenaServer systemd[1]: apache2.service: Killing process 1333 (apache2) with signal SIGKILL.
2025-12-16T13:23:55.410337+00:00 finalArenaServer systemd[1]: apache2.service: Killing process 1334 (apache2) with signal SIGKILL.
2025-12-16T13:23:55.410383+00:00 finalArenaServer systemd[1]: apache2.service: Killing process 1335 (apache2) with signal SIGKILL.
2025-12-16T13:23:55.410423+00:00 finalArenaServer systemd[1]: apache2.service: Killing process 1336 (apache2) with signal SIGKILL.
2025-12-16T13:23:55.410462+00:00 finalArenaServer systemd[1]: apache2.service: Killing process 1410 (apache2) with signal SIGKILL.
2025-12-16T13:23:55.418509+00:00 finalArenaServer systemd[1]: apache2.service: Deactivated successfully.
2025-12-16T13:23:55.420008+00:00 finalArenaServer systemd[1]: Stopped apache2.service - The Apache HTTP Server.
2025-12-16T13:23:55.420126+00:00 finalArenaServer systemd[1]: apache2.service: Consumed 2.744s CPU time.
2025-12-16T13:23:55.431162+00:00 finalArenaServer systemd[1]: Starting apache2.service - The Apache HTTP Server...
2025-12-16T13:23:55.490537+00:00 finalArenaServer apachectl[1574]: AH00558: apache2: Could not reliably determine the server's fully qualified domain name, using fd17:625c:f037:2:a00:27ff:fe3f:3739. Set the 'ServerName' directive globally to suppress this message
2025-12-16T13:23:55.506049+00:00 finalArenaServer systemd[1]: Started apache2.service - The Apache HTTP Server.
2025-12-16T13:25:01.855628+00:00 finalArenaServer CRON[1648]: (root) CMD (command -v debian-sa1 > /dev/null && debian-sa1 1 1)
2025-12-16T13:26:03.388536+00:00 finalArenaServer kernel: workqueue: drm_fb_helper_damage_work hogged CPU for >10000us 32 times, consider switching to WQ_UNBOUND
2025-12-16T13:26:23.176430+00:00 finalArenaServer kernel: workqueue: e1000_watchdog [e1000] hogged CPU for >10000us 32 times, consider switching to WQ_UNBOUND
2025-12-16T13:27:27.682579+00:00 finalArenaServer kernel: workqueue: ata_sff_pio_task hogged CPU for >10000us 4 times, consider switching to WQ_UNBOUND
2025-12-16T13:29:09.719603+00:00 finalArenaServer kernel: workqueue: blk_mq_run_work_fn hogged CPU for >10000us 32 times, consider switching to WQ_UNBOUND
2025-12-16T13:30:09.557032+00:00 finalArenaServer systemd[1]: Starting sysstat-collect.service - system activity accounting tool...
2025-12-16T13:30:09.663655+00:00 finalArenaServer systemd[1]: sysstat-collect.service: Deactivated successfully.
2025-12-16T13:30:09.665867+00:00 finalArenaServer systemd[1]: Finished sysstat-collect.service - system activity accounting tool.
2025-12-16T13:31:29.559673+00:00 finalArenaServer systemd[1]: Starting fwupd-refresh.service - Refresh fwupd metadata and update motd...
2025-12-16T13:31:29.670198+00:00 finalArenaServer dbus-daemon[625]: [system] Activating via systemd: service name='org.freedesktop.fwupd' unit='fwupd.service' requested by ':1.21' (uid=989 pid=1815 comm="/usr/bin/fwupdmgr refresh" label="unconfined")
2025-12-16T13:31:29.681539+00:00 finalArenaServer systemd[1]: Starting fwupd.service - Firmware update daemon...
2025-12-16T13:31:30.081749+00:00 finalArenaServer dbus-daemon[625]: [system] Activating via systemd: service name='org.freedesktop.UPower' unit='upower.service' requested by ':1.22' (uid=0 pid=1820 comm="/usr/libexec/fwupd/fwupd" label="unconfined")
2025-12-16T13:31:30.091117+00:00 finalArenaServer systemd[1]: Starting upower.service - Daemon for power management...
2025-12-16T13:31:30.284651+00:00 finalArenaServer dbus-daemon[625]: [system] Successfully activated service 'org.freedesktop.UPower'
2025-12-16T13:31:30.284718+00:00 finalArenaServer systemd[1]: Started upower.service - Daemon for power management.
2025-12-16T13:31:30.424343+00:00 finalArenaServer fwupd[1820]: 13:31:30.423 FuEngine             failed to add device /sys/devices/pci0000:00/0000:00:01.1/ata2/host1/target1:0:0/1:0:0:0/block/sr0: failed to open /dev/sr0: No medium found
2025-12-16T13:31:30.476090+00:00 finalArenaServer fwupd[1820]: 13:31:30.475 FuMain               fwupd 1.9.30 ready for requests (locale en_US.UTF-8)
2025-12-16T13:31:30.477446+00:00 finalArenaServer dbus-daemon[625]: [system] Successfully activated service 'org.freedesktop.fwupd'
2025-12-16T13:31:30.478043+00:00 finalArenaServer systemd[1]: Started fwupd.service - Firmware update daemon.
2025-12-16T13:31:30.496166+00:00 finalArenaServer fwupdmgr[1815]: Updating lvfs
2025-12-16T13:31:34.172452+00:00 finalArenaServer fwupdmgr[1815]: Successfully downloaded new metadata: 0 local devices supported
2025-12-16T13:31:34.176573+00:00 finalArenaServer systemd[1]: fwupd-refresh.service: Deactivated successfully.
2025-12-16T13:31:34.176651+00:00 finalArenaServer systemd[1]: Finished fwupd-refresh.service - Refresh fwupd metadata and update motd.
2025-12-16T13:32:19.638476+00:00 finalArenaServer systemd[1]: Starting systemd-tmpfiles-clean.service - Cleanup of Temporary Directories...
2025-12-16T13:32:19.908687+00:00 finalArenaServer systemd[1]: systemd-tmpfiles-clean.service: Deactivated successfully.
2025-12-16T13:32:19.909172+00:00 finalArenaServer systemd[1]: Finished systemd-tmpfiles-clean.service - Cleanup of Temporary Directories.2025-12-16T13:38:46.475843+00:00 finalArenaServer kernel: workqueue: blk_mq_run_work_fn hogged CPU for >10000us 4 times, consider switching to WQ_UNBOUND
2025-12-16T13:39:03.292728+00:00 finalArenaServer CRON[1412]: (root) CMD (  [ -x /usr/lib/php/sessionclean ] && if [ ! -d /run/systemd/system ]; then /usr/lib/php/sessionclean; fi)
2025-12-16T13:39:11.232318+00:00 finalArenaServer kernel: workqueue: e1000_watchdog [e1000] hogged CPU for >10000us 8 times, consider switching to WQ_UNBOUND
2025-12-16T13:39:12.942687+00:00 finalArenaServer systemd[1]: Starting phpsessionclean.service - Clean php session files...
2025-12-16T13:39:13.134285+00:00 finalArenaServer systemd[1]: phpsessionclean.service: Deactivated successfully.
2025-12-16T13:39:13.134558+00:00 finalArenaServer systemd[1]: Finished phpsessionclean.service - Clean php session files.
2025-12-16T13:40:12.949647+00:00 finalArenaServer systemd[1]: Starting sysstat-collect.service - system activity accounting tool...
2025-12-16T13:40:12.982936+00:00 finalArenaServer systemd[1]: sysstat-collect.service: Deactivated successfully.
2025-12-16T13:40:12.983219+00:00 finalArenaServer systemd[1]: Finished sysstat-collect.service - system activity accounting tool.
2025-12-16T13:40:14.744437+00:00 finalArenaServer kernel: workqueue: e1000_watchdog [e1000] hogged CPU for >10000us 16 times, consider switching to WQ_UNBOUND
2025-12-16T13:40:56.442553+00:00 finalArenaServer systemd[1]: Stopping apache2.service - The Apache HTTP Server...
2025-12-16T13:40:56.497304+00:00 finalArenaServer apachectl[1550]: AH00558: apache2: Could not reliably determine the server's fully qualified domain name, using fd17:625c:f037:2:a00:27ff:fe3f:3739. Set the 'ServerName' directive globally to suppress this message
2025-12-16T13:40:56.547691+00:00 finalArenaServer systemd[1]: apache2.service: Deactivated successfully.
2025-12-16T13:40:56.547986+00:00 finalArenaServer systemd[1]: Stopped apache2.service - The Apache HTTP Server.
2025-12-16T13:40:56.548049+00:00 finalArenaServer systemd[1]: apache2.service: Consumed 2.264s CPU time.
2025-12-16T13:40:56.557190+00:00 finalArenaServer systemd[1]: Starting apache2.service - The Apache HTTP Server...
2025-12-16T13:40:56.594643+00:00 finalArenaServer apachectl[1556]: AH00558: apache2: Could not reliably determine the server's fully qualified domain name, using fd17:625c:f037:2:a00:27ff:fe3f:3739. Set the 'ServerName' directive globally to suppress this message
2025-12-16T13:40:56.605439+00:00 finalArenaServer systemd[1]: Started apache2.service - The Apache HTTP Server.2025-12-16T13:44:10.875706+00:00 finalArenaServer kernel: workqueue: blk_mq_run_work_fn hogged CPU for >10000us 4 times, consider switching to WQ_UNBOUND
2025-12-16T13:44:11.044185+00:00 finalArenaServer kernel: workqueue: drm_fb_helper_damage_work hogged CPU for >10000us 8 times, consider switching to WQ_UNBOUND
2025-12-16T13:44:24.008105+00:00 finalArenaServer kernel: workqueue: e1000_watchdog [e1000] hogged CPU for >10000us 4 times, consider switching to WQ_UNBOUND
2025-12-16T13:44:27.222972+00:00 finalArenaServer kernel: workqueue: blk_mq_run_work_fn hogged CPU for >10000us 8 times, consider switching to WQ_UNBOUND
2025-12-16T13:45:01.095334+00:00 finalArenaServer CRON[1507]: (root) CMD (command -v debian-sa1 > /dev/null && debian-sa1 1 1)
2025-12-16T13:45:37.839513+00:00 finalArenaServer kernel: workqueue: e1000_watchdog [e1000] hogged CPU for >10000us 8 times, consider switching to WQ_UNBOUND
2025-12-16T13:45:41.617788+00:00 finalArenaServer kernel: workqueue: drm_fb_helper_damage_work hogged CPU for >10000us 16 times, consider switching to WQ_UNBOUND
2025-12-16T13:45:45.754006+00:00 finalArenaServer systemd[1]: Starting fwupd-refresh.service - Refresh fwupd metadata and update motd...
2025-12-16T13:45:46.665499+00:00 finalArenaServer systemd[1]: Starting redis-server.service - Advanced key-value store...
2025-12-16T13:45:46.746947+00:00 finalArenaServer dbus-daemon[619]: [system] Activating via systemd: service name='org.freedesktop.fwupd' unit='fwupd.service' requested by ':1.21' (uid=989 pid=1522 comm="/usr/bin/fwupdmgr refresh" label="unconfined")
2025-12-16T13:45:46.767923+00:00 finalArenaServer systemd[1]: Starting fwupd.service - Firmware update daemon...
2025-12-16T13:45:46.769579+00:00 finalArenaServer systemd[1]: Started redis-server.service - Advanced key-value store.
2025-12-16T13:45:47.046573+00:00 finalArenaServer dbus-daemon[619]: [system] Activating via systemd: service name='org.freedesktop.UPower' unit='upower.service' requested by ':1.22' (uid=0 pid=1530 comm="/usr/libexec/fwupd/fwupd" label="unconfined")
2025-12-16T13:45:47.061990+00:00 finalArenaServer systemd[1]: Starting upower.service - Daemon for power management...
2025-12-16T13:45:47.209668+00:00 finalArenaServer dbus-daemon[619]: [system] Successfully activated service 'org.freedesktop.UPower'
2025-12-16T13:45:47.210782+00:00 finalArenaServer systemd[1]: Started upower.service - Daemon for power management.
2025-12-16T13:45:47.311438+00:00 finalArenaServer fwupd[1530]: 13:45:47.302 FuEngine             failed to add device /sys/devices/pci0000:00/0000:00:01.1/ata2/host1/target1:0:0/1:0:0:0/block/sr0: failed to open /dev/sr0: No medium found
2025-12-16T13:45:47.356218+00:00 finalArenaServer fwupd[1530]: 13:45:47.355 FuMain               fwupd 1.9.30 ready for requests (locale en_US.UTF-8)
2025-12-16T13:45:47.359202+00:00 finalArenaServer dbus-daemon[619]: [system] Successfully activated service 'org.freedesktop.fwupd'
2025-12-16T13:45:47.359330+00:00 finalArenaServer systemd[1]: Started fwupd.service - Firmware update daemon.
2025-12-16T13:45:47.381492+00:00 finalArenaServer fwupdmgr[1522]: Updating lvfs
2025-12-16T13:45:50.072939+00:00 finalArenaServer fwupdmgr[1522]: Successfully downloaded new metadata: 0 local devices supported
2025-12-16T13:45:50.079313+00:00 finalArenaServer systemd[1]: fwupd-refresh.service: Deactivated successfully.
2025-12-16T13:45:50.079534+00:00 finalArenaServer systemd[1]: Finished fwupd-refresh.service - Refresh fwupd metadata and update motd.
2025-12-16T13:46:08.592036+00:00 finalArenaServer kernel: workqueue: blk_mq_run_work_fn hogged CPU for >10000us 16 times, consider switching to WQ_UNBOUND
2025-12-16T13:46:10.600307+00:00 finalArenaServer kernel: workqueue: e1000_watchdog [e1000] hogged CPU for >10000us 16 times, consider switching to WQ_UNBOUND
2025-12-16T13:47:00.358420+00:00 finalArenaServer systemd[1]: Stopping apache2.service - The Apache HTTP Server...
2025-12-16T13:47:00.431388+00:00 finalArenaServer apachectl[1601]: AH00558: apache2: Could not reliably determine the server's fully qualified domain name, using fd17:625c:f037:2:a00:27ff:fe3f:3739. Set the 'ServerName' directive globally to suppress this message
2025-12-16T13:47:00.496687+00:00 finalArenaServer systemd[1]: apache2.service: Deactivated successfully.
2025-12-16T13:47:00.498398+00:00 finalArenaServer systemd[1]: Stopped apache2.service - The Apache HTTP Server.
2025-12-16T13:47:00.498641+00:00 finalArenaServer systemd[1]: apache2.service: Consumed 5.763s CPU time.
2025-12-16T13:47:00.510605+00:00 finalArenaServer systemd[1]: Starting apache2.service - The Apache HTTP Server...
2025-12-16T13:47:00.582766+00:00 finalArenaServer apachectl[1607]: AH00558: apache2: Could not reliably determine the server's fully qualified domain name, using fd17:625c:f037:2:a00:27ff:fe3f:3739. Set the 'ServerName' directive globally to suppress this message
2025-12-16T13:47:00.600213+00:00 finalArenaServer systemd[1]: Started apache2.service - The Apache HTTP Server.
2025-12-16T13:48:10.414826+00:00 finalArenaServer systemd[1]: Starting update-notifier-download.service - Download data for packages that failed at package install time...
2025-12-16T13:48:10.589568+00:00 finalArenaServer systemd[1]: update-notifier-download.service: Deactivated successfully.
2025-12-16T13:48:10.590093+00:00 finalArenaServer systemd[1]: Finished update-notifier-download.service - Download data for packages that failed at package install time.
2025-12-16T13:48:28.861817+00:00 finalArenaServer systemd[1107]: launchpadlib-cache-clean.service - Clean up old files in the Launchpadlib cache was skipped because of an unmet condition check (ConditionPathExists=/home/vboxuser/.launchpadlib/api.launchpad.net/cache).
2025-12-16T13:50:18.896113+00:00 finalArenaServer systemd[1]: Starting sysstat-collect.service - system activity accounting tool...
2025-12-16T13:50:18.937784+00:00 finalArenaServer systemd[1]: sysstat-collect.service: Deactivated successfully.
2025-12-16T13:50:18.938109+00:00 finalArenaServer systemd[1]: Finished sysstat-collect.service - system activity accounting tool.
2025-12-16T13:50:34.503230+00:00 finalArenaServer kernel: clocksource: Long readout interval, skipping watchdog check: cs_nsec: 6336717374 wd_nsec: 6336714337
2025-12-16T13:53:37.110653+00:00 finalArenaServer systemd[1]: Stopping redis-server.service - Advanced key-value store...
2025-12-16T13:53:37.221732+00:00 finalArenaServer systemd[1]: redis-server.service: Deactivated successfully.
2025-12-16T13:53:37.221991+00:00 finalArenaServer systemd[1]: Stopped redis-server.service - Advanced key-value store.
2025-12-16T13:53:37.222152+00:00 finalArenaServer systemd[1]: redis-server.service: Consumed 1.223s CPU time, 3.8M memory peak, 0B memory swap peak.
2025-12-16T13:53:37.239958+00:00 finalArenaServer systemd[1]: Starting redis-server.service - Advanced key-value store...
2025-12-16T13:53:37.311629+00:00 finalArenaServer systemd[1]: Started redis-server.service - Advanced key-value store.
2025-12-16T13:55:01.385190+00:00 finalArenaServer CRON[1899]: (root) CMD (command -v debian-sa1 > /dev/null && debian-sa1 1 1)
2025-12-16T13:58:28.873219+00:00 finalArenaServer systemd[1]: Starting systemd-tmpfiles-clean.service - Cleanup of Temporary Directories...
2025-12-16T13:58:28.993490+00:00 finalArenaServer systemd[1]: systemd-tmpfiles-clean.service: Deactivated successfully.
2025-12-16T13:58:28.993812+00:00 finalArenaServer systemd[1]: Finished systemd-tmpfiles-clean.service - Cleanup of Temporary Directories.
2025-12-16T13:59:54.783546+00:00 finalArenaServer systemd[1]: Stopping redis-server.service - Advanced key-value store...
2025-12-16T13:59:54.859071+00:00 finalArenaServer systemd[1]: redis-server.service: Deactivated successfully.
2025-12-16T13:59:54.859331+00:00 finalArenaServer systemd[1]: Stopped redis-server.service - Advanced key-value store.
2025-12-16T13:59:54.866977+00:00 finalArenaServer systemd[1]: Starting redis-server.service - Advanced key-value store...
2025-12-16T13:59:54.922738+00:00 finalArenaServer systemd[1]: Started redis-server.service - Advanced key-value store.
2025-12-16T14:00:09.050155+00:00 finalArenaServer systemd[1]: Starting sysstat-collect.service - system activity accounting tool...
2025-12-16T14:00:09.061815+00:00 finalArenaServer systemd[1]: sysstat-collect.service: Deactivated successfully.
2025-12-16T14:00:09.061885+00:00 finalArenaServer systemd[1]: Finished sysstat-collect.service - system activity accounting tool.
2025-12-16T14:00:38.680102+00:00 finalArenaServer systemd[1]: Stopping redis-server.service - Advanced key-value store...
2025-12-16T14:00:38.711133+00:00 finalArenaServer systemd[1]: redis-server.service: Deactivated successfully.
2025-12-16T14:00:38.711362+00:00 finalArenaServer systemd[1]: Stopped redis-server.service - Advanced key-value store.
2025-12-16T14:00:38.729213+00:00 finalArenaServer systemd[1]: Starting redis-server.service - Advanced key-value store...
2025-12-16T14:00:38.779957+00:00 finalArenaServer systemd[1]: Started redis-server.service - Advanced key-value store.
2025-12-16T14:04:01.308930+00:00 finalArenaServer systemd[1]: Stopping redis-server.service - Advanced key-value store...
2025-12-16T14:04:01.410941+00:00 finalArenaServer systemd[1]: redis-server.service: Deactivated successfully.
2025-12-16T14:04:01.411724+00:00 finalArenaServer systemd[1]: Stopped redis-server.service - Advanced key-value store.
2025-12-16T14:04:18.711843+00:00 finalArenaServer systemd[1]: Starting redis-server.service - Advanced key-value store...
2025-12-16T14:04:18.761537+00:00 finalArenaServer systemd[1]: Started redis-server.service - Advanced key-value store.
2025-12-16T14:04:29.628888+00:00 finalArenaServer systemd[1]: Stopping apache2.service - The Apache HTTP Server...
2025-12-16T14:04:29.682616+00:00 finalArenaServer apachectl[2287]: AH00558: apache2: Could not reliably determine the server's fully qualified domain name, using fd17:625c:f037:2:a00:27ff:fe3f:3739. Set the 'ServerName' directive globally to suppress this message
2025-12-16T14:04:29.724811+00:00 finalArenaServer systemd[1]: apache2.service: Deactivated successfully.
2025-12-16T14:04:29.725286+00:00 finalArenaServer systemd[1]: Stopped apache2.service - The Apache HTTP Server.
2025-12-16T14:04:38.662803+00:00 finalArenaServer systemd[1]: Starting apache2.service - The Apache HTTP Server...
2025-12-16T14:04:38.711681+00:00 finalArenaServer apachectl[2301]: AH00558: apache2: Could not reliably determine the server's fully qualified domain name, using fd17:625c:f037:2:a00:27ff:fe3f:3739. Set the 'ServerName' directive globally to suppress this message
2025-12-16T14:04:38.721806+00:00 finalArenaServer systemd[1]: Started apache2.service - The Apache HTTP Server.
2025-12-16T14:05:01.483282+00:00 finalArenaServer CRON[2312]: (root) CMD (command -v debian-sa1 > /dev/null && debian-sa1 1 1)
2025-12-16T14:07:16.653599+00:00 finalArenaServer systemd[1]: Stopping apache2.service - The Apache HTTP Server...
2025-12-16T14:07:16.710301+00:00 finalArenaServer apachectl[2393]: AH00558: apache2: Could not reliably determine the server's fully qualified domain name, using fd17:625c:f037:2:a00:27ff:fe3f:3739. Set the 'ServerName' directive globally to suppress this message
2025-12-16T14:07:16.744208+00:00 finalArenaServer systemd[1]: apache2.service: Deactivated successfully.
2025-12-16T14:07:16.744498+00:00 finalArenaServer systemd[1]: Stopped apache2.service - The Apache HTTP Server.
2025-12-16T14:07:16.753062+00:00 finalArenaServer systemd[1]: Starting apache2.service - The Apache HTTP Server...
2025-12-16T14:07:16.791631+00:00 finalArenaServer apachectl[2401]: AH00558: apache2: Could not reliably determine the server's fully qualified domain name, using fd17:625c:f037:2:a00:27ff:fe3f:3739. Set the 'ServerName' directive globally to suppress this message
2025-12-16T14:07:16.798218+00:00 finalArenaServer systemd[1]: Started apache2.service - The Apache HTTP Server.
2025-12-16T14:09:01.621998+00:00 finalArenaServer CRON[2486]: (root) CMD (  [ -x /usr/lib/php/sessionclean ] && if [ ! -d /run/systemd/system ]; then /usr/lib/php/sessionclean; fi)
2025-12-16T14:09:01.623903+00:00 finalArenaServer systemd[1]: Starting phpsessionclean.service - Clean php session files...
2025-12-16T14:09:01.811413+00:00 finalArenaServer systemd[1]: phpsessionclean.service: Deactivated successfully.
2025-12-16T14:09:01.811491+00:00 finalArenaServer systemd[1]: Finished phpsessionclean.service - Clean php session files.
2025-12-16T14:10:18.871684+00:00 finalArenaServer systemd[1]: Starting sysstat-collect.service - system activity accounting tool...
2025-12-16T14:10:18.899327+00:00 finalArenaServer systemd[1]: sysstat-collect.service: Deactivated successfully.
2025-12-16T14:10:18.899609+00:00 finalArenaServer systemd[1]: Finished sysstat-collect.service - system activity accounting tool.
2025-12-16T14:15:01.729580+00:00 finalArenaServer CRON[2650]: (root) CMD (command -v debian-sa1 > /dev/null && debian-sa1 1 1)
2025-12-16T14:17:01.782285+00:00 finalArenaServer CRON[2688]: (root) CMD (cd / && run-parts --report /etc/cron.hourly)
2025-12-16T14:20:06.244411+00:00 finalArenaServer systemd[1]: Starting sysstat-collect.service - system activity accounting tool...
2025-12-16T14:20:06.250430+00:00 finalArenaServer systemd[1]: sysstat-collect.service: Deactivated successfully.
2025-12-16T14:20:06.250735+00:00 finalArenaServer systemd[1]: Finished sysstat-collect.service - system activity accounting tool.
2025-12-16T14:23:01.034638+00:00 finalArenaServer systemd[1]: Stopping redis-server.service - Advanced key-value store...
2025-12-16T14:23:01.098265+00:00 finalArenaServer systemd[1]: redis-server.service: Deactivated successfully.
2025-12-16T14:23:01.098324+00:00 finalArenaServer systemd[1]: Stopped redis-server.service - Advanced key-value store.
2025-12-16T14:23:01.098357+00:00 finalArenaServer systemd[1]: redis-server.service: Consumed 2.441s CPU time, 3.9M memory peak, 0B memory swap peak.
2025-12-16T14:23:01.315107+00:00 finalArenaServer systemd[1]: Reloading requested from client PID 7763 ('systemctl') (unit session-1.scope)...
2025-12-16T14:23:01.315234+00:00 finalArenaServer systemd[1]: Reloading...
2025-12-16T14:23:01.634681+00:00 finalArenaServer systemd[1]: Reloading finished in 316 ms.
2025-12-16T14:23:04.482233+00:00 finalArenaServer systemd[1]: Reloading requested from client PID 7839 ('systemctl') (unit session-1.scope)...
2025-12-16T14:23:04.482393+00:00 finalArenaServer systemd[1]: Reloading...
2025-12-16T14:23:04.778993+00:00 finalArenaServer systemd[1]: Reloading finished in 296 ms.
2025-12-16T14:23:04.834184+00:00 finalArenaServer systemd[1]: Starting apt-daily.service - Daily apt download activities...
2025-12-16T14:23:05.042506+00:00 finalArenaServer systemd[1]: apt-daily.service: Deactivated successfully.
2025-12-16T14:23:05.042565+00:00 finalArenaServer systemd[1]: Finished apt-daily.service - Daily apt download activities.
2025-12-16T14:23:05.066233+00:00 finalArenaServer systemd[1]: Reloading requested from client PID 7932 ('systemctl') (unit session-1.scope)...
2025-12-16T14:23:05.066291+00:00 finalArenaServer systemd[1]: Reloading...
2025-12-16T14:23:05.346437+00:00 finalArenaServer systemd[1]: Reloading finished in 281 ms.
2025-12-16T14:23:05.401986+00:00 finalArenaServer systemd[1]: Starting fwupd-refresh.service - Refresh fwupd metadata and update motd...
2025-12-16T14:23:05.475290+00:00 finalArenaServer systemd[1]: fwupd-refresh.service: Deactivated successfully.
2025-12-16T14:23:05.475401+00:00 finalArenaServer systemd[1]: Finished fwupd-refresh.service - Refresh fwupd metadata and update motd.
2025-12-16T14:23:05.904615+00:00 finalArenaServer dbus-daemon[619]: [system] Activating via systemd: service name='org.freedesktop.PackageKit' unit='packagekit.service' requested by ':1.27' (uid=0 pid=7993 comm="/usr/bin/gdbus call --system --dest org.freedeskto" label="unconfined")
2025-12-16T14:23:05.915989+00:00 finalArenaServer systemd[1]: Starting packagekit.service - PackageKit Daemon...
2025-12-16T14:23:05.931114+00:00 finalArenaServer PackageKit: daemon start
2025-12-16T14:23:05.986556+00:00 finalArenaServer dbus-daemon[619]: [system] Successfully activated service 'org.freedesktop.PackageKit'
2025-12-16T14:23:05.986623+00:00 finalArenaServer systemd[1]: Started packagekit.service - PackageKit Daemon.
2025-12-16T14:23:23.894230+00:00 finalArenaServer systemd[1]: Reloading requested from client PID 8126 ('systemctl') (unit session-1.scope)...
2025-12-16T14:23:23.895386+00:00 finalArenaServer systemd[1]: Reloading...
2025-12-16T14:23:24.160126+00:00 finalArenaServer systemd[1]: Reloading finished in 264 ms.
2025-12-16T14:23:24.352621+00:00 finalArenaServer systemd[1]: Reloading requested from client PID 8179 ('systemctl') (unit session-1.scope)...
2025-12-16T14:23:24.352681+00:00 finalArenaServer systemd[1]: Reloading...
2025-12-16T14:23:24.622755+00:00 finalArenaServer systemd[1]: Reloading finished in 269 ms.
2025-12-16T14:23:24.655459+00:00 finalArenaServer systemd[1]: Starting motd-news.service - Message of the Day...
2025-12-16T14:23:24.718746+00:00 finalArenaServer systemd[1]: Starting redis-server.service - Advanced key-value store...
2025-12-16T14:23:24.778760+00:00 finalArenaServer systemd[1]: Started redis-server.service - Advanced key-value store.
2025-12-16T14:23:28.745509+00:00 finalArenaServer 50-motd-news[8322]:  * Strictly confined Kubernetes makes edge and IoT secure. Learn how MicroK8s
2025-12-16T14:23:28.745580+00:00 finalArenaServer 50-motd-news[8322]:    just raised the bar for easy, resilient and secure K8s cluster deployment.
2025-12-16T14:23:28.745602+00:00 finalArenaServer 50-motd-news[8322]:    https://ubuntu.com/engage/secure-kubernetes-at-the-edge
2025-12-16T14:23:28.759258+00:00 finalArenaServer systemd[1]: motd-news.service: Deactivated successfully.
2025-12-16T14:23:28.759383+00:00 finalArenaServer systemd[1]: Finished motd-news.service - Message of the Day.
2025-12-16T14:24:11.888425+00:00 finalArenaServer kernel: workqueue: e1000_watchdog [e1000] hogged CPU for >10000us 32 times, consider switching to WQ_UNBOUND
2025-12-16T14:24:20.245614+00:00 finalArenaServer systemd[1]: Stopping apache2.service - The Apache HTTP Server...
2025-12-16T14:24:20.309740+00:00 finalArenaServer apachectl[8466]: AH00558: apache2: Could not reliably determine the server's fully qualified domain name, using fd17:625c:f037:2:a00:27ff:fe3f:3739. Set the 'ServerName' directive globally to suppress this message
2025-12-16T14:24:20.358058+00:00 finalArenaServer systemd[1]: apache2.service: Deactivated successfully.
2025-12-16T14:24:20.358162+00:00 finalArenaServer systemd[1]: Stopped apache2.service - The Apache HTTP Server.
2025-12-16T14:24:20.366621+00:00 finalArenaServer systemd[1]: Starting apache2.service - The Apache HTTP Server...
2025-12-16T14:24:20.413359+00:00 finalArenaServer apachectl[8473]: AH00558: apache2: Could not reliably determine the server's fully qualified domain name, using fd17:625c:f037:2:a00:27ff:fe3f:3739. Set the 'ServerName' directive globally to suppress this message
2025-12-16T14:24:20.421780+00:00 finalArenaServer systemd[1]: Started apache2.service - The Apache HTTP Server.
2025-12-16T14:25:01.883629+00:00 finalArenaServer CRON[8483]: (root) CMD (command -v debian-sa1 > /dev/null && debian-sa1 1 1)
2025-12-16T14:27:54.080796+00:00 finalArenaServer php8.3-redis: php_invoke redis postrm: No action required for PHP 8.3 apache2 sapi
2025-12-16T14:27:54.100744+00:00 finalArenaServer php8.3-redis: php_invoke redis postrm: No action required for PHP 8.3 cli sapi
2025-12-16T14:28:02.789278+00:00 finalArenaServer php8.3-redis: php_invoke redis: no action - module was disabled by maintainer for PHP 8.3 apache2 sapi
2025-12-16T14:30:08.875835+00:00 finalArenaServer systemd[1]: Starting sysstat-collect.service - system activity accounting tool...
2025-12-16T14:30:08.896721+00:00 finalArenaServer systemd[1]: sysstat-collect.service: Deactivated successfully.
2025-12-16T14:30:08.897198+00:00 finalArenaServer systemd[1]: Finished sysstat-collect.service - system activity accounting tool.
2025-12-16T14:33:06.883098+00:00 finalArenaServer PackageKit: daemon quit
2025-12-16T14:33:06.910288+00:00 finalArenaServer systemd[1]: packagekit.service: Deactivated successfully.
2025-12-16T14:35:01.601627+00:00 finalArenaServer CRON[9009]: (root) CMD (command -v debian-sa1 > /dev/null && debian-sa1 1 1)
2025-12-16T14:35:06.931517+00:00 finalArenaServer kernel: workqueue: blk_mq_run_work_fn hogged CPU for >10000us 32 times, consider switching to WQ_UNBOUND
2025-12-16T14:39:01.083201+00:00 finalArenaServer CRON[9101]: (root) CMD (  [ -x /usr/lib/php/sessionclean ] && if [ ! -d /run/systemd/system ]; then /usr/lib/php/sessionclean; fi)
2025-12-16T14:39:01.083363+00:00 finalArenaServer systemd[1]: Starting phpsessionclean.service - Clean php session files...
2025-12-16T14:39:01.250882+00:00 finalArenaServer systemd[1]: phpsessionclean.service: Deactivated successfully.
2025-12-16T14:39:01.250999+00:00 finalArenaServer systemd[1]: Finished phpsessionclean.service - Clean php session files.
2025-12-16T14:39:07.964591+00:00 finalArenaServer systemd[1]: Stopping apache2.service - The Apache HTTP Server...
2025-12-16T14:39:08.021416+00:00 finalArenaServer apachectl[9183]: AH00558: apache2: Could not reliably determine the server's fully qualified domain name, using fd17:625c:f037:2:a00:27ff:fe3f:3739. Set the 'ServerName' directive globally to suppress this message
2025-12-16T14:39:08.051028+00:00 finalArenaServer systemd[1]: apache2.service: Deactivated successfully.
2025-12-16T14:39:08.051094+00:00 finalArenaServer systemd[1]: Stopped apache2.service - The Apache HTTP Server.
2025-12-16T14:39:08.071777+00:00 finalArenaServer systemd[1]: Starting apache2.service - The Apache HTTP Server...
2025-12-16T14:39:08.109357+00:00 finalArenaServer apachectl[9190]: AH00558: apache2: Could not reliably determine the server's fully qualified domain name, using fd17:625c:f037:2:a00:27ff:fe3f:3739. Set the 'ServerName' directive globally to suppress this message
2025-12-16T14:39:08.118102+00:00 finalArenaServer systemd[1]: Started apache2.service - The Apache HTTP Server.2025-12-17T09:42:32.035009+00:00 finalArenaServer systemd[1]: Starting update-notifier-download.service - Download data for packages that failed at package install time...
2025-12-17T09:42:32.258983+00:00 finalArenaServer systemd[1]: update-notifier-download.service: Deactivated successfully.
2025-12-17T09:42:32.260349+00:00 finalArenaServer systemd[1]: Finished update-notifier-download.service - Download data for packages that failed at package install time.
2025-12-17T09:43:53.176137+00:00 finalArenaServer systemd[1177]: launchpadlib-cache-clean.service - Clean up old files in the Launchpadlib cache was skipped because of an unmet condition check (ConditionPathExists=/home/vboxuser/.launchpadlib/api.launchpad.net/cache).
2025-12-17T09:45:01.093360+00:00 finalArenaServer CRON[1657]: (root) CMD (command -v debian-sa1 > /dev/null && debian-sa1 1 1)
2025-12-17T09:47:06.302377+00:00 finalArenaServer systemd[1]: Stopping apache2.service - The Apache HTTP Server...
2025-12-17T09:47:06.371997+00:00 finalArenaServer apachectl[1715]: AH00558: apache2: Could not reliably determine the server's fully qualified domain name, using fd17:625c:f037:2:a00:27ff:fe3f:3739. Set the 'ServerName' directive globally to suppress this message
2025-12-17T09:47:06.445863+00:00 finalArenaServer systemd[1]: apache2.service: Deactivated successfully.
2025-12-17T09:47:06.446026+00:00 finalArenaServer systemd[1]: Stopped apache2.service - The Apache HTTP Server.
2025-12-17T09:47:06.446103+00:00 finalArenaServer systemd[1]: apache2.service: Consumed 2.295s CPU time.
2025-12-17T09:47:06.459842+00:00 finalArenaServer systemd[1]: Starting apache2.service - The Apache HTTP Server...
2025-12-17T09:47:06.537337+00:00 finalArenaServer apachectl[1722]: AH00558: apache2: Could not reliably determine the server's fully qualified domain name, using fd17:625c:f037:2:a00:27ff:fe3f:3739. Set the 'ServerName' directive globally to suppress this message
2025-12-17T09:47:06.559767+00:00 finalArenaServer systemd[1]: Started apache2.service - The Apache HTTP Server.
2025-12-17T09:47:10.825094+00:00 finalArenaServer kernel: workqueue: drm_fb_helper_damage_work hogged CPU for >10000us 4 times, consider switching to WQ_UNBOUND
2025-12-17T09:47:13.193580+00:00 finalArenaServer systemd[1]: Starting fwupd-refresh.service - Refresh fwupd metadata and update motd...
2025-12-17T09:47:13.373783+00:00 finalArenaServer dbus-daemon[622]: [system] Activating via systemd: service name='org.freedesktop.fwupd' unit='fwupd.service' requested by ':1.21' (uid=989 pid=1734 comm="/usr/bin/fwupdmgr refresh" label="unconfined")
2025-12-17T09:47:13.389200+00:00 finalArenaServer systemd[1]: Starting fwupd.service - Firmware update daemon...
2025-12-17T09:47:14.138887+00:00 finalArenaServer dbus-daemon[622]: [system] Activating via systemd: service name='org.freedesktop.UPower' unit='upower.service' requested by ':1.22' (uid=0 pid=1739 comm="/usr/libexec/fwupd/fwupd" label="unconfined")
2025-12-17T09:47:14.159817+00:00 finalArenaServer systemd[1]: Starting upower.service - Daemon for power management...
2025-12-17T09:47:14.521058+00:00 finalArenaServer dbus-daemon[622]: [system] Successfully activated service 'org.freedesktop.UPower'
2025-12-17T09:47:14.521909+00:00 finalArenaServer systemd[1]: Started upower.service - Daemon for power management.
2025-12-17T09:47:14.665691+00:00 finalArenaServer fwupd[1739]: 09:47:14.664 FuEngine             failed to add device /sys/devices/pci0000:00/0000:00:01.1/ata2/host1/target1:0:0/1:0:0:0/block/sr0: failed to open /dev/sr0: No medium found
2025-12-17T09:47:14.760376+00:00 finalArenaServer fwupd[1739]: 09:47:14.759 FuMain               fwupd 1.9.30 ready for requests (locale en_US.UTF-8)
2025-12-17T09:47:14.762296+00:00 finalArenaServer dbus-daemon[622]: [system] Successfully activated service 'org.freedesktop.fwupd'
2025-12-17T09:47:14.763621+00:00 finalArenaServer systemd[1]: Started fwupd.service - Firmware update daemon.
2025-12-17T09:47:14.801204+00:00 finalArenaServer fwupdmgr[1734]: Updating lvfs
2025-12-17T09:47:21.004890+00:00 finalArenaServer fwupdmgr[1734]: Successfully downloaded new metadata: 0 local devices supported
2025-12-17T09:47:21.214363+00:00 finalArenaServer systemd[1]: fwupd-refresh.service: Deactivated successfully.
2025-12-17T09:47:21.221672+00:00 finalArenaServer systemd[1]: Finished fwupd-refresh.service - Refresh fwupd metadata and update motd.
2025-12-17T09:47:22.351968+00:00 finalArenaServer kernel: workqueue: e1000_watchdog [e1000] hogged CPU for >10000us 4 times, consider switching to WQ_UNBOUND