2026-01-12T00:32:02.294553+00:00 finalArenaServer kernel: workqueue: e1000_watchdog [e1000] hogged CPU for >10000us 8 times, consider switching to WQ_UNBOUND
2026-01-12T00:32:19.882247+00:00 finalArenaServer kernel: workqueue: e1000_watchdog [e1000] hogged CPU for >10000us 16 times, consider switching to WQ_UNBOUND
2026-01-12T00:32:57.792263+00:00 finalArenaServer kernel: workqueue: drm_fb_helper_damage_work hogged CPU for >10000us 8 times, consider switching to WQ_UNBOUND
2026-01-12T00:33:09.521068+00:00 finalArenaServer kernel: workqueue: e1000_watchdog [e1000] hogged CPU for >10000us 32 times, consider switching to WQ_UNBOUND
2026-01-12T00:33:29.023120+00:00 finalArenaServer kernel: workqueue: blk_mq_run_work_fn hogged CPU for >10000us 4 times, consider switching to WQ_UNBOUND
2026-01-12T00:34:53.965728+00:00 finalArenaServer kernel: workqueue: e1000_watchdog [e1000] hogged CPU for >10000us 64 times, consider switching to WQ_UNBOUND
2026-01-12T00:35:01.153432+00:00 finalArenaServer CRON[1527]: (root) CMD (command -v debian-sa1 > /dev/null && debian-sa1 1 1)
2026-01-12T00:35:06.489874+00:00 finalArenaServer systemd[1]: Starting redis-server.service - Advanced key-value store...
2026-01-12T00:35:06.535729+00:00 finalArenaServer systemd[1]: Started redis-server.service - Advanced key-value store.
2026-01-12T00:36:29.898594+00:00 finalArenaServer systemd[1]: Starting update-notifier-download.service - Download data for packages that failed at package install time...
2026-01-12T00:36:30.045445+00:00 finalArenaServer systemd[1]: update-notifier-download.service: Deactivated successfully.
2026-01-12T00:36:30.045764+00:00 finalArenaServer systemd[1]: Finished update-notifier-download.service - Download data for packages that failed at package install time.
2026-01-12T00:37:27.075697+00:00 finalArenaServer systemd[1]: Stopping apache2.service - The Apache HTTP Server...
2026-01-12T00:37:27.165878+00:00 finalArenaServer apachectl[1560]: AH00558: apache2: Could not reliably determine the server's fully qualified domain name, using fd17:625c:f037:2:a00:27ff:fe3f:3739. Set the 'ServerName' directive globally to suppress this message
2026-01-12T00:37:27.205795+00:00 finalArenaServer systemd[1]: apache2.service: Deactivated successfully.
2026-01-12T00:37:27.206065+00:00 finalArenaServer systemd[1]: Stopped apache2.service - The Apache HTTP Server.
2026-01-12T00:37:27.216489+00:00 finalArenaServer systemd[1]: Starting apache2.service - The Apache HTTP Server...
2026-01-12T00:37:27.257075+00:00 finalArenaServer apachectl[1569]: AH00558: apache2: Could not reliably determine the server's fully qualified domain name, using fd17:625c:f037:2:a00:27ff:fe3f:3739. Set the 'ServerName' directive globally to suppress this message
2026-01-12T00:37:27.266195+00:00 finalArenaServer systemd[1]: Started apache2.service - The Apache HTTP Server.
2026-01-12T00:37:56.141954+00:00 finalArenaServer systemd[1420]: launchpadlib-cache-clean.service - Clean up old files in the Launchpadlib cache was skipped because of an unmet condition check (ConditionPathExists=/home/vboxuser/.launchpadlib/api.launchpad.net/cache).
2026-01-12T00:38:33.963098+00:00 finalArenaServer kernel: workqueue: e1000_watchdog [e1000] hogged CPU for >10000us 128 times, consider switching to WQ_UNBOUND
2026-01-12T00:38:53.661635+00:00 finalArenaServer kernel: workqueue: drm_fb_helper_damage_work hogged CPU for >10000us 16 times, consider switching to WQ_UNBOUND
2026-01-12T00:38:53.679401+00:00 finalArenaServer systemd[1]: Starting fstrim.service - Discard unused blocks on filesystems from /etc/fstab...
2026-01-12T00:38:53.729984+00:00 finalArenaServer systemd[1]: fstrim.service: Deactivated successfully.
2026-01-12T00:38:53.730499+00:00 finalArenaServer systemd[1]: Finished fstrim.service - Discard unused blocks on filesystems from /etc/fstab.
2026-01-12T00:39:01.382610+00:00 finalArenaServer CRON[1589]: (root) CMD (  [ -x /usr/lib/php/sessionclean ] && if [ ! -d /run/systemd/system ]; then /usr/lib/php/sessionclean; fi)
2026-01-12T00:39:36.816671+00:00 finalArenaServer systemd[1]: Starting phpsessionclean.service - Clean php session files...
2026-01-12T00:39:37.006530+00:00 finalArenaServer systemd[1]: phpsessionclean.service: Deactivated successfully.
2026-01-12T00:39:37.006586+00:00 finalArenaServer systemd[1]: Finished phpsessionclean.service - Clean php session files.
2026-01-12T00:40:46.151478+00:00 finalArenaServer systemd[1]: Starting sysstat-collect.service - system activity accounting tool...
2026-01-12T00:40:46.181235+00:00 finalArenaServer systemd[1]: sysstat-collect.service: Deactivated successfully.
2026-01-12T00:40:46.181306+00:00 finalArenaServer systemd[1]: Finished sysstat-collect.service - system activity accounting tool.
2026-01-12T00:40:48.174467+00:00 finalArenaServer kernel: workqueue: blk_mq_run_work_fn hogged CPU for >10000us 8 times, consider switching to WQ_UNBOUND
2026-01-12T00:43:55.157448+00:00 finalArenaServer systemd[1]: Reloading apache2.service - The Apache HTTP Server...
2026-01-12T00:43:55.537680+00:00 finalArenaServer apachectl[1706]: AH00558: apache2: Could not reliably determine the server's fully qualified domain name, using fd17:625c:f037:2:a00:27ff:fe3f:3739. Set the 'ServerName' directive globally to suppress this message
2026-01-12T00:43:55.566888+00:00 finalArenaServer systemd[1]: Reloaded apache2.service - The Apache HTTP Server.