2026-01-11T22:26:00.851227+00:00 finalArenaServer systemd[1]: systemd-hostnamed.service: Deactivated successfully.
2026-01-11T22:26:02.581527+00:00 finalArenaServer systemd-timesyncd[450]: Contacted time server 193.171.23.163:123 (2.ubuntu.pool.ntp.org).
2026-01-11T22:26:02.581577+00:00 finalArenaServer systemd-timesyncd[450]: Initial clock synchronization to Sun 2026-01-11 22:26:02.580990 UTC.
2026-01-11T22:26:02.581713+00:00 finalArenaServer systemd-resolved[445]: Clock change detected. Flushing caches.
2026-01-11T22:26:03.975854+00:00 finalArenaServer systemd[1]: systemd-timedated.service: Deactivated successfully.
2026-01-11T22:26:10.607563+00:00 finalArenaServer kernel: workqueue: blk_mq_run_work_fn hogged CPU for >10000us 8 times, consider switching to WQ_UNBOUND
2026-01-11T22:28:30.612696+00:00 finalArenaServer mariadbd[957]: 2026-01-11 22:28:30 31 [Warning] Access denied for user 'nc_user'@'localhost'
2026-01-11T22:28:30.621919+00:00 finalArenaServer mariadbd[957]: 2026-01-11 22:28:30 32 [Warning] Access denied for user 'nc_user'@'localhost'
2026-01-11T22:28:30.636698+00:00 finalArenaServer mariadbd[957]: 2026-01-11 22:28:30 33 [Warning] Access denied for user 'nc_user'@'localhost'
2026-01-11T22:28:30.637407+00:00 finalArenaServer mariadbd[957]: 2026-01-11 22:28:30 34 [Warning] Access denied for user 'nc_user'@'localhost'
2026-01-11T22:28:30.638562+00:00 finalArenaServer mariadbd[957]: 2026-01-11 22:28:30 35 [Warning] Access denied for user 'nc_user'@'localhost'
2026-01-11T22:28:30.639335+00:00 finalArenaServer mariadbd[957]: 2026-01-11 22:28:30 36 [Warning] Access denied for user 'nc_user'@'localhost'
2026-01-11T22:28:30.642925+00:00 finalArenaServer mariadbd[957]: 2026-01-11 22:28:30 37 [Warning] Access denied for user 'nc_user'@'localhost'
2026-01-11T22:28:30.643598+00:00 finalArenaServer mariadbd[957]: 2026-01-11 22:28:30 38 [Warning] Access denied for user 'nc_user'@'localhost'
2026-01-11T22:28:30.715615+00:00 finalArenaServer mariadbd[957]: 2026-01-11 22:28:30 39 [Warning] Access denied for user 'nc_user'@'localhost'
2026-01-11T22:28:30.716578+00:00 finalArenaServer mariadbd[957]: 2026-01-11 22:28:30 40 [Warning] Access denied for user 'nc_user'@'localhost'
2026-01-11T22:28:30.718911+00:00 finalArenaServer mariadbd[957]: 2026-01-11 22:28:30 41 [Warning] Access denied for user 'nc_user'@'localhost'
2026-01-11T22:28:30.720118+00:00 finalArenaServer mariadbd[957]: 2026-01-11 22:28:30 42 [Warning] Access denied for user 'nc_user'@'localhost'
2026-01-11T22:28:30.776650+00:00 finalArenaServer mariadbd[957]: 2026-01-11 22:28:30 43 [Warning] Access denied for user 'nc_user'@'localhost'
2026-01-11T22:28:30.778569+00:00 finalArenaServer mariadbd[957]: 2026-01-11 22:28:30 44 [Warning] Access denied for user 'nc_user'@'localhost'
2026-01-11T22:28:30.824160+00:00 finalArenaServer mariadbd[957]: 2026-01-11 22:28:30 45 [Warning] Access denied for user 'nc_user'@'localhost'
2026-01-11T22:28:30.825041+00:00 finalArenaServer mariadbd[957]: 2026-01-11 22:28:30 46 [Warning] Access denied for user 'nc_user'@'localhost'
2026-01-11T22:29:16.680081+00:00 finalArenaServer mariadbd[957]: 2026-01-11 22:29:16 47 [Warning] Access denied for user 'nc_user'@'localhost'
2026-01-11T22:29:16.684041+00:00 finalArenaServer mariadbd[957]: 2026-01-11 22:29:16 48 [Warning] Access denied for user 'nc_user'@'localhost'
2026-01-11T22:29:16.687101+00:00 finalArenaServer mariadbd[957]: 2026-01-11 22:29:16 49 [Warning] Access denied for user 'nc_user'@'localhost'
2026-01-11T22:29:16.687412+00:00 finalArenaServer mariadbd[957]: 2026-01-11 22:29:16 50 [Warning] Access denied for user 'nc_user'@'localhost'
2026-01-11T22:29:16.688473+00:00 finalArenaServer mariadbd[957]: 2026-01-11 22:29:16 51 [Warning] Access denied for user 'nc_user'@'localhost'
2026-01-11T22:29:16.689163+00:00 finalArenaServer mariadbd[957]: 2026-01-11 22:29:16 52 [Warning] Access denied for user 'nc_user'@'localhost'
2026-01-11T22:29:16.691351+00:00 finalArenaServer mariadbd[957]: 2026-01-11 22:29:16 53 [Warning] Access denied for user 'nc_user'@'localhost'
2026-01-11T22:29:16.691743+00:00 finalArenaServer mariadbd[957]: 2026-01-11 22:29:16 54 [Warning] Access denied for user 'nc_user'@'localhost'
2026-01-11T22:29:16.711166+00:00 finalArenaServer mariadbd[957]: 2026-01-11 22:29:16 55 [Warning] Access denied for user 'nc_user'@'localhost'
2026-01-11T22:29:16.712341+00:00 finalArenaServer mariadbd[957]: 2026-01-11 22:29:16 56 [Warning] Access denied for user 'nc_user'@'localhost'
2026-01-11T22:29:16.713133+00:00 finalArenaServer mariadbd[957]: 2026-01-11 22:29:16 57 [Warning] Access denied for user 'nc_user'@'localhost'
2026-01-11T22:29:16.713409+00:00 finalArenaServer mariadbd[957]: 2026-01-11 22:29:16 58 [Warning] Access denied for user 'nc_user'@'localhost'
2026-01-11T22:29:16.720596+00:00 finalArenaServer mariadbd[957]: 2026-01-11 22:29:16 59 [Warning] Access denied for user 'nc_user'@'localhost'
2026-01-11T22:29:16.721411+00:00 finalArenaServer mariadbd[957]: 2026-01-11 22:29:16 60 [Warning] Access denied for user 'nc_user'@'localhost'
2026-01-11T22:29:16.732004+00:00 finalArenaServer mariadbd[957]: 2026-01-11 22:29:16 61 [Warning] Access denied for user 'nc_user'@'localhost'
2026-01-11T22:29:16.732616+00:00 finalArenaServer mariadbd[957]: 2026-01-11 22:29:16 62 [Warning] Access denied for user 'nc_user'@'localhost'
2026-01-11T22:29:27.957664+00:00 finalArenaServer mariadbd[957]: 2026-01-11 22:29:27 63 [Warning] Access denied for user 'nc_user'@'localhost'
2026-01-11T22:29:32.528759+00:00 finalArenaServer kernel: workqueue: e1000_watchdog [e1000] hogged CPU for >10000us 4 times, consider switching to WQ_UNBOUND
2026-01-11T22:30:09.316623+00:00 finalArenaServer systemd[1]: Starting sysstat-collect.service - system activity accounting tool...
2026-01-11T22:30:09.339613+00:00 finalArenaServer systemd[1]: sysstat-collect.service: Deactivated successfully.
2026-01-11T22:30:09.339850+00:00 finalArenaServer systemd[1]: Finished sysstat-collect.service - system activity accounting tool.
2026-01-11T22:30:28.372964+00:00 finalArenaServer systemd[1]: Starting update-notifier-download.service - Download data for packages that failed at package install time...
2026-01-11T22:30:28.526594+00:00 finalArenaServer systemd[1]: update-notifier-download.service: Deactivated successfully.
2026-01-11T22:30:28.527297+00:00 finalArenaServer systemd[1]: Finished update-notifier-download.service - Download data for packages that failed at package install time.
2026-01-11T22:30:59.372650+00:00 finalArenaServer systemd[1]: Reloading apache2.service - The Apache HTTP Server...
2026-01-11T22:30:59.610232+00:00 finalArenaServer apachectl[1489]: AH00558: apache2: Could not reliably determine the server's fully qualified domain name, using fd17:625c:f037:2:a00:27ff:fe3f:3739. Set the 'ServerName' directive globally to suppress this message
2026-01-11T22:30:59.651059+00:00 finalArenaServer systemd[1]: Reloaded apache2.service - The Apache HTTP Server.2026-01-12T01:30:45.249364+00:00 finalArenaServer systemd[1]: Starting e2scrub_all.service - Online ext4 Metadata Check for All Filesystems...
2026-01-12T01:30:45.255388+00:00 finalArenaServer systemd[1]: systemd-hostnamed.service: Deactivated successfully.
2026-01-12T01:30:45.301228+00:00 finalArenaServer systemd[1]: e2scrub_all.service: Deactivated successfully.
2026-01-12T01:30:45.301374+00:00 finalArenaServer systemd[1]: Finished e2scrub_all.service - Online ext4 Metadata Check for All Filesystems.
2026-01-12T01:30:46.384584+00:00 finalArenaServer systemd[1]: systemd-timedated.service: Deactivated successfully.
2026-01-12T01:30:49.549613+00:00 finalArenaServer systemd-resolved[465]: Clock change detected. Flushing caches.
2026-01-12T01:30:49.549929+00:00 finalArenaServer systemd-timesyncd[470]: Contacted time server 151.236.30.71:123 (2.ubuntu.pool.ntp.org).
2026-01-12T01:30:49.550035+00:00 finalArenaServer systemd-timesyncd[470]: Initial clock synchronization to Mon 2026-01-12 01:30:49.546276 UTC.
2026-01-12T01:30:53.279245+00:00 finalArenaServer kernel: workqueue: e1000_watchdog [e1000] hogged CPU for >10000us 4 times, consider switching to WQ_UNBOUND
2026-01-12T01:30:55.517963+00:00 finalArenaServer kernel: workqueue: drm_fb_helper_damage_work hogged CPU for >10000us 4 times, consider switching to WQ_UNBOUND
2026-01-12T01:31:05.086141+00:00 finalArenaServer kernel: workqueue: e1000_watchdog [e1000] hogged CPU for >10000us 8 times, consider switching to WQ_UNBOUND
2026-01-12T01:31:17.292496+00:00 finalArenaServer kernel: clocksource: Long readout interval, skipping watchdog check: cs_nsec: 7130489038 wd_nsec: 7130486601
2026-01-12T01:31:17.292538+00:00 finalArenaServer kernel: workqueue: blk_mq_run_work_fn hogged CPU for >10000us 8 times, consider switching to WQ_UNBOUND
2026-01-12T01:31:31.791661+00:00 finalArenaServer kernel: workqueue: e1000_watchdog [e1000] hogged CPU for >10000us 16 times, consider switching to WQ_UNBOUND
2026-01-12T01:31:53.099677+00:00 finalArenaServer kernel: workqueue: drm_fb_helper_damage_work hogged CPU for >10000us 8 times, consider switching to WQ_UNBOUND
2026-01-12T01:32:16.301489+00:00 finalArenaServer kernel: workqueue: e1000_watchdog [e1000] hogged CPU for >10000us 32 times, consider switching to WQ_UNBOUND
2026-01-12T01:32:46.784546+00:00 finalArenaServer kernel: workqueue: drm_fb_helper_damage_work hogged CPU for >10000us 16 times, consider switching to WQ_UNBOUND
2026-01-12T01:32:54.523274+00:00 finalArenaServer systemd[1]: Reloading apache2.service - The Apache HTTP Server...
2026-01-12T01:32:54.671949+00:00 finalArenaServer apachectl[1473]: AH00558: apache2: Could not reliably determine the server's fully qualified domain name, using fd17:625c:f037:2:a00:27ff:fe3f:3739. Set the 'ServerName' directive globally to suppress this message
2026-01-12T01:32:54.709800+00:00 finalArenaServer systemd[1]: Reloaded apache2.service - The Apache HTTP Server.
2026-01-12T01:33:00.260839+00:00 finalArenaServer mariadbd[1002]: 2026-01-12  1:33:00 31 [Warning] Access denied for user 'nc_user'@'localhost'
2026-01-12T01:33:00.299493+00:00 finalArenaServer mariadbd[1002]: 2026-01-12  1:33:00 32 [Warning] Access denied for user 'nc_user'@'localhost'
2026-01-12T01:33:00.311379+00:00 finalArenaServer mariadbd[1002]: 2026-01-12  1:33:00 33 [Warning] Access denied for user 'nc_user'@'localhost'
2026-01-12T01:33:00.311893+00:00 finalArenaServer mariadbd[1002]: 2026-01-12  1:33:00 34 [Warning] Access denied for user 'nc_user'@'localhost'
2026-01-12T01:33:00.313595+00:00 finalArenaServer mariadbd[1002]: 2026-01-12  1:33:00 35 [Warning] Access denied for user 'nc_user'@'localhost'
2026-01-12T01:33:00.314455+00:00 finalArenaServer mariadbd[1002]: 2026-01-12  1:33:00 36 [Warning] Access denied for user 'nc_user'@'localhost'
2026-01-12T01:33:00.317542+00:00 finalArenaServer mariadbd[1002]: 2026-01-12  1:33:00 37 [Warning] Access denied for user 'nc_user'@'localhost'
2026-01-12T01:33:00.317780+00:00 finalArenaServer mariadbd[1002]: 2026-01-12  1:33:00 38 [Warning] Access denied for user 'nc_user'@'localhost'
2026-01-12T01:33:00.382093+00:00 finalArenaServer mariadbd[1002]: 2026-01-12  1:33:00 39 [Warning] Access denied for user 'nc_user'@'localhost'
2026-01-12T01:33:00.382354+00:00 finalArenaServer mariadbd[1002]: 2026-01-12  1:33:00 40 [Warning] Access denied for user 'nc_user'@'localhost'
2026-01-12T01:33:00.384520+00:00 finalArenaServer mariadbd[1002]: 2026-01-12  1:33:00 41 [Warning] Access denied for user 'nc_user'@'localhost'
2026-01-12T01:33:00.385106+00:00 finalArenaServer mariadbd[1002]: 2026-01-12  1:33:00 42 [Warning] Access denied for user 'nc_user'@'localhost'
2026-01-12T01:33:00.403092+00:00 finalArenaServer mariadbd[1002]: 2026-01-12  1:33:00 43 [Warning] Access denied for user 'nc_user'@'localhost'
2026-01-12T01:33:00.404196+00:00 finalArenaServer mariadbd[1002]: 2026-01-12  1:33:00 44 [Warning] Access denied for user 'nc_user'@'localhost'
2026-01-12T01:33:00.465951+00:00 finalArenaServer mariadbd[1002]: 2026-01-12  1:33:00 45 [Warning] Access denied for user 'nc_user'@'localhost'
2026-01-12T01:33:00.466948+00:00 finalArenaServer mariadbd[1002]: 2026-01-12  1:33:00 46 [Warning] Access denied for user 'nc_user'@'localhost'
2026-01-12T01:33:00.516466+00:00 finalArenaServer mariadbd[1002]: 2026-01-12  1:33:00 47 [Warning] Access denied for user 'nc_user'@'localhost'
2026-01-12T01:33:00.517813+00:00 finalArenaServer mariadbd[1002]: 2026-01-12  1:33:00 48 [Warning] Access denied for user 'nc_user'@'localhost'
2026-01-12T01:33:00.518498+00:00 finalArenaServer mariadbd[1002]: 2026-01-12  1:33:00 49 [Warning] Access denied for user 'nc_user'@'localhost'
2026-01-12T01:33:00.519245+00:00 finalArenaServer mariadbd[1002]: 2026-01-12  1:33:00 50 [Warning] Access denied for user 'nc_user'@'localhost'
2026-01-12T01:33:00.520009+00:00 finalArenaServer mariadbd[1002]: 2026-01-12  1:33:00 51 [Warning] Access denied for user 'nc_user'@'localhost'
2026-01-12T01:33:00.520446+00:00 finalArenaServer mariadbd[1002]: 2026-01-12  1:33:00 52 [Warning] Access denied for user 'nc_user'@'localhost'
2026-01-12T01:33:00.521191+00:00 finalArenaServer mariadbd[1002]: 2026-01-12  1:33:00 53 [Warning] Access denied for user 'nc_user'@'localhost'
2026-01-12T01:33:00.521609+00:00 finalArenaServer mariadbd[1002]: 2026-01-12  1:33:00 54 [Warning] Access denied for user 'nc_user'@'localhost'
2026-01-12T01:33:00.522961+00:00 finalArenaServer mariadbd[1002]: 2026-01-12  1:33:00 55 [Warning] Access denied for user 'nc_user'@'localhost'
2026-01-12T01:33:00.523641+00:00 finalArenaServer mariadbd[1002]: 2026-01-12  1:33:00 56 [Warning] Access denied for user 'nc_user'@'localhost'
2026-01-12T01:33:00.525125+00:00 finalArenaServer mariadbd[1002]: 2026-01-12  1:33:00 57 [Warning] Access denied for user 'nc_user'@'localhost'
2026-01-12T01:33:00.526305+00:00 finalArenaServer mariadbd[1002]: 2026-01-12  1:33:00 58 [Warning] Access denied for user 'nc_user'@'localhost'
2026-01-12T01:33:00.528008+00:00 finalArenaServer mariadbd[1002]: 2026-01-12  1:33:00 59 [Warning] Access denied for user 'nc_user'@'localhost'
2026-01-12T01:33:00.528613+00:00 finalArenaServer mariadbd[1002]: 2026-01-12  1:33:00 60 [Warning] Access denied for user 'nc_user'@'localhost'
2026-01-12T01:33:00.531114+00:00 finalArenaServer mariadbd[1002]: 2026-01-12  1:33:00 61 [Warning] Access denied for user 'nc_user'@'localhost'
2026-01-12T01:33:00.531959+00:00 finalArenaServer mariadbd[1002]: 2026-01-12  1:33:00 62 [Warning] Access denied for user 'nc_user'@'localhost'
2026-01-12T01:33:02.268314+00:00 finalArenaServer kernel: workqueue: blk_mq_run_work_fn hogged CPU for >10000us 16 times, consider switching to WQ_UNBOUND
2026-01-12T01:33:26.377591+00:00 finalArenaServer kernel: workqueue: e1000_watchdog [e1000] hogged CPU for >10000us 64 times, consider switching to WQ_UNBOUND
2026-01-12T01:33:54.417717+00:00 finalArenaServer mariadbd[1002]: 2026-01-12  1:33:54 63 [Warning] Access denied for user 'nc_user'@'localhost'
2026-01-12T01:34:10.231680+00:00 finalArenaServer kernel: workqueue: ata_sff_pio_task hogged CPU for >10000us 4 times, consider switching to WQ_UNBOUND
2026-01-12T01:35:02.141040+00:00 finalArenaServer CRON[1508]: (root) CMD (command -v debian-sa1 > /dev/null && debian-sa1 1 1)2026-01-11T22:37:22.129989+00:00 finalArenaServer systemd-timesyncd[433]: Timed out waiting for reply from 83.216.46.6:123 (2.ubuntu.pool.ntp.org).
2026-01-11T22:37:23.198366+00:00 finalArenaServer systemd-resolved[432]: Clock change detected. Flushing caches.
2026-01-11T22:37:23.198580+00:00 finalArenaServer systemd-timesyncd[433]: Contacted time server 152.53.132.244:123 (2.ubuntu.pool.ntp.org).
2026-01-11T22:37:23.198639+00:00 finalArenaServer systemd-timesyncd[433]: Initial clock synchronization to Sun 2026-01-11 22:37:23.196917 UTC.
2026-01-11T22:37:23.213701+00:00 finalArenaServer systemd[1]: Starting e2scrub_all.service - Online ext4 Metadata Check for All Filesystems...
2026-01-11T22:37:23.237750+00:00 finalArenaServer systemd[1]: e2scrub_all.service: Deactivated successfully.
2026-01-11T22:37:23.238408+00:00 finalArenaServer systemd[1]: Finished e2scrub_all.service - Online ext4 Metadata Check for All Filesystems.
2026-01-11T22:37:47.187999+00:00 finalArenaServer kernel: workqueue: drm_fb_helper_damage_work hogged CPU for >10000us 4 times, consider switching to WQ_UNBOUND
2026-01-11T22:37:52.117089+00:00 finalArenaServer kernel: workqueue: e1000_watchdog [e1000] hogged CPU for >10000us 4 times, consider switching to WQ_UNBOUND
2026-01-11T22:38:00.180148+00:00 finalArenaServer kernel: workqueue: e1000_watchdog [e1000] hogged CPU for >10000us 8 times, consider switching to WQ_UNBOUND
2026-01-11T22:38:17.070713+00:00 finalArenaServer systemd[1]: Stopping apache2.service - The Apache HTTP Server...
2026-01-11T22:38:17.208350+00:00 finalArenaServer systemd[1]: apache2.service: Killing process 1338 (apache2) with signal SIGKILL.
2026-01-11T22:38:17.213715+00:00 finalArenaServer systemd[1]: apache2.service: Deactivated successfully.
2026-01-11T22:38:17.213865+00:00 finalArenaServer systemd[1]: Stopped apache2.service - The Apache HTTP Server.
2026-01-11T22:38:17.214589+00:00 finalArenaServer systemd[1]: apache2.service: Consumed 1.028s CPU time, 34.6M memory peak, 0B memory swap peak.
2026-01-11T22:38:17.224997+00:00 finalArenaServer systemd[1]: Starting apache2.service - The Apache HTTP Server...
2026-01-11T22:38:17.308368+00:00 finalArenaServer systemd[1]: Started apache2.service - The Apache HTTP Server.
2026-01-11T22:38:24.953273+00:00 finalArenaServer mariadbd[1016]: 2026-01-11 22:38:24 31 [Warning] Access denied for user 'nc_user'@'localhost'
2026-01-11T22:38:24.962989+00:00 finalArenaServer mariadbd[1016]: 2026-01-11 22:38:24 32 [Warning] Access denied for user 'nc_user'@'localhost'
2026-01-11T22:38:24.976622+00:00 finalArenaServer mariadbd[1016]: 2026-01-11 22:38:24 33 [Warning] Access denied for user 'nc_user'@'localhost'
2026-01-11T22:38:24.977001+00:00 finalArenaServer mariadbd[1016]: 2026-01-11 22:38:24 34 [Warning] Access denied for user 'nc_user'@'localhost'
2026-01-11T22:38:24.978746+00:00 finalArenaServer mariadbd[1016]: 2026-01-11 22:38:24 35 [Warning] Access denied for user 'nc_user'@'localhost'
2026-01-11T22:38:24.979318+00:00 finalArenaServer mariadbd[1016]: 2026-01-11 22:38:24 36 [Warning] Access denied for user 'nc_user'@'localhost'
2026-01-11T22:38:24.982897+00:00 finalArenaServer mariadbd[1016]: 2026-01-11 22:38:24 37 [Warning] Access denied for user 'nc_user'@'localhost'
2026-01-11T22:38:24.984655+00:00 finalArenaServer mariadbd[1016]: 2026-01-11 22:38:24 38 [Warning] Access denied for user 'nc_user'@'localhost'
2026-01-11T22:38:25.087609+00:00 finalArenaServer mariadbd[1016]: 2026-01-11 22:38:25 39 [Warning] Access denied for user 'nc_user'@'localhost'
2026-01-11T22:38:25.088251+00:00 finalArenaServer mariadbd[1016]: 2026-01-11 22:38:25 40 [Warning] Access denied for user 'nc_user'@'localhost'
2026-01-11T22:38:25.090367+00:00 finalArenaServer mariadbd[1016]: 2026-01-11 22:38:25 41 [Warning] Access denied for user 'nc_user'@'localhost'
2026-01-11T22:38:25.091318+00:00 finalArenaServer mariadbd[1016]: 2026-01-11 22:38:25 42 [Warning] Access denied for user 'nc_user'@'localhost'
2026-01-11T22:38:25.114702+00:00 finalArenaServer mariadbd[1016]: 2026-01-11 22:38:25 43 [Warning] Access denied for user 'nc_user'@'localhost'
2026-01-11T22:38:25.115496+00:00 finalArenaServer mariadbd[1016]: 2026-01-11 22:38:25 44 [Warning] Access denied for user 'nc_user'@'localhost'
2026-01-11T22:38:25.165709+00:00 finalArenaServer mariadbd[1016]: 2026-01-11 22:38:25 45 [Warning] Access denied for user 'nc_user'@'localhost'
2026-01-11T22:38:25.166454+00:00 finalArenaServer mariadbd[1016]: 2026-01-11 22:38:25 46 [Warning] Access denied for user 'nc_user'@'localhost'
2026-01-11T22:38:25.235729+00:00 finalArenaServer mariadbd[1016]: 2026-01-11 22:38:25 47 [Warning] Access denied for user 'nc_user'@'localhost'
2026-01-11T22:38:25.237429+00:00 finalArenaServer mariadbd[1016]: 2026-01-11 22:38:25 48 [Warning] Access denied for user 'nc_user'@'localhost'
2026-01-11T22:38:25.239818+00:00 finalArenaServer mariadbd[1016]: 2026-01-11 22:38:25 49 [Warning] Access denied for user 'nc_user'@'localhost'
2026-01-11T22:38:25.240443+00:00 finalArenaServer mariadbd[1016]: 2026-01-11 22:38:25 50 [Warning] Access denied for user 'nc_user'@'localhost'
2026-01-11T22:38:25.242002+00:00 finalArenaServer mariadbd[1016]: 2026-01-11 22:38:25 51 [Warning] Access denied for user 'nc_user'@'localhost'
2026-01-11T22:38:25.244871+00:00 finalArenaServer mariadbd[1016]: 2026-01-11 22:38:25 52 [Warning] Access denied for user 'nc_user'@'localhost'
2026-01-11T22:38:25.246543+00:00 finalArenaServer mariadbd[1016]: 2026-01-11 22:38:25 53 [Warning] Access denied for user 'nc_user'@'localhost'
2026-01-11T22:38:25.247218+00:00 finalArenaServer mariadbd[1016]: 2026-01-11 22:38:25 54 [Warning] Access denied for user 'nc_user'@'localhost'
2026-01-11T22:38:25.248947+00:00 finalArenaServer mariadbd[1016]: 2026-01-11 22:38:25 55 [Warning] Access denied for user 'nc_user'@'localhost'
2026-01-11T22:38:25.250560+00:00 finalArenaServer mariadbd[1016]: 2026-01-11 22:38:25 56 [Warning] Access denied for user 'nc_user'@'localhost'
2026-01-11T22:38:25.251707+00:00 finalArenaServer mariadbd[1016]: 2026-01-11 22:38:25 57 [Warning] Access denied for user 'nc_user'@'localhost'
2026-01-11T22:38:25.252632+00:00 finalArenaServer mariadbd[1016]: 2026-01-11 22:38:25 58 [Warning] Access denied for user 'nc_user'@'localhost'
2026-01-11T22:38:25.254541+00:00 finalArenaServer mariadbd[1016]: 2026-01-11 22:38:25 59 [Warning] Access denied for user 'nc_user'@'localhost'
2026-01-11T22:38:25.255615+00:00 finalArenaServer mariadbd[1016]: 2026-01-11 22:38:25 60 [Warning] Access denied for user 'nc_user'@'localhost'
2026-01-11T22:38:25.259519+00:00 finalArenaServer mariadbd[1016]: 2026-01-11 22:38:25 61 [Warning] Access denied for user 'nc_user'@'localhost'
2026-01-11T22:38:25.260442+00:00 finalArenaServer mariadbd[1016]: 2026-01-11 22:38:25 62 [Warning] Access denied for user 'nc_user'@'localhost'
2026-01-11T22:38:34.201574+00:00 finalArenaServer kernel: workqueue: drm_fb_helper_damage_work hogged CPU for >10000us 8 times, consider switching to WQ_UNBOUND
2026-01-11T22:38:39.221793+00:00 finalArenaServer kernel: workqueue: e1000_watchdog [e1000] hogged CPU for >10000us 16 times, consider switching to WQ_UNBOUND
2026-01-11T22:38:48.185912+00:00 finalArenaServer kernel: workqueue: blk_mq_run_work_fn hogged CPU for >10000us 16 times, consider switching to WQ_UNBOUND
2026-01-11T22:38:55.633103+00:00 finalArenaServer kernel: workqueue: drm_fb_helper_damage_work hogged CPU for >10000us 16 times, consider switching to WQ_UNBOUND
2026-01-11T22:39:01.813043+00:00 finalArenaServer CRON[1609]: (root) CMD (  [ -x /usr/lib/php/sessionclean ] && if [ ! -d /run/systemd/system ]; then /usr/lib/php/sessionclean; fi)
2026-01-11T22:39:20.779969+00:00 finalArenaServer systemd[1]: Starting phpsessionclean.service - Clean php session files...
2026-01-11T22:39:21.041382+00:00 finalArenaServer systemd[1]: phpsessionclean.service: Deactivated successfully.
2026-01-11T22:39:21.042678+00:00 finalArenaServer systemd[1]: Finished phpsessionclean.service - Clean php session files.
2026-01-11T22:39:46.807898+00:00 finalArenaServer kernel: workqueue: e1000_watchdog [e1000] hogged CPU for >10000us 32 times, consider switching to WQ_UNBOUND
2026-01-11T22:39:53.239783+00:00 finalArenaServer kernel: workqueue: drm_fb_helper_damage_work hogged CPU for >10000us 32 times, consider switching to WQ_UNBOUND
2026-01-11T22:40:00.652160+00:00 finalArenaServer systemd[1]: Starting sysstat-collect.service - system activity accounting tool...
2026-01-11T22:40:00.678690+00:00 finalArenaServer systemd[1]: sysstat-collect.service: Deactivated successfully.
2026-01-11T22:40:00.678780+00:00 finalArenaServer systemd[1]: Finished sysstat-collect.service - system activity accounting tool.
2026-01-11T22:41:20.736444+00:00 finalArenaServer systemd[1]: Starting fwupd-refresh.service - Refresh fwupd metadata and update motd...
2026-01-11T22:41:20.882834+00:00 finalArenaServer dbus-daemon[619]: [system] Activating via systemd: service name='org.freedesktop.fwupd' unit='fwupd.service' requested by ':1.24' (uid=989 pid=1676 comm="/usr/bin/fwupdmgr refresh" label="unconfined")
2026-01-11T22:41:20.893314+00:00 finalArenaServer systemd[1]: Starting fwupd.service - Firmware update daemon...
2026-01-11T22:41:21.188990+00:00 finalArenaServer dbus-daemon[619]: [system] Activating via systemd: service name='org.freedesktop.UPower' unit='upower.service' requested by ':1.25' (uid=0 pid=1681 comm="/usr/libexec/fwupd/fwupd" label="unconfined")
2026-01-11T22:41:21.207800+00:00 finalArenaServer systemd[1]: Starting upower.service - Daemon for power management...
2026-01-11T22:41:21.386536+00:00 finalArenaServer dbus-daemon[619]: [system] Successfully activated service 'org.freedesktop.UPower'
2026-01-11T22:41:21.387787+00:00 finalArenaServer systemd[1]: Started upower.service - Daemon for power management.
2026-01-11T22:41:21.489681+00:00 finalArenaServer fwupd[1681]: 22:41:21.489 FuEngine             failed to add device /sys/devices/pci0000:00/0000:00:01.1/ata2/host1/target1:0:0/1:0:0:0/block/sr0: failed to open /dev/sr0: No medium found
2026-01-11T22:41:21.546938+00:00 finalArenaServer fwupd[1681]: 22:41:21.546 FuMain               fwupd 1.9.30 ready for requests (locale en_US.UTF-8)
2026-01-11T22:41:21.549484+00:00 finalArenaServer dbus-daemon[619]: [system] Successfully activated service 'org.freedesktop.fwupd'
2026-01-11T22:41:21.549816+00:00 finalArenaServer systemd[1]: Started fwupd.service - Firmware update daemon.
2026-01-11T22:41:21.567432+00:00 finalArenaServer fwupdmgr[1676]: Updating lvfs
2026-01-11T22:41:24.989031+00:00 finalArenaServer fwupdmgr[1676]: Successfully downloaded new metadata: 0 local devices supported
2026-01-11T22:41:24.994652+00:00 finalArenaServer systemd[1]: fwupd-refresh.service: Deactivated successfully.
2026-01-11T22:41:24.994853+00:00 finalArenaServer systemd[1]: Finished fwupd-refresh.service - Refresh fwupd metadata and update motd.
2026-01-11T22:41:39.165937+00:00 finalArenaServer systemd[1]: Starting update-notifier-download.service - Download data for packages that failed at package install time...
2026-01-11T22:41:39.397856+00:00 finalArenaServer systemd[1]: update-notifier-download.service: Deactivated successfully.
2026-01-11T22:41:39.398126+00:00 finalArenaServer systemd[1]: Finished update-notifier-download.service - Download data for packages that failed at package install time.
2026-01-11T22:42:02.350052+00:00 finalArenaServer kernel: workqueue: drm_fb_helper_damage_work hogged CPU for >10000us 64 times, consider switching to WQ_UNBOUND
2026-01-11T22:42:06.069762+00:00 finalArenaServer kernel: workqueue: e1000_watchdog [e1000] hogged CPU for >10000us 64 times, consider switching to WQ_UNBOUND
2026-01-11T22:42:37.694964+00:00 finalArenaServer systemd[1]: Stopping apache2.service - The Apache HTTP Server...
2026-01-11T22:42:37.806283+00:00 finalArenaServer systemd[1]: apache2.service: Deactivated successfully.
2026-01-11T22:42:37.807753+00:00 finalArenaServer systemd[1]: Stopped apache2.service - The Apache HTTP Server.
2026-01-11T22:42:37.821582+00:00 finalArenaServer systemd[1]: Starting apache2.service - The Apache HTTP Server...
2026-01-11T22:42:37.894266+00:00 finalArenaServer systemd[1]: Started apache2.service - The Apache HTTP Server.
2026-01-11T22:42:40.640598+00:00 finalArenaServer systemd[1391]: launchpadlib-cache-clean.service - Clean up old files in the Launchpadlib cache was skipped because of an unmet condition check (ConditionPathExists=/home/vboxuser/.launchpadlib/api.launchpad.net/cache).2026-01-11T23:38:04.970117+00:00 finalArenaServer kernel: workqueue: drm_fb_helper_damage_work hogged CPU for >10000us 16 times, consider switching to WQ_UNBOUND
2026-01-11T23:38:23.528093+00:00 finalArenaServer kernel: workqueue: e1000_watchdog [e1000] hogged CPU for >10000us 32 times, consider switching to WQ_UNBOUND
2026-01-11T23:38:27.945722+00:00 finalArenaServer kernel: workqueue: drm_fb_helper_damage_work hogged CPU for >10000us 32 times, consider switching to WQ_UNBOUND
2026-01-11T23:38:35.858720+00:00 finalArenaServer mariadbd[990]: 2026-01-11 23:38:35 31 [Warning] Access denied for user 'nc_user'@'localhost'
2026-01-11T23:38:35.868742+00:00 finalArenaServer mariadbd[990]: 2026-01-11 23:38:35 32 [Warning] Access denied for user 'nc_user'@'localhost'
2026-01-11T23:38:35.882135+00:00 finalArenaServer mariadbd[990]: 2026-01-11 23:38:35 33 [Warning] Access denied for user 'nc_user'@'localhost'
2026-01-11T23:38:35.882799+00:00 finalArenaServer mariadbd[990]: 2026-01-11 23:38:35 34 [Warning] Access denied for user 'nc_user'@'localhost'
2026-01-11T23:38:35.884504+00:00 finalArenaServer mariadbd[990]: 2026-01-11 23:38:35 35 [Warning] Access denied for user 'nc_user'@'localhost'
2026-01-11T23:38:35.884541+00:00 finalArenaServer mariadbd[990]: 2026-01-11 23:38:35 36 [Warning] Access denied for user 'nc_user'@'localhost'
2026-01-11T23:38:35.888825+00:00 finalArenaServer mariadbd[990]: 2026-01-11 23:38:35 37 [Warning] Access denied for user 'nc_user'@'localhost'
2026-01-11T23:38:35.889811+00:00 finalArenaServer mariadbd[990]: 2026-01-11 23:38:35 38 [Warning] Access denied for user 'nc_user'@'localhost'
2026-01-11T23:38:35.996590+00:00 finalArenaServer mariadbd[990]: 2026-01-11 23:38:35 39 [Warning] Access denied for user 'nc_user'@'localhost'
2026-01-11T23:38:35.997129+00:00 finalArenaServer mariadbd[990]: 2026-01-11 23:38:35 40 [Warning] Access denied for user 'nc_user'@'localhost'
2026-01-11T23:38:35.999515+00:00 finalArenaServer mariadbd[990]: 2026-01-11 23:38:35 41 [Warning] Access denied for user 'nc_user'@'localhost'
2026-01-11T23:38:36.000014+00:00 finalArenaServer mariadbd[990]: 2026-01-11 23:38:35 42 [Warning] Access denied for user 'nc_user'@'localhost'
2026-01-11T23:38:36.021783+00:00 finalArenaServer mariadbd[990]: 2026-01-11 23:38:36 43 [Warning] Access denied for user 'nc_user'@'localhost'
2026-01-11T23:38:36.022722+00:00 finalArenaServer mariadbd[990]: 2026-01-11 23:38:36 44 [Warning] Access denied for user 'nc_user'@'localhost'
2026-01-11T23:38:36.068953+00:00 finalArenaServer mariadbd[990]: 2026-01-11 23:38:36 45 [Warning] Access denied for user 'nc_user'@'localhost'
2026-01-11T23:38:36.070376+00:00 finalArenaServer mariadbd[990]: 2026-01-11 23:38:36 46 [Warning] Access denied for user 'nc_user'@'localhost'
2026-01-11T23:38:36.130849+00:00 finalArenaServer mariadbd[990]: 2026-01-11 23:38:36 47 [Warning] Access denied for user 'nc_user'@'localhost'
2026-01-11T23:38:36.131702+00:00 finalArenaServer mariadbd[990]: 2026-01-11 23:38:36 48 [Warning] Access denied for user 'nc_user'@'localhost'
2026-01-11T23:38:36.133738+00:00 finalArenaServer mariadbd[990]: 2026-01-11 23:38:36 49 [Warning] Access denied for user 'nc_user'@'localhost'
2026-01-11T23:38:36.136971+00:00 finalArenaServer mariadbd[990]: 2026-01-11 23:38:36 50 [Warning] Access denied for user 'nc_user'@'localhost'
2026-01-11T23:38:36.137689+00:00 finalArenaServer mariadbd[990]: 2026-01-11 23:38:36 51 [Warning] Access denied for user 'nc_user'@'localhost'
2026-01-11T23:38:36.138385+00:00 finalArenaServer mariadbd[990]: 2026-01-11 23:38:36 52 [Warning] Access denied for user 'nc_user'@'localhost'
2026-01-11T23:38:36.138959+00:00 finalArenaServer mariadbd[990]: 2026-01-11 23:38:36 53 [Warning] Access denied for user 'nc_user'@'localhost'
2026-01-11T23:38:36.139626+00:00 finalArenaServer mariadbd[990]: 2026-01-11 23:38:36 54 [Warning] Access denied for user 'nc_user'@'localhost'
2026-01-11T23:38:36.140860+00:00 finalArenaServer mariadbd[990]: 2026-01-11 23:38:36 55 [Warning] Access denied for user 'nc_user'@'localhost'
2026-01-11T23:38:36.141647+00:00 finalArenaServer mariadbd[990]: 2026-01-11 23:38:36 56 [Warning] Access denied for user 'nc_user'@'localhost'
2026-01-11T23:38:36.142444+00:00 finalArenaServer mariadbd[990]: 2026-01-11 23:38:36 57 [Warning] Access denied for user 'nc_user'@'localhost'
2026-01-11T23:38:36.142956+00:00 finalArenaServer mariadbd[990]: 2026-01-11 23:38:36 58 [Warning] Access denied for user 'nc_user'@'localhost'
2026-01-11T23:38:36.144467+00:00 finalArenaServer mariadbd[990]: 2026-01-11 23:38:36 59 [Warning] Access denied for user 'nc_user'@'localhost'
2026-01-11T23:38:36.144818+00:00 finalArenaServer mariadbd[990]: 2026-01-11 23:38:36 60 [Warning] Access denied for user 'nc_user'@'localhost'
2026-01-11T23:38:36.146600+00:00 finalArenaServer mariadbd[990]: 2026-01-11 23:38:36 61 [Warning] Access denied for user 'nc_user'@'localhost'
2026-01-11T23:38:36.147734+00:00 finalArenaServer mariadbd[990]: 2026-01-11 23:38:36 62 [Warning] Access denied for user 'nc_user'@'localhost'
2026-01-11T23:39:01.227498+00:00 finalArenaServer CRON[1445]: (root) CMD (  [ -x /usr/lib/php/sessionclean ] && if [ ! -d /run/systemd/system ]; then /usr/lib/php/sessionclean; fi)
2026-01-11T23:39:10.880704+00:00 finalArenaServer kernel: clocksource: Long readout interval, skipping watchdog check: cs_nsec: 3067250073 wd_nsec: 3067248712
2026-01-11T23:39:11.005180+00:00 finalArenaServer systemd[1]: Starting phpsessionclean.service - Clean php session files...
2026-01-11T23:39:11.696907+00:00 finalArenaServer systemd[1]: phpsessionclean.service: Deactivated successfully.
2026-01-11T23:39:11.697196+00:00 finalArenaServer systemd[1]: Finished phpsessionclean.service - Clean php session files.
2026-01-11T23:39:24.351974+00:00 finalArenaServer kernel: workqueue: e1000_watchdog [e1000] hogged CPU for >10000us 64 times, consider switching to WQ_UNBOUND
2026-01-11T23:39:32.680758+00:00 finalArenaServer kernel: workqueue: ata_sff_pio_task hogged CPU for >10000us 4 times, consider switching to WQ_UNBOUND
2026-01-11T23:39:33.122184+00:00 finalArenaServer kernel: workqueue: drm_fb_helper_damage_work hogged CPU for >10000us 64 times, consider switching to WQ_UNBOUND
2026-01-11T23:40:18.384154+00:00 finalArenaServer systemd[1]: Starting sysstat-collect.service - system activity accounting tool...
2026-01-11T23:40:18.634877+00:00 finalArenaServer systemd[1]: sysstat-collect.service: Deactivated successfully.
2026-01-11T23:40:18.636068+00:00 finalArenaServer systemd[1]: Finished sysstat-collect.service - system activity accounting tool.
2026-01-11T23:40:44.569840+00:00 finalArenaServer kernel: workqueue: ata_sff_pio_task hogged CPU for >10000us 8 times, consider switching to WQ_UNBOUND
2026-01-11T23:41:03.432582+00:00 finalArenaServer mariadbd[990]: 2026-01-11 23:41:03 63 [Warning] Access denied for user 'nc_user'@'localhost'
2026-01-11T23:41:28.504007+00:00 finalArenaServer kernel: workqueue: e1000_watchdog [e1000] hogged CPU for >10000us 128 times, consider switching to WQ_UNBOUND
2026-01-11T23:41:33.094048+00:00 finalArenaServer kernel: workqueue: drm_fb_helper_damage_work hogged CPU for >10000us 128 times, consider switching to WQ_UNBOUND
2026-01-11T23:42:16.712350+00:00 finalArenaServer systemd[1]: Starting update-notifier-download.service - Download data for packages that failed at package install time...
2026-01-11T23:42:17.051809+00:00 finalArenaServer systemd[1]: update-notifier-download.service: Deactivated successfully.
2026-01-11T23:42:17.052644+00:00 finalArenaServer systemd[1]: Finished update-notifier-download.service - Download data for packages that failed at package install time.