2025-12-18T13:56:13.132234+00:00 finalArenaServer kernel: workqueue: drm_fb_helper_damage_work hogged CPU for >10000us 4 times, consider switching to WQ_UNBOUND
2025-12-18T14:00:06.939512+00:00 finalArenaServer systemd[1]: Starting sysstat-collect.service - system activity accounting tool...
2025-12-18T14:00:07.268801+00:00 finalArenaServer systemd[1]: Starting update-notifier-download.service - Download data for packages that failed at package install time...
2025-12-18T14:00:07.272174+00:00 finalArenaServer systemd[1]: sysstat-collect.service: Deactivated successfully.
2025-12-18T14:00:07.276422+00:00 finalArenaServer systemd[1]: Finished sysstat-collect.service - system activity accounting tool.
2025-12-18T14:00:08.068415+00:00 finalArenaServer systemd[1]: update-notifier-download.service: Deactivated successfully.
2025-12-18T14:00:08.071422+00:00 finalArenaServer systemd[1]: Finished update-notifier-download.service - Download data for packages that failed at package install time.
2025-12-18T14:00:12.903292+00:00 finalArenaServer kernel: workqueue: blk_mq_run_work_fn hogged CPU for >10000us 32 times, consider switching to WQ_UNBOUND
2025-12-18T14:00:55.116579+00:00 finalArenaServer systemd[1210]: launchpadlib-cache-clean.service - Clean up old files in the Launchpadlib cache was skipped because of an unmet condition check (ConditionPathExists=/home/vboxuser/.launchpadlib/api.launchpad.net/cache).
2025-12-18T14:02:22.170799+00:00 finalArenaServer systemd[1]: Stopping apache2.service - The Apache HTTP Server...
2025-12-18T14:02:22.274637+00:00 finalArenaServer apachectl[1821]: AH00558: apache2: Could not reliably determine the server's fully qualified domain name, using fd17:625c:f037:2:a00:27ff:fe3f:3739. Set the 'ServerName' directive globally to suppress this message
2025-12-18T14:02:22.371315+00:00 finalArenaServer systemd[1]: apache2.service: Deactivated successfully.
2025-12-18T14:02:22.372586+00:00 finalArenaServer systemd[1]: Stopped apache2.service - The Apache HTTP Server.
2025-12-18T14:02:22.372671+00:00 finalArenaServer systemd[1]: apache2.service: Consumed 4.243s CPU time.
2025-12-18T14:02:22.405011+00:00 finalArenaServer systemd[1]: Starting apache2.service - The Apache HTTP Server...
2025-12-18T14:02:22.466419+00:00 finalArenaServer apachectl[1828]: AH00558: apache2: Could not reliably determine the server's fully qualified domain name, using fd17:625c:f037:2:a00:27ff:fe3f:3739. Set the 'ServerName' directive globally to suppress this message
2025-12-18T14:02:22.497478+00:00 finalArenaServer systemd[1]: Started apache2.service - The Apache HTTP Server.
2025-12-18T14:04:29.353436+00:00 finalArenaServer systemd[1]: Starting redis-server.service - Advanced key-value store...
2025-12-18T14:04:29.425846+00:00 finalArenaServer systemd[1]: Started redis-server.service - Advanced key-value store.
2025-12-18T14:05:01.976003+00:00 finalArenaServer CRON[1877]: (root) CMD (command -v debian-sa1 > /dev/null && debian-sa1 1 1)
2025-12-18T14:06:51.262341+00:00 finalArenaServer kernel: lo: entered promiscuous mode
2025-12-18T14:07:00.751693+00:00 finalArenaServer kernel: lo: left promiscuous mode
2025-12-18T14:09:01.094487+00:00 finalArenaServer CRON[1948]: (root) CMD (  [ -x /usr/lib/php/sessionclean ] && if [ ! -d /run/systemd/system ]; then /usr/lib/php/sessionclean; fi)
2025-12-18T14:09:08.765525+00:00 finalArenaServer systemd[1]: Starting phpsessionclean.service - Clean php session files...
2025-12-18T14:09:09.160528+00:00 finalArenaServer systemd[1]: phpsessionclean.service: Deactivated successfully.
2025-12-18T14:09:09.165596+00:00 finalArenaServer systemd[1]: Finished phpsessionclean.service - Clean php session files.
2025-12-18T14:09:47.474681+00:00 finalArenaServer systemd[1]: Starting systemd-tmpfiles-clean.service - Cleanup of Temporary Directories...
2025-12-18T14:09:47.657501+00:00 finalArenaServer systemd[1]: systemd-tmpfiles-clean.service: Deactivated successfully.
2025-12-18T14:09:47.658137+00:00 finalArenaServer systemd[1]: Finished systemd-tmpfiles-clean.service - Cleanup of Temporary Directories.
2025-12-18T14:10:08.645703+00:00 finalArenaServer systemd[1]: Starting sysstat-collect.service - system activity accounting tool...
2025-12-18T14:10:08.664489+00:00 finalArenaServer systemd[1]: sysstat-collect.service: Deactivated successfully.
2025-12-18T14:10:08.664669+00:00 finalArenaServer systemd[1]: Finished sysstat-collect.service - system activity accounting tool.