2026-01-11T22:04:12.715932+00:00 finalArenaServer sudo:     root : TTY=pts/1 ; PWD=/root ; USER=www-data ; COMMAND=/usr/bin/php /var/www/nextcloud/occ app:list
2026-01-11T22:04:12.727083+00:00 finalArenaServer sudo: pam_unix(sudo:session): session opened for user www-data(uid=33) by vboxuser(uid=0)
2026-01-11T22:04:13.937588+00:00 finalArenaServer sudo: pam_unix(sudo:session): session closed for user www-data
2026-01-11T22:04:24.657595+00:00 finalArenaServer sudo:     root : TTY=pts/1 ; PWD=/root ; USER=www-data ; COMMAND=/usr/bin/php /var/www/nextcloud/occ app:disable files
2026-01-11T22:04:24.662340+00:00 finalArenaServer sudo: pam_unix(sudo:session): session opened for user www-data(uid=33) by vboxuser(uid=0)
2026-01-11T22:04:25.141870+00:00 finalArenaServer sudo: pam_unix(sudo:session): session closed for user www-data
2026-01-11T22:05:01.447683+00:00 finalArenaServer CRON[1542]: pam_unix(cron:session): session opened for user root(uid=0) by root(uid=0)
2026-01-11T22:05:01.456650+00:00 finalArenaServer CRON[1542]: pam_unix(cron:session): session closed for user root
2026-01-11T22:05:18.539759+00:00 finalArenaServer sudo:     root : TTY=pts/1 ; PWD=/root ; USER=www-data ; COMMAND=/usr/bin/php /var/www/nextcloud/occ maintenance:repair
2026-01-11T22:05:18.541518+00:00 finalArenaServer sudo: pam_unix(sudo:session): session opened for user www-data(uid=33) by vboxuser(uid=0)
2026-01-11T22:05:20.312132+00:00 finalArenaServer sudo: pam_unix(sudo:session): session closed for user www-data
2026-01-11T22:05:31.400373+00:00 finalArenaServer sudo:     root : TTY=pts/1 ; PWD=/root ; USER=www-data ; COMMAND=/usr/bin/php /var/www/nextcloud/occ app:check files
2026-01-11T22:05:31.411053+00:00 finalArenaServer sudo: pam_unix(sudo:session): session opened for user www-data(uid=33) by vboxuser(uid=0)
2026-01-11T22:05:31.918783+00:00 finalArenaServer sudo: pam_unix(sudo:session): session closed for user www-data
2026-01-11T22:05:43.067456+00:00 finalArenaServer sudo:     root : TTY=pts/1 ; PWD=/root ; USER=www-data ; COMMAND=/usr/bin/php /var/www/nextcloud/occ integrity:check-app files
2026-01-11T22:05:43.080514+00:00 finalArenaServer sudo: pam_unix(sudo:session): session opened for user www-data(uid=33) by vboxuser(uid=0)
2026-01-11T22:05:43.836195+00:00 finalArenaServer sudo: pam_unix(sudo:session): session closed for user www-data
2026-01-11T22:06:09.791145+00:00 finalArenaServer sudo:     root : TTY=pts/1 ; PWD=/root ; USER=www-data ; COMMAND=/usr/bin/php /var/www/nextcloud/occ app:update files
2026-01-11T22:06:09.801915+00:00 finalArenaServer sudo: pam_unix(sudo:session): session opened for user www-data(uid=33) by vboxuser(uid=0)
2026-01-11T22:06:14.584693+00:00 finalArenaServer sudo: pam_unix(sudo:session): session closed for user www-data
2026-01-11T22:06:26.081849+00:00 finalArenaServer sudo:     root : TTY=pts/1 ; PWD=/root ; USER=www-data ; COMMAND=/usr/bin/php /var/www/nextcloud/occ app:remove files
2026-01-11T22:06:26.087621+00:00 finalArenaServer sudo: pam_unix(sudo:session): session opened for user www-data(uid=33) by vboxuser(uid=0)
2026-01-11T22:06:26.577048+00:00 finalArenaServer sudo: pam_unix(sudo:session): session closed for user www-data
2026-01-11T22:08:26.880565+00:00 finalArenaServer sudo:     root : TTY=pts/1 ; PWD=/root ; USER=www-data ; COMMAND=/usr/bin/php /var/www/nextcloud/occ integrity:check-app files
2026-01-11T22:08:26.882842+00:00 finalArenaServer sudo: pam_unix(sudo:session): session opened for user www-data(uid=33) by vboxuser(uid=0)
2026-01-11T22:08:27.601023+00:00 finalArenaServer sudo: pam_unix(sudo:session): session closed for user www-data
2026-01-11T22:08:38.205857+00:00 finalArenaServer sudo:     root : TTY=pts/1 ; PWD=/root ; USER=root ; COMMAND=/usr/bin/systemctl restart apache2
2026-01-11T22:08:38.222839+00:00 finalArenaServer sudo: pam_unix(sudo:session): session opened for user root(uid=0) by vboxuser(uid=0)
2026-01-11T22:08:39.069125+00:00 finalArenaServer sudo: pam_unix(sudo:session): session closed for user root
2026-01-11T22:09:01.537194+00:00 finalArenaServer CRON[1668]: pam_unix(cron:session): session opened for user root(uid=0) by root(uid=0)
2026-01-11T22:09:01.542790+00:00 finalArenaServer CRON[1668]: pam_unix(cron:session): session closed for user root2026-01-12T01:45:01.517837+00:00 finalArenaServer CRON[1467]: pam_unix(cron:session): session opened for user root(uid=0) by root(uid=0)
2026-01-12T01:45:01.528745+00:00 finalArenaServer CRON[1467]: pam_unix(cron:session): session closed for user root2026-01-26T09:53:46.433207+00:00 finalArenaServer sudo:     root : TTY=pts/1 ; PWD=/root ; USER=root ; COMMAND=/usr/bin/vim /etc/apache2/apache2.conf
2026-01-26T09:53:46.435541+00:00 finalArenaServer sudo: pam_unix(sudo:session): session opened for user root(uid=0) by vboxuser(uid=0)
2026-01-26T09:53:57.902105+00:00 finalArenaServer sudo: pam_unix(sudo:session): session closed for user root
2026-01-26T09:55:01.068096+00:00 finalArenaServer CRON[1544]: pam_unix(cron:session): session opened for user root(uid=0) by root(uid=0)
2026-01-26T09:55:01.093347+00:00 finalArenaServer CRON[1544]: pam_unix(cron:session): session closed for user root
2026-01-26T09:55:28.098356+00:00 finalArenaServer sudo:     root : TTY=pts/1 ; PWD=/root ; USER=www-data ; COMMAND=/usr/bin/php /var/www/nextcloud/occ app:list
2026-01-26T09:55:28.102077+00:00 finalArenaServer sudo: pam_unix(sudo:session): session opened for user www-data(uid=33) by vboxuser(uid=0)
2026-01-26T09:55:29.020325+00:00 finalArenaServer sudo: pam_unix(sudo:session): session closed for user www-data
2026-01-26T09:55:38.576567+00:00 finalArenaServer sudo:     root : TTY=pts/1 ; PWD=/root ; USER=www-data ; COMMAND=/usr/bin/php /var/www/nextcloud/occ maintenance:repair
2026-01-26T09:55:38.581220+00:00 finalArenaServer sudo: pam_unix(sudo:session): session opened for user www-data(uid=33) by vboxuser(uid=0)
2026-01-26T09:55:40.204257+00:00 finalArenaServer sudo: pam_unix(sudo:session): session closed for user www-data2026-01-12T00:05:01.351339+00:00 finalArenaServer CRON[1450]: pam_unix(cron:session): session opened for user root(uid=0) by root(uid=0)
2026-01-12T00:05:01.366759+00:00 finalArenaServer CRON[1450]: pam_unix(cron:session): session closed for user root
2026-01-12T00:05:23.684517+00:00 finalArenaServer sudo:     root : TTY=pts/1 ; PWD=/root ; USER=www-data ; COMMAND=/usr/bin/php -d detect_unicode=0 /var/www/nextcloud/occ log:tail --lines=100
2026-01-12T00:05:23.686330+00:00 finalArenaServer sudo: pam_unix(sudo:session): session opened for user www-data(uid=33) by vboxuser(uid=0)
2026-01-12T00:05:24.451564+00:00 finalArenaServer sudo: pam_unix(sudo:session): session closed for user www-data
2026-01-12T00:05:35.600029+00:00 finalArenaServer sudo:     root : TTY=pts/1 ; PWD=/root ; USER=www-data ; COMMAND=/usr/bin/php /var/www/nextcloud/occ log:tail 150
2026-01-12T00:05:35.602320+00:00 finalArenaServer sudo: pam_unix(sudo:session): session opened for user www-data(uid=33) by vboxuser(uid=0)
2026-01-12T00:05:36.895673+00:00 finalArenaServer sudo: pam_unix(sudo:session): session closed for user www-data
2026-01-12T00:06:20.576983+00:00 finalArenaServer sudo:     root : TTY=pts/1 ; PWD=/root ; USER=www-data ; COMMAND=/usr/bin/php /var/www/nextcloud/occ app:list
2026-01-12T00:06:20.578364+00:00 finalArenaServer sudo: pam_unix(sudo:session): session opened for user www-data(uid=33) by vboxuser(uid=0)
2026-01-12T00:06:20.959808+00:00 finalArenaServer sudo: pam_unix(sudo:session): session closed for user www-data
2026-01-12T00:08:30.253985+00:00 finalArenaServer sudo:     root : TTY=pts/1 ; PWD=/root ; USER=www-data ; COMMAND=/usr/bin/php /var/www/nextcloud/occ app:status files
2026-01-12T00:08:30.257054+00:00 finalArenaServer sudo: pam_unix(sudo:session): session opened for user www-data(uid=33) by vboxuser(uid=0)
2026-01-12T00:08:30.602143+00:00 finalArenaServer sudo: pam_unix(sudo:session): session closed for user www-data
2026-01-12T00:09:01.968989+00:00 finalArenaServer CRON[1530]: pam_unix(cron:session): session opened for user root(uid=0) by root(uid=0)
2026-01-12T00:09:01.980631+00:00 finalArenaServer CRON[1530]: pam_unix(cron:session): session closed for user root
2026-01-12T00:09:29.231765+00:00 finalArenaServer sudo:     root : TTY=pts/1 ; PWD=/root ; USER=www-data ; COMMAND=/usr/bin/php /var/www/nextcloud/occ app:list
2026-01-12T00:09:29.232943+00:00 finalArenaServer sudo: pam_unix(sudo:session): session opened for user www-data(uid=33) by vboxuser(uid=0)
2026-01-12T00:09:29.553991+00:00 finalArenaServer sudo: pam_unix(sudo:session): session closed for user www-data
2026-01-12T00:09:53.921815+00:00 finalArenaServer sudo:     root : TTY=pts/1 ; PWD=/root ; USER=www-data ; COMMAND=/usr/bin/php /var/www/nextcloud/occ integrity:check-app files
2026-01-12T00:09:53.922961+00:00 finalArenaServer sudo: pam_unix(sudo:session): session opened for user www-data(uid=33) by vboxuser(uid=0)
2026-01-12T00:09:54.519774+00:00 finalArenaServer sudo: pam_unix(sudo:session): session closed for user www-data
2026-01-12T00:11:38.701652+00:00 finalArenaServer sudo:     root : TTY=pts/1 ; PWD=/root ; USER=www-data ; COMMAND=/usr/bin/php /var/www/nextcloud/occ integrity:check-app files
2026-01-12T00:11:38.704829+00:00 finalArenaServer sudo: pam_unix(sudo:session): session opened for user www-data(uid=33) by vboxuser(uid=0)
2026-01-12T00:11:39.123318+00:00 finalArenaServer sudo: pam_unix(sudo:session): session closed for user www-data
2026-01-12T00:11:50.717484+00:00 finalArenaServer sudo:     root : TTY=pts/1 ; PWD=/root ; USER=www-data ; COMMAND=/usr/bin/php /var/www/nextcloud/occ maintenance:repair
2026-01-12T00:11:50.719934+00:00 finalArenaServer sudo: pam_unix(sudo:session): session opened for user www-data(uid=33) by vboxuser(uid=0)
2026-01-12T00:11:51.996584+00:00 finalArenaServer sudo: pam_unix(sudo:session): session closed for user www-data