2025-12-16T11:26:53.234614+00:00 finalArenaServer systemd[1101]: launchpadlib-cache-clean.service - Clean up old files in the Launchpadlib cache was skipped because of an unmet condition check (ConditionPathExists=/home/vboxuser/.launchpadlib/api.launchpad.net/cache).
2025-12-16T11:27:40.624062+00:00 finalArenaServer kernel: workqueue: blk_mq_run_work_fn hogged CPU for >10000us 16 times, consider switching to WQ_UNBOUND2025-12-16T11:30:31.009961+00:00 finalArenaServer mariadbd[927]: 2025-12-16 11:30:31 34 [Warning] Access denied for user 'nc_user'@'localhost'
2025-12-16T11:30:31.029745+00:00 finalArenaServer mariadbd[927]: 2025-12-16 11:30:31 35 [Warning] Access denied for user 'nc_user'@'localhost'
2025-12-16T11:30:31.034650+00:00 finalArenaServer mariadbd[927]: 2025-12-16 11:30:31 36 [Warning] Access denied for user 'nc_user'@'localhost'
2025-12-16T11:30:31.037225+00:00 finalArenaServer mariadbd[927]: 2025-12-16 11:30:31 37 [Warning] Access denied for user 'nc_user'@'localhost'
2025-12-16T11:30:31.039121+00:00 finalArenaServer mariadbd[927]: 2025-12-16 11:30:31 38 [Warning] Access denied for user 'nc_user'@'localhost'
2025-12-16T11:30:31.039984+00:00 finalArenaServer mariadbd[927]: 2025-12-16 11:30:31 39 [Warning] Access denied for user 'nc_user'@'localhost'
2025-12-16T11:30:31.042922+00:00 finalArenaServer mariadbd[927]: 2025-12-16 11:30:31 40 [Warning] Access denied for user 'nc_user'@'localhost'
2025-12-16T11:30:31.044169+00:00 finalArenaServer mariadbd[927]: 2025-12-16 11:30:31 41 [Warning] Access denied for user 'nc_user'@'localhost'
2025-12-16T11:30:31.069660+00:00 finalArenaServer mariadbd[927]: 2025-12-16 11:30:31 42 [Warning] Access denied for user 'nc_user'@'localhost'
2025-12-16T11:30:31.070977+00:00 finalArenaServer mariadbd[927]: 2025-12-16 11:30:31 43 [Warning] Access denied for user 'nc_user'@'localhost'
2025-12-16T11:30:31.072714+00:00 finalArenaServer mariadbd[927]: 2025-12-16 11:30:31 44 [Warning] Access denied for user 'nc_user'@'localhost'
2025-12-16T11:30:31.073646+00:00 finalArenaServer mariadbd[927]: 2025-12-16 11:30:31 45 [Warning] Access denied for user 'nc_user'@'localhost'
2025-12-16T11:30:31.078892+00:00 finalArenaServer mariadbd[927]: 2025-12-16 11:30:31 46 [Warning] Access denied for user 'nc_user'@'localhost'
2025-12-16T11:30:31.079698+00:00 finalArenaServer mariadbd[927]: 2025-12-16 11:30:31 47 [Warning] Access denied for user 'nc_user'@'localhost'
2025-12-16T11:30:31.092451+00:00 finalArenaServer mariadbd[927]: 2025-12-16 11:30:31 48 [Warning] Access denied for user 'nc_user'@'localhost'
2025-12-16T11:30:31.094374+00:00 finalArenaServer mariadbd[927]: 2025-12-16 11:30:31 49 [Warning] Access denied for user 'nc_user'@'localhost'
2025-12-16T11:30:31.193326+00:00 finalArenaServer mariadbd[927]: 2025-12-16 11:30:31 50 [Warning] Access denied for user 'nc_user'@'localhost'
2025-12-16T11:30:31.194500+00:00 finalArenaServer mariadbd[927]: 2025-12-16 11:30:31 51 [Warning] Access denied for user 'nc_user'@'localhost'
2025-12-16T11:30:31.195685+00:00 finalArenaServer mariadbd[927]: 2025-12-16 11:30:31 52 [Warning] Access denied for user 'nc_user'@'localhost'
2025-12-16T11:30:31.196938+00:00 finalArenaServer mariadbd[927]: 2025-12-16 11:30:31 53 [Warning] Access denied for user 'nc_user'@'localhost'
2025-12-16T11:30:31.197877+00:00 finalArenaServer mariadbd[927]: 2025-12-16 11:30:31 54 [Warning] Access denied for user 'nc_user'@'localhost'
2025-12-16T11:30:31.198749+00:00 finalArenaServer mariadbd[927]: 2025-12-16 11:30:31 55 [Warning] Access denied for user 'nc_user'@'localhost'
2025-12-16T11:30:31.199632+00:00 finalArenaServer mariadbd[927]: 2025-12-16 11:30:31 56 [Warning] Access denied for user 'nc_user'@'localhost'
2025-12-16T11:30:31.200631+00:00 finalArenaServer mariadbd[927]: 2025-12-16 11:30:31 57 [Warning] Access denied for user 'nc_user'@'localhost'
2025-12-16T11:30:31.202972+00:00 finalArenaServer mariadbd[927]: 2025-12-16 11:30:31 58 [Warning] Access denied for user 'nc_user'@'localhost'
2025-12-16T11:30:31.204546+00:00 finalArenaServer mariadbd[927]: 2025-12-16 11:30:31 59 [Warning] Access denied for user 'nc_user'@'localhost'
2025-12-16T11:30:31.205036+00:00 finalArenaServer mariadbd[927]: 2025-12-16 11:30:31 60 [Warning] Access denied for user 'nc_user'@'localhost'
2025-12-16T11:30:31.206511+00:00 finalArenaServer mariadbd[927]: 2025-12-16 11:30:31 61 [Warning] Access denied for user 'nc_user'@'localhost'
2025-12-16T11:30:31.209353+00:00 finalArenaServer mariadbd[927]: 2025-12-16 11:30:31 62 [Warning] Access denied for user 'nc_user'@'localhost'
2025-12-16T11:30:31.210536+00:00 finalArenaServer mariadbd[927]: 2025-12-16 11:30:31 63 [Warning] Access denied for user 'nc_user'@'localhost'
2025-12-16T11:30:31.212749+00:00 finalArenaServer mariadbd[927]: 2025-12-16 11:30:31 64 [Warning] Access denied for user 'nc_user'@'localhost'
2025-12-16T11:30:31.213171+00:00 finalArenaServer mariadbd[927]: 2025-12-16 11:30:31 65 [Warning] Access denied for user 'nc_user'@'localhost'
2025-12-16T11:32:47.375694+00:00 finalArenaServer mariadbd[927]: 2025-12-16 11:32:47 66 [Warning] Access denied for user 'nc_user'@'localhost'
2025-12-16T11:32:50.549622+00:00 finalArenaServer mariadbd[927]: 2025-12-16 11:32:50 67 [Warning] Access denied for user 'nc_user'@'localhost'
2025-12-16T11:32:55.517659+00:00 finalArenaServer mariadbd[927]: 2025-12-16 11:32:55 68 [Warning] Access denied for user 'nc_user'@'localhost'
2025-12-16T11:33:35.147325+00:00 finalArenaServer mariadbd[927]: 2025-12-16 11:33:35 70 [Warning] Access denied for user 'nc_user'@'localhost'
2025-12-16T11:33:35.148906+00:00 finalArenaServer mariadbd[927]: 2025-12-16 11:33:35 71 [Warning] Access denied for user 'nc_user'@'localhost'
2025-12-16T11:33:35.150782+00:00 finalArenaServer mariadbd[927]: 2025-12-16 11:33:35 72 [Warning] Access denied for user 'nc_user'@'localhost'
2025-12-16T11:33:35.151701+00:00 finalArenaServer mariadbd[927]: 2025-12-16 11:33:35 73 [Warning] Access denied for user 'nc_user'@'localhost'
2025-12-16T11:33:35.152245+00:00 finalArenaServer mariadbd[927]: 2025-12-16 11:33:35 74 [Warning] Access denied for user 'nc_user'@'localhost'
2025-12-16T11:33:35.153232+00:00 finalArenaServer mariadbd[927]: 2025-12-16 11:33:35 75 [Warning] Access denied for user 'nc_user'@'localhost'
2025-12-16T11:33:35.153601+00:00 finalArenaServer mariadbd[927]: 2025-12-16 11:33:35 76 [Warning] Access denied for user 'nc_user'@'localhost'
2025-12-16T11:33:35.153808+00:00 finalArenaServer mariadbd[927]: 2025-12-16 11:33:35 77 [Warning] Access denied for user 'nc_user'@'localhost'
2025-12-16T11:33:35.155380+00:00 finalArenaServer mariadbd[927]: 2025-12-16 11:33:35 78 [Warning] Access denied for user 'nc_user'@'localhost'
2025-12-16T11:33:35.156397+00:00 finalArenaServer mariadbd[927]: 2025-12-16 11:33:35 79 [Warning] Access denied for user 'nc_user'@'localhost'
2025-12-16T11:33:35.156669+00:00 finalArenaServer mariadbd[927]: 2025-12-16 11:33:35 80 [Warning] Access denied for user 'nc_user'@'localhost'
2025-12-16T11:33:35.156716+00:00 finalArenaServer mariadbd[927]: 2025-12-16 11:33:35 81 [Warning] Access denied for user 'nc_user'@'localhost'
2025-12-16T11:33:35.158291+00:00 finalArenaServer mariadbd[927]: 2025-12-16 11:33:35 82 [Warning] Access denied for user 'nc_user'@'localhost'
2025-12-16T11:33:35.158684+00:00 finalArenaServer mariadbd[927]: 2025-12-16 11:33:35 83 [Warning] Access denied for user 'nc_user'@'localhost'
2025-12-16T11:33:35.160772+00:00 finalArenaServer mariadbd[927]: 2025-12-16 11:33:35 84 [Warning] Access denied for user 'nc_user'@'localhost'
2025-12-16T11:33:35.160942+00:00 finalArenaServer mariadbd[927]: 2025-12-16 11:33:35 85 [Warning] Access denied for user 'nc_user'@'localhost'
2025-12-16T11:33:42.200696+00:00 finalArenaServer mariadbd[927]: 2025-12-16 11:33:42 86 [Warning] Access denied for user 'nc_user'@'localhost'
2025-12-16T11:34:14.138798+00:00 finalArenaServer mariadbd[927]: 2025-12-16 11:34:14 88 [Warning] Access denied for user 'nc_user'@'localhost'
2025-12-16T11:34:27.362854+00:00 finalArenaServer systemd[1]: Starting update-notifier-download.service - Download data for packages that failed at package install time...
2025-12-16T11:34:27.524258+00:00 finalArenaServer systemd[1]: update-notifier-download.service: Deactivated successfully.
2025-12-16T11:34:27.524503+00:00 finalArenaServer systemd[1]: Finished update-notifier-download.service - Download data for packages that failed at package install time.
2025-12-16T11:34:49.109780+00:00 finalArenaServer mariadbd[927]: 2025-12-16 11:34:49 89 [Warning] Access denied for user 'nextcloud'@'localhost' (using password: YES)
2025-12-16T11:35:01.645837+00:00 finalArenaServer CRON[1592]: (root) CMD (command -v debian-sa1 > /dev/null && debian-sa1 1 1)2025-12-16T11:58:57.366896+00:00 finalArenaServer kernel: workqueue: drm_fb_helper_damage_work hogged CPU for >10000us 8 times, consider switching to WQ_UNBOUND
2025-12-16T11:59:50.659358+00:00 finalArenaServer kernel: workqueue: e1000_watchdog [e1000] hogged CPU for >10000us 4 times, consider switching to WQ_UNBOUND
2025-12-16T11:59:58.843943+00:00 finalArenaServer kernel: workqueue: e1000_watchdog [e1000] hogged CPU for >10000us 8 times, consider switching to WQ_UNBOUND
2025-12-16T12:00:01.879959+00:00 finalArenaServer CRON[1493]: (root) CMD (test -x /usr/bin/certbot -a \! -d /run/systemd/system && perl -e 'sleep int(rand(43200))' && certbot -q renew --no-random-sleep-on-renew)
2025-12-16T12:00:08.010924+00:00 finalArenaServer systemd[1]: Starting sysstat-collect.service - system activity accounting tool...
2025-12-16T12:00:08.021630+00:00 finalArenaServer systemd[1]: sysstat-collect.service: Deactivated successfully.
2025-12-16T12:00:08.021799+00:00 finalArenaServer systemd[1]: Finished sysstat-collect.service - system activity accounting tool.
2025-12-16T12:00:19.844898+00:00 finalArenaServer kernel: workqueue: drm_fb_helper_damage_work hogged CPU for >10000us 16 times, consider switching to WQ_UNBOUND
2025-12-16T12:01:16.665861+00:00 finalArenaServer kernel: workqueue: e1000_watchdog [e1000] hogged CPU for >10000us 16 times, consider switching to WQ_UNBOUND
2025-12-16T12:02:58.287685+00:00 finalArenaServer systemd[1]: Starting update-notifier-download.service - Download data for packages that failed at package install time...
2025-12-16T12:02:58.530830+00:00 finalArenaServer systemd[1]: update-notifier-download.service: Deactivated successfully.
2025-12-16T12:02:58.531008+00:00 finalArenaServer systemd[1]: Finished update-notifier-download.service - Download data for packages that failed at package install time.
2025-12-16T12:03:57.965803+00:00 finalArenaServer systemd[1112]: launchpadlib-cache-clean.service - Clean up old files in the Launchpadlib cache was skipped because of an unmet condition check (ConditionPathExists=/home/vboxuser/.launchpadlib/api.launchpad.net/cache).
2025-12-16T12:05:02.006981+00:00 finalArenaServer CRON[1627]: (root) CMD (command -v debian-sa1 > /dev/null && debian-sa1 1 1)
2025-12-16T12:06:00.206704+00:00 finalArenaServer kernel: workqueue: drm_fb_helper_damage_work hogged CPU for >10000us 32 times, consider switching to WQ_UNBOUND
2025-12-16T12:09:01.292244+00:00 finalArenaServer CRON[1726]: (root) CMD (  [ -x /usr/lib/php/sessionclean ] && if [ ! -d /run/systemd/system ]; then /usr/lib/php/sessionclean; fi)
2025-12-16T12:09:19.573718+00:00 finalArenaServer systemd[1]: Starting phpsessionclean.service - Clean php session files...
2025-12-16T12:09:19.971024+00:00 finalArenaServer systemd[1]: phpsessionclean.service: Deactivated successfully.
2025-12-16T12:09:19.971961+00:00 finalArenaServer systemd[1]: Finished phpsessionclean.service - Clean php session files.2025-12-16T12:12:34.913834+00:00 finalArenaServer kernel: workqueue: blk_mq_run_work_fn hogged CPU for >10000us 4 times, consider switching to WQ_UNBOUND
2025-12-16T12:12:45.975119+00:00 finalArenaServer kernel: workqueue: drm_fb_helper_damage_work hogged CPU for >10000us 4 times, consider switching to WQ_UNBOUND
2025-12-16T12:12:46.033754+00:00 finalArenaServer kernel: workqueue: e1000_watchdog [e1000] hogged CPU for >10000us 4 times, consider switching to WQ_UNBOUND
2025-12-16T12:12:50.142066+00:00 finalArenaServer kernel: workqueue: e1000_watchdog [e1000] hogged CPU for >10000us 8 times, consider switching to WQ_UNBOUND
2025-12-16T12:13:11.142099+00:00 finalArenaServer kernel: workqueue: drm_fb_helper_damage_work hogged CPU for >10000us 8 times, consider switching to WQ_UNBOUND
2025-12-16T12:13:20.859203+00:00 finalArenaServer kernel: workqueue: e1000_watchdog [e1000] hogged CPU for >10000us 16 times, consider switching to WQ_UNBOUND
2025-12-16T12:14:39.144839+00:00 finalArenaServer kernel: workqueue: drm_fb_helper_damage_work hogged CPU for >10000us 16 times, consider switching to WQ_UNBOUND
2025-12-16T12:14:50.897032+00:00 finalArenaServer kernel: workqueue: e1000_watchdog [e1000] hogged CPU for >10000us 32 times, consider switching to WQ_UNBOUND
2025-12-16T12:15:01.989675+00:00 finalArenaServer CRON[1608]: (root) CMD (command -v debian-sa1 > /dev/null && debian-sa1 1 1)
2025-12-16T12:16:14.456800+00:00 finalArenaServer systemd[1]: Stopping apache2.service - The Apache HTTP Server...
2025-12-16T12:16:14.535590+00:00 finalArenaServer apachectl[1806]: AH00558: apache2: Could not reliably determine the server's fully qualified domain name, using fd17:625c:f037:2:a00:27ff:fe3f:3739. Set the 'ServerName' directive globally to suppress this message
2025-12-16T12:16:14.605355+00:00 finalArenaServer systemd[1]: apache2.service: Killing process 1346 (apache2) with signal SIGKILL.
2025-12-16T12:16:14.605455+00:00 finalArenaServer systemd[1]: apache2.service: Killing process 1347 (apache2) with signal SIGKILL.
2025-12-16T12:16:14.605508+00:00 finalArenaServer systemd[1]: apache2.service: Killing process 1348 (apache2) with signal SIGKILL.
2025-12-16T12:16:14.605557+00:00 finalArenaServer systemd[1]: apache2.service: Killing process 1349 (apache2) with signal SIGKILL.
2025-12-16T12:16:14.605601+00:00 finalArenaServer systemd[1]: apache2.service: Killing process 1350 (apache2) with signal SIGKILL.
2025-12-16T12:16:14.625429+00:00 finalArenaServer systemd[1]: apache2.service: Deactivated successfully.
2025-12-16T12:16:14.625590+00:00 finalArenaServer systemd[1]: Stopped apache2.service - The Apache HTTP Server.
2025-12-16T12:16:14.625706+00:00 finalArenaServer systemd[1]: apache2.service: Consumed 3.951s CPU time, 135.2M memory peak, 0B memory swap peak.
2025-12-16T12:16:14.635629+00:00 finalArenaServer systemd[1]: Starting apache2.service - The Apache HTTP Server...
2025-12-16T12:16:14.724581+00:00 finalArenaServer apachectl[1812]: AH00558: apache2: Could not reliably determine the server's fully qualified domain name, using fd17:625c:f037:2:a00:27ff:fe3f:3739. Set the 'ServerName' directive globally to suppress this message
2025-12-16T12:16:14.740944+00:00 finalArenaServer systemd[1]: Started apache2.service - The Apache HTTP Server.
2025-12-16T12:16:23.858931+00:00 finalArenaServer kernel: workqueue: drm_fb_helper_damage_work hogged CPU for >10000us 32 times, consider switching to WQ_UNBOUND
2025-12-16T12:16:38.023880+00:00 finalArenaServer systemd[1]: Stopping apache2.service - The Apache HTTP Server...
2025-12-16T12:16:38.088534+00:00 finalArenaServer apachectl[1846]: AH00558: apache2: Could not reliably determine the server's fully qualified domain name, using fd17:625c:f037:2:a00:27ff:fe3f:3739. Set the 'ServerName' directive globally to suppress this message
2025-12-16T12:16:38.167751+00:00 finalArenaServer systemd[1]: apache2.service: Deactivated successfully.
2025-12-16T12:16:38.169680+00:00 finalArenaServer systemd[1]: Stopped apache2.service - The Apache HTTP Server.
2025-12-16T12:16:38.169802+00:00 finalArenaServer systemd[1]: apache2.service: Consumed 1.216s CPU time.
2025-12-16T12:16:38.185202+00:00 finalArenaServer systemd[1]: Starting apache2.service - The Apache HTTP Server...
2025-12-16T12:16:38.247480+00:00 finalArenaServer apachectl[1852]: AH00558: apache2: Could not reliably determine the server's fully qualified domain name, using fd17:625c:f037:2:a00:27ff:fe3f:3739. Set the 'ServerName' directive globally to suppress this message
2025-12-16T12:16:38.261306+00:00 finalArenaServer systemd[1]: Started apache2.service - The Apache HTTP Server.
2025-12-16T12:16:44.689336+00:00 finalArenaServer kernel: workqueue: blk_mq_run_work_fn hogged CPU for >10000us 8 times, consider switching to WQ_UNBOUND
2025-12-16T12:16:48.831663+00:00 finalArenaServer systemd[1]: Starting update-notifier-download.service - Download data for packages that failed at package install time...
2025-12-16T12:16:49.046765+00:00 finalArenaServer systemd[1]: update-notifier-download.service: Deactivated successfully.
2025-12-16T12:16:49.047418+00:00 finalArenaServer systemd[1]: Finished update-notifier-download.service - Download data for packages that failed at package install time.2025-12-18T11:08:00.507732+00:00 finalArenaServer systemd[1]: Starting systemd-tmpfiles-clean.service - Cleanup of Temporary Directories...
2025-12-18T11:08:00.634063+00:00 finalArenaServer systemd[1]: systemd-tmpfiles-clean.service: Deactivated successfully.
2025-12-18T11:08:00.634179+00:00 finalArenaServer systemd[1]: Finished systemd-tmpfiles-clean.service - Cleanup of Temporary Directories.
2025-12-18T11:09:01.109249+00:00 finalArenaServer CRON[1697]: (root) CMD (  [ -x /usr/lib/php/sessionclean ] && if [ ! -d /run/systemd/system ]; then /usr/lib/php/sessionclean; fi)
2025-12-18T11:09:10.685245+00:00 finalArenaServer systemd[1]: Starting phpsessionclean.service - Clean php session files...
2025-12-18T11:09:11.189140+00:00 finalArenaServer systemd[1]: phpsessionclean.service: Deactivated successfully.
2025-12-18T11:09:11.189593+00:00 finalArenaServer systemd[1]: Finished phpsessionclean.service - Clean php session files.
2025-12-18T11:10:08.515166+00:00 finalArenaServer systemd[1]: Starting sysstat-collect.service - system activity accounting tool...
2025-12-18T11:10:08.540501+00:00 finalArenaServer systemd[1]: sysstat-collect.service: Deactivated successfully.
2025-12-18T11:10:08.540776+00:00 finalArenaServer systemd[1]: Finished sysstat-collect.service - system activity accounting tool.
2025-12-18T11:10:21.028992+00:00 finalArenaServer systemd[1]: Starting fwupd-refresh.service - Refresh fwupd metadata and update motd...
2025-12-18T11:10:21.139796+00:00 finalArenaServer dbus-daemon[629]: [system] Activating via systemd: service name='org.freedesktop.fwupd' unit='fwupd.service' requested by ':1.21' (uid=989 pid=1772 comm="/usr/bin/fwupdmgr refresh" label="unconfined")
2025-12-18T11:10:21.149951+00:00 finalArenaServer systemd[1]: Starting fwupd.service - Firmware update daemon...
2025-12-18T11:10:21.486710+00:00 finalArenaServer dbus-daemon[629]: [system] Activating via systemd: service name='org.freedesktop.UPower' unit='upower.service' requested by ':1.22' (uid=0 pid=1777 comm="/usr/libexec/fwupd/fwupd" label="unconfined")
2025-12-18T11:10:21.505082+00:00 finalArenaServer systemd[1]: Starting upower.service - Daemon for power management...
2025-12-18T11:10:21.669030+00:00 finalArenaServer dbus-daemon[629]: [system] Successfully activated service 'org.freedesktop.UPower'
2025-12-18T11:10:21.669203+00:00 finalArenaServer systemd[1]: Started upower.service - Daemon for power management.
2025-12-18T11:10:21.753376+00:00 finalArenaServer fwupd[1777]: 11:10:21.752 FuEngine             failed to add device /sys/devices/pci0000:00/0000:00:01.1/ata2/host1/target1:0:0/1:0:0:0/block/sr0: failed to open /dev/sr0: No medium found
2025-12-18T11:10:21.816565+00:00 finalArenaServer fwupd[1777]: 11:10:21.816 FuMain               fwupd 1.9.30 ready for requests (locale en_US.UTF-8)
2025-12-18T11:10:21.819268+00:00 finalArenaServer dbus-daemon[629]: [system] Successfully activated service 'org.freedesktop.fwupd'
2025-12-18T11:10:21.820438+00:00 finalArenaServer systemd[1]: Started fwupd.service - Firmware update daemon.
2025-12-18T11:10:21.841107+00:00 finalArenaServer fwupdmgr[1772]: Updating lvfs
2025-12-18T11:10:24.249309+00:00 finalArenaServer fwupdmgr[1772]: Successfully downloaded new metadata: 0 local devices supported
2025-12-18T11:10:24.253918+00:00 finalArenaServer systemd[1]: fwupd-refresh.service: Deactivated successfully.
2025-12-18T11:10:24.254154+00:00 finalArenaServer systemd[1]: Finished fwupd-refresh.service - Refresh fwupd metadata and update motd.
2025-12-18T11:10:57.929702+00:00 finalArenaServer systemd[1]: Starting redis-server.service - Advanced key-value store...
2025-12-18T11:10:57.995745+00:00 finalArenaServer systemd[1]: Started redis-server.service - Advanced key-value store.
2025-12-18T11:15:01.157081+00:00 finalArenaServer CRON[2025]: (root) CMD (command -v debian-sa1 > /dev/null && debian-sa1 1 1)
2025-12-18T11:17:01.219465+00:00 finalArenaServer CRON[2067]: (root) CMD (cd / && run-parts --report /etc/cron.hourly)2025-12-18T11:25:01.216750+00:00 finalArenaServer CRON[1643]: (root) CMD (command -v debian-sa1 > /dev/null && debian-sa1 1 1)
2025-12-18T11:25:47.242031+00:00 finalArenaServer systemd[1]: Starting update-notifier-download.service - Download data for packages that failed at package install time...
2025-12-18T11:25:47.462501+00:00 finalArenaServer systemd[1]: update-notifier-download.service: Deactivated successfully.
2025-12-18T11:25:47.462584+00:00 finalArenaServer systemd[1]: Finished update-notifier-download.service - Download data for packages that failed at package install time.
2025-12-18T11:26:30.304627+00:00 finalArenaServer systemd[1]: Reloading apache2.service - The Apache HTTP Server...
2025-12-18T11:26:30.417625+00:00 finalArenaServer apachectl[1736]: AH00558: apache2: Could not reliably determine the server's fully qualified domain name, using fd17:625c:f037:2:a00:27ff:fe3f:3739. Set the 'ServerName' directive globally to suppress this message
2025-12-18T11:26:30.461419+00:00 finalArenaServer systemd[1]: Reloaded apache2.service - The Apache HTTP Server.
2025-12-18T11:26:57.235022+00:00 finalArenaServer systemd[1145]: launchpadlib-cache-clean.service - Clean up old files in the Launchpadlib cache was skipped because of an unmet condition check (ConditionPathExists=/home/vboxuser/.launchpadlib/api.launchpad.net/cache).