2025-12-17T15:20:53.920332+00:00 finalArenaServer mariadbd[1032]: 2025-12-17 15:20:53 34 [Warning] Access denied for user 'nc_user'@'localhost'
2025-12-17T15:20:53.920739+00:00 finalArenaServer mariadbd[1032]: 2025-12-17 15:20:53 35 [Warning] Access denied for user 'nc_user'@'localhost'
2025-12-17T15:20:53.927017+00:00 finalArenaServer mariadbd[1032]: 2025-12-17 15:20:53 36 [Warning] Access denied for user 'nc_user'@'localhost'
2025-12-17T15:20:53.929557+00:00 finalArenaServer mariadbd[1032]: 2025-12-17 15:20:53 37 [Warning] Access denied for user 'nc_user'@'localhost'
2025-12-17T15:20:53.931406+00:00 finalArenaServer mariadbd[1032]: 2025-12-17 15:20:53 38 [Warning] Access denied for user 'nc_user'@'localhost'
2025-12-17T15:20:53.931976+00:00 finalArenaServer mariadbd[1032]: 2025-12-17 15:20:53 39 [Warning] Access denied for user 'nc_user'@'localhost'
2025-12-17T15:20:53.934390+00:00 finalArenaServer mariadbd[1032]: 2025-12-17 15:20:53 40 [Warning] Access denied for user 'nc_user'@'localhost'
2025-12-17T15:20:53.935066+00:00 finalArenaServer mariadbd[1032]: 2025-12-17 15:20:53 41 [Warning] Access denied for user 'nc_user'@'localhost'
2025-12-17T15:20:53.967580+00:00 finalArenaServer mariadbd[1032]: 2025-12-17 15:20:53 42 [Warning] Access denied for user 'nc_user'@'localhost'
2025-12-17T15:20:53.968361+00:00 finalArenaServer mariadbd[1032]: 2025-12-17 15:20:53 43 [Warning] Access denied for user 'nc_user'@'localhost'
2025-12-17T15:20:53.970928+00:00 finalArenaServer mariadbd[1032]: 2025-12-17 15:20:53 44 [Warning] Access denied for user 'nc_user'@'localhost'
2025-12-17T15:20:53.973603+00:00 finalArenaServer mariadbd[1032]: 2025-12-17 15:20:53 45 [Warning] Access denied for user 'nc_user'@'localhost'
2025-12-17T15:20:53.988268+00:00 finalArenaServer mariadbd[1032]: 2025-12-17 15:20:53 46 [Warning] Access denied for user 'nc_user'@'localhost'
2025-12-17T15:20:53.990223+00:00 finalArenaServer mariadbd[1032]: 2025-12-17 15:20:53 47 [Warning] Access denied for user 'nc_user'@'localhost'
2025-12-17T15:20:54.015239+00:00 finalArenaServer mariadbd[1032]: 2025-12-17 15:20:54 48 [Warning] Access denied for user 'nc_user'@'localhost'
2025-12-17T15:20:54.018657+00:00 finalArenaServer mariadbd[1032]: 2025-12-17 15:20:54 49 [Warning] Access denied for user 'nc_user'@'localhost'
2025-12-17T15:20:54.152898+00:00 finalArenaServer mariadbd[1032]: 2025-12-17 15:20:54 50 [Warning] Access denied for user 'nc_user'@'localhost'
2025-12-17T15:20:54.155274+00:00 finalArenaServer mariadbd[1032]: 2025-12-17 15:20:54 51 [Warning] Access denied for user 'nc_user'@'localhost'
2025-12-17T15:20:54.157204+00:00 finalArenaServer mariadbd[1032]: 2025-12-17 15:20:54 52 [Warning] Access denied for user 'nc_user'@'localhost'
2025-12-17T15:20:54.159441+00:00 finalArenaServer mariadbd[1032]: 2025-12-17 15:20:54 53 [Warning] Access denied for user 'nc_user'@'localhost'
2025-12-17T15:20:54.161013+00:00 finalArenaServer mariadbd[1032]: 2025-12-17 15:20:54 54 [Warning] Access denied for user 'nc_user'@'localhost'
2025-12-17T15:20:54.165812+00:00 finalArenaServer mariadbd[1032]: 2025-12-17 15:20:54 55 [Warning] Access denied for user 'nc_user'@'localhost'
2025-12-17T15:20:54.167570+00:00 finalArenaServer mariadbd[1032]: 2025-12-17 15:20:54 56 [Warning] Access denied for user 'nc_user'@'localhost'
2025-12-17T15:20:54.170970+00:00 finalArenaServer mariadbd[1032]: 2025-12-17 15:20:54 57 [Warning] Access denied for user 'nc_user'@'localhost'
2025-12-17T15:20:54.174143+00:00 finalArenaServer mariadbd[1032]: 2025-12-17 15:20:54 58 [Warning] Access denied for user 'nc_user'@'localhost'
2025-12-17T15:20:54.174893+00:00 finalArenaServer mariadbd[1032]: 2025-12-17 15:20:54 59 [Warning] Access denied for user 'nc_user'@'localhost'
2025-12-17T15:20:54.180255+00:00 finalArenaServer mariadbd[1032]: 2025-12-17 15:20:54 60 [Warning] Access denied for user 'nc_user'@'localhost'
2025-12-17T15:20:54.182293+00:00 finalArenaServer mariadbd[1032]: 2025-12-17 15:20:54 61 [Warning] Access denied for user 'nc_user'@'localhost'
2025-12-17T15:20:54.186882+00:00 finalArenaServer mariadbd[1032]: 2025-12-17 15:20:54 62 [Warning] Access denied for user 'nc_user'@'localhost'
2025-12-17T15:20:54.187311+00:00 finalArenaServer mariadbd[1032]: 2025-12-17 15:20:54 63 [Warning] Access denied for user 'nc_user'@'localhost'
2025-12-17T15:20:54.191774+00:00 finalArenaServer mariadbd[1032]: 2025-12-17 15:20:54 64 [Warning] Access denied for user 'nc_user'@'localhost'
2025-12-17T15:20:54.193436+00:00 finalArenaServer mariadbd[1032]: 2025-12-17 15:20:54 65 [Warning] Access denied for user 'nc_user'@'localhost'
2025-12-17T15:21:47.692623+00:00 finalArenaServer kernel: clocksource: Long readout interval, skipping watchdog check: cs_nsec: 2841627999 wd_nsec: 2841627835
2025-12-17T15:24:09.557577+00:00 finalArenaServer kernel: workqueue: e1000_watchdog [e1000] hogged CPU for >10000us 8 times, consider switching to WQ_UNBOUND
2025-12-17T15:24:39.214125+00:00 finalArenaServer systemd[1]: Starting update-notifier-download.service - Download data for packages that failed at package install time...
2025-12-17T15:24:39.508424+00:00 finalArenaServer systemd[1]: update-notifier-download.service: Deactivated successfully.
2025-12-17T15:24:39.509233+00:00 finalArenaServer systemd[1]: Finished update-notifier-download.service - Download data for packages that failed at package install time.
2025-12-17T15:25:01.573212+00:00 finalArenaServer CRON[1656]: (root) CMD (command -v debian-sa1 > /dev/null && debian-sa1 1 1)
2025-12-17T15:25:52.460204+00:00 finalArenaServer systemd[1146]: launchpadlib-cache-clean.service - Clean up old files in the Launchpadlib cache was skipped because of an unmet condition check (ConditionPathExists=/home/vboxuser/.launchpadlib/api.launchpad.net/cache).
2025-12-17T15:26:09.325661+00:00 finalArenaServer systemd[1]: Stopping apache2.service - The Apache HTTP Server...
2025-12-17T15:26:09.420520+00:00 finalArenaServer apachectl[1734]: AH00558: apache2: Could not reliably determine the server's fully qualified domain name, using fd17:625c:f037:2:a00:27ff:fe3f:3739. Set the 'ServerName' directive globally to suppress this message
2025-12-17T15:26:09.492225+00:00 finalArenaServer systemd[1]: apache2.service: Deactivated successfully.
2025-12-17T15:26:09.492865+00:00 finalArenaServer systemd[1]: Stopped apache2.service - The Apache HTTP Server.
2025-12-17T15:26:09.492961+00:00 finalArenaServer systemd[1]: apache2.service: Consumed 5.708s CPU time, 129.8M memory peak, 0B memory swap peak.
2025-12-17T15:26:09.510055+00:00 finalArenaServer systemd[1]: Starting apache2.service - The Apache HTTP Server...
2025-12-17T15:26:09.574856+00:00 finalArenaServer apachectl[1743]: AH00558: apache2: Could not reliably determine the server's fully qualified domain name, using fd17:625c:f037:2:a00:27ff:fe3f:3739. Set the 'ServerName' directive globally to suppress this message
2025-12-17T15:26:09.591954+00:00 finalArenaServer systemd[1]: Started apache2.service - The Apache HTTP Server.
2025-12-17T15:26:15.970403+00:00 finalArenaServer mariadbd[1032]: 2025-12-17 15:26:15 66 [Warning] Access denied for user 'nc_app'@'localhost'
2025-12-17T15:26:15.974676+00:00 finalArenaServer mariadbd[1032]: 2025-12-17 15:26:15 67 [Warning] Access denied for user 'nc_app'@'localhost'
2025-12-17T15:26:15.987910+00:00 finalArenaServer mariadbd[1032]: 2025-12-17 15:26:15 68 [Warning] Access denied for user 'nc_app'@'localhost'
2025-12-17T15:26:15.989939+00:00 finalArenaServer mariadbd[1032]: 2025-12-17 15:26:15 69 [Warning] Access denied for user 'nc_app'@'localhost'
2025-12-17T15:26:15.993068+00:00 finalArenaServer mariadbd[1032]: 2025-12-17 15:26:15 70 [Warning] Access denied for user 'nc_app'@'localhost'
2025-12-17T15:26:15.995973+00:00 finalArenaServer mariadbd[1032]: 2025-12-17 15:26:15 71 [Warning] Access denied for user 'nc_app'@'localhost'
2025-12-17T15:26:16.002605+00:00 finalArenaServer mariadbd[1032]: 2025-12-17 15:26:16 72 [Warning] Access denied for user 'nc_app'@'localhost'
2025-12-17T15:26:16.003207+00:00 finalArenaServer mariadbd[1032]: 2025-12-17 15:26:16 73 [Warning] Access denied for user 'nc_app'@'localhost'
2025-12-17T15:26:16.040116+00:00 finalArenaServer mariadbd[1032]: 2025-12-17 15:26:16 74 [Warning] Access denied for user 'nc_app'@'localhost'
2025-12-17T15:26:16.040913+00:00 finalArenaServer mariadbd[1032]: 2025-12-17 15:26:16 75 [Warning] Access denied for user 'nc_app'@'localhost'
2025-12-17T15:26:16.044439+00:00 finalArenaServer mariadbd[1032]: 2025-12-17 15:26:16 76 [Warning] Access denied for user 'nc_app'@'localhost'
2025-12-17T15:26:16.046229+00:00 finalArenaServer mariadbd[1032]: 2025-12-17 15:26:16 77 [Warning] Access denied for user 'nc_app'@'localhost'
2025-12-17T15:26:16.060196+00:00 finalArenaServer mariadbd[1032]: 2025-12-17 15:26:16 78 [Warning] Access denied for user 'nc_app'@'localhost'
2025-12-17T15:26:16.060725+00:00 finalArenaServer mariadbd[1032]: 2025-12-17 15:26:16 79 [Warning] Access denied for user 'nc_app'@'localhost'
2025-12-17T15:26:16.088348+00:00 finalArenaServer mariadbd[1032]: 2025-12-17 15:26:16 80 [Warning] Access denied for user 'nc_app'@'localhost'
2025-12-17T15:26:16.089437+00:00 finalArenaServer mariadbd[1032]: 2025-12-17 15:26:16 81 [Warning] Access denied for user 'nc_app'@'localhost'
2025-12-17T15:26:16.216932+00:00 finalArenaServer mariadbd[1032]: 2025-12-17 15:26:16 82 [Warning] Access denied for user 'nc_app'@'localhost'
2025-12-17T15:26:16.219652+00:00 finalArenaServer mariadbd[1032]: 2025-12-17 15:26:16 83 [Warning] Access denied for user 'nc_app'@'localhost'
2025-12-17T15:26:16.221872+00:00 finalArenaServer mariadbd[1032]: 2025-12-17 15:26:16 84 [Warning] Access denied for user 'nc_app'@'localhost'
2025-12-17T15:26:16.229664+00:00 finalArenaServer mariadbd[1032]: 2025-12-17 15:26:16 85 [Warning] Access denied for user 'nc_app'@'localhost'
2025-12-17T15:26:16.229869+00:00 finalArenaServer mariadbd[1032]: 2025-12-17 15:26:16 86 [Warning] Access denied for user 'nc_app'@'localhost'
2025-12-17T15:26:16.233103+00:00 finalArenaServer mariadbd[1032]: 2025-12-17 15:26:16 87 [Warning] Access denied for user 'nc_app'@'localhost'
2025-12-17T15:26:16.235178+00:00 finalArenaServer mariadbd[1032]: 2025-12-17 15:26:16 88 [Warning] Access denied for user 'nc_app'@'localhost'
2025-12-17T15:26:16.238750+00:00 finalArenaServer mariadbd[1032]: 2025-12-17 15:26:16 89 [Warning] Access denied for user 'nc_app'@'localhost'
2025-12-17T15:26:16.244954+00:00 finalArenaServer mariadbd[1032]: 2025-12-17 15:26:16 90 [Warning] Access denied for user 'nc_app'@'localhost'
2025-12-17T15:26:16.246178+00:00 finalArenaServer mariadbd[1032]: 2025-12-17 15:26:16 91 [Warning] Access denied for user 'nc_app'@'localhost'
2025-12-17T15:26:16.250208+00:00 finalArenaServer mariadbd[1032]: 2025-12-17 15:26:16 92 [Warning] Access denied for user 'nc_app'@'localhost'
2025-12-17T15:26:16.253252+00:00 finalArenaServer mariadbd[1032]: 2025-12-17 15:26:16 93 [Warning] Access denied for user 'nc_app'@'localhost'
2025-12-17T15:26:16.257009+00:00 finalArenaServer mariadbd[1032]: 2025-12-17 15:26:16 94 [Warning] Access denied for user 'nc_app'@'localhost'
2025-12-17T15:26:16.260020+00:00 finalArenaServer mariadbd[1032]: 2025-12-17 15:26:16 95 [Warning] Access denied for user 'nc_app'@'localhost'
2025-12-17T15:26:16.266151+00:00 finalArenaServer mariadbd[1032]: 2025-12-17 15:26:16 96 [Warning] Access denied for user 'nc_app'@'localhost'
2025-12-17T15:26:16.268235+00:00 finalArenaServer mariadbd[1032]: 2025-12-17 15:26:16 97 [Warning] Access denied for user 'nc_app'@'localhost'
2025-12-17T15:26:33.626201+00:00 finalArenaServer systemd[1]: Starting fwupd-refresh.service - Refresh fwupd metadata and update motd...
2025-12-17T15:26:33.958813+00:00 finalArenaServer dbus-daemon[625]: [system] Activating via systemd: service name='org.freedesktop.fwupd' unit='fwupd.service' requested by ':1.21' (uid=989 pid=1759 comm="/usr/bin/fwupdmgr refresh" label="unconfined")
2025-12-17T15:26:33.980023+00:00 finalArenaServer systemd[1]: Starting fwupd.service - Firmware update daemon...
2025-12-17T15:26:34.886003+00:00 finalArenaServer dbus-daemon[625]: [system] Activating via systemd: service name='org.freedesktop.UPower' unit='upower.service' requested by ':1.22' (uid=0 pid=1773 comm="/usr/libexec/fwupd/fwupd" label="unconfined")
2025-12-17T15:26:34.921373+00:00 finalArenaServer systemd[1]: Starting upower.service - Daemon for power management...
2025-12-17T15:26:35.355702+00:00 finalArenaServer dbus-daemon[625]: [system] Successfully activated service 'org.freedesktop.UPower'
2025-12-17T15:26:35.357995+00:00 finalArenaServer systemd[1]: Started upower.service - Daemon for power management.
2025-12-17T15:26:35.534231+00:00 finalArenaServer fwupd[1773]: 15:26:35.530 FuEngine             failed to add device /sys/devices/pci0000:00/0000:00:01.1/ata2/host1/target1:0:0/1:0:0:0/block/sr0: failed to open /dev/sr0: No medium found
2025-12-17T15:26:35.680195+00:00 finalArenaServer fwupd[1773]: 15:26:35.679 FuMain               fwupd 1.9.30 ready for requests (locale en_US.UTF-8)
2025-12-17T15:26:35.687303+00:00 finalArenaServer dbus-daemon[625]: [system] Successfully activated service 'org.freedesktop.fwupd'
2025-12-17T15:26:35.745720+00:00 finalArenaServer fwupdmgr[1759]: Updating lvfs
2025-12-17T15:26:38.324131+00:00 finalArenaServer systemd[1]: Started fwupd.service - Firmware update daemon.
2025-12-17T15:26:45.891408+00:00 finalArenaServer fwupdmgr[1759]: Successfully downloaded new metadata: 0 local devices supported
2025-12-17T15:26:45.904858+00:00 finalArenaServer systemd[1]: fwupd-refresh.service: Deactivated successfully.
2025-12-17T15:26:45.906326+00:00 finalArenaServer systemd[1]: Finished fwupd-refresh.service - Refresh fwupd metadata and update motd.
2025-12-17T15:27:01.285831+00:00 finalArenaServer kernel: workqueue: blk_mq_run_work_fn hogged CPU for >10000us 32 times, consider switching to WQ_UNBOUND
2025-12-17T15:28:28.104661+00:00 finalArenaServer mariadbd[1032]: 2025-12-17 15:28:28 98 [Warning] Access denied for user 'nc_app'@'localhost'
2025-12-17T15:28:28.104936+00:00 finalArenaServer mariadbd[1032]: 2025-12-17 15:28:28 99 [Warning] Access denied for user 'nc_app'@'localhost'
2025-12-17T15:28:28.105864+00:00 finalArenaServer mariadbd[1032]: 2025-12-17 15:28:28 100 [Warning] Access denied for user 'nc_app'@'localhost'
2025-12-17T15:28:28.106394+00:00 finalArenaServer mariadbd[1032]: 2025-12-17 15:28:28 101 [Warning] Access denied for user 'nc_app'@'localhost'
2025-12-17T15:28:28.106848+00:00 finalArenaServer mariadbd[1032]: 2025-12-17 15:28:28 102 [Warning] Access denied for user 'nc_app'@'localhost'
2025-12-17T15:28:28.107249+00:00 finalArenaServer mariadbd[1032]: 2025-12-17 15:28:28 103 [Warning] Access denied for user 'nc_app'@'localhost'
2025-12-17T15:28:28.107861+00:00 finalArenaServer mariadbd[1032]: 2025-12-17 15:28:28 104 [Warning] Access denied for user 'nc_app'@'localhost'
2025-12-17T15:28:28.107955+00:00 finalArenaServer mariadbd[1032]: 2025-12-17 15:28:28 105 [Warning] Access denied for user 'nc_app'@'localhost'
2025-12-17T15:28:28.109752+00:00 finalArenaServer mariadbd[1032]: 2025-12-17 15:28:28 106 [Warning] Access denied for user 'nc_app'@'localhost'
2025-12-17T15:28:28.109814+00:00 finalArenaServer mariadbd[1032]: 2025-12-17 15:28:28 107 [Warning] Access denied for user 'nc_app'@'localhost'
2025-12-17T15:28:28.111156+00:00 finalArenaServer mariadbd[1032]: 2025-12-17 15:28:28 108 [Warning] Access denied for user 'nc_app'@'localhost'
2025-12-17T15:28:28.111202+00:00 finalArenaServer mariadbd[1032]: 2025-12-17 15:28:28 109 [Warning] Access denied for user 'nc_app'@'localhost'
2025-12-17T15:28:28.112922+00:00 finalArenaServer mariadbd[1032]: 2025-12-17 15:28:28 110 [Warning] Access denied for user 'nc_app'@'localhost'
2025-12-17T15:28:28.113166+00:00 finalArenaServer mariadbd[1032]: 2025-12-17 15:28:28 111 [Warning] Access denied for user 'nc_app'@'localhost'
2025-12-17T15:28:28.117244+00:00 finalArenaServer mariadbd[1032]: 2025-12-17 15:28:28 112 [Warning] Access denied for user 'nc_app'@'localhost'
2025-12-17T15:28:28.118038+00:00 finalArenaServer mariadbd[1032]: 2025-12-17 15:28:28 113 [Warning] Access denied for user 'nc_app'@'localhost'
2025-12-17T15:28:28.217960+00:00 finalArenaServer mariadbd[1032]: 2025-12-17 15:28:28 114 [Warning] Access denied for user 'nc_app'@'localhost'
2025-12-17T15:28:28.219774+00:00 finalArenaServer mariadbd[1032]: 2025-12-17 15:28:28 115 [Warning] Access denied for user 'nc_app'@'localhost'
2025-12-17T15:28:28.221672+00:00 finalArenaServer mariadbd[1032]: 2025-12-17 15:28:28 116 [Warning] Access denied for user 'nc_app'@'localhost'
2025-12-17T15:28:28.222716+00:00 finalArenaServer mariadbd[1032]: 2025-12-17 15:28:28 117 [Warning] Access denied for user 'nc_app'@'localhost'
2025-12-17T15:28:28.223816+00:00 finalArenaServer mariadbd[1032]: 2025-12-17 15:28:28 118 [Warning] Access denied for user 'nc_app'@'localhost'
2025-12-17T15:28:28.224808+00:00 finalArenaServer mariadbd[1032]: 2025-12-17 15:28:28 119 [Warning] Access denied for user 'nc_app'@'localhost'
2025-12-17T15:28:28.226813+00:00 finalArenaServer mariadbd[1032]: 2025-12-17 15:28:28 120 [Warning] Access denied for user 'nc_app'@'localhost'
2025-12-17T15:28:28.228243+00:00 finalArenaServer mariadbd[1032]: 2025-12-17 15:28:28 121 [Warning] Access denied for user 'nc_app'@'localhost'
2025-12-17T15:28:28.230364+00:00 finalArenaServer mariadbd[1032]: 2025-12-17 15:28:28 122 [Warning] Access denied for user 'nc_app'@'localhost'
2025-12-17T15:28:28.233256+00:00 finalArenaServer mariadbd[1032]: 2025-12-17 15:28:28 123 [Warning] Access denied for user 'nc_app'@'localhost'
2025-12-17T15:28:28.235143+00:00 finalArenaServer mariadbd[1032]: 2025-12-17 15:28:28 124 [Warning] Access denied for user 'nc_app'@'localhost'
2025-12-17T15:28:28.237781+00:00 finalArenaServer mariadbd[1032]: 2025-12-17 15:28:28 125 [Warning] Access denied for user 'nc_app'@'localhost'
2025-12-17T15:28:28.241195+00:00 finalArenaServer mariadbd[1032]: 2025-12-17 15:28:28 126 [Warning] Access denied for user 'nc_app'@'localhost'
2025-12-17T15:28:28.242174+00:00 finalArenaServer mariadbd[1032]: 2025-12-17 15:28:28 127 [Warning] Access denied for user 'nc_app'@'localhost'
2025-12-17T15:28:28.244376+00:00 finalArenaServer mariadbd[1032]: 2025-12-17 15:28:28 128 [Warning] Access denied for user 'nc_app'@'localhost'
2025-12-17T15:28:28.244948+00:00 finalArenaServer mariadbd[1032]: 2025-12-17 15:28:28 129 [Warning] Access denied for user 'nc_app'@'localhost'
2025-12-17T15:28:32.154366+00:00 finalArenaServer mariadbd[1032]: 2025-12-17 15:28:32 130 [Warning] Access denied for user 'nc_app'@'localhost'
2025-12-17T15:28:32.157910+00:00 finalArenaServer mariadbd[1032]: 2025-12-17 15:28:32 131 [Warning] Access denied for user 'nc_app'@'localhost'
2025-12-17T15:28:32.159999+00:00 finalArenaServer mariadbd[1032]: 2025-12-17 15:28:32 132 [Warning] Access denied for user 'nc_app'@'localhost'
2025-12-17T15:28:32.161469+00:00 finalArenaServer mariadbd[1032]: 2025-12-17 15:28:32 133 [Warning] Access denied for user 'nc_app'@'localhost'
2025-12-17T15:28:32.166396+00:00 finalArenaServer mariadbd[1032]: 2025-12-17 15:28:32 134 [Warning] Access denied for user 'nc_app'@'localhost'
2025-12-17T15:28:32.168700+00:00 finalArenaServer mariadbd[1032]: 2025-12-17 15:28:32 135 [Warning] Access denied for user 'nc_app'@'localhost'
2025-12-17T15:28:32.172160+00:00 finalArenaServer mariadbd[1032]: 2025-12-17 15:28:32 136 [Warning] Access denied for user 'nc_app'@'localhost'
2025-12-17T15:28:32.176007+00:00 finalArenaServer mariadbd[1032]: 2025-12-17 15:28:32 137 [Warning] Access denied for user 'nc_app'@'localhost'
2025-12-17T15:28:32.184774+00:00 finalArenaServer mariadbd[1032]: 2025-12-17 15:28:32 138 [Warning] Access denied for user 'nc_app'@'localhost'
2025-12-17T15:28:32.186212+00:00 finalArenaServer mariadbd[1032]: 2025-12-17 15:28:32 139 [Warning] Access denied for user 'nc_app'@'localhost'
2025-12-17T15:28:32.189134+00:00 finalArenaServer mariadbd[1032]: 2025-12-17 15:28:32 140 [Warning] Access denied for user 'nc_app'@'localhost'
2025-12-17T15:28:32.191012+00:00 finalArenaServer mariadbd[1032]: 2025-12-17 15:28:32 141 [Warning] Access denied for user 'nc_app'@'localhost'
2025-12-17T15:28:32.193767+00:00 finalArenaServer mariadbd[1032]: 2025-12-17 15:28:32 142 [Warning] Access denied for user 'nc_app'@'localhost'
2025-12-17T15:28:32.194961+00:00 finalArenaServer mariadbd[1032]: 2025-12-17 15:28:32 143 [Warning] Access denied for user 'nc_app'@'localhost'
2025-12-17T15:28:32.197950+00:00 finalArenaServer mariadbd[1032]: 2025-12-17 15:28:32 144 [Warning] Access denied for user 'nc_app'@'localhost'
2025-12-17T15:28:32.202816+00:00 finalArenaServer mariadbd[1032]: 2025-12-17 15:28:32 145 [Warning] Access denied for user 'nc_app'@'localhost'
2025-12-17T15:28:32.353198+00:00 finalArenaServer mariadbd[1032]: 2025-12-17 15:28:32 146 [Warning] Access denied for user 'nc_app'@'localhost'
2025-12-17T15:28:32.355084+00:00 finalArenaServer mariadbd[1032]: 2025-12-17 15:28:32 147 [Warning] Access denied for user 'nc_app'@'localhost'
2025-12-17T15:28:32.358303+00:00 finalArenaServer mariadbd[1032]: 2025-12-17 15:28:32 148 [Warning] Access denied for user 'nc_app'@'localhost'
2025-12-17T15:28:32.360136+00:00 finalArenaServer mariadbd[1032]: 2025-12-17 15:28:32 149 [Warning] Access denied for user 'nc_app'@'localhost'
2025-12-17T15:28:32.362169+00:00 finalArenaServer mariadbd[1032]: 2025-12-17 15:28:32 150 [Warning] Access denied for user 'nc_app'@'localhost'
2025-12-17T15:28:32.363776+00:00 finalArenaServer mariadbd[1032]: 2025-12-17 15:28:32 151 [Warning] Access denied for user 'nc_app'@'localhost'
2025-12-17T15:28:32.367820+00:00 finalArenaServer mariadbd[1032]: 2025-12-17 15:28:32 152 [Warning] Access denied for user 'nc_app'@'localhost'
2025-12-17T15:28:32.370252+00:00 finalArenaServer mariadbd[1032]: 2025-12-17 15:28:32 153 [Warning] Access denied for user 'nc_app'@'localhost'
2025-12-17T15:28:32.373723+00:00 finalArenaServer mariadbd[1032]: 2025-12-17 15:28:32 154 [Warning] Access denied for user 'nc_app'@'localhost'
2025-12-17T15:28:32.376108+00:00 finalArenaServer mariadbd[1032]: 2025-12-17 15:28:32 155 [Warning] Access denied for user 'nc_app'@'localhost'
2025-12-17T15:28:32.378225+00:00 finalArenaServer mariadbd[1032]: 2025-12-17 15:28:32 156 [Warning] Access denied for user 'nc_app'@'localhost'
2025-12-17T15:28:32.383097+00:00 finalArenaServer mariadbd[1032]: 2025-12-17 15:28:32 157 [Warning] Access denied for user 'nc_app'@'localhost'
2025-12-17T15:28:32.386119+00:00 finalArenaServer mariadbd[1032]: 2025-12-17 15:28:32 158 [Warning] Access denied for user 'nc_app'@'localhost'
2025-12-17T15:28:32.389167+00:00 finalArenaServer mariadbd[1032]: 2025-12-17 15:28:32 159 [Warning] Access denied for user 'nc_app'@'localhost'
2025-12-17T15:28:32.392498+00:00 finalArenaServer mariadbd[1032]: 2025-12-17 15:28:32 160 [Warning] Access denied for user 'nc_app'@'localhost'
2025-12-17T15:28:32.395260+00:00 finalArenaServer mariadbd[1032]: 2025-12-17 15:28:32 161 [Warning] Access denied for user 'nc_app'@'localhost'
2025-12-17T15:28:35.547179+00:00 finalArenaServer mariadbd[1032]: 2025-12-17 15:28:35 162 [Warning] Access denied for user 'nc_app'@'localhost'
2025-12-17T15:28:35.547753+00:00 finalArenaServer mariadbd[1032]: 2025-12-17 15:28:35 163 [Warning] Access denied for user 'nc_app'@'localhost'
2025-12-17T15:28:35.551994+00:00 finalArenaServer mariadbd[1032]: 2025-12-17 15:28:35 164 [Warning] Access denied for user 'nc_app'@'localhost'
2025-12-17T15:28:35.553772+00:00 finalArenaServer mariadbd[1032]: 2025-12-17 15:28:35 165 [Warning] Access denied for user 'nc_app'@'localhost'
2025-12-17T15:28:35.553846+00:00 finalArenaServer mariadbd[1032]: 2025-12-17 15:28:35 166 [Warning] Access denied for user 'nc_app'@'localhost'
2025-12-17T15:28:35.553879+00:00 finalArenaServer mariadbd[1032]: 2025-12-17 15:28:35 167 [Warning] Access denied for user 'nc_app'@'localhost'
2025-12-17T15:28:35.555086+00:00 finalArenaServer mariadbd[1032]: 2025-12-17 15:28:35 168 [Warning] Access denied for user 'nc_app'@'localhost'
2025-12-17T15:28:35.555225+00:00 finalArenaServer mariadbd[1032]: 2025-12-17 15:28:35 169 [Warning] Access denied for user 'nc_app'@'localhost'
2025-12-17T15:28:35.557172+00:00 finalArenaServer mariadbd[1032]: 2025-12-17 15:28:35 170 [Warning] Access denied for user 'nc_app'@'localhost'
2025-12-17T15:28:35.559770+00:00 finalArenaServer mariadbd[1032]: 2025-12-17 15:28:35 171 [Warning] Access denied for user 'nc_app'@'localhost'
2025-12-17T15:28:35.561902+00:00 finalArenaServer mariadbd[1032]: 2025-12-17 15:28:35 172 [Warning] Access denied for user 'nc_app'@'localhost'
2025-12-17T15:28:35.562676+00:00 finalArenaServer mariadbd[1032]: 2025-12-17 15:28:35 173 [Warning] Access denied for user 'nc_app'@'localhost'
2025-12-17T15:28:35.565058+00:00 finalArenaServer mariadbd[1032]: 2025-12-17 15:28:35 174 [Warning] Access denied for user 'nc_app'@'localhost'
2025-12-17T15:28:35.567285+00:00 finalArenaServer mariadbd[1032]: 2025-12-17 15:28:35 175 [Warning] Access denied for user 'nc_app'@'localhost'
2025-12-17T15:28:35.570702+00:00 finalArenaServer mariadbd[1032]: 2025-12-17 15:28:35 176 [Warning] Access denied for user 'nc_app'@'localhost'
2025-12-17T15:28:35.571323+00:00 finalArenaServer mariadbd[1032]: 2025-12-17 15:28:35 177 [Warning] Access denied for user 'nc_app'@'localhost'
2025-12-17T15:28:35.683586+00:00 finalArenaServer mariadbd[1032]: 2025-12-17 15:28:35 178 [Warning] Access denied for user 'nc_app'@'localhost'
2025-12-17T15:28:35.684701+00:00 finalArenaServer mariadbd[1032]: 2025-12-17 15:28:35 179 [Warning] Access denied for user 'nc_app'@'localhost'
2025-12-17T15:28:35.685945+00:00 finalArenaServer mariadbd[1032]: 2025-12-17 15:28:35 180 [Warning] Access denied for user 'nc_app'@'localhost'
2025-12-17T15:28:35.686676+00:00 finalArenaServer mariadbd[1032]: 2025-12-17 15:28:35 181 [Warning] Access denied for user 'nc_app'@'localhost'
2025-12-17T15:28:35.687915+00:00 finalArenaServer mariadbd[1032]: 2025-12-17 15:28:35 182 [Warning] Access denied for user 'nc_app'@'localhost'
2025-12-17T15:28:35.690724+00:00 finalArenaServer mariadbd[1032]: 2025-12-17 15:28:35 183 [Warning] Access denied for user 'nc_app'@'localhost'
2025-12-17T15:28:35.692254+00:00 finalArenaServer mariadbd[1032]: 2025-12-17 15:28:35 184 [Warning] Access denied for user 'nc_app'@'localhost'
2025-12-17T15:28:35.693579+00:00 finalArenaServer mariadbd[1032]: 2025-12-17 15:28:35 185 [Warning] Access denied for user 'nc_app'@'localhost'
2025-12-17T15:28:35.693972+00:00 finalArenaServer mariadbd[1032]: 2025-12-17 15:28:35 186 [Warning] Access denied for user 'nc_app'@'localhost'
2025-12-17T15:28:35.694548+00:00 finalArenaServer mariadbd[1032]: 2025-12-17 15:28:35 187 [Warning] Access denied for user 'nc_app'@'localhost'
2025-12-17T15:28:35.695128+00:00 finalArenaServer mariadbd[1032]: 2025-12-17 15:28:35 188 [Warning] Access denied for user 'nc_app'@'localhost'
2025-12-17T15:28:35.695562+00:00 finalArenaServer mariadbd[1032]: 2025-12-17 15:28:35 189 [Warning] Access denied for user 'nc_app'@'localhost'
2025-12-17T15:28:35.696691+00:00 finalArenaServer mariadbd[1032]: 2025-12-17 15:28:35 190 [Warning] Access denied for user 'nc_app'@'localhost'
2025-12-17T15:28:35.699259+00:00 finalArenaServer mariadbd[1032]: 2025-12-17 15:28:35 191 [Warning] Access denied for user 'nc_app'@'localhost'
2025-12-17T15:28:35.702400+00:00 finalArenaServer mariadbd[1032]: 2025-12-17 15:28:35 192 [Warning] Access denied for user 'nc_app'@'localhost'
2025-12-17T15:28:35.705940+00:00 finalArenaServer mariadbd[1032]: 2025-12-17 15:28:35 193 [Warning] Access denied for user 'nc_app'@'localhost'
2025-12-17T15:30:32.522958+00:00 finalArenaServer systemd[1]: Starting sysstat-collect.service - system activity accounting tool...
2025-12-17T15:30:32.553237+00:00 finalArenaServer systemd[1]: sysstat-collect.service: Deactivated successfully.
2025-12-17T15:30:32.553327+00:00 finalArenaServer systemd[1]: Finished sysstat-collect.service - system activity accounting tool.
2025-12-17T15:30:58.482187+00:00 finalArenaServer mariadbd[1032]: 2025-12-17 15:30:58 194 [Warning] Access denied for user 'nc_app'@'localhost'
2025-12-17T15:30:58.484367+00:00 finalArenaServer mariadbd[1032]: 2025-12-17 15:30:58 195 [Warning] Access denied for user 'nc_app'@'localhost'
2025-12-17T15:30:58.489210+00:00 finalArenaServer mariadbd[1032]: 2025-12-17 15:30:58 196 [Warning] Access denied for user 'nc_app'@'localhost'
2025-12-17T15:30:58.490291+00:00 finalArenaServer mariadbd[1032]: 2025-12-17 15:30:58 197 [Warning] Access denied for user 'nc_app'@'localhost'
2025-12-17T15:30:58.491979+00:00 finalArenaServer mariadbd[1032]: 2025-12-17 15:30:58 198 [Warning] Access denied for user 'nc_app'@'localhost'
2025-12-17T15:30:58.493085+00:00 finalArenaServer mariadbd[1032]: 2025-12-17 15:30:58 199 [Warning] Access denied for user 'nc_app'@'localhost'
2025-12-17T15:30:58.503772+00:00 finalArenaServer mariadbd[1032]: 2025-12-17 15:30:58 200 [Warning] Access denied for user 'nc_app'@'localhost'
2025-12-17T15:30:58.505594+00:00 finalArenaServer mariadbd[1032]: 2025-12-17 15:30:58 201 [Warning] Access denied for user 'nc_app'@'localhost'
2025-12-17T15:30:58.514072+00:00 finalArenaServer mariadbd[1032]: 2025-12-17 15:30:58 202 [Warning] Access denied for user 'nc_app'@'localhost'
2025-12-17T15:30:58.514953+00:00 finalArenaServer mariadbd[1032]: 2025-12-17 15:30:58 203 [Warning] Access denied for user 'nc_app'@'localhost'
2025-12-17T15:30:58.516824+00:00 finalArenaServer mariadbd[1032]: 2025-12-17 15:30:58 204 [Warning] Access denied for user 'nc_app'@'localhost'
2025-12-17T15:30:58.517964+00:00 finalArenaServer mariadbd[1032]: 2025-12-17 15:30:58 205 [Warning] Access denied for user 'nc_app'@'localhost'
2025-12-17T15:30:58.523804+00:00 finalArenaServer mariadbd[1032]: 2025-12-17 15:30:58 206 [Warning] Access denied for user 'nc_app'@'localhost'
2025-12-17T15:30:58.525003+00:00 finalArenaServer mariadbd[1032]: 2025-12-17 15:30:58 207 [Warning] Access denied for user 'nc_app'@'localhost'
2025-12-17T15:30:58.533237+00:00 finalArenaServer mariadbd[1032]: 2025-12-17 15:30:58 208 [Warning] Access denied for user 'nc_app'@'localhost'
2025-12-17T15:30:58.536766+00:00 finalArenaServer mariadbd[1032]: 2025-12-17 15:30:58 209 [Warning] Access denied for user 'nc_app'@'localhost'
2025-12-17T15:32:20.774098+00:00 finalArenaServer kernel: clocksource: Long readout interval, skipping watchdog check: cs_nsec: 6099209657 wd_nsec: 6099209207
2025-12-17T15:34:40.594489+00:00 finalArenaServer systemd[1]: Starting systemd-tmpfiles-clean.service - Cleanup of Temporary Directories...
2025-12-17T15:34:40.726691+00:00 finalArenaServer systemd[1]: systemd-tmpfiles-clean.service: Deactivated successfully.
2025-12-17T15:34:40.727524+00:00 finalArenaServer systemd[1]: Finished systemd-tmpfiles-clean.service - Cleanup of Temporary Directories.
2025-12-17T15:34:56.078974+00:00 finalArenaServer mariadbd[1032]: 2025-12-17 15:34:56 210 [Warning] Access denied for user 'nc_app'@'localhost'
2025-12-17T15:34:56.080401+00:00 finalArenaServer mariadbd[1032]: 2025-12-17 15:34:56 211 [Warning] Access denied for user 'nc_app'@'localhost'
2025-12-17T15:34:56.086391+00:00 finalArenaServer mariadbd[1032]: 2025-12-17 15:34:56 212 [Warning] Access denied for user 'nc_app'@'localhost'
2025-12-17T15:34:56.089034+00:00 finalArenaServer mariadbd[1032]: 2025-12-17 15:34:56 213 [Warning] Access denied for user 'nc_app'@'localhost'
2025-12-17T15:34:56.090734+00:00 finalArenaServer mariadbd[1032]: 2025-12-17 15:34:56 214 [Warning] Access denied for user 'nc_app'@'localhost'
2025-12-17T15:34:56.091668+00:00 finalArenaServer mariadbd[1032]: 2025-12-17 15:34:56 215 [Warning] Access denied for user 'nc_app'@'localhost'
2025-12-17T15:34:56.093656+00:00 finalArenaServer mariadbd[1032]: 2025-12-17 15:34:56 216 [Warning] Access denied for user 'nc_app'@'localhost'
2025-12-17T15:34:56.094412+00:00 finalArenaServer mariadbd[1032]: 2025-12-17 15:34:56 217 [Warning] Access denied for user 'nc_app'@'localhost'
2025-12-17T15:34:56.110825+00:00 finalArenaServer mariadbd[1032]: 2025-12-17 15:34:56 218 [Warning] Access denied for user 'nc_app'@'localhost'
2025-12-17T15:34:56.111853+00:00 finalArenaServer mariadbd[1032]: 2025-12-17 15:34:56 219 [Warning] Access denied for user 'nc_app'@'localhost'
2025-12-17T15:34:56.113847+00:00 finalArenaServer mariadbd[1032]: 2025-12-17 15:34:56 220 [Warning] Access denied for user 'nc_app'@'localhost'
2025-12-17T15:34:56.114976+00:00 finalArenaServer mariadbd[1032]: 2025-12-17 15:34:56 221 [Warning] Access denied for user 'nc_app'@'localhost'
2025-12-17T15:34:56.123246+00:00 finalArenaServer mariadbd[1032]: 2025-12-17 15:34:56 222 [Warning] Access denied for user 'nc_app'@'localhost'
2025-12-17T15:34:56.124961+00:00 finalArenaServer mariadbd[1032]: 2025-12-17 15:34:56 223 [Warning] Access denied for user 'nc_app'@'localhost'
2025-12-17T15:34:56.136853+00:00 finalArenaServer mariadbd[1032]: 2025-12-17 15:34:56 224 [Warning] Access denied for user 'nc_app'@'localhost'
2025-12-17T15:34:56.137013+00:00 finalArenaServer mariadbd[1032]: 2025-12-17 15:34:56 225 [Warning] Access denied for user 'nc_app'@'localhost'
2025-12-17T15:35:01.674355+00:00 finalArenaServer CRON[1981]: (root) CMD (command -v debian-sa1 > /dev/null && debian-sa1 1 1)
2025-12-17T15:36:07.268070+00:00 finalArenaServer mariadbd[1032]: 2025-12-17 15:36:07 226 [Warning] Access denied for user 'nc_app'@'localhost'
2025-12-17T15:36:07.282347+00:00 finalArenaServer mariadbd[1032]: 2025-12-17 15:36:07 227 [Warning] Access denied for user 'nc_app'@'localhost'
2025-12-17T15:36:07.290681+00:00 finalArenaServer mariadbd[1032]: 2025-12-17 15:36:07 228 [Warning] Access denied for user 'nc_app'@'localhost'
2025-12-17T15:36:07.293222+00:00 finalArenaServer mariadbd[1032]: 2025-12-17 15:36:07 229 [Warning] Access denied for user 'nc_app'@'localhost'
2025-12-17T15:36:07.296008+00:00 finalArenaServer mariadbd[1032]: 2025-12-17 15:36:07 230 [Warning] Access denied for user 'nc_app'@'localhost'
2025-12-17T15:36:07.297029+00:00 finalArenaServer mariadbd[1032]: 2025-12-17 15:36:07 231 [Warning] Access denied for user 'nc_app'@'localhost'
2025-12-17T15:36:07.302009+00:00 finalArenaServer mariadbd[1032]: 2025-12-17 15:36:07 232 [Warning] Access denied for user 'nc_app'@'localhost'
2025-12-17T15:36:07.306207+00:00 finalArenaServer mariadbd[1032]: 2025-12-17 15:36:07 233 [Warning] Access denied for user 'nc_app'@'localhost'
2025-12-17T15:36:07.322135+00:00 finalArenaServer mariadbd[1032]: 2025-12-17 15:36:07 234 [Warning] Access denied for user 'nc_app'@'localhost'
2025-12-17T15:36:07.324929+00:00 finalArenaServer mariadbd[1032]: 2025-12-17 15:36:07 235 [Warning] Access denied for user 'nc_app'@'localhost'
2025-12-17T15:36:07.327190+00:00 finalArenaServer mariadbd[1032]: 2025-12-17 15:36:07 236 [Warning] Access denied for user 'nc_app'@'localhost'
2025-12-17T15:36:07.329243+00:00 finalArenaServer mariadbd[1032]: 2025-12-17 15:36:07 237 [Warning] Access denied for user 'nc_app'@'localhost'
2025-12-17T15:36:07.336994+00:00 finalArenaServer mariadbd[1032]: 2025-12-17 15:36:07 238 [Warning] Access denied for user 'nc_app'@'localhost'
2025-12-17T15:36:07.341516+00:00 finalArenaServer mariadbd[1032]: 2025-12-17 15:36:07 239 [Warning] Access denied for user 'nc_app'@'localhost'
2025-12-17T15:36:07.357876+00:00 finalArenaServer mariadbd[1032]: 2025-12-17 15:36:07 240 [Warning] Access denied for user 'nc_app'@'localhost'
2025-12-17T15:36:07.360990+00:00 finalArenaServer mariadbd[1032]: 2025-12-17 15:36:07 241 [Warning] Access denied for user 'nc_app'@'localhost'
2025-12-17T15:39:01.714743+00:00 finalArenaServer CRON[2032]: (root) CMD (  [ -x /usr/lib/php/sessionclean ] && if [ ! -d /run/systemd/system ]; then /usr/lib/php/sessionclean; fi)
2025-12-17T15:39:02.571619+00:00 finalArenaServer systemd[1]: Starting phpsessionclean.service - Clean php session files...
2025-12-17T15:39:03.058044+00:00 finalArenaServer systemd[1]: phpsessionclean.service: Deactivated successfully.
2025-12-17T15:39:03.058617+00:00 finalArenaServer systemd[1]: Finished phpsessionclean.service - Clean php session files.
2025-12-17T15:40:12.477679+00:00 finalArenaServer systemd[1]: Starting sysstat-collect.service - system activity accounting tool...
2025-12-17T15:40:12.497845+00:00 finalArenaServer systemd[1]: sysstat-collect.service: Deactivated successfully.
2025-12-17T15:40:12.497935+00:00 finalArenaServer systemd[1]: Finished sysstat-collect.service - system activity accounting tool.
2025-12-17T15:40:36.050616+00:00 finalArenaServer systemd[1]: Stopping apache2.service - The Apache HTTP Server...
2025-12-17T15:40:36.198426+00:00 finalArenaServer apachectl[2186]: AH00558: apache2: Could not reliably determine the server's fully qualified domain name, using fd17:625c:f037:2:a00:27ff:fe3f:3739. Set the 'ServerName' directive globally to suppress this message
2025-12-17T15:40:36.300981+00:00 finalArenaServer systemd[1]: apache2.service: Deactivated successfully.
2025-12-17T15:40:36.302904+00:00 finalArenaServer systemd[1]: Stopped apache2.service - The Apache HTTP Server.
2025-12-17T15:40:36.318848+00:00 finalArenaServer systemd[1]: Starting apache2.service - The Apache HTTP Server...
2025-12-17T15:40:36.426508+00:00 finalArenaServer apachectl[2193]: AH00558: apache2: Could not reliably determine the server's fully qualified domain name, using fd17:625c:f037:2:a00:27ff:fe3f:3739. Set the 'ServerName' directive globally to suppress this message
2025-12-17T15:40:36.460123+00:00 finalArenaServer systemd[1]: Started apache2.service - The Apache HTTP Server.
2025-12-17T15:40:42.980099+00:00 finalArenaServer mariadbd[1032]: 2025-12-17 15:40:42 242 [Warning] Access denied for user 'nc_app'@'localhost'
2025-12-17T15:40:42.985755+00:00 finalArenaServer mariadbd[1032]: 2025-12-17 15:40:42 243 [Warning] Access denied for user 'nc_app'@'localhost'
2025-12-17T15:40:42.995688+00:00 finalArenaServer mariadbd[1032]: 2025-12-17 15:40:42 244 [Warning] Access denied for user 'nc_app'@'localhost'
2025-12-17T15:40:42.999214+00:00 finalArenaServer mariadbd[1032]: 2025-12-17 15:40:42 245 [Warning] Access denied for user 'nc_app'@'localhost'
2025-12-17T15:40:43.000278+00:00 finalArenaServer mariadbd[1032]: 2025-12-17 15:40:42 246 [Warning] Access denied for user 'nc_app'@'localhost'
2025-12-17T15:40:43.002818+00:00 finalArenaServer mariadbd[1032]: 2025-12-17 15:40:43 247 [Warning] Access denied for user 'nc_app'@'localhost'
2025-12-17T15:40:43.006206+00:00 finalArenaServer mariadbd[1032]: 2025-12-17 15:40:43 248 [Warning] Access denied for user 'nc_app'@'localhost'
2025-12-17T15:40:43.008996+00:00 finalArenaServer mariadbd[1032]: 2025-12-17 15:40:43 249 [Warning] Access denied for user 'nc_app'@'localhost'
2025-12-17T15:40:43.042551+00:00 finalArenaServer mariadbd[1032]: 2025-12-17 15:40:43 250 [Warning] Access denied for user 'nc_app'@'localhost'
2025-12-17T15:40:43.043938+00:00 finalArenaServer mariadbd[1032]: 2025-12-17 15:40:43 251 [Warning] Access denied for user 'nc_app'@'localhost'
2025-12-17T15:40:43.047313+00:00 finalArenaServer mariadbd[1032]: 2025-12-17 15:40:43 252 [Warning] Access denied for user 'nc_app'@'localhost'
2025-12-17T15:40:43.049281+00:00 finalArenaServer mariadbd[1032]: 2025-12-17 15:40:43 253 [Warning] Access denied for user 'nc_app'@'localhost'
2025-12-17T15:40:43.062817+00:00 finalArenaServer mariadbd[1032]: 2025-12-17 15:40:43 254 [Warning] Access denied for user 'nc_app'@'localhost'
2025-12-17T15:40:43.064433+00:00 finalArenaServer mariadbd[1032]: 2025-12-17 15:40:43 255 [Warning] Access denied for user 'nc_app'@'localhost'
2025-12-17T15:40:43.088377+00:00 finalArenaServer mariadbd[1032]: 2025-12-17 15:40:43 256 [Warning] Access denied for user 'nc_app'@'localhost'
2025-12-17T15:40:43.089478+00:00 finalArenaServer mariadbd[1032]: 2025-12-17 15:40:43 257 [Warning] Access denied for user 'nc_app'@'localhost'
2025-12-17T15:40:43.199835+00:00 finalArenaServer mariadbd[1032]: 2025-12-17 15:40:43 258 [Warning] Access denied for user 'nc_app'@'localhost'
2025-12-17T15:40:43.203020+00:00 finalArenaServer mariadbd[1032]: 2025-12-17 15:40:43 259 [Warning] Access denied for user 'nc_app'@'localhost'
2025-12-17T15:40:43.204841+00:00 finalArenaServer mariadbd[1032]: 2025-12-17 15:40:43 260 [Warning] Access denied for user 'nc_app'@'localhost'
2025-12-17T15:40:43.206246+00:00 finalArenaServer mariadbd[1032]: 2025-12-17 15:40:43 261 [Warning] Access denied for user 'nc_app'@'localhost'
2025-12-17T15:40:43.211001+00:00 finalArenaServer mariadbd[1032]: 2025-12-17 15:40:43 262 [Warning] Access denied for user 'nc_app'@'localhost'
2025-12-17T15:40:43.212218+00:00 finalArenaServer mariadbd[1032]: 2025-12-17 15:40:43 263 [Warning] Access denied for user 'nc_app'@'localhost'
2025-12-17T15:40:43.213508+00:00 finalArenaServer mariadbd[1032]: 2025-12-17 15:40:43 264 [Warning] Access denied for user 'nc_app'@'localhost'
2025-12-17T15:40:43.214500+00:00 finalArenaServer mariadbd[1032]: 2025-12-17 15:40:43 265 [Warning] Access denied for user 'nc_app'@'localhost'
2025-12-17T15:40:43.216312+00:00 finalArenaServer mariadbd[1032]: 2025-12-17 15:40:43 266 [Warning] Access denied for user 'nc_app'@'localhost'
2025-12-17T15:40:43.217146+00:00 finalArenaServer mariadbd[1032]: 2025-12-17 15:40:43 267 [Warning] Access denied for user 'nc_app'@'localhost'
2025-12-17T15:40:43.218196+00:00 finalArenaServer mariadbd[1032]: 2025-12-17 15:40:43 268 [Warning] Access denied for user 'nc_app'@'localhost'
2025-12-17T15:40:43.218994+00:00 finalArenaServer mariadbd[1032]: 2025-12-17 15:40:43 269 [Warning] Access denied for user 'nc_app'@'localhost'
2025-12-17T15:40:43.227046+00:00 finalArenaServer mariadbd[1032]: 2025-12-17 15:40:43 270 [Warning] Access denied for user 'nc_app'@'localhost'
2025-12-17T15:40:43.230216+00:00 finalArenaServer mariadbd[1032]: 2025-12-17 15:40:43 271 [Warning] Access denied for user 'nc_app'@'localhost'
2025-12-17T15:40:43.234127+00:00 finalArenaServer mariadbd[1032]: 2025-12-17 15:40:43 272 [Warning] Access denied for user 'nc_app'@'localhost'
2025-12-17T15:40:43.239666+00:00 finalArenaServer mariadbd[1032]: 2025-12-17 15:40:43 273 [Warning] Access denied for user 'nc_app'@'localhost'
2025-12-17T15:40:44.003264+00:00 finalArenaServer mariadbd[1032]: 2025-12-17 15:40:44 274 [Warning] Access denied for user 'nc_app'@'localhost'
2025-12-17T15:40:44.004462+00:00 finalArenaServer mariadbd[1032]: 2025-12-17 15:40:44 275 [Warning] Access denied for user 'nc_app'@'localhost'
2025-12-17T15:40:44.005440+00:00 finalArenaServer mariadbd[1032]: 2025-12-17 15:40:44 276 [Warning] Access denied for user 'nc_app'@'localhost'
2025-12-17T15:40:44.007001+00:00 finalArenaServer mariadbd[1032]: 2025-12-17 15:40:44 277 [Warning] Access denied for user 'nc_app'@'localhost'
2025-12-17T15:40:44.010453+00:00 finalArenaServer mariadbd[1032]: 2025-12-17 15:40:44 278 [Warning] Access denied for user 'nc_app'@'localhost'
2025-12-17T15:40:44.012385+00:00 finalArenaServer mariadbd[1032]: 2025-12-17 15:40:44 279 [Warning] Access denied for user 'nc_app'@'localhost'
2025-12-17T15:40:44.014807+00:00 finalArenaServer mariadbd[1032]: 2025-12-17 15:40:44 280 [Warning] Access denied for user 'nc_app'@'localhost'
2025-12-17T15:40:44.016281+00:00 finalArenaServer mariadbd[1032]: 2025-12-17 15:40:44 281 [Warning] Access denied for user 'nc_app'@'localhost'
2025-12-17T15:40:44.021172+00:00 finalArenaServer mariadbd[1032]: 2025-12-17 15:40:44 282 [Warning] Access denied for user 'nc_app'@'localhost'
2025-12-17T15:40:44.022024+00:00 finalArenaServer mariadbd[1032]: 2025-12-17 15:40:44 283 [Warning] Access denied for user 'nc_app'@'localhost'
2025-12-17T15:40:44.024314+00:00 finalArenaServer mariadbd[1032]: 2025-12-17 15:40:44 284 [Warning] Access denied for user 'nc_app'@'localhost'
2025-12-17T15:40:44.026244+00:00 finalArenaServer mariadbd[1032]: 2025-12-17 15:40:44 285 [Warning] Access denied for user 'nc_app'@'localhost'
2025-12-17T15:40:44.029356+00:00 finalArenaServer mariadbd[1032]: 2025-12-17 15:40:44 286 [Warning] Access denied for user 'nc_app'@'localhost'
2025-12-17T15:40:44.030312+00:00 finalArenaServer mariadbd[1032]: 2025-12-17 15:40:44 287 [Warning] Access denied for user 'nc_app'@'localhost'
2025-12-17T15:40:44.035433+00:00 finalArenaServer mariadbd[1032]: 2025-12-17 15:40:44 288 [Warning] Access denied for user 'nc_app'@'localhost'
2025-12-17T15:40:44.036507+00:00 finalArenaServer mariadbd[1032]: 2025-12-17 15:40:44 289 [Warning] Access denied for user 'nc_app'@'localhost'
2025-12-17T15:40:44.164950+00:00 finalArenaServer mariadbd[1032]: 2025-12-17 15:40:44 290 [Warning] Access denied for user 'nc_app'@'localhost'
2025-12-17T15:40:44.166947+00:00 finalArenaServer mariadbd[1032]: 2025-12-17 15:40:44 291 [Warning] Access denied for user 'nc_app'@'localhost'
2025-12-17T15:40:44.168936+00:00 finalArenaServer mariadbd[1032]: 2025-12-17 15:40:44 292 [Warning] Access denied for user 'nc_app'@'localhost'
2025-12-17T15:40:44.171002+00:00 finalArenaServer mariadbd[1032]: 2025-12-17 15:40:44 293 [Warning] Access denied for user 'nc_app'@'localhost'
2025-12-17T15:40:44.172976+00:00 finalArenaServer mariadbd[1032]: 2025-12-17 15:40:44 294 [Warning] Access denied for user 'nc_app'@'localhost'
2025-12-17T15:40:44.177161+00:00 finalArenaServer mariadbd[1032]: 2025-12-17 15:40:44 295 [Warning] Access denied for user 'nc_app'@'localhost'
2025-12-17T15:40:44.179854+00:00 finalArenaServer mariadbd[1032]: 2025-12-17 15:40:44 296 [Warning] Access denied for user 'nc_app'@'localhost'
2025-12-17T15:40:44.182970+00:00 finalArenaServer mariadbd[1032]: 2025-12-17 15:40:44 297 [Warning] Access denied for user 'nc_app'@'localhost'
2025-12-17T15:40:44.187393+00:00 finalArenaServer mariadbd[1032]: 2025-12-17 15:40:44 298 [Warning] Access denied for user 'nc_app'@'localhost'
2025-12-17T15:40:44.189615+00:00 finalArenaServer mariadbd[1032]: 2025-12-17 15:40:44 299 [Warning] Access denied for user 'nc_app'@'localhost'
2025-12-17T15:40:44.192357+00:00 finalArenaServer mariadbd[1032]: 2025-12-17 15:40:44 300 [Warning] Access denied for user 'nc_app'@'localhost'
2025-12-17T15:40:44.195975+00:00 finalArenaServer mariadbd[1032]: 2025-12-17 15:40:44 301 [Warning] Access denied for user 'nc_app'@'localhost'
2025-12-17T15:40:44.198068+00:00 finalArenaServer mariadbd[1032]: 2025-12-17 15:40:44 302 [Warning] Access denied for user 'nc_app'@'localhost'
2025-12-17T15:40:44.199253+00:00 finalArenaServer mariadbd[1032]: 2025-12-17 15:40:44 303 [Warning] Access denied for user 'nc_app'@'localhost'
2025-12-17T15:40:44.202328+00:00 finalArenaServer mariadbd[1032]: 2025-12-17 15:40:44 304 [Warning] Access denied for user 'nc_app'@'localhost'
2025-12-17T15:40:44.202496+00:00 finalArenaServer mariadbd[1032]: 2025-12-17 15:40:44 305 [Warning] Access denied for user 'nc_app'@'localhost'