2025-12-17T16:35:01.823729+00:00 finalArenaServer CRON[1574]: pam_unix(cron:session): session opened for user root(uid=0) by root(uid=0)
2025-12-17T16:35:01.834812+00:00 finalArenaServer CRON[1574]: pam_unix(cron:session): session closed for user root
2025-12-17T16:39:01.870993+00:00 finalArenaServer CRON[1671]: pam_unix(cron:session): session opened for user root(uid=0) by root(uid=0)
2025-12-17T16:39:01.879092+00:00 finalArenaServer CRON[1671]: pam_unix(cron:session): session closed for user root
2025-12-17T16:45:02.163082+00:00 finalArenaServer CRON[1877]: pam_unix(cron:session): session opened for user root(uid=0) by root(uid=0)
2025-12-17T16:45:02.186127+00:00 finalArenaServer CRON[1877]: pam_unix(cron:session): session closed for user root2025-12-17T12:09:01.736458+00:00 finalArenaServer CRON[1782]: pam_unix(cron:session): session opened for user root(uid=0) by root(uid=0)
2025-12-17T12:09:01.743944+00:00 finalArenaServer CRON[1782]: pam_unix(cron:session): session closed for user root
2025-12-17T12:15:01.771471+00:00 finalArenaServer CRON[1979]: pam_unix(cron:session): session opened for user root(uid=0) by root(uid=0)
2025-12-17T12:15:01.803973+00:00 finalArenaServer CRON[1979]: pam_unix(cron:session): session closed for user root
2025-12-17T12:17:01.823726+00:00 finalArenaServer CRON[2027]: pam_unix(cron:session): session opened for user root(uid=0) by root(uid=0)
2025-12-17T12:17:01.843520+00:00 finalArenaServer CRON[2027]: pam_unix(cron:session): session closed for user root2025-12-18T11:09:01.108933+00:00 finalArenaServer CRON[1696]: pam_unix(cron:session): session opened for user root(uid=0) by root(uid=0)
2025-12-18T11:09:01.114845+00:00 finalArenaServer CRON[1696]: pam_unix(cron:session): session closed for user root
2025-12-18T11:15:01.156637+00:00 finalArenaServer CRON[2024]: pam_unix(cron:session): session opened for user root(uid=0) by root(uid=0)
2025-12-18T11:15:01.169017+00:00 finalArenaServer CRON[2024]: pam_unix(cron:session): session closed for user root
2025-12-18T11:17:01.189079+00:00 finalArenaServer CRON[2066]: pam_unix(cron:session): session opened for user root(uid=0) by root(uid=0)
2025-12-18T11:17:01.219584+00:00 finalArenaServer CRON[2066]: pam_unix(cron:session): session closed for user root2025-12-16T13:45:01.089064+00:00 finalArenaServer CRON[1506]: pam_unix(cron:session): session opened for user root(uid=0) by root(uid=0)
2025-12-16T13:45:01.117880+00:00 finalArenaServer CRON[1506]: pam_unix(cron:session): session closed for user root
2025-12-16T13:52:46.274343+00:00 finalArenaServer sudo: pam_unix(sudo-i:session): session closed for user root
2025-12-16T13:52:48.404543+00:00 finalArenaServer sudo: vboxuser : TTY=pts/0 ; PWD=/root ; USER=root ; COMMAND=/bin/bash
2025-12-16T13:52:48.405973+00:00 finalArenaServer sudo: pam_unix(sudo-i:session): session opened for user root(uid=0) by vboxuser(uid=1000)
2025-12-16T13:55:01.384035+00:00 finalArenaServer CRON[1898]: pam_unix(cron:session): session opened for user root(uid=0) by root(uid=0)
2025-12-16T13:55:01.397185+00:00 finalArenaServer CRON[1898]: pam_unix(cron:session): session closed for user root
2025-12-16T13:59:49.170585+00:00 finalArenaServer usermod[2131]: add 'www-data' to group 'redis'
2025-12-16T13:59:49.179811+00:00 finalArenaServer usermod[2131]: add 'www-data' to shadow group 'redis'
2025-12-16T14:05:01.460004+00:00 finalArenaServer CRON[2311]: pam_unix(cron:session): session opened for user root(uid=0) by root(uid=0)
2025-12-16T14:05:01.483323+00:00 finalArenaServer CRON[2311]: pam_unix(cron:session): session closed for user root
2025-12-16T14:09:01.616359+00:00 finalArenaServer CRON[2485]: pam_unix(cron:session): session opened for user root(uid=0) by root(uid=0)
2025-12-16T14:09:01.625166+00:00 finalArenaServer CRON[2485]: pam_unix(cron:session): session closed for user root
2025-12-16T14:15:01.729270+00:00 finalArenaServer CRON[2649]: pam_unix(cron:session): session opened for user root(uid=0) by root(uid=0)
2025-12-16T14:15:01.737690+00:00 finalArenaServer CRON[2649]: pam_unix(cron:session): session closed for user root
2025-12-16T14:17:01.761359+00:00 finalArenaServer CRON[2687]: pam_unix(cron:session): session opened for user root(uid=0) by root(uid=0)
2025-12-16T14:17:01.782375+00:00 finalArenaServer CRON[2687]: pam_unix(cron:session): session closed for user root
2025-12-16T14:17:13.396883+00:00 finalArenaServer sudo:     root : TTY=pts/1 ; PWD=/var/www/nextcloud ; USER=www-data ; COMMAND=/usr/bin/php occ maintenance:repair
2025-12-16T14:17:13.398811+00:00 finalArenaServer sudo: pam_unix(sudo:session): session opened for user www-data(uid=33) by vboxuser(uid=0)
2025-12-16T14:17:14.703648+00:00 finalArenaServer sudo: pam_unix(sudo:session): session closed for user www-data
2025-12-16T14:18:23.811630+00:00 finalArenaServer sudo:     root : TTY=pts/1 ; PWD=/var/www/nextcloud ; USER=www-data ; COMMAND=/usr/bin/php occ -h
2025-12-16T14:18:23.813806+00:00 finalArenaServer sudo: pam_unix(sudo:session): session opened for user www-data(uid=33) by vboxuser(uid=0)
2025-12-16T14:18:24.228843+00:00 finalArenaServer sudo: pam_unix(sudo:session): session closed for user www-data
2025-12-16T14:18:31.325067+00:00 finalArenaServer sudo:     root : TTY=pts/1 ; PWD=/var/www/nextcloud ; USER=www-data ; COMMAND=/usr/bin/php occ list
2025-12-16T14:18:31.327275+00:00 finalArenaServer sudo: pam_unix(sudo:session): session opened for user www-data(uid=33) by vboxuser(uid=0)
2025-12-16T14:18:31.699089+00:00 finalArenaServer sudo: pam_unix(sudo:session): session closed for user www-data
2025-12-16T14:18:46.042191+00:00 finalArenaServer sudo:     root : TTY=pts/1 ; PWD=/var/www/nextcloud ; USER=www-data ; COMMAND=/usr/bin/php occ config:list
2025-12-16T14:18:46.045229+00:00 finalArenaServer sudo: pam_unix(sudo:session): session opened for user www-data(uid=33) by vboxuser(uid=0)
2025-12-16T14:18:46.390702+00:00 finalArenaServer sudo: pam_unix(sudo:session): session closed for user www-data
2025-12-16T14:19:51.145866+00:00 finalArenaServer sudo:     root : TTY=pts/1 ; PWD=/var/www/nextcloud ; USER=www-data ; COMMAND=/usr/bin/php occ:list system
2025-12-16T14:19:51.148421+00:00 finalArenaServer sudo: pam_unix(sudo:session): session opened for user www-data(uid=33) by vboxuser(uid=0)
2025-12-16T14:19:51.184847+00:00 finalArenaServer sudo: pam_unix(sudo:session): session closed for user www-data
2025-12-16T14:20:06.244229+00:00 finalArenaServer sudo:     root : TTY=pts/1 ; PWD=/var/www/nextcloud ; USER=www-data ; COMMAND=/usr/bin/php occ app:list
2025-12-16T14:20:06.244683+00:00 finalArenaServer sudo: pam_unix(sudo:session): session opened for user www-data(uid=33) by vboxuser(uid=0)
2025-12-16T14:20:06.618715+00:00 finalArenaServer sudo: pam_unix(sudo:session): session closed for user www-data
2025-12-16T14:22:03.768588+00:00 finalArenaServer sudo:     root : TTY=pts/1 ; PWD=/var/www/nextcloud ; USER=root ; COMMAND=/usr/bin/apt-get purge redis-server
2025-12-16T14:22:03.791228+00:00 finalArenaServer sudo: pam_unix(sudo:session): session opened for user root(uid=0) by vboxuser(uid=0)
2025-12-16T14:22:03.791312+00:00 finalArenaServer sudo: pam_unix(sudo:session): session closed for user root
2025-12-16T14:22:11.635587+00:00 finalArenaServer sudo:     root : TTY=pts/1 ; PWD=/var/www/nextcloud ; USER=root ; COMMAND=/usr/bin/dpkg --configure -a
2025-12-16T14:22:11.636591+00:00 finalArenaServer sudo: pam_unix(sudo:session): session opened for user root(uid=0) by vboxuser(uid=0)
2025-12-16T14:22:42.657049+00:00 finalArenaServer sudo: pam_unix(sudo:session): session closed for user root
2025-12-16T14:25:01.868564+00:00 finalArenaServer CRON[8482]: pam_unix(cron:session): session opened for user root(uid=0) by root(uid=0)
2025-12-16T14:25:01.893538+00:00 finalArenaServer CRON[8482]: pam_unix(cron:session): session closed for user root
2025-12-16T14:35:01.601108+00:00 finalArenaServer CRON[9008]: pam_unix(cron:session): session opened for user root(uid=0) by root(uid=0)
2025-12-16T14:35:01.609562+00:00 finalArenaServer CRON[9008]: pam_unix(cron:session): session closed for user root
2025-12-16T14:39:01.061457+00:00 finalArenaServer CRON[9100]: pam_unix(cron:session): session opened for user root(uid=0) by root(uid=0)
2025-12-16T14:39:01.083437+00:00 finalArenaServer CRON[9100]: pam_unix(cron:session): session closed for user root2025-12-18T14:05:01.974021+00:00 finalArenaServer CRON[1876]: pam_unix(cron:session): session opened for user root(uid=0) by root(uid=0)
2025-12-18T14:05:01.997533+00:00 finalArenaServer CRON[1876]: pam_unix(cron:session): session closed for user root
2025-12-18T14:09:01.089202+00:00 finalArenaServer CRON[1947]: pam_unix(cron:session): session opened for user root(uid=0) by root(uid=0)
2025-12-18T14:09:01.110183+00:00 finalArenaServer CRON[1947]: pam_unix(cron:session): session closed for user root2025-12-17T13:55:01.258540+00:00 finalArenaServer CRON[1549]: pam_unix(cron:session): session opened for user root(uid=0) by root(uid=0)
2025-12-17T13:55:01.274104+00:00 finalArenaServer CRON[1549]: pam_unix(cron:session): session closed for user root
2025-12-17T14:01:34.012278+00:00 finalArenaServer sudo:     root : TTY=pts/1 ; PWD=/root ; USER=root ; COMMAND=/usr/bin/systemctl status apache2
2025-12-17T14:01:34.020425+00:00 finalArenaServer sudo: pam_unix(sudo:session): session opened for user root(uid=0) by vboxuser(uid=0)
2025-12-17T14:01:37.379221+00:00 finalArenaServer sudo: pam_unix(sudo:session): session closed for user root