2025-12-17T16:35:01.824650+00:00 finalArenaServer CRON[1575]: (root) CMD (command -v debian-sa1 > /dev/null && debian-sa1 1 1)
2025-12-17T16:35:06.511915+00:00 finalArenaServer kernel: workqueue: e1000_watchdog [e1000] hogged CPU for >10000us 32 times, consider switching to WQ_UNBOUND
2025-12-17T16:36:09.946144+00:00 finalArenaServer kernel: workqueue: drm_fb_helper_damage_work hogged CPU for >10000us 32 times, consider switching to WQ_UNBOUND
2025-12-17T16:37:13.022337+00:00 finalArenaServer kernel: clocksource: Long readout interval, skipping watchdog check: cs_nsec: 5798131931 wd_nsec: 5798131541
2025-12-17T16:37:55.631204+00:00 finalArenaServer systemd[1]: Starting update-notifier-download.service - Download data for packages that failed at package install time...
2025-12-17T16:37:56.947336+00:00 finalArenaServer systemd[1]: update-notifier-download.service: Deactivated successfully.
2025-12-17T16:37:56.949399+00:00 finalArenaServer systemd[1]: Finished update-notifier-download.service - Download data for packages that failed at package install time.
2025-12-17T16:37:56.957053+00:00 finalArenaServer systemd[1]: update-notifier-download.service: Consumed 1.047s CPU time.
2025-12-17T16:38:59.492817+00:00 finalArenaServer systemd[1195]: launchpadlib-cache-clean.service - Clean up old files in the Launchpadlib cache was skipped because of an unmet condition check (ConditionPathExists=/home/vboxuser/.launchpadlib/api.launchpad.net/cache).
2025-12-17T16:39:01.872505+00:00 finalArenaServer CRON[1672]: (root) CMD (  [ -x /usr/lib/php/sessionclean ] && if [ ! -d /run/systemd/system ]; then /usr/lib/php/sessionclean; fi)
2025-12-17T16:39:02.291271+00:00 finalArenaServer systemd[1]: Starting phpsessionclean.service - Clean php session files...
2025-12-17T16:39:02.813835+00:00 finalArenaServer systemd[1]: phpsessionclean.service: Deactivated successfully.
2025-12-17T16:39:02.813956+00:00 finalArenaServer systemd[1]: Finished phpsessionclean.service - Clean php session files.
2025-12-17T16:40:25.393166+00:00 finalArenaServer systemd[1]: Starting sysstat-collect.service - system activity accounting tool...
2025-12-17T16:40:25.446411+00:00 finalArenaServer systemd[1]: sysstat-collect.service: Deactivated successfully.
2025-12-17T16:40:25.446514+00:00 finalArenaServer systemd[1]: Finished sysstat-collect.service - system activity accounting tool.
2025-12-17T16:41:15.910590+00:00 finalArenaServer kernel: workqueue: blk_mq_run_work_fn hogged CPU for >10000us 32 times, consider switching to WQ_UNBOUND
2025-12-17T16:45:02.186017+00:00 finalArenaServer CRON[1878]: (root) CMD (command -v debian-sa1 > /dev/null && debian-sa1 1 1)
2025-12-17T16:47:56.006100+00:00 finalArenaServer systemd[1]: Starting systemd-tmpfiles-clean.service - Cleanup of Temporary Directories...
2025-12-17T16:47:56.142764+00:00 finalArenaServer systemd[1]: systemd-tmpfiles-clean.service: Deactivated successfully.
2025-12-17T16:47:56.143256+00:00 finalArenaServer systemd[1]: Finished systemd-tmpfiles-clean.service - Cleanup of Temporary Directories.2025-12-17T12:09:01.736812+00:00 finalArenaServer CRON[1783]: (root) CMD (  [ -x /usr/lib/php/sessionclean ] && if [ ! -d /run/systemd/system ]; then /usr/lib/php/sessionclean; fi)
2025-12-17T12:09:29.536193+00:00 finalArenaServer systemd[1]: Starting phpsessionclean.service - Clean php session files...
2025-12-17T12:09:29.761309+00:00 finalArenaServer systemd[1]: phpsessionclean.service: Deactivated successfully.
2025-12-17T12:09:29.761451+00:00 finalArenaServer systemd[1]: Finished phpsessionclean.service - Clean php session files.
2025-12-17T12:09:39.972040+00:00 finalArenaServer systemd[1]: Starting update-notifier-download.service - Download data for packages that failed at package install time...
2025-12-17T12:09:40.162909+00:00 finalArenaServer systemd[1]: update-notifier-download.service: Deactivated successfully.
2025-12-17T12:09:40.162979+00:00 finalArenaServer systemd[1]: Finished update-notifier-download.service - Download data for packages that failed at package install time.
2025-12-17T12:10:31.323600+00:00 finalArenaServer systemd[1]: Starting sysstat-collect.service - system activity accounting tool...
2025-12-17T12:10:31.352956+00:00 finalArenaServer systemd[1]: Starting redis-server.service - Advanced key-value store...
2025-12-17T12:10:31.385261+00:00 finalArenaServer systemd[1]: sysstat-collect.service: Deactivated successfully.
2025-12-17T12:10:31.386913+00:00 finalArenaServer systemd[1]: Finished sysstat-collect.service - system activity accounting tool.
2025-12-17T12:10:31.504643+00:00 finalArenaServer systemd[1]: Started redis-server.service - Advanced key-value store.
2025-12-17T12:10:46.314798+00:00 finalArenaServer systemd[1]: Stopping apache2.service - The Apache HTTP Server...
2025-12-17T12:10:46.451622+00:00 finalArenaServer apachectl[1904]: AH00558: apache2: Could not reliably determine the server's fully qualified domain name, using fd17:625c:f037:2:a00:27ff:fe3f:3739. Set the 'ServerName' directive globally to suppress this message
2025-12-17T12:10:46.554556+00:00 finalArenaServer systemd[1]: apache2.service: Deactivated successfully.
2025-12-17T12:10:46.554734+00:00 finalArenaServer systemd[1]: Stopped apache2.service - The Apache HTTP Server.
2025-12-17T12:10:46.554841+00:00 finalArenaServer systemd[1]: apache2.service: Consumed 1.215s CPU time, 37.7M memory peak, 0B memory swap peak.
2025-12-17T12:10:46.573632+00:00 finalArenaServer systemd[1]: Starting apache2.service - The Apache HTTP Server...
2025-12-17T12:10:46.664891+00:00 finalArenaServer apachectl[1910]: AH00558: apache2: Could not reliably determine the server's fully qualified domain name, using fd17:625c:f037:2:a00:27ff:fe3f:3739. Set the 'ServerName' directive globally to suppress this message
2025-12-17T12:10:46.686250+00:00 finalArenaServer systemd[1]: Started apache2.service - The Apache HTTP Server.
2025-12-17T12:10:49.522288+00:00 finalArenaServer systemd[1189]: launchpadlib-cache-clean.service - Clean up old files in the Launchpadlib cache was skipped because of an unmet condition check (ConditionPathExists=/home/vboxuser/.launchpadlib/api.launchpad.net/cache).
2025-12-17T12:15:01.800047+00:00 finalArenaServer CRON[1980]: (root) CMD (command -v debian-sa1 > /dev/null && debian-sa1 1 1)
2025-12-17T12:15:23.967049+00:00 finalArenaServer kernel: workqueue: drm_fb_helper_damage_work hogged CPU for >10000us 4 times, consider switching to WQ_UNBOUND
2025-12-17T12:15:41.882442+00:00 finalArenaServer kernel: workqueue: blk_mq_run_work_fn hogged CPU for >10000us 8 times, consider switching to WQ_UNBOUND
2025-12-17T12:17:01.825075+00:00 finalArenaServer CRON[2028]: (root) CMD (cd / && run-parts --report /etc/cron.hourly)
2025-12-17T12:17:49.530486+00:00 finalArenaServer systemd[1]: Starting fwupd-refresh.service - Refresh fwupd metadata and update motd...
2025-12-17T12:17:49.633383+00:00 finalArenaServer dbus-daemon[625]: [system] Activating via systemd: service name='org.freedesktop.fwupd' unit='fwupd.service' requested by ':1.21' (uid=989 pid=2094 comm="/usr/bin/fwupdmgr refresh" label="unconfined")
2025-12-17T12:17:49.649264+00:00 finalArenaServer systemd[1]: Starting fwupd.service - Firmware update daemon...
2025-12-17T12:17:50.102323+00:00 finalArenaServer dbus-daemon[625]: [system] Activating via systemd: service name='org.freedesktop.UPower' unit='upower.service' requested by ':1.22' (uid=0 pid=2099 comm="/usr/libexec/fwupd/fwupd" label="unconfined")
2025-12-17T12:17:50.119556+00:00 finalArenaServer systemd[1]: Starting upower.service - Daemon for power management...
2025-12-17T12:17:50.418702+00:00 finalArenaServer dbus-daemon[625]: [system] Successfully activated service 'org.freedesktop.UPower'
2025-12-17T12:17:50.420298+00:00 finalArenaServer systemd[1]: Started upower.service - Daemon for power management.
2025-12-17T12:17:50.558653+00:00 finalArenaServer fwupd[2099]: 12:17:50.557 FuEngine             failed to add device /sys/devices/pci0000:00/0000:00:01.1/ata2/host1/target1:0:0/1:0:0:0/block/sr0: failed to open /dev/sr0: No medium found
2025-12-17T12:17:50.650426+00:00 finalArenaServer fwupd[2099]: 12:17:50.650 FuMain               fwupd 1.9.30 ready for requests (locale en_US.UTF-8)
2025-12-17T12:17:50.655866+00:00 finalArenaServer dbus-daemon[625]: [system] Successfully activated service 'org.freedesktop.fwupd'
2025-12-17T12:17:50.656670+00:00 finalArenaServer systemd[1]: Started fwupd.service - Firmware update daemon.
2025-12-17T12:17:50.692975+00:00 finalArenaServer fwupdmgr[2094]: Updating lvfs
2025-12-17T12:17:55.554801+00:00 finalArenaServer fwupdmgr[2094]: Successfully downloaded new metadata: 0 local devices supported
2025-12-17T12:17:55.563159+00:00 finalArenaServer systemd[1]: fwupd-refresh.service: Deactivated successfully.
2025-12-17T12:17:55.565103+00:00 finalArenaServer systemd[1]: Finished fwupd-refresh.service - Refresh fwupd metadata and update motd.2025-12-18T11:08:00.507732+00:00 finalArenaServer systemd[1]: Starting systemd-tmpfiles-clean.service - Cleanup of Temporary Directories...
2025-12-18T11:08:00.634063+00:00 finalArenaServer systemd[1]: systemd-tmpfiles-clean.service: Deactivated successfully.
2025-12-18T11:08:00.634179+00:00 finalArenaServer systemd[1]: Finished systemd-tmpfiles-clean.service - Cleanup of Temporary Directories.
2025-12-18T11:09:01.109249+00:00 finalArenaServer CRON[1697]: (root) CMD (  [ -x /usr/lib/php/sessionclean ] && if [ ! -d /run/systemd/system ]; then /usr/lib/php/sessionclean; fi)
2025-12-18T11:09:10.685245+00:00 finalArenaServer systemd[1]: Starting phpsessionclean.service - Clean php session files...
2025-12-18T11:09:11.189140+00:00 finalArenaServer systemd[1]: phpsessionclean.service: Deactivated successfully.
2025-12-18T11:09:11.189593+00:00 finalArenaServer systemd[1]: Finished phpsessionclean.service - Clean php session files.
2025-12-18T11:10:08.515166+00:00 finalArenaServer systemd[1]: Starting sysstat-collect.service - system activity accounting tool...
2025-12-18T11:10:08.540501+00:00 finalArenaServer systemd[1]: sysstat-collect.service: Deactivated successfully.
2025-12-18T11:10:08.540776+00:00 finalArenaServer systemd[1]: Finished sysstat-collect.service - system activity accounting tool.
2025-12-18T11:10:21.028992+00:00 finalArenaServer systemd[1]: Starting fwupd-refresh.service - Refresh fwupd metadata and update motd...
2025-12-18T11:10:21.139796+00:00 finalArenaServer dbus-daemon[629]: [system] Activating via systemd: service name='org.freedesktop.fwupd' unit='fwupd.service' requested by ':1.21' (uid=989 pid=1772 comm="/usr/bin/fwupdmgr refresh" label="unconfined")
2025-12-18T11:10:21.149951+00:00 finalArenaServer systemd[1]: Starting fwupd.service - Firmware update daemon...
2025-12-18T11:10:21.486710+00:00 finalArenaServer dbus-daemon[629]: [system] Activating via systemd: service name='org.freedesktop.UPower' unit='upower.service' requested by ':1.22' (uid=0 pid=1777 comm="/usr/libexec/fwupd/fwupd" label="unconfined")
2025-12-18T11:10:21.505082+00:00 finalArenaServer systemd[1]: Starting upower.service - Daemon for power management...
2025-12-18T11:10:21.669030+00:00 finalArenaServer dbus-daemon[629]: [system] Successfully activated service 'org.freedesktop.UPower'
2025-12-18T11:10:21.669203+00:00 finalArenaServer systemd[1]: Started upower.service - Daemon for power management.
2025-12-18T11:10:21.753376+00:00 finalArenaServer fwupd[1777]: 11:10:21.752 FuEngine             failed to add device /sys/devices/pci0000:00/0000:00:01.1/ata2/host1/target1:0:0/1:0:0:0/block/sr0: failed to open /dev/sr0: No medium found
2025-12-18T11:10:21.816565+00:00 finalArenaServer fwupd[1777]: 11:10:21.816 FuMain               fwupd 1.9.30 ready for requests (locale en_US.UTF-8)
2025-12-18T11:10:21.819268+00:00 finalArenaServer dbus-daemon[629]: [system] Successfully activated service 'org.freedesktop.fwupd'
2025-12-18T11:10:21.820438+00:00 finalArenaServer systemd[1]: Started fwupd.service - Firmware update daemon.
2025-12-18T11:10:21.841107+00:00 finalArenaServer fwupdmgr[1772]: Updating lvfs
2025-12-18T11:10:24.249309+00:00 finalArenaServer fwupdmgr[1772]: Successfully downloaded new metadata: 0 local devices supported
2025-12-18T11:10:24.253918+00:00 finalArenaServer systemd[1]: fwupd-refresh.service: Deactivated successfully.
2025-12-18T11:10:24.254154+00:00 finalArenaServer systemd[1]: Finished fwupd-refresh.service - Refresh fwupd metadata and update motd.
2025-12-18T11:10:57.929702+00:00 finalArenaServer systemd[1]: Starting redis-server.service - Advanced key-value store...
2025-12-18T11:10:57.995745+00:00 finalArenaServer systemd[1]: Started redis-server.service - Advanced key-value store.
2025-12-18T11:15:01.157081+00:00 finalArenaServer CRON[2025]: (root) CMD (command -v debian-sa1 > /dev/null && debian-sa1 1 1)
2025-12-18T11:17:01.219465+00:00 finalArenaServer CRON[2067]: (root) CMD (cd / && run-parts --report /etc/cron.hourly)2025-12-16T13:44:10.875706+00:00 finalArenaServer kernel: workqueue: blk_mq_run_work_fn hogged CPU for >10000us 4 times, consider switching to WQ_UNBOUND
2025-12-16T13:44:11.044185+00:00 finalArenaServer kernel: workqueue: drm_fb_helper_damage_work hogged CPU for >10000us 8 times, consider switching to WQ_UNBOUND
2025-12-16T13:44:24.008105+00:00 finalArenaServer kernel: workqueue: e1000_watchdog [e1000] hogged CPU for >10000us 4 times, consider switching to WQ_UNBOUND
2025-12-16T13:44:27.222972+00:00 finalArenaServer kernel: workqueue: blk_mq_run_work_fn hogged CPU for >10000us 8 times, consider switching to WQ_UNBOUND
2025-12-16T13:45:01.095334+00:00 finalArenaServer CRON[1507]: (root) CMD (command -v debian-sa1 > /dev/null && debian-sa1 1 1)
2025-12-16T13:45:37.839513+00:00 finalArenaServer kernel: workqueue: e1000_watchdog [e1000] hogged CPU for >10000us 8 times, consider switching to WQ_UNBOUND
2025-12-16T13:45:41.617788+00:00 finalArenaServer kernel: workqueue: drm_fb_helper_damage_work hogged CPU for >10000us 16 times, consider switching to WQ_UNBOUND
2025-12-16T13:45:45.754006+00:00 finalArenaServer systemd[1]: Starting fwupd-refresh.service - Refresh fwupd metadata and update motd...
2025-12-16T13:45:46.665499+00:00 finalArenaServer systemd[1]: Starting redis-server.service - Advanced key-value store...
2025-12-16T13:45:46.746947+00:00 finalArenaServer dbus-daemon[619]: [system] Activating via systemd: service name='org.freedesktop.fwupd' unit='fwupd.service' requested by ':1.21' (uid=989 pid=1522 comm="/usr/bin/fwupdmgr refresh" label="unconfined")
2025-12-16T13:45:46.767923+00:00 finalArenaServer systemd[1]: Starting fwupd.service - Firmware update daemon...
2025-12-16T13:45:46.769579+00:00 finalArenaServer systemd[1]: Started redis-server.service - Advanced key-value store.
2025-12-16T13:45:47.046573+00:00 finalArenaServer dbus-daemon[619]: [system] Activating via systemd: service name='org.freedesktop.UPower' unit='upower.service' requested by ':1.22' (uid=0 pid=1530 comm="/usr/libexec/fwupd/fwupd" label="unconfined")
2025-12-16T13:45:47.061990+00:00 finalArenaServer systemd[1]: Starting upower.service - Daemon for power management...
2025-12-16T13:45:47.209668+00:00 finalArenaServer dbus-daemon[619]: [system] Successfully activated service 'org.freedesktop.UPower'
2025-12-16T13:45:47.210782+00:00 finalArenaServer systemd[1]: Started upower.service - Daemon for power management.
2025-12-16T13:45:47.311438+00:00 finalArenaServer fwupd[1530]: 13:45:47.302 FuEngine             failed to add device /sys/devices/pci0000:00/0000:00:01.1/ata2/host1/target1:0:0/1:0:0:0/block/sr0: failed to open /dev/sr0: No medium found
2025-12-16T13:45:47.356218+00:00 finalArenaServer fwupd[1530]: 13:45:47.355 FuMain               fwupd 1.9.30 ready for requests (locale en_US.UTF-8)
2025-12-16T13:45:47.359202+00:00 finalArenaServer dbus-daemon[619]: [system] Successfully activated service 'org.freedesktop.fwupd'
2025-12-16T13:45:47.359330+00:00 finalArenaServer systemd[1]: Started fwupd.service - Firmware update daemon.
2025-12-16T13:45:47.381492+00:00 finalArenaServer fwupdmgr[1522]: Updating lvfs
2025-12-16T13:45:50.072939+00:00 finalArenaServer fwupdmgr[1522]: Successfully downloaded new metadata: 0 local devices supported
2025-12-16T13:45:50.079313+00:00 finalArenaServer systemd[1]: fwupd-refresh.service: Deactivated successfully.
2025-12-16T13:45:50.079534+00:00 finalArenaServer systemd[1]: Finished fwupd-refresh.service - Refresh fwupd metadata and update motd.
2025-12-16T13:46:08.592036+00:00 finalArenaServer kernel: workqueue: blk_mq_run_work_fn hogged CPU for >10000us 16 times, consider switching to WQ_UNBOUND
2025-12-16T13:46:10.600307+00:00 finalArenaServer kernel: workqueue: e1000_watchdog [e1000] hogged CPU for >10000us 16 times, consider switching to WQ_UNBOUND
2025-12-16T13:47:00.358420+00:00 finalArenaServer systemd[1]: Stopping apache2.service - The Apache HTTP Server...
2025-12-16T13:47:00.431388+00:00 finalArenaServer apachectl[1601]: AH00558: apache2: Could not reliably determine the server's fully qualified domain name, using fd17:625c:f037:2:a00:27ff:fe3f:3739. Set the 'ServerName' directive globally to suppress this message
2025-12-16T13:47:00.496687+00:00 finalArenaServer systemd[1]: apache2.service: Deactivated successfully.
2025-12-16T13:47:00.498398+00:00 finalArenaServer systemd[1]: Stopped apache2.service - The Apache HTTP Server.
2025-12-16T13:47:00.498641+00:00 finalArenaServer systemd[1]: apache2.service: Consumed 5.763s CPU time.
2025-12-16T13:47:00.510605+00:00 finalArenaServer systemd[1]: Starting apache2.service - The Apache HTTP Server...
2025-12-16T13:47:00.582766+00:00 finalArenaServer apachectl[1607]: AH00558: apache2: Could not reliably determine the server's fully qualified domain name, using fd17:625c:f037:2:a00:27ff:fe3f:3739. Set the 'ServerName' directive globally to suppress this message
2025-12-16T13:47:00.600213+00:00 finalArenaServer systemd[1]: Started apache2.service - The Apache HTTP Server.
2025-12-16T13:48:10.414826+00:00 finalArenaServer systemd[1]: Starting update-notifier-download.service - Download data for packages that failed at package install time...
2025-12-16T13:48:10.589568+00:00 finalArenaServer systemd[1]: update-notifier-download.service: Deactivated successfully.
2025-12-16T13:48:10.590093+00:00 finalArenaServer systemd[1]: Finished update-notifier-download.service - Download data for packages that failed at package install time.
2025-12-16T13:48:28.861817+00:00 finalArenaServer systemd[1107]: launchpadlib-cache-clean.service - Clean up old files in the Launchpadlib cache was skipped because of an unmet condition check (ConditionPathExists=/home/vboxuser/.launchpadlib/api.launchpad.net/cache).
2025-12-16T13:50:18.896113+00:00 finalArenaServer systemd[1]: Starting sysstat-collect.service - system activity accounting tool...
2025-12-16T13:50:18.937784+00:00 finalArenaServer systemd[1]: sysstat-collect.service: Deactivated successfully.
2025-12-16T13:50:18.938109+00:00 finalArenaServer systemd[1]: Finished sysstat-collect.service - system activity accounting tool.
2025-12-16T13:50:34.503230+00:00 finalArenaServer kernel: clocksource: Long readout interval, skipping watchdog check: cs_nsec: 6336717374 wd_nsec: 6336714337
2025-12-16T13:53:37.110653+00:00 finalArenaServer systemd[1]: Stopping redis-server.service - Advanced key-value store...
2025-12-16T13:53:37.221732+00:00 finalArenaServer systemd[1]: redis-server.service: Deactivated successfully.
2025-12-16T13:53:37.221991+00:00 finalArenaServer systemd[1]: Stopped redis-server.service - Advanced key-value store.
2025-12-16T13:53:37.222152+00:00 finalArenaServer systemd[1]: redis-server.service: Consumed 1.223s CPU time, 3.8M memory peak, 0B memory swap peak.
2025-12-16T13:53:37.239958+00:00 finalArenaServer systemd[1]: Starting redis-server.service - Advanced key-value store...
2025-12-16T13:53:37.311629+00:00 finalArenaServer systemd[1]: Started redis-server.service - Advanced key-value store.
2025-12-16T13:55:01.385190+00:00 finalArenaServer CRON[1899]: (root) CMD (command -v debian-sa1 > /dev/null && debian-sa1 1 1)
2025-12-16T13:58:28.873219+00:00 finalArenaServer systemd[1]: Starting systemd-tmpfiles-clean.service - Cleanup of Temporary Directories...
2025-12-16T13:58:28.993490+00:00 finalArenaServer systemd[1]: systemd-tmpfiles-clean.service: Deactivated successfully.
2025-12-16T13:58:28.993812+00:00 finalArenaServer systemd[1]: Finished systemd-tmpfiles-clean.service - Cleanup of Temporary Directories.
2025-12-16T13:59:54.783546+00:00 finalArenaServer systemd[1]: Stopping redis-server.service - Advanced key-value store...
2025-12-16T13:59:54.859071+00:00 finalArenaServer systemd[1]: redis-server.service: Deactivated successfully.
2025-12-16T13:59:54.859331+00:00 finalArenaServer systemd[1]: Stopped redis-server.service - Advanced key-value store.
2025-12-16T13:59:54.866977+00:00 finalArenaServer systemd[1]: Starting redis-server.service - Advanced key-value store...
2025-12-16T13:59:54.922738+00:00 finalArenaServer systemd[1]: Started redis-server.service - Advanced key-value store.
2025-12-16T14:00:09.050155+00:00 finalArenaServer systemd[1]: Starting sysstat-collect.service - system activity accounting tool...
2025-12-16T14:00:09.061815+00:00 finalArenaServer systemd[1]: sysstat-collect.service: Deactivated successfully.
2025-12-16T14:00:09.061885+00:00 finalArenaServer systemd[1]: Finished sysstat-collect.service - system activity accounting tool.
2025-12-16T14:00:38.680102+00:00 finalArenaServer systemd[1]: Stopping redis-server.service - Advanced key-value store...
2025-12-16T14:00:38.711133+00:00 finalArenaServer systemd[1]: redis-server.service: Deactivated successfully.
2025-12-16T14:00:38.711362+00:00 finalArenaServer systemd[1]: Stopped redis-server.service - Advanced key-value store.
2025-12-16T14:00:38.729213+00:00 finalArenaServer systemd[1]: Starting redis-server.service - Advanced key-value store...
2025-12-16T14:00:38.779957+00:00 finalArenaServer systemd[1]: Started redis-server.service - Advanced key-value store.
2025-12-16T14:04:01.308930+00:00 finalArenaServer systemd[1]: Stopping redis-server.service - Advanced key-value store...
2025-12-16T14:04:01.410941+00:00 finalArenaServer systemd[1]: redis-server.service: Deactivated successfully.
2025-12-16T14:04:01.411724+00:00 finalArenaServer systemd[1]: Stopped redis-server.service - Advanced key-value store.
2025-12-16T14:04:18.711843+00:00 finalArenaServer systemd[1]: Starting redis-server.service - Advanced key-value store...
2025-12-16T14:04:18.761537+00:00 finalArenaServer systemd[1]: Started redis-server.service - Advanced key-value store.
2025-12-16T14:04:29.628888+00:00 finalArenaServer systemd[1]: Stopping apache2.service - The Apache HTTP Server...
2025-12-16T14:04:29.682616+00:00 finalArenaServer apachectl[2287]: AH00558: apache2: Could not reliably determine the server's fully qualified domain name, using fd17:625c:f037:2:a00:27ff:fe3f:3739. Set the 'ServerName' directive globally to suppress this message
2025-12-16T14:04:29.724811+00:00 finalArenaServer systemd[1]: apache2.service: Deactivated successfully.
2025-12-16T14:04:29.725286+00:00 finalArenaServer systemd[1]: Stopped apache2.service - The Apache HTTP Server.
2025-12-16T14:04:38.662803+00:00 finalArenaServer systemd[1]: Starting apache2.service - The Apache HTTP Server...
2025-12-16T14:04:38.711681+00:00 finalArenaServer apachectl[2301]: AH00558: apache2: Could not reliably determine the server's fully qualified domain name, using fd17:625c:f037:2:a00:27ff:fe3f:3739. Set the 'ServerName' directive globally to suppress this message
2025-12-16T14:04:38.721806+00:00 finalArenaServer systemd[1]: Started apache2.service - The Apache HTTP Server.
2025-12-16T14:05:01.483282+00:00 finalArenaServer CRON[2312]: (root) CMD (command -v debian-sa1 > /dev/null && debian-sa1 1 1)
2025-12-16T14:07:16.653599+00:00 finalArenaServer systemd[1]: Stopping apache2.service - The Apache HTTP Server...
2025-12-16T14:07:16.710301+00:00 finalArenaServer apachectl[2393]: AH00558: apache2: Could not reliably determine the server's fully qualified domain name, using fd17:625c:f037:2:a00:27ff:fe3f:3739. Set the 'ServerName' directive globally to suppress this message
2025-12-16T14:07:16.744208+00:00 finalArenaServer systemd[1]: apache2.service: Deactivated successfully.
2025-12-16T14:07:16.744498+00:00 finalArenaServer systemd[1]: Stopped apache2.service - The Apache HTTP Server.
2025-12-16T14:07:16.753062+00:00 finalArenaServer systemd[1]: Starting apache2.service - The Apache HTTP Server...
2025-12-16T14:07:16.791631+00:00 finalArenaServer apachectl[2401]: AH00558: apache2: Could not reliably determine the server's fully qualified domain name, using fd17:625c:f037:2:a00:27ff:fe3f:3739. Set the 'ServerName' directive globally to suppress this message
2025-12-16T14:07:16.798218+00:00 finalArenaServer systemd[1]: Started apache2.service - The Apache HTTP Server.
2025-12-16T14:09:01.621998+00:00 finalArenaServer CRON[2486]: (root) CMD (  [ -x /usr/lib/php/sessionclean ] && if [ ! -d /run/systemd/system ]; then /usr/lib/php/sessionclean; fi)
2025-12-16T14:09:01.623903+00:00 finalArenaServer systemd[1]: Starting phpsessionclean.service - Clean php session files...
2025-12-16T14:09:01.811413+00:00 finalArenaServer systemd[1]: phpsessionclean.service: Deactivated successfully.
2025-12-16T14:09:01.811491+00:00 finalArenaServer systemd[1]: Finished phpsessionclean.service - Clean php session files.
2025-12-16T14:10:18.871684+00:00 finalArenaServer systemd[1]: Starting sysstat-collect.service - system activity accounting tool...
2025-12-16T14:10:18.899327+00:00 finalArenaServer systemd[1]: sysstat-collect.service: Deactivated successfully.
2025-12-16T14:10:18.899609+00:00 finalArenaServer systemd[1]: Finished sysstat-collect.service - system activity accounting tool.
2025-12-16T14:15:01.729580+00:00 finalArenaServer CRON[2650]: (root) CMD (command -v debian-sa1 > /dev/null && debian-sa1 1 1)
2025-12-16T14:17:01.782285+00:00 finalArenaServer CRON[2688]: (root) CMD (cd / && run-parts --report /etc/cron.hourly)
2025-12-16T14:20:06.244411+00:00 finalArenaServer systemd[1]: Starting sysstat-collect.service - system activity accounting tool...
2025-12-16T14:20:06.250430+00:00 finalArenaServer systemd[1]: sysstat-collect.service: Deactivated successfully.
2025-12-16T14:20:06.250735+00:00 finalArenaServer systemd[1]: Finished sysstat-collect.service - system activity accounting tool.
2025-12-16T14:23:01.034638+00:00 finalArenaServer systemd[1]: Stopping redis-server.service - Advanced key-value store...
2025-12-16T14:23:01.098265+00:00 finalArenaServer systemd[1]: redis-server.service: Deactivated successfully.
2025-12-16T14:23:01.098324+00:00 finalArenaServer systemd[1]: Stopped redis-server.service - Advanced key-value store.
2025-12-16T14:23:01.098357+00:00 finalArenaServer systemd[1]: redis-server.service: Consumed 2.441s CPU time, 3.9M memory peak, 0B memory swap peak.
2025-12-16T14:23:01.315107+00:00 finalArenaServer systemd[1]: Reloading requested from client PID 7763 ('systemctl') (unit session-1.scope)...
2025-12-16T14:23:01.315234+00:00 finalArenaServer systemd[1]: Reloading...
2025-12-16T14:23:01.634681+00:00 finalArenaServer systemd[1]: Reloading finished in 316 ms.
2025-12-16T14:23:04.482233+00:00 finalArenaServer systemd[1]: Reloading requested from client PID 7839 ('systemctl') (unit session-1.scope)...
2025-12-16T14:23:04.482393+00:00 finalArenaServer systemd[1]: Reloading...
2025-12-16T14:23:04.778993+00:00 finalArenaServer systemd[1]: Reloading finished in 296 ms.
2025-12-16T14:23:04.834184+00:00 finalArenaServer systemd[1]: Starting apt-daily.service - Daily apt download activities...
2025-12-16T14:23:05.042506+00:00 finalArenaServer systemd[1]: apt-daily.service: Deactivated successfully.
2025-12-16T14:23:05.042565+00:00 finalArenaServer systemd[1]: Finished apt-daily.service - Daily apt download activities.
2025-12-16T14:23:05.066233+00:00 finalArenaServer systemd[1]: Reloading requested from client PID 7932 ('systemctl') (unit session-1.scope)...
2025-12-16T14:23:05.066291+00:00 finalArenaServer systemd[1]: Reloading...
2025-12-16T14:23:05.346437+00:00 finalArenaServer systemd[1]: Reloading finished in 281 ms.
2025-12-16T14:23:05.401986+00:00 finalArenaServer systemd[1]: Starting fwupd-refresh.service - Refresh fwupd metadata and update motd...
2025-12-16T14:23:05.475290+00:00 finalArenaServer systemd[1]: fwupd-refresh.service: Deactivated successfully.
2025-12-16T14:23:05.475401+00:00 finalArenaServer systemd[1]: Finished fwupd-refresh.service - Refresh fwupd metadata and update motd.
2025-12-16T14:23:05.904615+00:00 finalArenaServer dbus-daemon[619]: [system] Activating via systemd: service name='org.freedesktop.PackageKit' unit='packagekit.service' requested by ':1.27' (uid=0 pid=7993 comm="/usr/bin/gdbus call --system --dest org.freedeskto" label="unconfined")
2025-12-16T14:23:05.915989+00:00 finalArenaServer systemd[1]: Starting packagekit.service - PackageKit Daemon...
2025-12-16T14:23:05.931114+00:00 finalArenaServer PackageKit: daemon start
2025-12-16T14:23:05.986556+00:00 finalArenaServer dbus-daemon[619]: [system] Successfully activated service 'org.freedesktop.PackageKit'
2025-12-16T14:23:05.986623+00:00 finalArenaServer systemd[1]: Started packagekit.service - PackageKit Daemon.
2025-12-16T14:23:23.894230+00:00 finalArenaServer systemd[1]: Reloading requested from client PID 8126 ('systemctl') (unit session-1.scope)...
2025-12-16T14:23:23.895386+00:00 finalArenaServer systemd[1]: Reloading...
2025-12-16T14:23:24.160126+00:00 finalArenaServer systemd[1]: Reloading finished in 264 ms.
2025-12-16T14:23:24.352621+00:00 finalArenaServer systemd[1]: Reloading requested from client PID 8179 ('systemctl') (unit session-1.scope)...
2025-12-16T14:23:24.352681+00:00 finalArenaServer systemd[1]: Reloading...
2025-12-16T14:23:24.622755+00:00 finalArenaServer systemd[1]: Reloading finished in 269 ms.
2025-12-16T14:23:24.655459+00:00 finalArenaServer systemd[1]: Starting motd-news.service - Message of the Day...
2025-12-16T14:23:24.718746+00:00 finalArenaServer systemd[1]: Starting redis-server.service - Advanced key-value store...
2025-12-16T14:23:24.778760+00:00 finalArenaServer systemd[1]: Started redis-server.service - Advanced key-value store.
2025-12-16T14:23:28.745509+00:00 finalArenaServer 50-motd-news[8322]:  * Strictly confined Kubernetes makes edge and IoT secure. Learn how MicroK8s
2025-12-16T14:23:28.745580+00:00 finalArenaServer 50-motd-news[8322]:    just raised the bar for easy, resilient and secure K8s cluster deployment.
2025-12-16T14:23:28.745602+00:00 finalArenaServer 50-motd-news[8322]:    https://ubuntu.com/engage/secure-kubernetes-at-the-edge
2025-12-16T14:23:28.759258+00:00 finalArenaServer systemd[1]: motd-news.service: Deactivated successfully.
2025-12-16T14:23:28.759383+00:00 finalArenaServer systemd[1]: Finished motd-news.service - Message of the Day.
2025-12-16T14:24:11.888425+00:00 finalArenaServer kernel: workqueue: e1000_watchdog [e1000] hogged CPU for >10000us 32 times, consider switching to WQ_UNBOUND
2025-12-16T14:24:20.245614+00:00 finalArenaServer systemd[1]: Stopping apache2.service - The Apache HTTP Server...
2025-12-16T14:24:20.309740+00:00 finalArenaServer apachectl[8466]: AH00558: apache2: Could not reliably determine the server's fully qualified domain name, using fd17:625c:f037:2:a00:27ff:fe3f:3739. Set the 'ServerName' directive globally to suppress this message
2025-12-16T14:24:20.358058+00:00 finalArenaServer systemd[1]: apache2.service: Deactivated successfully.
2025-12-16T14:24:20.358162+00:00 finalArenaServer systemd[1]: Stopped apache2.service - The Apache HTTP Server.
2025-12-16T14:24:20.366621+00:00 finalArenaServer systemd[1]: Starting apache2.service - The Apache HTTP Server...
2025-12-16T14:24:20.413359+00:00 finalArenaServer apachectl[8473]: AH00558: apache2: Could not reliably determine the server's fully qualified domain name, using fd17:625c:f037:2:a00:27ff:fe3f:3739. Set the 'ServerName' directive globally to suppress this message
2025-12-16T14:24:20.421780+00:00 finalArenaServer systemd[1]: Started apache2.service - The Apache HTTP Server.
2025-12-16T14:25:01.883629+00:00 finalArenaServer CRON[8483]: (root) CMD (command -v debian-sa1 > /dev/null && debian-sa1 1 1)
2025-12-16T14:27:54.080796+00:00 finalArenaServer php8.3-redis: php_invoke redis postrm: No action required for PHP 8.3 apache2 sapi
2025-12-16T14:27:54.100744+00:00 finalArenaServer php8.3-redis: php_invoke redis postrm: No action required for PHP 8.3 cli sapi
2025-12-16T14:28:02.789278+00:00 finalArenaServer php8.3-redis: php_invoke redis: no action - module was disabled by maintainer for PHP 8.3 apache2 sapi
2025-12-16T14:30:08.875835+00:00 finalArenaServer systemd[1]: Starting sysstat-collect.service - system activity accounting tool...
2025-12-16T14:30:08.896721+00:00 finalArenaServer systemd[1]: sysstat-collect.service: Deactivated successfully.
2025-12-16T14:30:08.897198+00:00 finalArenaServer systemd[1]: Finished sysstat-collect.service - system activity accounting tool.
2025-12-16T14:33:06.883098+00:00 finalArenaServer PackageKit: daemon quit
2025-12-16T14:33:06.910288+00:00 finalArenaServer systemd[1]: packagekit.service: Deactivated successfully.
2025-12-16T14:35:01.601627+00:00 finalArenaServer CRON[9009]: (root) CMD (command -v debian-sa1 > /dev/null && debian-sa1 1 1)
2025-12-16T14:35:06.931517+00:00 finalArenaServer kernel: workqueue: blk_mq_run_work_fn hogged CPU for >10000us 32 times, consider switching to WQ_UNBOUND
2025-12-16T14:39:01.083201+00:00 finalArenaServer CRON[9101]: (root) CMD (  [ -x /usr/lib/php/sessionclean ] && if [ ! -d /run/systemd/system ]; then /usr/lib/php/sessionclean; fi)
2025-12-16T14:39:01.083363+00:00 finalArenaServer systemd[1]: Starting phpsessionclean.service - Clean php session files...
2025-12-16T14:39:01.250882+00:00 finalArenaServer systemd[1]: phpsessionclean.service: Deactivated successfully.
2025-12-16T14:39:01.250999+00:00 finalArenaServer systemd[1]: Finished phpsessionclean.service - Clean php session files.
2025-12-16T14:39:07.964591+00:00 finalArenaServer systemd[1]: Stopping apache2.service - The Apache HTTP Server...
2025-12-16T14:39:08.021416+00:00 finalArenaServer apachectl[9183]: AH00558: apache2: Could not reliably determine the server's fully qualified domain name, using fd17:625c:f037:2:a00:27ff:fe3f:3739. Set the 'ServerName' directive globally to suppress this message
2025-12-16T14:39:08.051028+00:00 finalArenaServer systemd[1]: apache2.service: Deactivated successfully.
2025-12-16T14:39:08.051094+00:00 finalArenaServer systemd[1]: Stopped apache2.service - The Apache HTTP Server.
2025-12-16T14:39:08.071777+00:00 finalArenaServer systemd[1]: Starting apache2.service - The Apache HTTP Server...
2025-12-16T14:39:08.109357+00:00 finalArenaServer apachectl[9190]: AH00558: apache2: Could not reliably determine the server's fully qualified domain name, using fd17:625c:f037:2:a00:27ff:fe3f:3739. Set the 'ServerName' directive globally to suppress this message
2025-12-16T14:39:08.118102+00:00 finalArenaServer systemd[1]: Started apache2.service - The Apache HTTP Server.2025-12-18T13:56:13.132234+00:00 finalArenaServer kernel: workqueue: drm_fb_helper_damage_work hogged CPU for >10000us 4 times, consider switching to WQ_UNBOUND
2025-12-18T14:00:06.939512+00:00 finalArenaServer systemd[1]: Starting sysstat-collect.service - system activity accounting tool...
2025-12-18T14:00:07.268801+00:00 finalArenaServer systemd[1]: Starting update-notifier-download.service - Download data for packages that failed at package install time...
2025-12-18T14:00:07.272174+00:00 finalArenaServer systemd[1]: sysstat-collect.service: Deactivated successfully.
2025-12-18T14:00:07.276422+00:00 finalArenaServer systemd[1]: Finished sysstat-collect.service - system activity accounting tool.
2025-12-18T14:00:08.068415+00:00 finalArenaServer systemd[1]: update-notifier-download.service: Deactivated successfully.
2025-12-18T14:00:08.071422+00:00 finalArenaServer systemd[1]: Finished update-notifier-download.service - Download data for packages that failed at package install time.
2025-12-18T14:00:12.903292+00:00 finalArenaServer kernel: workqueue: blk_mq_run_work_fn hogged CPU for >10000us 32 times, consider switching to WQ_UNBOUND
2025-12-18T14:00:55.116579+00:00 finalArenaServer systemd[1210]: launchpadlib-cache-clean.service - Clean up old files in the Launchpadlib cache was skipped because of an unmet condition check (ConditionPathExists=/home/vboxuser/.launchpadlib/api.launchpad.net/cache).
2025-12-18T14:02:22.170799+00:00 finalArenaServer systemd[1]: Stopping apache2.service - The Apache HTTP Server...
2025-12-18T14:02:22.274637+00:00 finalArenaServer apachectl[1821]: AH00558: apache2: Could not reliably determine the server's fully qualified domain name, using fd17:625c:f037:2:a00:27ff:fe3f:3739. Set the 'ServerName' directive globally to suppress this message
2025-12-18T14:02:22.371315+00:00 finalArenaServer systemd[1]: apache2.service: Deactivated successfully.
2025-12-18T14:02:22.372586+00:00 finalArenaServer systemd[1]: Stopped apache2.service - The Apache HTTP Server.
2025-12-18T14:02:22.372671+00:00 finalArenaServer systemd[1]: apache2.service: Consumed 4.243s CPU time.
2025-12-18T14:02:22.405011+00:00 finalArenaServer systemd[1]: Starting apache2.service - The Apache HTTP Server...
2025-12-18T14:02:22.466419+00:00 finalArenaServer apachectl[1828]: AH00558: apache2: Could not reliably determine the server's fully qualified domain name, using fd17:625c:f037:2:a00:27ff:fe3f:3739. Set the 'ServerName' directive globally to suppress this message
2025-12-18T14:02:22.497478+00:00 finalArenaServer systemd[1]: Started apache2.service - The Apache HTTP Server.
2025-12-18T14:04:29.353436+00:00 finalArenaServer systemd[1]: Starting redis-server.service - Advanced key-value store...
2025-12-18T14:04:29.425846+00:00 finalArenaServer systemd[1]: Started redis-server.service - Advanced key-value store.
2025-12-18T14:05:01.976003+00:00 finalArenaServer CRON[1877]: (root) CMD (command -v debian-sa1 > /dev/null && debian-sa1 1 1)
2025-12-18T14:06:51.262341+00:00 finalArenaServer kernel: lo: entered promiscuous mode
2025-12-18T14:07:00.751693+00:00 finalArenaServer kernel: lo: left promiscuous mode
2025-12-18T14:09:01.094487+00:00 finalArenaServer CRON[1948]: (root) CMD (  [ -x /usr/lib/php/sessionclean ] && if [ ! -d /run/systemd/system ]; then /usr/lib/php/sessionclean; fi)
2025-12-18T14:09:08.765525+00:00 finalArenaServer systemd[1]: Starting phpsessionclean.service - Clean php session files...
2025-12-18T14:09:09.160528+00:00 finalArenaServer systemd[1]: phpsessionclean.service: Deactivated successfully.
2025-12-18T14:09:09.165596+00:00 finalArenaServer systemd[1]: Finished phpsessionclean.service - Clean php session files.
2025-12-18T14:09:47.474681+00:00 finalArenaServer systemd[1]: Starting systemd-tmpfiles-clean.service - Cleanup of Temporary Directories...
2025-12-18T14:09:47.657501+00:00 finalArenaServer systemd[1]: systemd-tmpfiles-clean.service: Deactivated successfully.
2025-12-18T14:09:47.658137+00:00 finalArenaServer systemd[1]: Finished systemd-tmpfiles-clean.service - Cleanup of Temporary Directories.
2025-12-18T14:10:08.645703+00:00 finalArenaServer systemd[1]: Starting sysstat-collect.service - system activity accounting tool...
2025-12-18T14:10:08.664489+00:00 finalArenaServer systemd[1]: sysstat-collect.service: Deactivated successfully.
2025-12-18T14:10:08.664669+00:00 finalArenaServer systemd[1]: Finished sysstat-collect.service - system activity accounting tool.2025-12-17T13:53:47.634463+00:00 finalArenaServer kernel: workqueue: blk_mq_run_work_fn hogged CPU for >10000us 32 times, consider switching to WQ_UNBOUND
2025-12-17T13:53:48.237310+00:00 finalArenaServer kernel: workqueue: e1000_watchdog [e1000] hogged CPU for >10000us 8 times, consider switching to WQ_UNBOUND
2025-12-17T13:53:51.285462+00:00 finalArenaServer kernel: clocksource: Long readout interval, skipping watchdog check: cs_nsec: 1012610509 wd_nsec: 1012610661
2025-12-17T13:54:03.958904+00:00 finalArenaServer kernel: workqueue: drm_fb_helper_damage_work hogged CPU for >10000us 8 times, consider switching to WQ_UNBOUND
2025-12-17T13:54:10.105242+00:00 finalArenaServer kernel: clocksource: Long readout interval, skipping watchdog check: cs_nsec: 2143888369 wd_nsec: 2143887949
2025-12-17T13:55:01.260359+00:00 finalArenaServer CRON[1550]: (root) CMD (command -v debian-sa1 > /dev/null && debian-sa1 1 1)
2025-12-17T13:58:15.495933+00:00 finalArenaServer systemd[1099]: launchpadlib-cache-clean.service - Clean up old files in the Launchpadlib cache was skipped because of an unmet condition check (ConditionPathExists=/home/vboxuser/.launchpadlib/api.launchpad.net/cache).
2025-12-17T13:58:15.519953+00:00 finalArenaServer systemd[1]: Starting update-notifier-download.service - Download data for packages that failed at package install time...
2025-12-17T13:58:15.735159+00:00 finalArenaServer systemd[1]: update-notifier-download.service: Deactivated successfully.
2025-12-17T13:58:15.736325+00:00 finalArenaServer systemd[1]: Finished update-notifier-download.service - Download data for packages that failed at package install time.
2025-12-17T13:59:30.103345+00:00 finalArenaServer kernel: clocksource: Long readout interval, skipping watchdog check: cs_nsec: 5722874154 wd_nsec: 5722873751
2025-12-17T14:00:15.497291+00:00 finalArenaServer systemd[1]: Starting sysstat-collect.service - system activity accounting tool...
2025-12-17T14:00:15.527224+00:00 finalArenaServer systemd[1]: sysstat-collect.service: Deactivated successfully.
2025-12-17T14:00:15.527457+00:00 finalArenaServer systemd[1]: Finished sysstat-collect.service - system activity accounting tool.
2025-12-17T14:01:33.642602+00:00 finalArenaServer kernel: workqueue: e1000_watchdog [e1000] hogged CPU for >10000us 16 times, consider switching to WQ_UNBOUND