2026-03-05T14:35:01.361311+00:00 arena-wp CRON[1581]: (root) CMD (command -v debian-sa1 > /dev/null && debian-sa1 1 1)
2026-03-05T14:35:08.004444+00:00 arena-wp kernel: workqueue: e1000_watchdog [e1000] hogged CPU for >10000us 4 times, consider switching to WQ_UNBOUND
2026-03-05T14:36:17.368753+00:00 arena-wp systemd[1]: Starting update-notifier-download.service - Download data for packages that failed at package install time...
2026-03-05T14:36:17.581899+00:00 arena-wp systemd[1]: update-notifier-download.service: Deactivated successfully.
2026-03-05T14:36:17.582383+00:00 arena-wp systemd[1]: Finished update-notifier-download.service - Download data for packages that failed at package install time.
2026-03-05T14:38:28.020889+00:00 arena-wp systemd[1452]: launchpadlib-cache-clean.service - Clean up old files in the Launchpadlib cache was skipped because of an unmet condition check (ConditionPathExists=/home/vboxuser/.launchpadlib/api.launchpad.net/cache).
2026-03-05T14:39:00.248931+00:00 arena-wp systemd[1]: Starting phpsessionclean.service - Clean php session files...
2026-03-05T14:39:00.540088+00:00 arena-wp systemd[1]: phpsessionclean.service: Deactivated successfully.
2026-03-05T14:39:00.540246+00:00 arena-wp systemd[1]: Finished phpsessionclean.service - Clean php session files.
2026-03-05T14:39:01.398703+00:00 arena-wp CRON[1663]: (root) CMD (  [ -x /usr/lib/php/sessionclean ] && if [ ! -d /run/systemd/system ]; then /usr/lib/php/sessionclean; fi)
2026-03-05T14:40:26.561889+00:00 arena-wp systemd[1]: Starting sysstat-collect.service - system activity accounting tool...
2026-03-05T14:40:26.570618+00:00 arena-wp systemd[1]: sysstat-collect.service: Deactivated successfully.
2026-03-05T14:40:26.571799+00:00 arena-wp systemd[1]: Finished sysstat-collect.service - system activity accounting tool.
2026-03-05T14:43:06.803630+00:00 arena-wp kernel: workqueue: drm_fb_helper_damage_work hogged CPU for >10000us 4 times, consider switching to WQ_UNBOUND
2026-03-05T14:45:01.419803+00:00 arena-wp CRON[1701]: (root) CMD (command -v debian-sa1 > /dev/null && debian-sa1 1 1)
2026-03-05T14:45:13.840970+00:00 arena-wp systemd[1]: Reloading apache2.service - The Apache HTTP Server...
2026-03-05T14:45:13.986465+00:00 arena-wp apachectl[1708]: AH00558: apache2: Could not reliably determine the server's fully qualified domain name, using fd17:625c:f037:2:a00:27ff:fed8:540d. Set the 'ServerName' directive globally to suppress this message
2026-03-05T14:45:14.154822+00:00 arena-wp systemd[1]: Reloaded apache2.service - The Apache HTTP Server.
2026-03-05T14:46:17.471844+00:00 arena-wp systemd[1]: Starting systemd-tmpfiles-clean.service - Cleanup of Temporary Directories...
2026-03-05T14:46:17.511936+00:00 arena-wp systemd[1]: systemd-tmpfiles-clean.service: Deactivated successfully.
2026-03-05T14:46:17.512077+00:00 arena-wp systemd[1]: Finished systemd-tmpfiles-clean.service - Cleanup of Temporary Directories.
2026-03-05T14:47:26.855848+00:00 arena-wp systemd[1]: Reloading apache2.service - The Apache HTTP Server...
2026-03-05T14:47:26.988407+00:00 arena-wp apachectl[1741]: AH00558: apache2: Could not reliably determine the server's fully qualified domain name, using fd17:625c:f037:2:a00:27ff:fed8:540d. Set the 'ServerName' directive globally to suppress this message
2026-03-05T14:47:27.030290+00:00 arena-wp systemd[1]: Reloaded apache2.service - The Apache HTTP Server.
2026-03-05T14:50:26.565639+00:00 arena-wp systemd[1]: Starting sysstat-collect.service - system activity accounting tool...
2026-03-05T14:50:26.582763+00:00 arena-wp systemd[1]: sysstat-collect.service: Deactivated successfully.
2026-03-05T14:50:26.582846+00:00 arena-wp systemd[1]: Finished sysstat-collect.service - system activity accounting tool.