2025-12-17T09:42:32.035009+00:00 finalArenaServer systemd[1]: Starting update-notifier-download.service - Download data for packages that failed at package install time...
2025-12-17T09:42:32.258983+00:00 finalArenaServer systemd[1]: update-notifier-download.service: Deactivated successfully.
2025-12-17T09:42:32.260349+00:00 finalArenaServer systemd[1]: Finished update-notifier-download.service - Download data for packages that failed at package install time.
2025-12-17T09:43:53.176137+00:00 finalArenaServer systemd[1177]: launchpadlib-cache-clean.service - Clean up old files in the Launchpadlib cache was skipped because of an unmet condition check (ConditionPathExists=/home/vboxuser/.launchpadlib/api.launchpad.net/cache).
2025-12-17T09:45:01.093360+00:00 finalArenaServer CRON[1657]: (root) CMD (command -v debian-sa1 > /dev/null && debian-sa1 1 1)
2025-12-17T09:47:06.302377+00:00 finalArenaServer systemd[1]: Stopping apache2.service - The Apache HTTP Server...
2025-12-17T09:47:06.371997+00:00 finalArenaServer apachectl[1715]: AH00558: apache2: Could not reliably determine the server's fully qualified domain name, using fd17:625c:f037:2:a00:27ff:fe3f:3739. Set the 'ServerName' directive globally to suppress this message
2025-12-17T09:47:06.445863+00:00 finalArenaServer systemd[1]: apache2.service: Deactivated successfully.
2025-12-17T09:47:06.446026+00:00 finalArenaServer systemd[1]: Stopped apache2.service - The Apache HTTP Server.
2025-12-17T09:47:06.446103+00:00 finalArenaServer systemd[1]: apache2.service: Consumed 2.295s CPU time.
2025-12-17T09:47:06.459842+00:00 finalArenaServer systemd[1]: Starting apache2.service - The Apache HTTP Server...
2025-12-17T09:47:06.537337+00:00 finalArenaServer apachectl[1722]: AH00558: apache2: Could not reliably determine the server's fully qualified domain name, using fd17:625c:f037:2:a00:27ff:fe3f:3739. Set the 'ServerName' directive globally to suppress this message
2025-12-17T09:47:06.559767+00:00 finalArenaServer systemd[1]: Started apache2.service - The Apache HTTP Server.
2025-12-17T09:47:10.825094+00:00 finalArenaServer kernel: workqueue: drm_fb_helper_damage_work hogged CPU for >10000us 4 times, consider switching to WQ_UNBOUND
2025-12-17T09:47:13.193580+00:00 finalArenaServer systemd[1]: Starting fwupd-refresh.service - Refresh fwupd metadata and update motd...
2025-12-17T09:47:13.373783+00:00 finalArenaServer dbus-daemon[622]: [system] Activating via systemd: service name='org.freedesktop.fwupd' unit='fwupd.service' requested by ':1.21' (uid=989 pid=1734 comm="/usr/bin/fwupdmgr refresh" label="unconfined")
2025-12-17T09:47:13.389200+00:00 finalArenaServer systemd[1]: Starting fwupd.service - Firmware update daemon...
2025-12-17T09:47:14.138887+00:00 finalArenaServer dbus-daemon[622]: [system] Activating via systemd: service name='org.freedesktop.UPower' unit='upower.service' requested by ':1.22' (uid=0 pid=1739 comm="/usr/libexec/fwupd/fwupd" label="unconfined")
2025-12-17T09:47:14.159817+00:00 finalArenaServer systemd[1]: Starting upower.service - Daemon for power management...
2025-12-17T09:47:14.521058+00:00 finalArenaServer dbus-daemon[622]: [system] Successfully activated service 'org.freedesktop.UPower'
2025-12-17T09:47:14.521909+00:00 finalArenaServer systemd[1]: Started upower.service - Daemon for power management.
2025-12-17T09:47:14.665691+00:00 finalArenaServer fwupd[1739]: 09:47:14.664 FuEngine             failed to add device /sys/devices/pci0000:00/0000:00:01.1/ata2/host1/target1:0:0/1:0:0:0/block/sr0: failed to open /dev/sr0: No medium found
2025-12-17T09:47:14.760376+00:00 finalArenaServer fwupd[1739]: 09:47:14.759 FuMain               fwupd 1.9.30 ready for requests (locale en_US.UTF-8)
2025-12-17T09:47:14.762296+00:00 finalArenaServer dbus-daemon[622]: [system] Successfully activated service 'org.freedesktop.fwupd'
2025-12-17T09:47:14.763621+00:00 finalArenaServer systemd[1]: Started fwupd.service - Firmware update daemon.
2025-12-17T09:47:14.801204+00:00 finalArenaServer fwupdmgr[1734]: Updating lvfs
2025-12-17T09:47:21.004890+00:00 finalArenaServer fwupdmgr[1734]: Successfully downloaded new metadata: 0 local devices supported
2025-12-17T09:47:21.214363+00:00 finalArenaServer systemd[1]: fwupd-refresh.service: Deactivated successfully.
2025-12-17T09:47:21.221672+00:00 finalArenaServer systemd[1]: Finished fwupd-refresh.service - Refresh fwupd metadata and update motd.
2025-12-17T09:47:22.351968+00:00 finalArenaServer kernel: workqueue: e1000_watchdog [e1000] hogged CPU for >10000us 4 times, consider switching to WQ_UNBOUND