2026-03-09T13:39:01.120353+00:00 arena-wp CRON[1431]: pam_unix(cron:session): session opened for user root(uid=0) by root(uid=0)
2026-03-09T13:39:01.130859+00:00 arena-wp CRON[1431]: pam_unix(cron:session): session closed for user root
2026-03-09T13:40:36.001403+00:00 arena-wp sudo:     root : TTY=pts/1 ; PWD=/root ; USER=root ; COMMAND=/usr/bin/vim /var/www/wordpress/.htaccess
2026-03-09T13:40:36.003051+00:00 arena-wp sudo: pam_unix(sudo:session): session opened for user root(uid=0) by vboxuser(uid=0)
2026-03-09T13:40:41.192609+00:00 arena-wp sudo: pam_unix(sudo:session): session closed for user root
2026-03-09T13:44:57.598182+00:00 arena-wp sudo:     root : TTY=pts/1 ; PWD=/root ; USER=root ; COMMAND=/usr/bin/vim /var/www/wordpress/.htaccess
2026-03-09T13:44:57.599340+00:00 arena-wp sudo: pam_unix(sudo:session): session opened for user root(uid=0) by vboxuser(uid=0)
2026-03-09T13:45:01.228459+00:00 arena-wp CRON[1554]: pam_unix(cron:session): session opened for user root(uid=0) by root(uid=0)
2026-03-09T13:45:01.258446+00:00 arena-wp CRON[1554]: pam_unix(cron:session): session closed for user root
2026-03-09T13:45:03.333516+00:00 arena-wp sudo: pam_unix(sudo:session): session closed for user root
2026-03-09T13:55:01.487849+00:00 arena-wp CRON[1418]: pam_unix(cron:session): session opened for user root(uid=0) by root(uid=0)
2026-03-09T13:55:01.504364+00:00 arena-wp CRON[1418]: pam_unix(cron:session): session closed for user root
2026-03-09T14:09:01.807688+00:00 arena-wp CRON[1404]: pam_unix(cron:session): session opened for user root(uid=0) by root(uid=0)
2026-03-09T14:09:01.840986+00:00 arena-wp CRON[1404]: pam_unix(cron:session): session closed for user root
2026-03-09T20:55:01.379790+00:00 arena-wp CRON[1378]: pam_unix(cron:session): session opened for user root(uid=0) by root(uid=0)
2026-03-09T20:55:01.391423+00:00 arena-wp CRON[1378]: pam_unix(cron:session): session closed for user root
2026-03-09T20:59:25.836402+00:00 arena-wp sudo:     root : TTY=pts/1 ; PWD=/root ; USER=root ; COMMAND=/usr/bin/vim /var/www/wordpress/wp-config.php
2026-03-09T20:59:25.840004+00:00 arena-wp sudo: pam_unix(sudo:session): session opened for user root(uid=0) by vboxuser(uid=0)
2026-03-09T20:59:31.537063+00:00 arena-wp sudo: pam_unix(sudo:session): session closed for user root
2026-03-09T21:00:44.451377+00:00 arena-wp sudo:     root : TTY=pts/1 ; PWD=/root ; USER=root ; COMMAND=/usr/bin/vim /var/www/wordpress/wp-config.php
2026-03-09T21:00:44.452533+00:00 arena-wp sudo: pam_unix(sudo:session): session opened for user root(uid=0) by vboxuser(uid=0)
2026-03-09T21:00:49.896914+00:00 arena-wp sudo: pam_unix(sudo:session): session closed for user root
2026-03-09T21:05:01.250615+00:00 arena-wp CRON[1517]: pam_unix(cron:session): session opened for user root(uid=0) by root(uid=0)
2026-03-09T21:05:01.265740+00:00 arena-wp CRON[1517]: pam_unix(cron:session): session closed for user root
2026-03-09T21:08:49.812560+00:00 arena-wp sudo:     root : TTY=pts/1 ; PWD=/root ; USER=root ; COMMAND=/usr/bin/vim /var/www/wordpress/wp-config.php
2026-03-09T21:08:49.864729+00:00 arena-wp sudo: pam_unix(sudo:session): session opened for user root(uid=0) by vboxuser(uid=0)
2026-03-09T21:08:55.110114+00:00 arena-wp sudo: pam_unix(sudo:session): session closed for user root
2026-03-09T21:09:01.433475+00:00 arena-wp CRON[1563]: pam_unix(cron:session): session opened for user root(uid=0) by root(uid=0)
2026-03-09T21:09:01.439048+00:00 arena-wp CRON[1563]: pam_unix(cron:session): session closed for user root
