2026-03-09T13:38:12.909248+00:00 arena-wp kernel: clocksource: Long readout interval, skipping watchdog check: cs_nsec: 5002896273 wd_nsec: 5002896179
2026-03-09T13:38:59.086553+00:00 arena-wp systemd[1]: Stopping apache2.service - The Apache HTTP Server...
2026-03-09T13:38:59.138025+00:00 arena-wp apachectl[1417]: AH00558: apache2: Could not reliably determine the server's fully qualified domain name, using fd17:625c:f037:2:a00:27ff:fed8:540d. Set the 'ServerName' directive globally to suppress this message
2026-03-09T13:38:59.528304+00:00 arena-wp systemd[1]: apache2.service: Deactivated successfully.
2026-03-09T13:38:59.528504+00:00 arena-wp systemd[1]: Stopped apache2.service - The Apache HTTP Server.
2026-03-09T13:38:59.528610+00:00 arena-wp systemd[1]: apache2.service: Consumed 2.398s CPU time.
2026-03-09T13:38:59.538837+00:00 arena-wp systemd[1]: Starting apache2.service - The Apache HTTP Server...
2026-03-09T13:38:59.585887+00:00 arena-wp apachectl[1423]: AH00558: apache2: Could not reliably determine the server's fully qualified domain name, using fd17:625c:f037:2:a00:27ff:fed8:540d. Set the 'ServerName' directive globally to suppress this message
2026-03-09T13:38:59.595509+00:00 arena-wp systemd[1]: Started apache2.service - The Apache HTTP Server.
2026-03-09T13:39:01.120904+00:00 arena-wp CRON[1432]: (root) CMD (  [ -x /usr/lib/php/sessionclean ] && if [ ! -d /run/systemd/system ]; then /usr/lib/php/sessionclean; fi)
2026-03-09T13:39:05.742098+00:00 arena-wp systemd[1]: Starting phpsessionclean.service - Clean php session files...
2026-03-09T13:39:05.946820+00:00 arena-wp systemd[1]: phpsessionclean.service: Deactivated successfully.
2026-03-09T13:39:05.946917+00:00 arena-wp systemd[1]: Finished phpsessionclean.service - Clean php session files.
2026-03-09T13:40:03.283261+00:00 arena-wp systemd[1]: Starting sysstat-collect.service - system activity accounting tool...
2026-03-09T13:40:03.301160+00:00 arena-wp systemd[1]: sysstat-collect.service: Deactivated successfully.
2026-03-09T13:40:03.301488+00:00 arena-wp systemd[1]: Finished sysstat-collect.service - system activity accounting tool.
2026-03-09T13:40:49.688640+00:00 arena-wp systemd[1]: Reloading apache2.service - The Apache HTTP Server...
2026-03-09T13:40:49.806906+00:00 arena-wp apachectl[1515]: AH00558: apache2: Could not reliably determine the server's fully qualified domain name, using fd17:625c:f037:2:a00:27ff:fed8:540d. Set the 'ServerName' directive globally to suppress this message
2026-03-09T13:40:49.877485+00:00 arena-wp systemd[1]: Reloaded apache2.service - The Apache HTTP Server.
2026-03-09T13:41:28.579860+00:00 arena-wp systemd[1]: Starting update-notifier-download.service - Download data for packages that failed at package install time...
2026-03-09T13:41:28.757183+00:00 arena-wp systemd[1]: update-notifier-download.service: Deactivated successfully.
2026-03-09T13:41:28.757402+00:00 arena-wp systemd[1]: Finished update-notifier-download.service - Download data for packages that failed at package install time.
2026-03-09T13:43:03.269523+00:00 arena-wp systemd[1302]: launchpadlib-cache-clean.service - Clean up old files in the Launchpadlib cache was skipped because of an unmet condition check (ConditionPathExists=/home/vboxuser/.launchpadlib/api.launchpad.net/cache).
2026-03-09T13:45:01.231414+00:00 arena-wp CRON[1555]: (root) CMD (command -v debian-sa1 > /dev/null && debian-sa1 1 1)
2026-03-09T13:45:13.314960+00:00 arena-wp systemd[1]: Reloading apache2.service - The Apache HTTP Server...
2026-03-09T13:45:13.445656+00:00 arena-wp apachectl[1563]: AH00558: apache2: Could not reliably determine the server's fully qualified domain name, using fd17:625c:f037:2:a00:27ff:fed8:540d. Set the 'ServerName' directive globally to suppress this message
2026-03-09T13:45:13.488412+00:00 arena-wp systemd[1]: Reloaded apache2.service - The Apache HTTP Server.
2026-03-09T13:47:35.143209+00:00 arena-wp mariadbd[898]: 2026-03-09 13:47:35 31 [Warning] Access denied for user 'wp_admin'@'localhost' (using password: YES)
2026-03-09T13:48:53.407382+00:00 arena-wp mariadbd[898]: 2026-03-09 13:48:53 32 [Warning] Access denied for user 'wp_admin'@'localhost' (using password: YES)
2026-03-09T13:50:06.167806+00:00 arena-wp systemd[1]: Starting sysstat-collect.service - system activity accounting tool...
2026-03-09T13:50:06.195267+00:00 arena-wp systemd[1]: sysstat-collect.service: Deactivated successfully.
2026-03-09T13:50:06.197039+00:00 arena-wp systemd[1]: Finished sysstat-collect.service - system activity accounting tool.
2026-03-09T13:51:50.859193+00:00 arena-wp systemd[1]: systemd-hostnamed.service: Deactivated successfully.
2026-03-09T13:51:54.693126+00:00 arena-wp systemd[1]: systemd-timedated.service: Deactivated successfully.
2026-03-09T13:51:54.963320+00:00 arena-wp kernel: clocksource: Long readout interval, skipping watchdog check: cs_nsec: 5489753138 wd_nsec: 5489753009
2026-03-09T13:51:56.447643+00:00 arena-wp systemd-timesyncd[444]: Contacted time server 162.159.200.1:123 (2.ubuntu.pool.ntp.org).
2026-03-09T13:51:56.448272+00:00 arena-wp systemd-timesyncd[444]: Initial clock synchronization to Mon 2026-03-09 13:51:56.443197 UTC.
2026-03-09T13:51:56.450619+00:00 arena-wp systemd-resolved[440]: Clock change detected. Flushing caches.
2026-03-09T13:55:01.489416+00:00 arena-wp CRON[1419]: (root) CMD (command -v debian-sa1 > /dev/null && debian-sa1 1 1)
2026-03-09T13:56:46.478617+00:00 arena-wp systemd[1]: Starting update-notifier-download.service - Download data for packages that failed at package install time...
2026-03-09T13:56:46.659279+00:00 arena-wp systemd[1]: update-notifier-download.service: Deactivated successfully.
2026-03-09T13:56:46.659552+00:00 arena-wp systemd[1]: Finished update-notifier-download.service - Download data for packages that failed at package install time.
2026-03-09T13:56:56.464594+00:00 arena-wp systemd[1286]: launchpadlib-cache-clean.service - Clean up old files in the Launchpadlib cache was skipped because of an unmet condition check (ConditionPathExists=/home/vboxuser/.launchpadlib/api.launchpad.net/cache).
2026-03-09T14:00:33.355761+00:00 arena-wp systemd[1]: Starting sysstat-collect.service - system activity accounting tool...
2026-03-09T14:00:33.373294+00:00 arena-wp systemd[1]: sysstat-collect.service: Deactivated successfully.
2026-03-09T14:00:33.374206+00:00 arena-wp systemd[1]: Finished sysstat-collect.service - system activity accounting tool.
2026-03-09T14:07:09.921514+00:00 arena-wp kernel: workqueue: drm_fb_helper_damage_work hogged CPU for >10000us 4 times, consider switching to WQ_UNBOUND
2026-03-09T14:08:27.757554+00:00 arena-wp kernel: workqueue: drm_fb_helper_damage_work hogged CPU for >10000us 8 times, consider switching to WQ_UNBOUND
2026-03-09T14:09:01.827056+00:00 arena-wp CRON[1405]: (root) CMD (  [ -x /usr/lib/php/sessionclean ] && if [ ! -d /run/systemd/system ]; then /usr/lib/php/sessionclean; fi)
2026-03-09T14:09:01.831478+00:00 arena-wp systemd[1]: Starting phpsessionclean.service - Clean php session files...
2026-03-09T14:09:02.113826+00:00 arena-wp systemd[1]: phpsessionclean.service: Deactivated successfully.
2026-03-09T14:09:02.113960+00:00 arena-wp systemd[1]: Finished phpsessionclean.service - Clean php session files.
2026-03-09T14:10:03.983092+00:00 arena-wp systemd[1]: Starting sysstat-collect.service - system activity accounting tool...
2026-03-09T14:10:04.029165+00:00 arena-wp systemd[1]: sysstat-collect.service: Deactivated successfully.
2026-03-09T14:10:04.030745+00:00 arena-wp systemd[1]: Finished sysstat-collect.service - system activity accounting tool.
2026-03-09T20:55:01.380395+00:00 arena-wp CRON[1379]: (root) CMD (command -v debian-sa1 > /dev/null && debian-sa1 1 1)
2026-03-09T20:55:15.997011+00:00 arena-wp kernel: workqueue: e1000_watchdog [e1000] hogged CPU for >10000us 4 times, consider switching to WQ_UNBOUND
2026-03-09T20:57:59.600859+00:00 arena-wp kernel: workqueue: e1000_watchdog [e1000] hogged CPU for >10000us 8 times, consider switching to WQ_UNBOUND
2026-03-09T20:58:05.809545+00:00 arena-wp systemd[1]: Starting update-notifier-download.service - Download data for packages that failed at package install time...
2026-03-09T20:58:05.999853+00:00 arena-wp systemd[1]: update-notifier-download.service: Deactivated successfully.
2026-03-09T20:58:06.000072+00:00 arena-wp systemd[1]: Finished update-notifier-download.service - Download data for packages that failed at package install time.
2026-03-09T20:59:05.778296+00:00 arena-wp systemd[1285]: launchpadlib-cache-clean.service - Clean up old files in the Launchpadlib cache was skipped because of an unmet condition check (ConditionPathExists=/home/vboxuser/.launchpadlib/api.launchpad.net/cache).
2026-03-09T20:59:51.171001+00:00 arena-wp systemd[1]: Reloading apache2.service - The Apache HTTP Server...
2026-03-09T20:59:51.375871+00:00 arena-wp apachectl[1434]: AH00558: apache2: Could not reliably determine the server's fully qualified domain name, using fd17:625c:f037:2:a00:27ff:fed8:540d. Set the 'ServerName' directive globally to suppress this message
2026-03-09T20:59:51.416891+00:00 arena-wp systemd[1]: Reloaded apache2.service - The Apache HTTP Server.
2026-03-09T21:00:12.699714+00:00 arena-wp systemd[1]: Starting sysstat-collect.service - system activity accounting tool...
2026-03-09T21:00:12.710701+00:00 arena-wp systemd[1]: sysstat-collect.service: Deactivated successfully.
2026-03-09T21:00:12.710859+00:00 arena-wp systemd[1]: Finished sysstat-collect.service - system activity accounting tool.
2026-03-09T21:01:10.997282+00:00 arena-wp systemd[1]: Reloading apache2.service - The Apache HTTP Server...
2026-03-09T21:01:11.168852+00:00 arena-wp apachectl[1457]: AH00558: apache2: Could not reliably determine the server's fully qualified domain name, using fd17:625c:f037:2:a00:27ff:fed8:540d. Set the 'ServerName' directive globally to suppress this message
2026-03-09T21:01:11.210575+00:00 arena-wp systemd[1]: Reloaded apache2.service - The Apache HTTP Server.
2026-03-09T21:01:36.056958+00:00 arena-wp kernel: workqueue: e1000_watchdog [e1000] hogged CPU for >10000us 16 times, consider switching to WQ_UNBOUND
2026-03-09T21:03:33.610431+00:00 arena-wp systemd[1]: Reloading apache2.service - The Apache HTTP Server...
2026-03-09T21:03:33.770379+00:00 arena-wp apachectl[1489]: AH00558: apache2: Could not reliably determine the server's fully qualified domain name, using fd17:625c:f037:2:a00:27ff:fed8:540d. Set the 'ServerName' directive globally to suppress this message
2026-03-09T21:03:33.811740+00:00 arena-wp systemd[1]: Reloaded apache2.service - The Apache HTTP Server.
2026-03-09T21:04:17.927426+00:00 arena-wp systemd[1]: Reloading apache2.service - The Apache HTTP Server...
2026-03-09T21:04:18.055872+00:00 arena-wp apachectl[1504]: AH00558: apache2: Could not reliably determine the server's fully qualified domain name, using fd17:625c:f037:2:a00:27ff:fed8:540d. Set the 'ServerName' directive globally to suppress this message
2026-03-09T21:04:18.083876+00:00 arena-wp systemd[1]: Reloaded apache2.service - The Apache HTTP Server.
2026-03-09T21:05:01.251859+00:00 arena-wp CRON[1518]: (root) CMD (command -v debian-sa1 > /dev/null && debian-sa1 1 1)
2026-03-09T21:07:59.497729+00:00 arena-wp systemd[1]: Starting systemd-tmpfiles-clean.service - Cleanup of Temporary Directories...
2026-03-09T21:07:59.518577+00:00 arena-wp systemd[1]: systemd-tmpfiles-clean.service: Deactivated successfully.
2026-03-09T21:07:59.518732+00:00 arena-wp systemd[1]: Finished systemd-tmpfiles-clean.service - Cleanup of Temporary Directories.
2026-03-09T21:08:25.391831+00:00 arena-wp systemd[1]: Reloading apache2.service - The Apache HTTP Server...
2026-03-09T21:08:25.551497+00:00 arena-wp apachectl[1550]: AH00558: apache2: Could not reliably determine the server's fully qualified domain name, using fd17:625c:f037:2:a00:27ff:fed8:540d. Set the 'ServerName' directive globally to suppress this message
2026-03-09T21:08:25.592855+00:00 arena-wp systemd[1]: Reloaded apache2.service - The Apache HTTP Server.
2026-03-09T21:09:01.434851+00:00 arena-wp CRON[1564]: (root) CMD (  [ -x /usr/lib/php/sessionclean ] && if [ ! -d /run/systemd/system ]; then /usr/lib/php/sessionclean; fi)
2026-03-09T21:09:05.793845+00:00 arena-wp systemd[1]: Starting phpsessionclean.service - Clean php session files...
2026-03-09T21:09:05.989178+00:00 arena-wp systemd[1]: phpsessionclean.service: Deactivated successfully.
2026-03-09T21:09:05.989279+00:00 arena-wp systemd[1]: Finished phpsessionclean.service - Clean php session files.
