2025-12-18T11:08:00.507732+00:00 finalArenaServer systemd[1]: Starting systemd-tmpfiles-clean.service - Cleanup of Temporary Directories...
2025-12-18T11:08:00.634063+00:00 finalArenaServer systemd[1]: systemd-tmpfiles-clean.service: Deactivated successfully.
2025-12-18T11:08:00.634179+00:00 finalArenaServer systemd[1]: Finished systemd-tmpfiles-clean.service - Cleanup of Temporary Directories.
2025-12-18T11:09:01.109249+00:00 finalArenaServer CRON[1697]: (root) CMD (  [ -x /usr/lib/php/sessionclean ] && if [ ! -d /run/systemd/system ]; then /usr/lib/php/sessionclean; fi)
2025-12-18T11:09:10.685245+00:00 finalArenaServer systemd[1]: Starting phpsessionclean.service - Clean php session files...
2025-12-18T11:09:11.189140+00:00 finalArenaServer systemd[1]: phpsessionclean.service: Deactivated successfully.
2025-12-18T11:09:11.189593+00:00 finalArenaServer systemd[1]: Finished phpsessionclean.service - Clean php session files.
2025-12-18T11:10:08.515166+00:00 finalArenaServer systemd[1]: Starting sysstat-collect.service - system activity accounting tool...
2025-12-18T11:10:08.540501+00:00 finalArenaServer systemd[1]: sysstat-collect.service: Deactivated successfully.
2025-12-18T11:10:08.540776+00:00 finalArenaServer systemd[1]: Finished sysstat-collect.service - system activity accounting tool.
2025-12-18T11:10:21.028992+00:00 finalArenaServer systemd[1]: Starting fwupd-refresh.service - Refresh fwupd metadata and update motd...
2025-12-18T11:10:21.139796+00:00 finalArenaServer dbus-daemon[629]: [system] Activating via systemd: service name='org.freedesktop.fwupd' unit='fwupd.service' requested by ':1.21' (uid=989 pid=1772 comm="/usr/bin/fwupdmgr refresh" label="unconfined")
2025-12-18T11:10:21.149951+00:00 finalArenaServer systemd[1]: Starting fwupd.service - Firmware update daemon...
2025-12-18T11:10:21.486710+00:00 finalArenaServer dbus-daemon[629]: [system] Activating via systemd: service name='org.freedesktop.UPower' unit='upower.service' requested by ':1.22' (uid=0 pid=1777 comm="/usr/libexec/fwupd/fwupd" label="unconfined")
2025-12-18T11:10:21.505082+00:00 finalArenaServer systemd[1]: Starting upower.service - Daemon for power management...
2025-12-18T11:10:21.669030+00:00 finalArenaServer dbus-daemon[629]: [system] Successfully activated service 'org.freedesktop.UPower'
2025-12-18T11:10:21.669203+00:00 finalArenaServer systemd[1]: Started upower.service - Daemon for power management.
2025-12-18T11:10:21.753376+00:00 finalArenaServer fwupd[1777]: 11:10:21.752 FuEngine             failed to add device /sys/devices/pci0000:00/0000:00:01.1/ata2/host1/target1:0:0/1:0:0:0/block/sr0: failed to open /dev/sr0: No medium found
2025-12-18T11:10:21.816565+00:00 finalArenaServer fwupd[1777]: 11:10:21.816 FuMain               fwupd 1.9.30 ready for requests (locale en_US.UTF-8)
2025-12-18T11:10:21.819268+00:00 finalArenaServer dbus-daemon[629]: [system] Successfully activated service 'org.freedesktop.fwupd'
2025-12-18T11:10:21.820438+00:00 finalArenaServer systemd[1]: Started fwupd.service - Firmware update daemon.
2025-12-18T11:10:21.841107+00:00 finalArenaServer fwupdmgr[1772]: Updating lvfs
2025-12-18T11:10:24.249309+00:00 finalArenaServer fwupdmgr[1772]: Successfully downloaded new metadata: 0 local devices supported
2025-12-18T11:10:24.253918+00:00 finalArenaServer systemd[1]: fwupd-refresh.service: Deactivated successfully.
2025-12-18T11:10:24.254154+00:00 finalArenaServer systemd[1]: Finished fwupd-refresh.service - Refresh fwupd metadata and update motd.
2025-12-18T11:10:57.929702+00:00 finalArenaServer systemd[1]: Starting redis-server.service - Advanced key-value store...
2025-12-18T11:10:57.995745+00:00 finalArenaServer systemd[1]: Started redis-server.service - Advanced key-value store.
2025-12-18T11:15:01.157081+00:00 finalArenaServer CRON[2025]: (root) CMD (command -v debian-sa1 > /dev/null && debian-sa1 1 1)
2025-12-18T11:17:01.219465+00:00 finalArenaServer CRON[2067]: (root) CMD (cd / && run-parts --report /etc/cron.hourly)