2025-12-17T16:04:49.224843+00:00 finalArenaServer systemd[1]: Starting update-notifier-download.service - Download data for packages that failed at package install time...
2025-12-17T16:04:49.423344+00:00 finalArenaServer systemd[1]: update-notifier-download.service: Deactivated successfully.
2025-12-17T16:04:49.423424+00:00 finalArenaServer systemd[1]: Finished update-notifier-download.service - Download data for packages that failed at package install time.
2025-12-17T16:05:01.469872+00:00 finalArenaServer CRON[1560]: (root) CMD (command -v debian-sa1 > /dev/null && debian-sa1 1 1)
2025-12-17T16:05:14.098551+00:00 finalArenaServer systemd[1140]: launchpadlib-cache-clean.service - Clean up old files in the Launchpadlib cache was skipped because of an unmet condition check (ConditionPathExists=/home/vboxuser/.launchpadlib/api.launchpad.net/cache).
2025-12-17T16:09:01.507935+00:00 finalArenaServer CRON[1568]: (root) CMD (  [ -x /usr/lib/php/sessionclean ] && if [ ! -d /run/systemd/system ]; then /usr/lib/php/sessionclean; fi)
2025-12-17T16:09:01.522460+00:00 finalArenaServer systemd[1]: Starting phpsessionclean.service - Clean php session files...
2025-12-17T16:09:01.904685+00:00 finalArenaServer systemd[1]: phpsessionclean.service: Deactivated successfully.
2025-12-17T16:09:01.905675+00:00 finalArenaServer systemd[1]: Finished phpsessionclean.service - Clean php session files.
2025-12-17T16:10:14.111610+00:00 finalArenaServer systemd[1]: Starting sysstat-collect.service - system activity accounting tool...
2025-12-17T16:10:14.130378+00:00 finalArenaServer systemd[1]: sysstat-collect.service: Deactivated successfully.
2025-12-17T16:10:14.130457+00:00 finalArenaServer systemd[1]: Finished sysstat-collect.service - system activity accounting tool.2025-12-17T11:40:35.429172+00:00 finalArenaServer systemd[1]: Starting sysstat-collect.service - system activity accounting tool...
2025-12-17T11:40:35.472900+00:00 finalArenaServer systemd[1]: sysstat-collect.service: Deactivated successfully.
2025-12-17T11:40:35.474442+00:00 finalArenaServer systemd[1]: Finished sysstat-collect.service - system activity accounting tool.
2025-12-17T11:41:21.035129+00:00 finalArenaServer kernel: workqueue: drm_fb_helper_damage_work hogged CPU for >10000us 4 times, consider switching to WQ_UNBOUND
2025-12-17T11:41:21.243842+00:00 finalArenaServer kernel: workqueue: e1000_watchdog [e1000] hogged CPU for >10000us 4 times, consider switching to WQ_UNBOUND
2025-12-17T11:43:29.187235+00:00 finalArenaServer kernel: workqueue: blk_mq_run_work_fn hogged CPU for >10000us 32 times, consider switching to WQ_UNBOUND
2025-12-17T11:43:52.576106+00:00 finalArenaServer systemd[1]: Starting update-notifier-download.service - Download data for packages that failed at package install time...
2025-12-17T11:43:52.931645+00:00 finalArenaServer systemd[1]: update-notifier-download.service: Deactivated successfully.
2025-12-17T11:43:52.931745+00:00 finalArenaServer systemd[1]: Finished update-notifier-download.service - Download data for packages that failed at package install time.
2025-12-17T11:45:01.669069+00:00 finalArenaServer CRON[1734]: (root) CMD (command -v debian-sa1 > /dev/null && debian-sa1 1 1)
2025-12-17T11:45:13.948819+00:00 finalArenaServer systemd[1245]: launchpadlib-cache-clean.service - Clean up old files in the Launchpadlib cache was skipped because of an unmet condition check (ConditionPathExists=/home/vboxuser/.launchpadlib/api.launchpad.net/cache).
2025-12-17T11:50:14.084913+00:00 finalArenaServer systemd[1]: Starting sysstat-collect.service - system activity accounting tool...
2025-12-17T11:50:14.120423+00:00 finalArenaServer systemd[1]: sysstat-collect.service: Deactivated successfully.
2025-12-17T11:50:14.120599+00:00 finalArenaServer systemd[1]: Finished sysstat-collect.service - system activity accounting tool.
2025-12-17T11:53:53.000052+00:00 finalArenaServer systemd[1]: Starting systemd-tmpfiles-clean.service - Cleanup of Temporary Directories...
2025-12-17T11:53:53.199619+00:00 finalArenaServer systemd[1]: systemd-tmpfiles-clean.service: Deactivated successfully.
2025-12-17T11:53:53.200861+00:00 finalArenaServer systemd[1]: Finished systemd-tmpfiles-clean.service - Cleanup of Temporary Directories.
2025-12-17T11:55:01.735602+00:00 finalArenaServer CRON[1991]: (root) CMD (command -v debian-sa1 > /dev/null && debian-sa1 1 1)
2025-12-17T11:57:19.544057+00:00 finalArenaServer kernel: workqueue: drm_fb_helper_damage_work hogged CPU for >10000us 8 times, consider switching to WQ_UNBOUND2025-12-16T11:58:57.366896+00:00 finalArenaServer kernel: workqueue: drm_fb_helper_damage_work hogged CPU for >10000us 8 times, consider switching to WQ_UNBOUND
2025-12-16T11:59:50.659358+00:00 finalArenaServer kernel: workqueue: e1000_watchdog [e1000] hogged CPU for >10000us 4 times, consider switching to WQ_UNBOUND
2025-12-16T11:59:58.843943+00:00 finalArenaServer kernel: workqueue: e1000_watchdog [e1000] hogged CPU for >10000us 8 times, consider switching to WQ_UNBOUND
2025-12-16T12:00:01.879959+00:00 finalArenaServer CRON[1493]: (root) CMD (test -x /usr/bin/certbot -a \! -d /run/systemd/system && perl -e 'sleep int(rand(43200))' && certbot -q renew --no-random-sleep-on-renew)
2025-12-16T12:00:08.010924+00:00 finalArenaServer systemd[1]: Starting sysstat-collect.service - system activity accounting tool...
2025-12-16T12:00:08.021630+00:00 finalArenaServer systemd[1]: sysstat-collect.service: Deactivated successfully.
2025-12-16T12:00:08.021799+00:00 finalArenaServer systemd[1]: Finished sysstat-collect.service - system activity accounting tool.
2025-12-16T12:00:19.844898+00:00 finalArenaServer kernel: workqueue: drm_fb_helper_damage_work hogged CPU for >10000us 16 times, consider switching to WQ_UNBOUND
2025-12-16T12:01:16.665861+00:00 finalArenaServer kernel: workqueue: e1000_watchdog [e1000] hogged CPU for >10000us 16 times, consider switching to WQ_UNBOUND
2025-12-16T12:02:58.287685+00:00 finalArenaServer systemd[1]: Starting update-notifier-download.service - Download data for packages that failed at package install time...
2025-12-16T12:02:58.530830+00:00 finalArenaServer systemd[1]: update-notifier-download.service: Deactivated successfully.
2025-12-16T12:02:58.531008+00:00 finalArenaServer systemd[1]: Finished update-notifier-download.service - Download data for packages that failed at package install time.
2025-12-16T12:03:57.965803+00:00 finalArenaServer systemd[1112]: launchpadlib-cache-clean.service - Clean up old files in the Launchpadlib cache was skipped because of an unmet condition check (ConditionPathExists=/home/vboxuser/.launchpadlib/api.launchpad.net/cache).
2025-12-16T12:05:02.006981+00:00 finalArenaServer CRON[1627]: (root) CMD (command -v debian-sa1 > /dev/null && debian-sa1 1 1)
2025-12-16T12:06:00.206704+00:00 finalArenaServer kernel: workqueue: drm_fb_helper_damage_work hogged CPU for >10000us 32 times, consider switching to WQ_UNBOUND
2025-12-16T12:09:01.292244+00:00 finalArenaServer CRON[1726]: (root) CMD (  [ -x /usr/lib/php/sessionclean ] && if [ ! -d /run/systemd/system ]; then /usr/lib/php/sessionclean; fi)
2025-12-16T12:09:19.573718+00:00 finalArenaServer systemd[1]: Starting phpsessionclean.service - Clean php session files...
2025-12-16T12:09:19.971024+00:00 finalArenaServer systemd[1]: phpsessionclean.service: Deactivated successfully.
2025-12-16T12:09:19.971961+00:00 finalArenaServer systemd[1]: Finished phpsessionclean.service - Clean php session files.2025-12-16T13:18:11.585093+00:00 finalArenaServer kernel: workqueue: e1000_watchdog [e1000] hogged CPU for >10000us 4 times, consider switching to WQ_UNBOUND
2025-12-16T13:18:25.146500+00:00 finalArenaServer kernel: workqueue: blk_mq_run_work_fn hogged CPU for >10000us 16 times, consider switching to WQ_UNBOUND
2025-12-16T13:18:54.590091+00:00 finalArenaServer kernel: workqueue: e1000_watchdog [e1000] hogged CPU for >10000us 8 times, consider switching to WQ_UNBOUND
2025-12-16T13:19:27.804157+00:00 finalArenaServer kernel: workqueue: drm_fb_helper_damage_work hogged CPU for >10000us 8 times, consider switching to WQ_UNBOUND
2025-12-16T13:19:41.698661+00:00 finalArenaServer kernel: workqueue: e1000_watchdog [e1000] hogged CPU for >10000us 16 times, consider switching to WQ_UNBOUND
2025-12-16T13:20:19.507348+00:00 finalArenaServer systemd[1]: Starting sysstat-collect.service - system activity accounting tool...
2025-12-16T13:20:19.525816+00:00 finalArenaServer systemd[1]: sysstat-collect.service: Deactivated successfully.
2025-12-16T13:20:19.526370+00:00 finalArenaServer systemd[1]: Finished sysstat-collect.service - system activity accounting tool.
2025-12-16T13:22:00.028148+00:00 finalArenaServer systemd[1]: Starting update-notifier-download.service - Download data for packages that failed at package install time...
2025-12-16T13:22:00.225988+00:00 finalArenaServer systemd[1]: update-notifier-download.service: Deactivated successfully.
2025-12-16T13:22:00.226177+00:00 finalArenaServer systemd[1]: Finished update-notifier-download.service - Download data for packages that failed at package install time.
2025-12-16T13:22:28.622158+00:00 finalArenaServer kernel: workqueue: drm_fb_helper_damage_work hogged CPU for >10000us 16 times, consider switching to WQ_UNBOUND
2025-12-16T13:22:29.523811+00:00 finalArenaServer systemd[1084]: launchpadlib-cache-clean.service - Clean up old files in the Launchpadlib cache was skipped because of an unmet condition check (ConditionPathExists=/home/vboxuser/.launchpadlib/api.launchpad.net/cache).
2025-12-16T13:23:55.264507+00:00 finalArenaServer systemd[1]: Stopping apache2.service - The Apache HTTP Server...
2025-12-16T13:23:55.327152+00:00 finalArenaServer apachectl[1566]: AH00558: apache2: Could not reliably determine the server's fully qualified domain name, using fd17:625c:f037:2:a00:27ff:fe3f:3739. Set the 'ServerName' directive globally to suppress this message
2025-12-16T13:23:55.410168+00:00 finalArenaServer systemd[1]: apache2.service: Killing process 1332 (apache2) with signal SIGKILL.
2025-12-16T13:23:55.410275+00:00 finalArenaServer systemd[1]: apache2.service: Killing process 1333 (apache2) with signal SIGKILL.
2025-12-16T13:23:55.410337+00:00 finalArenaServer systemd[1]: apache2.service: Killing process 1334 (apache2) with signal SIGKILL.
2025-12-16T13:23:55.410383+00:00 finalArenaServer systemd[1]: apache2.service: Killing process 1335 (apache2) with signal SIGKILL.
2025-12-16T13:23:55.410423+00:00 finalArenaServer systemd[1]: apache2.service: Killing process 1336 (apache2) with signal SIGKILL.
2025-12-16T13:23:55.410462+00:00 finalArenaServer systemd[1]: apache2.service: Killing process 1410 (apache2) with signal SIGKILL.
2025-12-16T13:23:55.418509+00:00 finalArenaServer systemd[1]: apache2.service: Deactivated successfully.
2025-12-16T13:23:55.420008+00:00 finalArenaServer systemd[1]: Stopped apache2.service - The Apache HTTP Server.
2025-12-16T13:23:55.420126+00:00 finalArenaServer systemd[1]: apache2.service: Consumed 2.744s CPU time.
2025-12-16T13:23:55.431162+00:00 finalArenaServer systemd[1]: Starting apache2.service - The Apache HTTP Server...
2025-12-16T13:23:55.490537+00:00 finalArenaServer apachectl[1574]: AH00558: apache2: Could not reliably determine the server's fully qualified domain name, using fd17:625c:f037:2:a00:27ff:fe3f:3739. Set the 'ServerName' directive globally to suppress this message
2025-12-16T13:23:55.506049+00:00 finalArenaServer systemd[1]: Started apache2.service - The Apache HTTP Server.
2025-12-16T13:25:01.855628+00:00 finalArenaServer CRON[1648]: (root) CMD (command -v debian-sa1 > /dev/null && debian-sa1 1 1)
2025-12-16T13:26:03.388536+00:00 finalArenaServer kernel: workqueue: drm_fb_helper_damage_work hogged CPU for >10000us 32 times, consider switching to WQ_UNBOUND
2025-12-16T13:26:23.176430+00:00 finalArenaServer kernel: workqueue: e1000_watchdog [e1000] hogged CPU for >10000us 32 times, consider switching to WQ_UNBOUND
2025-12-16T13:27:27.682579+00:00 finalArenaServer kernel: workqueue: ata_sff_pio_task hogged CPU for >10000us 4 times, consider switching to WQ_UNBOUND
2025-12-16T13:29:09.719603+00:00 finalArenaServer kernel: workqueue: blk_mq_run_work_fn hogged CPU for >10000us 32 times, consider switching to WQ_UNBOUND
2025-12-16T13:30:09.557032+00:00 finalArenaServer systemd[1]: Starting sysstat-collect.service - system activity accounting tool...
2025-12-16T13:30:09.663655+00:00 finalArenaServer systemd[1]: sysstat-collect.service: Deactivated successfully.
2025-12-16T13:30:09.665867+00:00 finalArenaServer systemd[1]: Finished sysstat-collect.service - system activity accounting tool.
2025-12-16T13:31:29.559673+00:00 finalArenaServer systemd[1]: Starting fwupd-refresh.service - Refresh fwupd metadata and update motd...
2025-12-16T13:31:29.670198+00:00 finalArenaServer dbus-daemon[625]: [system] Activating via systemd: service name='org.freedesktop.fwupd' unit='fwupd.service' requested by ':1.21' (uid=989 pid=1815 comm="/usr/bin/fwupdmgr refresh" label="unconfined")
2025-12-16T13:31:29.681539+00:00 finalArenaServer systemd[1]: Starting fwupd.service - Firmware update daemon...
2025-12-16T13:31:30.081749+00:00 finalArenaServer dbus-daemon[625]: [system] Activating via systemd: service name='org.freedesktop.UPower' unit='upower.service' requested by ':1.22' (uid=0 pid=1820 comm="/usr/libexec/fwupd/fwupd" label="unconfined")
2025-12-16T13:31:30.091117+00:00 finalArenaServer systemd[1]: Starting upower.service - Daemon for power management...
2025-12-16T13:31:30.284651+00:00 finalArenaServer dbus-daemon[625]: [system] Successfully activated service 'org.freedesktop.UPower'
2025-12-16T13:31:30.284718+00:00 finalArenaServer systemd[1]: Started upower.service - Daemon for power management.
2025-12-16T13:31:30.424343+00:00 finalArenaServer fwupd[1820]: 13:31:30.423 FuEngine             failed to add device /sys/devices/pci0000:00/0000:00:01.1/ata2/host1/target1:0:0/1:0:0:0/block/sr0: failed to open /dev/sr0: No medium found
2025-12-16T13:31:30.476090+00:00 finalArenaServer fwupd[1820]: 13:31:30.475 FuMain               fwupd 1.9.30 ready for requests (locale en_US.UTF-8)
2025-12-16T13:31:30.477446+00:00 finalArenaServer dbus-daemon[625]: [system] Successfully activated service 'org.freedesktop.fwupd'
2025-12-16T13:31:30.478043+00:00 finalArenaServer systemd[1]: Started fwupd.service - Firmware update daemon.
2025-12-16T13:31:30.496166+00:00 finalArenaServer fwupdmgr[1815]: Updating lvfs
2025-12-16T13:31:34.172452+00:00 finalArenaServer fwupdmgr[1815]: Successfully downloaded new metadata: 0 local devices supported
2025-12-16T13:31:34.176573+00:00 finalArenaServer systemd[1]: fwupd-refresh.service: Deactivated successfully.
2025-12-16T13:31:34.176651+00:00 finalArenaServer systemd[1]: Finished fwupd-refresh.service - Refresh fwupd metadata and update motd.
2025-12-16T13:32:19.638476+00:00 finalArenaServer systemd[1]: Starting systemd-tmpfiles-clean.service - Cleanup of Temporary Directories...
2025-12-16T13:32:19.908687+00:00 finalArenaServer systemd[1]: systemd-tmpfiles-clean.service: Deactivated successfully.
2025-12-16T13:32:19.909172+00:00 finalArenaServer systemd[1]: Finished systemd-tmpfiles-clean.service - Cleanup of Temporary Directories.2025-12-17T14:35:21.959572+00:00 finalArenaServer kernel: workqueue: drm_fb_helper_damage_work hogged CPU for >10000us 8 times, consider switching to WQ_UNBOUND
2025-12-17T14:35:33.118630+00:00 finalArenaServer kernel: workqueue: blk_mq_run_work_fn hogged CPU for >10000us 32 times, consider switching to WQ_UNBOUND
2025-12-17T14:35:56.260216+00:00 finalArenaServer kernel: workqueue: drm_fb_helper_damage_work hogged CPU for >10000us 16 times, consider switching to WQ_UNBOUND
2025-12-17T14:37:55.656199+00:00 finalArenaServer kernel: workqueue: e1000_watchdog [e1000] hogged CPU for >10000us 4 times, consider switching to WQ_UNBOUND
2025-12-17T14:38:02.103181+00:00 finalArenaServer kernel: workqueue: drm_fb_helper_damage_work hogged CPU for >10000us 32 times, consider switching to WQ_UNBOUND
2025-12-17T14:39:02.391825+00:00 finalArenaServer CRON[1631]: (root) CMD (  [ -x /usr/lib/php/sessionclean ] && if [ ! -d /run/systemd/system ]; then /usr/lib/php/sessionclean; fi)
2025-12-17T14:39:02.403584+00:00 finalArenaServer systemd[1]: Starting phpsessionclean.service - Clean php session files...
2025-12-17T14:39:02.925302+00:00 finalArenaServer systemd[1]: phpsessionclean.service: Deactivated successfully.
2025-12-17T14:39:02.925422+00:00 finalArenaServer systemd[1]: Finished phpsessionclean.service - Clean php session files.
2025-12-17T14:39:26.870075+00:00 finalArenaServer systemd[1]: Starting update-notifier-download.service - Download data for packages that failed at package install time...
2025-12-17T14:39:27.123101+00:00 finalArenaServer systemd[1]: update-notifier-download.service: Deactivated successfully.
2025-12-17T14:39:27.123192+00:00 finalArenaServer systemd[1]: Finished update-notifier-download.service - Download data for packages that failed at package install time.
2025-12-17T14:40:05.927897+00:00 finalArenaServer systemd[1]: Starting sysstat-collect.service - system activity accounting tool...
2025-12-17T14:40:05.991195+00:00 finalArenaServer systemd[1]: sysstat-collect.service: Deactivated successfully.
2025-12-17T14:40:05.991368+00:00 finalArenaServer systemd[1]: Finished sysstat-collect.service - system activity accounting tool.
2025-12-17T14:40:09.044018+00:00 finalArenaServer systemd[1184]: launchpadlib-cache-clean.service - Clean up old files in the Launchpadlib cache was skipped because of an unmet condition check (ConditionPathExists=/home/vboxuser/.launchpadlib/api.launchpad.net/cache).
2025-12-17T14:45:01.706452+00:00 finalArenaServer CRON[1850]: (root) CMD (command -v debian-sa1 > /dev/null && debian-sa1 1 1)2025-12-17T13:30:08.999957+00:00 finalArenaServer systemd[1]: Starting sysstat-collect.service - system activity accounting tool...
2025-12-17T13:30:09.183394+00:00 finalArenaServer systemd[1]: sysstat-collect.service: Deactivated successfully.
2025-12-17T13:30:09.185581+00:00 finalArenaServer systemd[1]: Finished sysstat-collect.service - system activity accounting tool.
2025-12-17T13:31:03.007358+00:00 finalArenaServer kernel: workqueue: drm_fb_helper_damage_work hogged CPU for >10000us 8 times, consider switching to WQ_UNBOUND
2025-12-17T13:31:06.218326+00:00 finalArenaServer kernel: workqueue: e1000_watchdog [e1000] hogged CPU for >10000us 4 times, consider switching to WQ_UNBOUND
2025-12-17T13:31:10.574273+00:00 finalArenaServer kernel: workqueue: e1000_watchdog [e1000] hogged CPU for >10000us 8 times, consider switching to WQ_UNBOUND
2025-12-17T13:33:18.806027+00:00 finalArenaServer systemd[1]: Starting update-notifier-download.service - Download data for packages that failed at package install time...
2025-12-17T13:33:19.361287+00:00 finalArenaServer systemd[1]: update-notifier-download.service: Deactivated successfully.
2025-12-17T13:33:19.362676+00:00 finalArenaServer systemd[1]: Finished update-notifier-download.service - Download data for packages that failed at package install time.
2025-12-17T13:33:45.498445+00:00 finalArenaServer systemd[1122]: launchpadlib-cache-clean.service - Clean up old files in the Launchpadlib cache was skipped because of an unmet condition check (ConditionPathExists=/home/vboxuser/.launchpadlib/api.launchpad.net/cache).
2025-12-17T13:35:01.995260+00:00 finalArenaServer CRON[1515]: (root) CMD (command -v debian-sa1 > /dev/null && debian-sa1 1 1)
2025-12-17T13:36:24.022353+00:00 finalArenaServer kernel: workqueue: drm_fb_helper_damage_work hogged CPU for >10000us 16 times, consider switching to WQ_UNBOUND
2025-12-17T13:39:01.074641+00:00 finalArenaServer CRON[1548]: (root) CMD (  [ -x /usr/lib/php/sessionclean ] && if [ ! -d /run/systemd/system ]; then /usr/lib/php/sessionclean; fi)
2025-12-17T13:39:05.513388+00:00 finalArenaServer systemd[1]: Starting phpsessionclean.service - Clean php session files...
2025-12-17T13:39:06.218133+00:00 finalArenaServer systemd[1]: phpsessionclean.service: Deactivated successfully.
2025-12-17T13:39:06.218346+00:00 finalArenaServer systemd[1]: Finished phpsessionclean.service - Clean php session files.