2026-03-05T13:39:01.174670+00:00 arena-wp CRON[1721]: pam_unix(cron:session): session opened for user root(uid=0) by root(uid=0)
2026-03-05T13:39:01.178917+00:00 arena-wp CRON[1721]: pam_unix(cron:session): session closed for user root
2026-03-05T13:45:01.224877+00:00 arena-wp CRON[1876]: pam_unix(cron:session): session opened for user root(uid=0) by root(uid=0)
2026-03-05T13:45:01.242354+00:00 arena-wp CRON[1876]: pam_unix(cron:session): session closed for user root
2026-03-05T14:35:01.354169+00:00 arena-wp CRON[1580]: pam_unix(cron:session): session opened for user root(uid=0) by root(uid=0)
2026-03-05T14:35:01.389074+00:00 arena-wp CRON[1580]: pam_unix(cron:session): session closed for user root
2026-03-05T14:36:08.042955+00:00 arena-wp sudo:     root : TTY=pts/1 ; PWD=/root ; USER=www-data ; COMMAND=/usr/bin/rm /var/www/wordpress/wp-content/uploads/testfile
2026-03-05T14:36:08.045032+00:00 arena-wp sudo: pam_unix(sudo:session): session opened for user www-data(uid=33) by vboxuser(uid=0)
2026-03-05T14:37:48.135063+00:00 arena-wp sudo: pam_unix(sudo:session): session closed for user www-data
2026-03-05T14:38:20.068499+00:00 arena-wp sudo:     root : TTY=pts/1 ; PWD=/root ; USER=www-data ; COMMAND=/usr/bin/rm /var/www/wordpress/wp-content/uploads/testfile
2026-03-05T14:38:20.075171+00:00 arena-wp sudo: pam_unix(sudo:session): session opened for user www-data(uid=33) by vboxuser(uid=0)
2026-03-05T14:38:20.086110+00:00 arena-wp sudo: pam_unix(sudo:session): session closed for user www-data
2026-03-05T14:39:01.397475+00:00 arena-wp CRON[1662]: pam_unix(cron:session): session opened for user root(uid=0) by root(uid=0)
2026-03-05T14:39:01.404763+00:00 arena-wp CRON[1662]: pam_unix(cron:session): session closed for user root
2026-03-05T14:44:54.659872+00:00 arena-wp sudo:     root : TTY=pts/1 ; PWD=/root ; USER=root ; COMMAND=/usr/bin/vim /var/www/wordpress/wp-config.php
2026-03-05T14:44:54.661102+00:00 arena-wp sudo: pam_unix(sudo:session): session opened for user root(uid=0) by vboxuser(uid=0)
2026-03-05T14:44:59.294127+00:00 arena-wp sudo: pam_unix(sudo:session): session closed for user root
2026-03-05T14:45:01.418999+00:00 arena-wp CRON[1700]: pam_unix(cron:session): session opened for user root(uid=0) by root(uid=0)
2026-03-05T14:45:01.429865+00:00 arena-wp CRON[1700]: pam_unix(cron:session): session closed for user root
2026-03-05T14:47:13.053243+00:00 arena-wp sudo:     root : TTY=pts/1 ; PWD=/root ; USER=root ; COMMAND=/usr/bin/vim /etc/hosts
2026-03-05T14:47:13.054816+00:00 arena-wp sudo: pam_unix(sudo:session): session opened for user root(uid=0) by vboxuser(uid=0)
2026-03-05T14:47:17.389124+00:00 arena-wp sudo: pam_unix(sudo:session): session closed for user root
2026-03-05T16:45:01.573995+00:00 arena-wp CRON[1419]: pam_unix(cron:session): session opened for user root(uid=0) by root(uid=0)
2026-03-05T16:45:01.586076+00:00 arena-wp CRON[1419]: pam_unix(cron:session): session closed for user root
2026-03-05T16:45:36.987927+00:00 arena-wp sudo:     root : TTY=pts/1 ; PWD=/root ; USER=root ; COMMAND=/usr/bin/vim /var/www/wordpress/wp-config.php
2026-03-05T16:45:36.989721+00:00 arena-wp sudo: pam_unix(sudo:session): session opened for user root(uid=0) by vboxuser(uid=0)
2026-03-05T16:45:41.839255+00:00 arena-wp sudo: pam_unix(sudo:session): session closed for user root
2026-03-05T16:55:01.606215+00:00 arena-wp CRON[1496]: pam_unix(cron:session): session opened for user root(uid=0) by root(uid=0)
2026-03-05T16:55:01.622131+00:00 arena-wp CRON[1496]: pam_unix(cron:session): session closed for user root
