2026-01-12T00:05:01.351339+00:00 finalArenaServer CRON[1450]: pam_unix(cron:session): session opened for user root(uid=0) by root(uid=0)
2026-01-12T00:05:01.366759+00:00 finalArenaServer CRON[1450]: pam_unix(cron:session): session closed for user root
2026-01-12T00:05:23.684517+00:00 finalArenaServer sudo:     root : TTY=pts/1 ; PWD=/root ; USER=www-data ; COMMAND=/usr/bin/php -d detect_unicode=0 /var/www/nextcloud/occ log:tail --lines=100
2026-01-12T00:05:23.686330+00:00 finalArenaServer sudo: pam_unix(sudo:session): session opened for user www-data(uid=33) by vboxuser(uid=0)
2026-01-12T00:05:24.451564+00:00 finalArenaServer sudo: pam_unix(sudo:session): session closed for user www-data
2026-01-12T00:05:35.600029+00:00 finalArenaServer sudo:     root : TTY=pts/1 ; PWD=/root ; USER=www-data ; COMMAND=/usr/bin/php /var/www/nextcloud/occ log:tail 150
2026-01-12T00:05:35.602320+00:00 finalArenaServer sudo: pam_unix(sudo:session): session opened for user www-data(uid=33) by vboxuser(uid=0)
2026-01-12T00:05:36.895673+00:00 finalArenaServer sudo: pam_unix(sudo:session): session closed for user www-data
2026-01-12T00:06:20.576983+00:00 finalArenaServer sudo:     root : TTY=pts/1 ; PWD=/root ; USER=www-data ; COMMAND=/usr/bin/php /var/www/nextcloud/occ app:list
2026-01-12T00:06:20.578364+00:00 finalArenaServer sudo: pam_unix(sudo:session): session opened for user www-data(uid=33) by vboxuser(uid=0)
2026-01-12T00:06:20.959808+00:00 finalArenaServer sudo: pam_unix(sudo:session): session closed for user www-data
2026-01-12T00:08:30.253985+00:00 finalArenaServer sudo:     root : TTY=pts/1 ; PWD=/root ; USER=www-data ; COMMAND=/usr/bin/php /var/www/nextcloud/occ app:status files
2026-01-12T00:08:30.257054+00:00 finalArenaServer sudo: pam_unix(sudo:session): session opened for user www-data(uid=33) by vboxuser(uid=0)
2026-01-12T00:08:30.602143+00:00 finalArenaServer sudo: pam_unix(sudo:session): session closed for user www-data
2026-01-12T00:09:01.968989+00:00 finalArenaServer CRON[1530]: pam_unix(cron:session): session opened for user root(uid=0) by root(uid=0)
2026-01-12T00:09:01.980631+00:00 finalArenaServer CRON[1530]: pam_unix(cron:session): session closed for user root
2026-01-12T00:09:29.231765+00:00 finalArenaServer sudo:     root : TTY=pts/1 ; PWD=/root ; USER=www-data ; COMMAND=/usr/bin/php /var/www/nextcloud/occ app:list
2026-01-12T00:09:29.232943+00:00 finalArenaServer sudo: pam_unix(sudo:session): session opened for user www-data(uid=33) by vboxuser(uid=0)
2026-01-12T00:09:29.553991+00:00 finalArenaServer sudo: pam_unix(sudo:session): session closed for user www-data
2026-01-12T00:09:53.921815+00:00 finalArenaServer sudo:     root : TTY=pts/1 ; PWD=/root ; USER=www-data ; COMMAND=/usr/bin/php /var/www/nextcloud/occ integrity:check-app files
2026-01-12T00:09:53.922961+00:00 finalArenaServer sudo: pam_unix(sudo:session): session opened for user www-data(uid=33) by vboxuser(uid=0)
2026-01-12T00:09:54.519774+00:00 finalArenaServer sudo: pam_unix(sudo:session): session closed for user www-data
2026-01-12T00:11:38.701652+00:00 finalArenaServer sudo:     root : TTY=pts/1 ; PWD=/root ; USER=www-data ; COMMAND=/usr/bin/php /var/www/nextcloud/occ integrity:check-app files
2026-01-12T00:11:38.704829+00:00 finalArenaServer sudo: pam_unix(sudo:session): session opened for user www-data(uid=33) by vboxuser(uid=0)
2026-01-12T00:11:39.123318+00:00 finalArenaServer sudo: pam_unix(sudo:session): session closed for user www-data
2026-01-12T00:11:50.717484+00:00 finalArenaServer sudo:     root : TTY=pts/1 ; PWD=/root ; USER=www-data ; COMMAND=/usr/bin/php /var/www/nextcloud/occ maintenance:repair
2026-01-12T00:11:50.719934+00:00 finalArenaServer sudo: pam_unix(sudo:session): session opened for user www-data(uid=33) by vboxuser(uid=0)
2026-01-12T00:11:51.996584+00:00 finalArenaServer sudo: pam_unix(sudo:session): session closed for user www-data