2026-01-12T00:04:22.499837+00:00 finalArenaServer kernel: workqueue: e1000_watchdog [e1000] hogged CPU for >10000us 4 times, consider switching to WQ_UNBOUND
2026-01-12T00:04:24.785055+00:00 finalArenaServer kernel: workqueue: drm_fb_helper_damage_work hogged CPU for >10000us 4 times, consider switching to WQ_UNBOUND
2026-01-12T00:04:40.895170+00:00 finalArenaServer kernel: workqueue: e1000_watchdog [e1000] hogged CPU for >10000us 8 times, consider switching to WQ_UNBOUND
2026-01-12T00:05:01.352402+00:00 finalArenaServer CRON[1451]: (root) CMD (command -v debian-sa1 > /dev/null && debian-sa1 1 1)
2026-01-12T00:05:27.350418+00:00 finalArenaServer kernel: workqueue: e1000_watchdog [e1000] hogged CPU for >10000us 16 times, consider switching to WQ_UNBOUND
2026-01-12T00:06:46.614035+00:00 finalArenaServer kernel: workqueue: blk_mq_run_work_fn hogged CPU for >10000us 4 times, consider switching to WQ_UNBOUND
2026-01-12T00:07:02.913707+00:00 finalArenaServer kernel: workqueue: e1000_watchdog [e1000] hogged CPU for >10000us 32 times, consider switching to WQ_UNBOUND
2026-01-12T00:07:36.412213+00:00 finalArenaServer systemd[1]: Starting fwupd-refresh.service - Refresh fwupd metadata and update motd...
2026-01-12T00:07:36.416003+00:00 finalArenaServer systemd[1]: Starting sysstat-summary.service - Generate a daily summary of process accounting...
2026-01-12T00:07:36.444818+00:00 finalArenaServer systemd[1]: sysstat-summary.service: Deactivated successfully.
2026-01-12T00:07:36.445752+00:00 finalArenaServer systemd[1]: Finished sysstat-summary.service - Generate a daily summary of process accounting.
2026-01-12T00:07:36.495417+00:00 finalArenaServer dbus-daemon[622]: [system] Activating via systemd: service name='org.freedesktop.fwupd' unit='fwupd.service' requested by ':1.19' (uid=989 pid=1470 comm="/usr/bin/fwupdmgr refresh" label="unconfined")
2026-01-12T00:07:36.508839+00:00 finalArenaServer systemd[1]: Starting fwupd.service - Firmware update daemon...
2026-01-12T00:07:36.798304+00:00 finalArenaServer dbus-daemon[622]: [system] Activating via systemd: service name='org.freedesktop.UPower' unit='upower.service' requested by ':1.20' (uid=0 pid=1478 comm="/usr/libexec/fwupd/fwupd" label="unconfined")
2026-01-12T00:07:36.810705+00:00 finalArenaServer systemd[1]: Starting upower.service - Daemon for power management...
2026-01-12T00:07:36.949397+00:00 finalArenaServer dbus-daemon[622]: [system] Successfully activated service 'org.freedesktop.UPower'
2026-01-12T00:07:36.949457+00:00 finalArenaServer systemd[1]: Started upower.service - Daemon for power management.
2026-01-12T00:07:37.022306+00:00 finalArenaServer fwupd[1478]: 00:07:37.021 FuEngine             failed to add device /sys/devices/pci0000:00/0000:00:01.1/ata2/host1/target1:0:0/1:0:0:0/block/sr0: failed to open /dev/sr0: No medium found
2026-01-12T00:07:37.067468+00:00 finalArenaServer fwupd[1478]: 00:07:37.067 FuMain               fwupd 1.9.30 ready for requests (locale en_US.UTF-8)
2026-01-12T00:07:37.068372+00:00 finalArenaServer dbus-daemon[622]: [system] Successfully activated service 'org.freedesktop.fwupd'
2026-01-12T00:07:37.068896+00:00 finalArenaServer systemd[1]: Started fwupd.service - Firmware update daemon.
2026-01-12T00:07:37.080713+00:00 finalArenaServer fwupdmgr[1470]: Updating lvfs
2026-01-12T00:07:39.872368+00:00 finalArenaServer fwupdmgr[1470]: Successfully downloaded new metadata: 0 local devices supported
2026-01-12T00:07:39.875456+00:00 finalArenaServer systemd[1]: fwupd-refresh.service: Deactivated successfully.
2026-01-12T00:07:39.875572+00:00 finalArenaServer systemd[1]: Finished fwupd-refresh.service - Refresh fwupd metadata and update motd.
2026-01-12T00:08:16.660041+00:00 finalArenaServer systemd[1]: Starting update-notifier-download.service - Download data for packages that failed at package install time...
2026-01-12T00:08:16.809785+00:00 finalArenaServer systemd[1]: update-notifier-download.service: Deactivated successfully.
2026-01-12T00:08:16.810212+00:00 finalArenaServer systemd[1]: Finished update-notifier-download.service - Download data for packages that failed at package install time.
2026-01-12T00:08:18.019095+00:00 finalArenaServer kernel: workqueue: drm_fb_helper_damage_work hogged CPU for >10000us 8 times, consider switching to WQ_UNBOUND
2026-01-12T00:08:47.893219+00:00 finalArenaServer systemd[1158]: launchpadlib-cache-clean.service - Clean up old files in the Launchpadlib cache was skipped because of an unmet condition check (ConditionPathExists=/home/vboxuser/.launchpadlib/api.launchpad.net/cache).
2026-01-12T00:09:01.969814+00:00 finalArenaServer CRON[1531]: (root) CMD (  [ -x /usr/lib/php/sessionclean ] && if [ ! -d /run/systemd/system ]; then /usr/lib/php/sessionclean; fi)
2026-01-12T00:09:17.460463+00:00 finalArenaServer systemd[1]: Starting phpsessionclean.service - Clean php session files...
2026-01-12T00:09:17.655443+00:00 finalArenaServer systemd[1]: phpsessionclean.service: Deactivated successfully.
2026-01-12T00:09:17.655507+00:00 finalArenaServer systemd[1]: Finished phpsessionclean.service - Clean php session files.
2026-01-12T00:10:42.192309+00:00 finalArenaServer systemd[1]: Starting sysstat-collect.service - system activity accounting tool...
2026-01-12T00:10:42.223826+00:00 finalArenaServer systemd[1]: sysstat-collect.service: Deactivated successfully.
2026-01-12T00:10:42.223967+00:00 finalArenaServer systemd[1]: Finished sysstat-collect.service - system activity accounting tool.
2026-01-12T00:10:46.230245+00:00 finalArenaServer kernel: workqueue: blk_mq_run_work_fn hogged CPU for >10000us 8 times, consider switching to WQ_UNBOUND