type=SERVICE_STOP msg=audit(1772710293.375:1883): pid=1 uid=0 auid=4294967295 ses=4294967295 subj=unconfined msg='unit=systemd-hostnamed comm="systemd" exe="/usr/lib/systemd/systemd" hostname=? addr=? terminal=? res=success'UID="root" AUID="unset"
type=BPF msg=audit(1772710293.407:1884): prog-id=21 op=UNLOAD
type=BPF msg=audit(1772710293.407:1885): prog-id=20 op=UNLOAD
type=BPF msg=audit(1772710293.407:1886): prog-id=19 op=UNLOAD
type=SYSCALL msg=audit(1772710294.687:1887): arch=c000003e syscall=42 success=yes exit=0 a0=d a1=724c8f6abd8c a2=10 a3=724c8f6a31b4 items=0 ppid=1 pid=424 auid=4294967295 uid=997 gid=997 euid=997 suid=997 fsuid=997 egid=997 sgid=997 fsgid=997 tty=(none) ses=4294967295 comm="sd-resolve" exe="/usr/lib/systemd/systemd-timesyncd" subj=unconfined key="T1043_Commonly_Used_Port"ARCH=x86_64 SYSCALL=connect AUID="unset" UID="systemd-timesync" GID="systemd-timesync" EUID="systemd-timesync" SUID="systemd-timesync" FSUID="systemd-timesync" EGID="systemd-timesync" SGID="systemd-timesync" FSGID="systemd-timesync"
type=SOCKADDR msg=audit(1772710294.687:1887): saddr=020000357F0000350000000000000000SADDR={ saddr_fam=inet laddr=127.0.0.53 lport=53 }
type=PROCTITLE msg=audit(1772710294.687:1887): proctitle="/usr/lib/systemd/systemd-timesyncd"
type=SYSCALL msg=audit(1772710294.822:1888): arch=c000003e syscall=42 success=yes exit=0 a0=d a1=724c88000f40 a2=10 a3=0 items=0 ppid=1 pid=424 auid=4294967295 uid=997 gid=997 euid=997 suid=997 fsuid=997 egid=997 sgid=997 fsgid=997 tty=(none) ses=4294967295 comm="sd-resolve" exe="/usr/lib/systemd/systemd-timesyncd" subj=unconfined key="T1043_Commonly_Used_Port"ARCH=x86_64 SYSCALL=connect AUID="unset" UID="systemd-timesync" GID="systemd-timesync" EUID="systemd-timesync" SUID="systemd-timesync" FSUID="systemd-timesync" EGID="systemd-timesync" SGID="systemd-timesync" FSGID="systemd-timesync"
type=SOCKADDR msg=audit(1772710294.822:1888): saddr=0200007BA29FC87B0000000000000000SADDR={ saddr_fam=inet laddr=162.159.200.123 lport=123 }
type=PROCTITLE msg=audit(1772710294.822:1888): proctitle="/usr/lib/systemd/systemd-timesyncd"
type=SYSCALL msg=audit(1772710294.824:1889): arch=c000003e syscall=42 success=yes exit=0 a0=d a1=724c8f6a50a0 a2=10 a3=0 items=0 ppid=1 pid=424 auid=4294967295 uid=997 gid=997 euid=997 suid=997 fsuid=997 egid=997 sgid=997 fsgid=997 tty=(none) ses=4294967295 comm="sd-resolve" exe="/usr/lib/systemd/systemd-timesyncd" subj=unconfined key="T1043_Commonly_Used_Port"ARCH=x86_64 SYSCALL=connect AUID="unset" UID="systemd-timesync" GID="systemd-timesync" EUID="systemd-timesync" SUID="systemd-timesync" FSUID="systemd-timesync" EGID="systemd-timesync" SGID="systemd-timesync" FSGID="systemd-timesync"
type=SOCKADDR msg=audit(1772710294.824:1889): saddr=00000000000000000000000000000000SADDR=unknown-family(0)
type=PROCTITLE msg=audit(1772710294.824:1889): proctitle="/usr/lib/systemd/systemd-timesyncd"
type=SYSCALL msg=audit(1772710294.824:1890): arch=c000003e syscall=42 success=yes exit=0 a0=d a1=724c88000f90 a2=10 a3=0 items=0 ppid=1 pid=424 auid=4294967295 uid=997 gid=997 euid=997 suid=997 fsuid=997 egid=997 sgid=997 fsgid=997 tty=(none) ses=4294967295 comm="sd-resolve" exe="/usr/lib/systemd/systemd-timesyncd" subj=unconfined key="T1043_Commonly_Used_Port"ARCH=x86_64 SYSCALL=connect AUID="unset" UID="systemd-timesync" GID="systemd-timesync" EUID="systemd-timesync" SUID="systemd-timesync" FSUID="systemd-timesync" EGID="systemd-timesync" SGID="systemd-timesync" FSGID="systemd-timesync"
type=SOCKADDR msg=audit(1772710294.824:1890): saddr=0200007B5BCE08240000000000000000SADDR={ saddr_fam=inet laddr=91.206.8.36 lport=123 }
type=PROCTITLE msg=audit(1772710294.824:1890): proctitle="/usr/lib/systemd/systemd-timesyncd"
type=SYSCALL msg=audit(1772710294.824:1891): arch=c000003e syscall=42 success=yes exit=0 a0=d a1=724c8f6a50a0 a2=10 a3=0 items=0 ppid=1 pid=424 auid=4294967295 uid=997 gid=997 euid=997 suid=997 fsuid=997 egid=997 sgid=997 fsgid=997 tty=(none) ses=4294967295 comm="sd-resolve" exe="/usr/lib/systemd/systemd-timesyncd" subj=unconfined key="T1043_Commonly_Used_Port"ARCH=x86_64 SYSCALL=connect AUID="unset" UID="systemd-timesync" GID="systemd-timesync" EUID="systemd-timesync" SUID="systemd-timesync" FSUID="systemd-timesync" EGID="systemd-timesync" SGID="systemd-timesync" FSGID="systemd-timesync"
type=SOCKADDR msg=audit(1772710294.824:1891): saddr=00000000000000000000000000000000SADDR=unknown-family(0)
type=PROCTITLE msg=audit(1772710294.824:1891): proctitle="/usr/lib/systemd/systemd-timesyncd"
type=SYSCALL msg=audit(1772710294.824:1892): arch=c000003e syscall=42 success=yes exit=0 a0=d a1=724c88000fe0 a2=10 a3=0 items=0 ppid=1 pid=424 auid=4294967295 uid=997 gid=997 euid=997 suid=997 fsuid=997 egid=997 sgid=997 fsgid=997 tty=(none) ses=4294967295 comm="sd-resolve" exe="/usr/lib/systemd/systemd-timesyncd" subj=unconfined key="T1043_Commonly_Used_Port"ARCH=x86_64 SYSCALL=connect AUID="unset" UID="systemd-timesync" GID="systemd-timesync" EUID="systemd-timesync" SUID="systemd-timesync" FSUID="systemd-timesync" EGID="systemd-timesync" SGID="systemd-timesync" FSGID="systemd-timesync"
type=SOCKADDR msg=audit(1772710294.824:1892): saddr=0200007B2E669D430000000000000000SADDR={ saddr_fam=inet laddr=46.102.157.67 lport=123 }
type=PROCTITLE msg=audit(1772710294.824:1892): proctitle="/usr/lib/systemd/systemd-timesyncd"
type=SYSCALL msg=audit(1772710294.824:1893): arch=c000003e syscall=42 success=yes exit=0 a0=d a1=724c8f6a50a0 a2=10 a3=0 items=0 ppid=1 pid=424 auid=4294967295 uid=997 gid=997 euid=997 suid=997 fsuid=997 egid=997 sgid=997 fsgid=997 tty=(none) ses=4294967295 comm="sd-resolve" exe="/usr/lib/systemd/systemd-timesyncd" subj=unconfined key="T1043_Commonly_Used_Port"ARCH=x86_64 SYSCALL=connect AUID="unset" UID="systemd-timesync" GID="systemd-timesync" EUID="systemd-timesync" SUID="systemd-timesync" FSUID="systemd-timesync" EGID="systemd-timesync" SGID="systemd-timesync" FSGID="systemd-timesync"
type=SOCKADDR msg=audit(1772710294.824:1893): saddr=00000000000000000000000000000000SADDR=unknown-family(0)
type=PROCTITLE msg=audit(1772710294.824:1893): proctitle="/usr/lib/systemd/systemd-timesyncd"
type=SYSCALL msg=audit(1772710294.824:1894): arch=c000003e syscall=42 success=yes exit=0 a0=d a1=724c88001030 a2=10 a3=0 items=0 ppid=1 pid=424 auid=4294967295 uid=997 gid=997 euid=997 suid=997 fsuid=997 egid=997 sgid=997 fsgid=997 tty=(none) ses=4294967295 comm="sd-resolve" exe="/usr/lib/systemd/systemd-timesyncd" subj=unconfined key="T1043_Commonly_Used_Port"ARCH=x86_64 SYSCALL=connect AUID="unset" UID="systemd-timesync" GID="systemd-timesync" EUID="systemd-timesync" SUID="systemd-timesync" FSUID="systemd-timesync" EGID="systemd-timesync" SGID="systemd-timesync" FSGID="systemd-timesync"
type=SOCKADDR msg=audit(1772710294.824:1894): saddr=0200007B983584F40000000000000000SADDR={ saddr_fam=inet laddr=152.53.132.244 lport=123 }
type=PROCTITLE msg=audit(1772710294.824:1894): proctitle="/usr/lib/systemd/systemd-timesyncd"
type=SYSCALL msg=audit(1772710294.825:1895): arch=c000003e syscall=42 success=yes exit=0 a0=d a1=724c88001080 a2=1c a3=0 items=0 ppid=1 pid=424 auid=4294967295 uid=997 gid=997 euid=997 suid=997 fsuid=997 egid=997 sgid=997 fsgid=997 tty=(none) ses=4294967295 comm="sd-resolve" exe="/usr/lib/systemd/systemd-timesyncd" subj=unconfined key="T1043_Commonly_Used_Port"ARCH=x86_64 SYSCALL=connect AUID="unset" UID="systemd-timesync" GID="systemd-timesync" EUID="systemd-timesync" SUID="systemd-timesync" FSUID="systemd-timesync" EGID="systemd-timesync" SGID="systemd-timesync" FSGID="systemd-timesync"
type=SOCKADDR msg=audit(1772710294.825:1895): saddr=0A00007B000000002A0DF30201010357000000000000000100000000SADDR={ saddr_fam=inet6 laddr=2a0d:f302:101:357::1 lport=123 }
type=PROCTITLE msg=audit(1772710294.825:1895): proctitle="/usr/lib/systemd/systemd-timesyncd"
type=SYSCALL msg=audit(1772710294.825:1896): arch=c000003e syscall=42 success=yes exit=0 a0=d a1=724c8f6a50a0 a2=10 a3=0 items=0 ppid=1 pid=424 auid=4294967295 uid=997 gid=997 euid=997 suid=997 fsuid=997 egid=997 sgid=997 fsgid=997 tty=(none) ses=4294967295 comm="sd-resolve" exe="/usr/lib/systemd/systemd-timesyncd" subj=unconfined key="T1043_Commonly_Used_Port"ARCH=x86_64 SYSCALL=connect AUID="unset" UID="systemd-timesync" GID="systemd-timesync" EUID="systemd-timesync" SUID="systemd-timesync" FSUID="systemd-timesync" EGID="systemd-timesync" SGID="systemd-timesync" FSGID="systemd-timesync"
type=SOCKADDR msg=audit(1772710294.825:1896): saddr=00000000000000000000000000000000SADDR=unknown-family(0)
type=PROCTITLE msg=audit(1772710294.825:1896): proctitle="/usr/lib/systemd/systemd-timesyncd"
type=SYSCALL msg=audit(1772710294.825:1897): arch=c000003e syscall=42 success=yes exit=0 a0=d a1=724c880010e0 a2=1c a3=0 items=0 ppid=1 pid=424 auid=4294967295 uid=997 gid=997 euid=997 suid=997 fsuid=997 egid=997 sgid=997 fsgid=997 tty=(none) ses=4294967295 comm="sd-resolve" exe="/usr/lib/systemd/systemd-timesyncd" subj=unconfined key="T1043_Commonly_Used_Port"ARCH=x86_64 SYSCALL=connect AUID="unset" UID="systemd-timesync" GID="systemd-timesync" EUID="systemd-timesync" SUID="systemd-timesync" FSUID="systemd-timesync" EGID="systemd-timesync" SGID="systemd-timesync" FSGID="systemd-timesync"
type=SOCKADDR msg=audit(1772710294.825:1897): saddr=0A00007B000000002A02174800001900000100000000008200000000SADDR={ saddr_fam=inet6 laddr=2a02:1748:0:1900:1::82 lport=123 }
type=PROCTITLE msg=audit(1772710294.825:1897): proctitle="/usr/lib/systemd/systemd-timesyncd"
type=SYSCALL msg=audit(1772710294.825:1898): arch=c000003e syscall=42 success=yes exit=0 a0=d a1=724c8f6a50a0 a2=10 a3=0 items=0 ppid=1 pid=424 auid=4294967295 uid=997 gid=997 euid=997 suid=997 fsuid=997 egid=997 sgid=997 fsgid=997 tty=(none) ses=4294967295 comm="sd-resolve" exe="/usr/lib/systemd/systemd-timesyncd" subj=unconfined key="T1043_Commonly_Used_Port"ARCH=x86_64 SYSCALL=connect AUID="unset" UID="systemd-timesync" GID="systemd-timesync" EUID="systemd-timesync" SUID="systemd-timesync" FSUID="systemd-timesync" EGID="systemd-timesync" SGID="systemd-timesync" FSGID="systemd-timesync"
type=SOCKADDR msg=audit(1772710294.825:1898): saddr=00000000000000000000000000000000SADDR=unknown-family(0)
type=PROCTITLE msg=audit(1772710294.825:1898): proctitle="/usr/lib/systemd/systemd-timesyncd"
type=SYSCALL msg=audit(1772710294.825:1899): arch=c000003e syscall=42 success=yes exit=0 a0=d a1=724c88001140 a2=1c a3=0 items=0 ppid=1 pid=424 auid=4294967295 uid=997 gid=997 euid=997 suid=997 fsuid=997 egid=997 sgid=997 fsgid=997 tty=(none) ses=4294967295 comm="sd-resolve" exe="/usr/lib/systemd/systemd-timesyncd" subj=unconfined key="T1043_Commonly_Used_Port"ARCH=x86_64 SYSCALL=connect AUID="unset" UID="systemd-timesync" GID="systemd-timesync" EUID="systemd-timesync" SUID="systemd-timesync" FSUID="systemd-timesync" EGID="systemd-timesync" SGID="systemd-timesync" FSGID="systemd-timesync"
type=SOCKADDR msg=audit(1772710294.825:1899): saddr=0A00007B00000000200106282030DCF10000000000000AC000000000SADDR={ saddr_fam=inet6 laddr=2001:628:2030:dcf1::ac0 lport=123 }
type=PROCTITLE msg=audit(1772710294.825:1899): proctitle="/usr/lib/systemd/systemd-timesyncd"
type=SYSCALL msg=audit(1772710294.825:1900): arch=c000003e syscall=42 success=yes exit=0 a0=d a1=724c8f6a50a0 a2=10 a3=0 items=0 ppid=1 pid=424 auid=4294967295 uid=997 gid=997 euid=997 suid=997 fsuid=997 egid=997 sgid=997 fsgid=997 tty=(none) ses=4294967295 comm="sd-resolve" exe="/usr/lib/systemd/systemd-timesyncd" subj=unconfined key="T1043_Commonly_Used_Port"ARCH=x86_64 SYSCALL=connect AUID="unset" UID="systemd-timesync" GID="systemd-timesync" EUID="systemd-timesync" SUID="systemd-timesync" FSUID="systemd-timesync" EGID="systemd-timesync" SGID="systemd-timesync" FSGID="systemd-timesync"
type=SOCKADDR msg=audit(1772710294.825:1900): saddr=00000000000000000000000000000000SADDR=unknown-family(0)
type=PROCTITLE msg=audit(1772710294.825:1900): proctitle="/usr/lib/systemd/systemd-timesyncd"
type=SYSCALL msg=audit(1772710294.825:1901): arch=c000003e syscall=42 success=yes exit=0 a0=d a1=724c880011a0 a2=1c a3=0 items=0 ppid=1 pid=424 auid=4294967295 uid=997 gid=997 euid=997 suid=997 fsuid=997 egid=997 sgid=997 fsgid=997 tty=(none) ses=4294967295 comm="sd-resolve" exe="/usr/lib/systemd/systemd-timesyncd" subj=unconfined key="T1043_Commonly_Used_Port"ARCH=x86_64 SYSCALL=connect AUID="unset" UID="systemd-timesync" GID="systemd-timesync" EUID="systemd-timesync" SUID="systemd-timesync" FSUID="systemd-timesync" EGID="systemd-timesync" SGID="systemd-timesync" FSGID="systemd-timesync"
type=SOCKADDR msg=audit(1772710294.825:1901): saddr=0A00007B000000002606470000F10000000000000000012300000000SADDR={ saddr_fam=inet6 laddr=2606:4700:f1::123 lport=123 }
type=PROCTITLE msg=audit(1772710294.825:1901): proctitle="/usr/lib/systemd/systemd-timesyncd"
type=SYSCALL msg=audit(1772710296.466:1902): arch=c000003e syscall=59 success=yes exit=0 a0=7ffef26bde00 a1=7ffef26bde20 a2=7ffef26be918 a3=8 items=2 ppid=1 pid=1459 auid=4294967295 uid=0 gid=0 euid=0 suid=0 fsuid=0 egid=0 sgid=0 fsgid=0 tty=(none) ses=4294967295 comm="9" exe="/usr/lib/systemd/systemd-executor" subj=unconfined key="T1078_Valid_Accounts"ARCH=x86_64 SYSCALL=execve AUID="unset" UID="root" GID="root" EUID="root" SUID="root" FSUID="root" EGID="root" SGID="root" FSGID="root"
type=EXECVE msg=audit(1772710296.466:1902): argc=7 a0="/usr/lib/systemd/systemd-executor" a1="--deserialize" a2="89" a3="--log-level" a4="info" a5="--log-target" a6="journal-or-kmsg"
type=PATH msg=audit(1772710296.466:1902): item=0 name="/proc/self/fd/9" inode=1463834 dev=08:02 mode=0100755 ouid=0 ogid=0 rdev=00:00 nametype=NORMAL cap_fp=0 cap_fi=0 cap_fe=0 cap_fver=0 cap_frootid=0OUID="root" OGID="root"
type=PATH msg=audit(1772710296.466:1902): item=1 name="/lib64/ld-linux-x86-64.so.2" inode=1481429 dev=08:02 mode=0100755 ouid=0 ogid=0 rdev=00:00 nametype=NORMAL cap_fp=0 cap_fi=0 cap_fe=0 cap_fver=0 cap_frootid=0OUID="root" OGID="root"
type=PROCTITLE msg=audit(1772710296.466:1902): proctitle=2F7573722F6C69622F73797374656D642F73797374656D642D6578656375746F72002D2D646573657269616C697A65003839002D2D6C6F672D6C6576656C00696E666F002D2D6C6F672D746172676574006A6F75726E616C2D6F722D6B6D7367
type=SYSCALL msg=audit(1772710296.476:1903): arch=c000003e syscall=42 success=yes exit=0 a0=4 a1=7ffc90271200 a2=1e a3=7ffc902712b0 items=1 ppid=1 pid=1459 auid=4294967295 uid=0 gid=0 euid=0 suid=0 fsuid=0 egid=0 sgid=0 fsgid=0 tty=(none) ses=4294967295 comm="9" exe="/usr/lib/systemd/systemd-executor" subj=unconfined key="T1043_Commonly_Used_Port"ARCH=x86_64 SYSCALL=connect AUID="unset" UID="root" GID="root" EUID="root" SUID="root" FSUID="root" EGID="root" SGID="root" FSGID="root"
type=SOCKADDR msg=audit(1772710296.476:1903): saddr=01002F72756E2F73797374656D642F6A6F75726E616C2F736F636B657400SADDR={ saddr_fam=local path=/run/systemd/journal/socket }
type=PATH msg=audit(1772710296.476:1903): item=0 name="/run/systemd/journal/socket" inode=455 dev=00:18 mode=0140666 ouid=0 ogid=0 rdev=00:00 nametype=NORMAL cap_fp=0 cap_fi=0 cap_fe=0 cap_fver=0 cap_frootid=0OUID="root" OGID="root"
type=PROCTITLE msg=audit(1772710296.476:1903): proctitle=2F7573722F6C69622F73797374656D642F73797374656D642D6578656375746F72002D2D646573657269616C697A65003839002D2D6C6F672D6C6576656C00696E666F002D2D6C6F672D746172676574006A6F75726E616C2D6F722D6B6D7367
type=SYSCALL msg=audit(1772710296.498:1904): arch=c000003e syscall=42 success=yes exit=0 a0=3 a1=7ffc90270d80 a2=1e a3=fffffff7 items=1 ppid=1 pid=1459 auid=4294967295 uid=0 gid=0 euid=0 suid=0 fsuid=0 egid=0 sgid=0 fsgid=0 tty=(none) ses=4294967295 comm="(t-helper)" exe="/usr/lib/systemd/systemd-executor" subj=unconfined key="T1043_Commonly_Used_Port"ARCH=x86_64 SYSCALL=connect AUID="unset" UID="root" GID="root" EUID="root" SUID="root" FSUID="root" EGID="root" SGID="root" FSGID="root"
type=SOCKADDR msg=audit(1772710296.498:1904): saddr=01002F72756E2F73797374656D642F6A6F75726E616C2F7374646F757400SADDR={ saddr_fam=local path=/run/systemd/journal/stdout }
type=PATH msg=audit(1772710296.498:1904): item=0 name="/run/systemd/journal/stdout" inode=456 dev=00:18 mode=0140666 ouid=0 ogid=0 rdev=00:00 nametype=NORMAL cap_fp=0 cap_fi=0 cap_fe=0 cap_fver=0 cap_frootid=0OUID="root" OGID="root"
type=PROCTITLE msg=audit(1772710296.498:1904): proctitle=2F7573722F6C69622F73797374656D642F73797374656D642D6578656375746F72002D2D646573657269616C697A65003839002D2D6C6F672D6C6576656C00696E666F002D2D6C6F672D746172676574006A6F75726E616C2D6F722D6B6D7367
type=SYSCALL msg=audit(1772710296.504:1905): arch=c000003e syscall=59 success=yes exit=0 a0=5d621b942050 a1=5d621b942150 a2=5d621b941d80 a3=5d621b942990 items=2 ppid=1 pid=1459 auid=4294967295 uid=0 gid=0 euid=0 suid=0 fsuid=0 egid=0 sgid=0 fsgid=0 tty=(none) ses=4294967295 comm="apt-helper" exe="/usr/lib/apt/apt-helper" subj=unconfined key="T1078_Valid_Accounts"ARCH=x86_64 SYSCALL=execve AUID="unset" UID="root" GID="root" EUID="root" SUID="root" FSUID="root" EGID="root" SGID="root" FSGID="root"
type=EXECVE msg=audit(1772710296.504:1905): argc=2 a0="/usr/lib/apt/apt-helper" a1="wait-online"
type=PATH msg=audit(1772710296.504:1905): item=0 name="/usr/lib/apt/apt-helper" inode=1455457 dev=08:02 mode=0100755 ouid=0 ogid=0 rdev=00:00 nametype=NORMAL cap_fp=0 cap_fi=0 cap_fe=0 cap_fver=0 cap_frootid=0OUID="root" OGID="root"
type=PATH msg=audit(1772710296.504:1905): item=1 name="/lib64/ld-linux-x86-64.so.2" inode=1481429 dev=08:02 mode=0100755 ouid=0 ogid=0 rdev=00:00 nametype=NORMAL cap_fp=0 cap_fi=0 cap_fe=0 cap_fver=0 cap_frootid=0OUID="root" OGID="root"
type=PROCTITLE msg=audit(1772710296.504:1905): proctitle=2F7573722F6C69622F73797374656D642F73797374656D642D6578656375746F72002D2D646573657269616C697A65003839002D2D6C6F672D6C6576656C00696E666F002D2D6C6F672D746172676574006A6F75726E616C2D6F722D6B6D7367
type=SYSCALL msg=audit(1772710296.535:1906): arch=c000003e syscall=59 success=no exit=-2 a0=7ffdaa349500 a1=7ffdaa349600 a2=7ffdaa349870 a3=7ffdaa34ae00 items=1 ppid=1459 pid=1460 auid=4294967295 uid=0 gid=0 euid=0 suid=0 fsuid=0 egid=0 sgid=0 fsgid=0 tty=(none) ses=4294967295 comm="apt-helper" exe="/usr/lib/apt/apt-helper" subj=unconfined key="T1078_Valid_Accounts"ARCH=x86_64 SYSCALL=execve AUID="unset" UID="root" GID="root" EUID="root" SUID="root" FSUID="root" EGID="root" SGID="root" FSGID="root"
type=PATH msg=audit(1772710296.535:1906): item=0 name="/usr/local/sbin/systemctl" nametype=UNKNOWN cap_fp=0 cap_fi=0 cap_fe=0 cap_fver=0 cap_frootid=0
type=PROCTITLE msg=audit(1772710296.535:1906): proctitle=2F7573722F6C69622F6170742F6170742D68656C70657200776169742D6F6E6C696E65
type=SYSCALL msg=audit(1772710296.535:1907): arch=c000003e syscall=59 success=no exit=-2 a0=7ffdaa349500 a1=7ffdaa349600 a2=7ffdaa349870 a3=7ffdaa34ae00 items=1 ppid=1459 pid=1460 auid=4294967295 uid=0 gid=0 euid=0 suid=0 fsuid=0 egid=0 sgid=0 fsgid=0 tty=(none) ses=4294967295 comm="apt-helper" exe="/usr/lib/apt/apt-helper" subj=unconfined key="T1078_Valid_Accounts"ARCH=x86_64 SYSCALL=execve AUID="unset" UID="root" GID="root" EUID="root" SUID="root" FSUID="root" EGID="root" SGID="root" FSGID="root"
type=PATH msg=audit(1772710296.535:1907): item=0 name="/usr/local/bin/systemctl" nametype=UNKNOWN cap_fp=0 cap_fi=0 cap_fe=0 cap_fver=0 cap_frootid=0
type=PROCTITLE msg=audit(1772710296.535:1907): proctitle=2F7573722F6C69622F6170742F6170742D68656C70657200776169742D6F6E6C696E65
type=SYSCALL msg=audit(1772710296.535:1908): arch=c000003e syscall=59 success=no exit=-2 a0=7ffdaa349500 a1=7ffdaa349600 a2=7ffdaa349870 a3=7ffdaa34ae00 items=1 ppid=1459 pid=1460 auid=4294967295 uid=0 gid=0 euid=0 suid=0 fsuid=0 egid=0 sgid=0 fsgid=0 tty=(none) ses=4294967295 comm="apt-helper" exe="/usr/lib/apt/apt-helper" subj=unconfined key="T1078_Valid_Accounts"ARCH=x86_64 SYSCALL=execve AUID="unset" UID="root" GID="root" EUID="root" SUID="root" FSUID="root" EGID="root" SGID="root" FSGID="root"
type=PATH msg=audit(1772710296.535:1908): item=0 name="/usr/sbin/systemctl" nametype=UNKNOWN cap_fp=0 cap_fi=0 cap_fe=0 cap_fver=0 cap_frootid=0
type=PROCTITLE msg=audit(1772710296.535:1908): proctitle=2F7573722F6C69622F6170742F6170742D68656C70657200776169742D6F6E6C696E65
type=SYSCALL msg=audit(1772710296.535:1909): arch=c000003e syscall=59 success=yes exit=0 a0=7ffdaa349500 a1=7ffdaa349600 a2=7ffdaa349870 a3=7ffdaa34ae00 items=2 ppid=1459 pid=1460 auid=4294967295 uid=0 gid=0 euid=0 suid=0 fsuid=0 egid=0 sgid=0 fsgid=0 tty=(none) ses=4294967295 comm="systemctl" exe="/usr/bin/systemctl" subj=unconfined key="T1078_Valid_Accounts"ARCH=x86_64 SYSCALL=execve AUID="unset" UID="root" GID="root" EUID="root" SUID="root" FSUID="root" EGID="root" SGID="root" FSGID="root"
type=EXECVE msg=audit(1772710296.535:1909): argc=4 a0="systemctl" a1="is-active" a2="-q" a3="systemd-networkd.service"
type=PATH msg=audit(1772710296.535:1909): item=0 name="/usr/bin/systemctl" inode=1461475 dev=08:02 mode=0100755 ouid=0 ogid=0 rdev=00:00 nametype=NORMAL cap_fp=0 cap_fi=0 cap_fe=0 cap_fver=0 cap_frootid=0OUID="root" OGID="root"
type=PATH msg=audit(1772710296.535:1909): item=1 name="/lib64/ld-linux-x86-64.so.2" inode=1481429 dev=08:02 mode=0100755 ouid=0 ogid=0 rdev=00:00 nametype=NORMAL cap_fp=0 cap_fi=0 cap_fe=0 cap_fver=0 cap_frootid=0OUID="root" OGID="root"
type=PROCTITLE msg=audit(1772710296.535:1909): proctitle=2F7573722F6C69622F6170742F6170742D68656C70657200776169742D6F6E6C696E65
type=SYSCALL msg=audit(1772710296.536:1910): arch=c000003e syscall=42 success=yes exit=0 a0=3 a1=7fff847ad1d0 a2=1e a3=7fff847ad280 items=1 ppid=1459 pid=1460 auid=4294967295 uid=0 gid=0 euid=0 suid=0 fsuid=0 egid=0 sgid=0 fsgid=0 tty=(none) ses=4294967295 comm="systemctl" exe="/usr/bin/systemctl" subj=unconfined key="T1043_Commonly_Used_Port"ARCH=x86_64 SYSCALL=connect AUID="unset" UID="root" GID="root" EUID="root" SUID="root" FSUID="root" EGID="root" SGID="root" FSGID="root"
type=SOCKADDR msg=audit(1772710296.536:1910): saddr=01002F72756E2F73797374656D642F6A6F75726E616C2F736F636B657400SADDR={ saddr_fam=local path=/run/systemd/journal/socket }
type=PATH msg=audit(1772710296.536:1910): item=0 name="/run/systemd/journal/socket" inode=455 dev=00:18 mode=0140666 ouid=0 ogid=0 rdev=00:00 nametype=NORMAL cap_fp=0 cap_fi=0 cap_fe=0 cap_fver=0 cap_frootid=0OUID="root" OGID="root"
type=PROCTITLE msg=audit(1772710296.536:1910): proctitle=2F7573722F6C69622F6170742F6170742D68656C70657200776169742D6F6E6C696E65
type=SYSCALL msg=audit(1772710296.542:1911): arch=c000003e syscall=42 success=yes exit=0 a0=4 a1=56f6052bab18 a2=17 a3=7fff847aced4 items=1 ppid=1459 pid=1460 auid=4294967295 uid=0 gid=0 euid=0 suid=0 fsuid=0 egid=0 sgid=0 fsgid=0 tty=(none) ses=4294967295 comm="systemctl" exe="/usr/bin/systemctl" subj=unconfined key="T1043_Commonly_Used_Port"ARCH=x86_64 SYSCALL=connect AUID="unset" UID="root" GID="root" EUID="root" SUID="root" FSUID="root" EGID="root" SGID="root" FSGID="root"
type=SOCKADDR msg=audit(1772710296.542:1911): saddr=01002F72756E2F73797374656D642F7072697661746500SADDR={ saddr_fam=local path=/run/systemd/private }
type=PATH msg=audit(1772710296.542:1911): item=0 name="/run/systemd/private" inode=440 dev=00:18 mode=0140700 ouid=0 ogid=0 rdev=00:00 nametype=NORMAL cap_fp=0 cap_fi=0 cap_fe=0 cap_fver=0 cap_frootid=0OUID="root" OGID="root"
type=PROCTITLE msg=audit(1772710296.542:1911): proctitle=2F7573722F6C69622F6170742F6170742D68656C70657200776169742D6F6E6C696E65
type=SYSCALL msg=audit(1772710296.549:1912): arch=c000003e syscall=59 success=yes exit=0 a0=5e1b238365e0 a1=5e1b23838028 a2=7ffdaa349870 a3=7ec46d3b1fc0 items=2 ppid=1459 pid=1461 auid=4294967295 uid=0 gid=0 euid=0 suid=0 fsuid=0 egid=0 sgid=0 fsgid=0 tty=(none) ses=4294967295 comm="systemd-network" exe="/usr/lib/systemd/systemd-networkd-wait-online" subj=unconfined key="T1078_Valid_Accounts"ARCH=x86_64 SYSCALL=execve AUID="unset" UID="root" GID="root" EUID="root" SUID="root" FSUID="root" EGID="root" SGID="root" FSGID="root"
type=EXECVE msg=audit(1772710296.549:1912): argc=3 a0="/lib/systemd/systemd-networkd-wait-online" a1="-q" a2="--timeout=30"
type=PATH msg=audit(1772710296.549:1912): item=0 name="/lib/systemd/systemd-networkd-wait-online" inode=1463850 dev=08:02 mode=0100755 ouid=0 ogid=0 rdev=00:00 nametype=NORMAL cap_fp=0 cap_fi=0 cap_fe=0 cap_fver=0 cap_frootid=0OUID="root" OGID="root"
type=PATH msg=audit(1772710296.549:1912): item=1 name="/lib64/ld-linux-x86-64.so.2" inode=1481429 dev=08:02 mode=0100755 ouid=0 ogid=0 rdev=00:00 nametype=NORMAL cap_fp=0 cap_fi=0 cap_fe=0 cap_fver=0 cap_frootid=0OUID="root" OGID="root"
type=PROCTITLE msg=audit(1772710296.549:1912): proctitle=2F6C69622F73797374656D642F73797374656D642D6E6574776F726B642D776169742D6F6E6C696E65002D71002D2D74696D656F75743D3330
type=SYSCALL msg=audit(1772710296.555:1913): arch=c000003e syscall=42 success=yes exit=0 a0=3 a1=7ffd4194f2d0 a2=1e a3=7ffd4194f380 items=1 ppid=1459 pid=1461 auid=4294967295 uid=0 gid=0 euid=0 suid=0 fsuid=0 egid=0 sgid=0 fsgid=0 tty=(none) ses=4294967295 comm="systemd-network" exe="/usr/lib/systemd/systemd-networkd-wait-online" subj=unconfined key="T1043_Commonly_Used_Port"ARCH=x86_64 SYSCALL=connect AUID="unset" UID="root" GID="root" EUID="root" SUID="root" FSUID="root" EGID="root" SGID="root" FSGID="root"
type=SOCKADDR msg=audit(1772710296.555:1913): saddr=01002F72756E2F73797374656D642F6A6F75726E616C2F736F636B657400SADDR={ saddr_fam=local path=/run/systemd/journal/socket }
type=PATH msg=audit(1772710296.555:1913): item=0 name="/run/systemd/journal/socket" inode=455 dev=00:18 mode=0140666 ouid=0 ogid=0 rdev=00:00 nametype=NORMAL cap_fp=0 cap_fi=0 cap_fe=0 cap_fver=0 cap_frootid=0OUID="root" OGID="root"
type=PROCTITLE msg=audit(1772710296.555:1913): proctitle=2F6C69622F73797374656D642F73797374656D642D6E6574776F726B642D776169742D6F6E6C696E65002D71002D2D74696D656F75743D3330
type=SYSCALL msg=audit(1772710296.559:1914): arch=c000003e syscall=59 success=no exit=-2 a0=7ffdaa349500 a1=7ffdaa349600 a2=7ffdaa349870 a3=7ffdaa34ae00 items=1 ppid=1459 pid=1462 auid=4294967295 uid=0 gid=0 euid=0 suid=0 fsuid=0 egid=0 sgid=0 fsgid=0 tty=(none) ses=4294967295 comm="apt-helper" exe="/usr/lib/apt/apt-helper" subj=unconfined key="T1078_Valid_Accounts"ARCH=x86_64 SYSCALL=execve AUID="unset" UID="root" GID="root" EUID="root" SUID="root" FSUID="root" EGID="root" SGID="root" FSGID="root"
type=PATH msg=audit(1772710296.559:1914): item=0 name="/usr/local/sbin/systemctl" nametype=UNKNOWN cap_fp=0 cap_fi=0 cap_fe=0 cap_fver=0 cap_frootid=0
type=PROCTITLE msg=audit(1772710296.559:1914): proctitle=2F7573722F6C69622F6170742F6170742D68656C70657200776169742D6F6E6C696E65
type=SYSCALL msg=audit(1772710296.560:1915): arch=c000003e syscall=59 success=no exit=-2 a0=7ffdaa349500 a1=7ffdaa349600 a2=7ffdaa349870 a3=7ffdaa34ae00 items=1 ppid=1459 pid=1462 auid=4294967295 uid=0 gid=0 euid=0 suid=0 fsuid=0 egid=0 sgid=0 fsgid=0 tty=(none) ses=4294967295 comm="apt-helper" exe="/usr/lib/apt/apt-helper" subj=unconfined key="T1078_Valid_Accounts"ARCH=x86_64 SYSCALL=execve AUID="unset" UID="root" GID="root" EUID="root" SUID="root" FSUID="root" EGID="root" SGID="root" FSGID="root"
type=PATH msg=audit(1772710296.560:1915): item=0 name="/usr/local/bin/systemctl" nametype=UNKNOWN cap_fp=0 cap_fi=0 cap_fe=0 cap_fver=0 cap_frootid=0
type=PROCTITLE msg=audit(1772710296.560:1915): proctitle=2F7573722F6C69622F6170742F6170742D68656C70657200776169742D6F6E6C696E65
type=SYSCALL msg=audit(1772710296.560:1916): arch=c000003e syscall=59 success=no exit=-2 a0=7ffdaa349500 a1=7ffdaa349600 a2=7ffdaa349870 a3=7ffdaa34ae00 items=1 ppid=1459 pid=1462 auid=4294967295 uid=0 gid=0 euid=0 suid=0 fsuid=0 egid=0 sgid=0 fsgid=0 tty=(none) ses=4294967295 comm="apt-helper" exe="/usr/lib/apt/apt-helper" subj=unconfined key="T1078_Valid_Accounts"ARCH=x86_64 SYSCALL=execve AUID="unset" UID="root" GID="root" EUID="root" SUID="root" FSUID="root" EGID="root" SGID="root" FSGID="root"
type=PATH msg=audit(1772710296.560:1916): item=0 name="/usr/sbin/systemctl" nametype=UNKNOWN cap_fp=0 cap_fi=0 cap_fe=0 cap_fver=0 cap_frootid=0
type=PROCTITLE msg=audit(1772710296.560:1916): proctitle=2F7573722F6C69622F6170742F6170742D68656C70657200776169742D6F6E6C696E65
type=SYSCALL msg=audit(1772710296.560:1917): arch=c000003e syscall=59 success=yes exit=0 a0=7ffdaa349500 a1=7ffdaa349600 a2=7ffdaa349870 a3=7ffdaa34ae00 items=2 ppid=1459 pid=1462 auid=4294967295 uid=0 gid=0 euid=0 suid=0 fsuid=0 egid=0 sgid=0 fsgid=0 tty=(none) ses=4294967295 comm="systemctl" exe="/usr/bin/systemctl" subj=unconfined key="T1078_Valid_Accounts"ARCH=x86_64 SYSCALL=execve AUID="unset" UID="root" GID="root" EUID="root" SUID="root" FSUID="root" EGID="root" SGID="root" FSGID="root"
type=EXECVE msg=audit(1772710296.560:1917): argc=4 a0="systemctl" a1="is-active" a2="-q" a3="NetworkManager.service"
type=PATH msg=audit(1772710296.560:1917): item=0 name="/usr/bin/systemctl" inode=1461475 dev=08:02 mode=0100755 ouid=0 ogid=0 rdev=00:00 nametype=NORMAL cap_fp=0 cap_fi=0 cap_fe=0 cap_fver=0 cap_frootid=0OUID="root" OGID="root"
type=PATH msg=audit(1772710296.560:1917): item=1 name="/lib64/ld-linux-x86-64.so.2" inode=1481429 dev=08:02 mode=0100755 ouid=0 ogid=0 rdev=00:00 nametype=NORMAL cap_fp=0 cap_fi=0 cap_fe=0 cap_fver=0 cap_frootid=0OUID="root" OGID="root"
type=PROCTITLE msg=audit(1772710296.560:1917): proctitle=2F7573722F6C69622F6170742F6170742D68656C70657200776169742D6F6E6C696E65
type=SYSCALL msg=audit(1772710296.566:1918): arch=c000003e syscall=42 success=yes exit=0 a0=3 a1=7fff2a9c4d60 a2=1e a3=7fff2a9c4e10 items=1 ppid=1459 pid=1462 auid=4294967295 uid=0 gid=0 euid=0 suid=0 fsuid=0 egid=0 sgid=0 fsgid=0 tty=(none) ses=4294967295 comm="systemctl" exe="/usr/bin/systemctl" subj=unconfined key="T1043_Commonly_Used_Port"ARCH=x86_64 SYSCALL=connect AUID="unset" UID="root" GID="root" EUID="root" SUID="root" FSUID="root" EGID="root" SGID="root" FSGID="root"
type=SOCKADDR msg=audit(1772710296.566:1918): saddr=01002F72756E2F73797374656D642F6A6F75726E616C2F736F636B657400SADDR={ saddr_fam=local path=/run/systemd/journal/socket }
type=PATH msg=audit(1772710296.566:1918): item=0 name="/run/systemd/journal/socket" inode=455 dev=00:18 mode=0140666 ouid=0 ogid=0 rdev=00:00 nametype=NORMAL cap_fp=0 cap_fi=0 cap_fe=0 cap_fver=0 cap_frootid=0OUID="root" OGID="root"
type=PROCTITLE msg=audit(1772710296.566:1918): proctitle=2F7573722F6C69622F6170742F6170742D68656C70657200776169742D6F6E6C696E65
type=SYSCALL msg=audit(1772710296.568:1919): arch=c000003e syscall=42 success=yes exit=0 a0=4 a1=5af9b363db18 a2=17 a3=7fff2a9c4a64 items=1 ppid=1459 pid=1462 auid=4294967295 uid=0 gid=0 euid=0 suid=0 fsuid=0 egid=0 sgid=0 fsgid=0 tty=(none) ses=4294967295 comm="systemctl" exe="/usr/bin/systemctl" subj=unconfined key="T1043_Commonly_Used_Port"ARCH=x86_64 SYSCALL=connect AUID="unset" UID="root" GID="root" EUID="root" SUID="root" FSUID="root" EGID="root" SGID="root" FSGID="root"
type=SOCKADDR msg=audit(1772710296.568:1919): saddr=01002F72756E2F73797374656D642F7072697661746500SADDR={ saddr_fam=local path=/run/systemd/private }
type=PATH msg=audit(1772710296.568:1919): item=0 name="/run/systemd/private" inode=440 dev=00:18 mode=0140700 ouid=0 ogid=0 rdev=00:00 nametype=NORMAL cap_fp=0 cap_fi=0 cap_fe=0 cap_fver=0 cap_frootid=0OUID="root" OGID="root"
type=PROCTITLE msg=audit(1772710296.568:1919): proctitle=2F7573722F6C69622F6170742F6170742D68656C70657200776169742D6F6E6C696E65
type=SYSCALL msg=audit(1772710296.577:1920): arch=c000003e syscall=59 success=no exit=-2 a0=7ffdaa349500 a1=7ffdaa349600 a2=7ffdaa349870 a3=7ffdaa34ae00 items=1 ppid=1459 pid=1463 auid=4294967295 uid=0 gid=0 euid=0 suid=0 fsuid=0 egid=0 sgid=0 fsgid=0 tty=(none) ses=4294967295 comm="apt-helper" exe="/usr/lib/apt/apt-helper" subj=unconfined key="T1078_Valid_Accounts"ARCH=x86_64 SYSCALL=execve AUID="unset" UID="root" GID="root" EUID="root" SUID="root" FSUID="root" EGID="root" SGID="root" FSGID="root"
type=PATH msg=audit(1772710296.577:1920): item=0 name="/usr/local/sbin/systemctl" nametype=UNKNOWN cap_fp=0 cap_fi=0 cap_fe=0 cap_fver=0 cap_frootid=0
type=PROCTITLE msg=audit(1772710296.577:1920): proctitle=2F7573722F6C69622F6170742F6170742D68656C70657200776169742D6F6E6C696E65
type=SYSCALL msg=audit(1772710296.577:1921): arch=c000003e syscall=59 success=no exit=-2 a0=7ffdaa349500 a1=7ffdaa349600 a2=7ffdaa349870 a3=7ffdaa34ae00 items=1 ppid=1459 pid=1463 auid=4294967295 uid=0 gid=0 euid=0 suid=0 fsuid=0 egid=0 sgid=0 fsgid=0 tty=(none) ses=4294967295 comm="apt-helper" exe="/usr/lib/apt/apt-helper" subj=unconfined key="T1078_Valid_Accounts"ARCH=x86_64 SYSCALL=execve AUID="unset" UID="root" GID="root" EUID="root" SUID="root" FSUID="root" EGID="root" SGID="root" FSGID="root"
type=PATH msg=audit(1772710296.577:1921): item=0 name="/usr/local/bin/systemctl" nametype=UNKNOWN cap_fp=0 cap_fi=0 cap_fe=0 cap_fver=0 cap_frootid=0
type=PROCTITLE msg=audit(1772710296.577:1921): proctitle=2F7573722F6C69622F6170742F6170742D68656C70657200776169742D6F6E6C696E65
type=SYSCALL msg=audit(1772710296.577:1922): arch=c000003e syscall=59 success=no exit=-2 a0=7ffdaa349500 a1=7ffdaa349600 a2=7ffdaa349870 a3=7ffdaa34ae00 items=1 ppid=1459 pid=1463 auid=4294967295 uid=0 gid=0 euid=0 suid=0 fsuid=0 egid=0 sgid=0 fsgid=0 tty=(none) ses=4294967295 comm="apt-helper" exe="/usr/lib/apt/apt-helper" subj=unconfined key="T1078_Valid_Accounts"ARCH=x86_64 SYSCALL=execve AUID="unset" UID="root" GID="root" EUID="root" SUID="root" FSUID="root" EGID="root" SGID="root" FSGID="root"
type=PATH msg=audit(1772710296.577:1922): item=0 name="/usr/sbin/systemctl" nametype=UNKNOWN cap_fp=0 cap_fi=0 cap_fe=0 cap_fver=0 cap_frootid=0
type=PROCTITLE msg=audit(1772710296.577:1922): proctitle=2F7573722F6C69622F6170742F6170742D68656C70657200776169742D6F6E6C696E65
type=SYSCALL msg=audit(1772710296.577:1923): arch=c000003e syscall=59 success=yes exit=0 a0=7ffdaa349500 a1=7ffdaa349600 a2=7ffdaa349870 a3=7ffdaa34ae00 items=2 ppid=1459 pid=1463 auid=4294967295 uid=0 gid=0 euid=0 suid=0 fsuid=0 egid=0 sgid=0 fsgid=0 tty=(none) ses=4294967295 comm="systemctl" exe="/usr/bin/systemctl" subj=unconfined key="T1078_Valid_Accounts"ARCH=x86_64 SYSCALL=execve AUID="unset" UID="root" GID="root" EUID="root" SUID="root" FSUID="root" EGID="root" SGID="root" FSGID="root"
type=EXECVE msg=audit(1772710296.577:1923): argc=4 a0="systemctl" a1="is-active" a2="-q" a3="connman.service"
type=PATH msg=audit(1772710296.577:1923): item=0 name="/usr/bin/systemctl" inode=1461475 dev=08:02 mode=0100755 ouid=0 ogid=0 rdev=00:00 nametype=NORMAL cap_fp=0 cap_fi=0 cap_fe=0 cap_fver=0 cap_frootid=0OUID="root" OGID="root"
type=PATH msg=audit(1772710296.577:1923): item=1 name="/lib64/ld-linux-x86-64.so.2" inode=1481429 dev=08:02 mode=0100755 ouid=0 ogid=0 rdev=00:00 nametype=NORMAL cap_fp=0 cap_fi=0 cap_fe=0 cap_fver=0 cap_frootid=0OUID="root" OGID="root"
type=PROCTITLE msg=audit(1772710296.577:1923): proctitle=2F7573722F6C69622F6170742F6170742D68656C70657200776169742D6F6E6C696E65
type=SYSCALL msg=audit(1772710296.583:1924): arch=c000003e syscall=42 success=yes exit=0 a0=3 a1=7fffcb65ab70 a2=1e a3=7fffcb65ac20 items=1 ppid=1459 pid=1463 auid=4294967295 uid=0 gid=0 euid=0 suid=0 fsuid=0 egid=0 sgid=0 fsgid=0 tty=(none) ses=4294967295 comm="systemctl" exe="/usr/bin/systemctl" subj=unconfined key="T1043_Commonly_Used_Port"ARCH=x86_64 SYSCALL=connect AUID="unset" UID="root" GID="root" EUID="root" SUID="root" FSUID="root" EGID="root" SGID="root" FSGID="root"
type=SOCKADDR msg=audit(1772710296.583:1924): saddr=01002F72756E2F73797374656D642F6A6F75726E616C2F736F636B657400SADDR={ saddr_fam=local path=/run/systemd/journal/socket }
type=PATH msg=audit(1772710296.583:1924): item=0 name="/run/systemd/journal/socket" inode=455 dev=00:18 mode=0140666 ouid=0 ogid=0 rdev=00:00 nametype=NORMAL cap_fp=0 cap_fi=0 cap_fe=0 cap_fver=0 cap_frootid=0OUID="root" OGID="root"
type=PROCTITLE msg=audit(1772710296.583:1924): proctitle=2F7573722F6C69622F6170742F6170742D68656C70657200776169742D6F6E6C696E65
type=SYSCALL msg=audit(1772710296.584:1925): arch=c000003e syscall=42 success=yes exit=0 a0=4 a1=5a5a2b678b18 a2=17 a3=7fffcb65a874 items=1 ppid=1459 pid=1463 auid=4294967295 uid=0 gid=0 euid=0 suid=0 fsuid=0 egid=0 sgid=0 fsgid=0 tty=(none) ses=4294967295 comm="systemctl" exe="/usr/bin/systemctl" subj=unconfined key="T1043_Commonly_Used_Port"ARCH=x86_64 SYSCALL=connect AUID="unset" UID="root" GID="root" EUID="root" SUID="root" FSUID="root" EGID="root" SGID="root" FSGID="root"
type=SOCKADDR msg=audit(1772710296.584:1925): saddr=01002F72756E2F73797374656D642F7072697661746500SADDR={ saddr_fam=local path=/run/systemd/private }
type=PATH msg=audit(1772710296.584:1925): item=0 name="/run/systemd/private" inode=440 dev=00:18 mode=0140700 ouid=0 ogid=0 rdev=00:00 nametype=NORMAL cap_fp=0 cap_fi=0 cap_fe=0 cap_fver=0 cap_frootid=0OUID="root" OGID="root"
type=PROCTITLE msg=audit(1772710296.584:1925): proctitle=2F7573722F6C69622F6170742F6170742D68656C70657200776169742D6F6E6C696E65
type=SYSCALL msg=audit(1772710296.591:1926): arch=c000003e syscall=59 success=yes exit=0 a0=7ffef26bdda0 a1=7ffef26bddc0 a2=7ffef26be918 a3=8 items=2 ppid=1 pid=1464 auid=4294967295 uid=0 gid=0 euid=0 suid=0 fsuid=0 egid=0 sgid=0 fsgid=0 tty=(none) ses=4294967295 comm="9" exe="/usr/lib/systemd/systemd-executor" subj=unconfined key="T1078_Valid_Accounts"ARCH=x86_64 SYSCALL=execve AUID="unset" UID="root" GID="root" EUID="root" SUID="root" FSUID="root" EGID="root" SGID="root" FSGID="root"
type=EXECVE msg=audit(1772710296.591:1926): argc=7 a0="/usr/lib/systemd/systemd-executor" a1="--deserialize" a2="89" a3="--log-level" a4="info" a5="--log-target" a6="journal-or-kmsg"
type=PATH msg=audit(1772710296.591:1926): item=0 name="/proc/self/fd/9" inode=1463834 dev=08:02 mode=0100755 ouid=0 ogid=0 rdev=00:00 nametype=NORMAL cap_fp=0 cap_fi=0 cap_fe=0 cap_fver=0 cap_frootid=0OUID="root" OGID="root"
type=PATH msg=audit(1772710296.591:1926): item=1 name="/lib64/ld-linux-x86-64.so.2" inode=1481429 dev=08:02 mode=0100755 ouid=0 ogid=0 rdev=00:00 nametype=NORMAL cap_fp=0 cap_fi=0 cap_fe=0 cap_fver=0 cap_frootid=0OUID="root" OGID="root"
type=PROCTITLE msg=audit(1772710296.591:1926): proctitle=2F7573722F6C69622F73797374656D642F73797374656D642D6578656375746F72002D2D646573657269616C697A65003839002D2D6C6F672D6C6576656C00696E666F002D2D6C6F672D746172676574006A6F75726E616C2D6F722D6B6D7367
type=SYSCALL msg=audit(1772710296.602:1927): arch=c000003e syscall=42 success=yes exit=0 a0=4 a1=7ffc751b0f10 a2=1e a3=7ffc751b0fc0 items=1 ppid=1 pid=1464 auid=4294967295 uid=0 gid=0 euid=0 suid=0 fsuid=0 egid=0 sgid=0 fsgid=0 tty=(none) ses=4294967295 comm="9" exe="/usr/lib/systemd/systemd-executor" subj=unconfined key="T1043_Commonly_Used_Port"ARCH=x86_64 SYSCALL=connect AUID="unset" UID="root" GID="root" EUID="root" SUID="root" FSUID="root" EGID="root" SGID="root" FSGID="root"
type=SOCKADDR msg=audit(1772710296.602:1927): saddr=01002F72756E2F73797374656D642F6A6F75726E616C2F736F636B657400SADDR={ saddr_fam=local path=/run/systemd/journal/socket }
type=PATH msg=audit(1772710296.602:1927): item=0 name="/run/systemd/journal/socket" inode=455 dev=00:18 mode=0140666 ouid=0 ogid=0 rdev=00:00 nametype=NORMAL cap_fp=0 cap_fi=0 cap_fe=0 cap_fver=0 cap_frootid=0OUID="root" OGID="root"
type=PROCTITLE msg=audit(1772710296.602:1927): proctitle=2F7573722F6C69622F73797374656D642F73797374656D642D6578656375746F72002D2D646573657269616C697A65003839002D2D6C6F672D6C6576656C00696E666F002D2D6C6F672D746172676574006A6F75726E616C2D6F722D6B6D7367
type=SYSCALL msg=audit(1772710296.611:1928): arch=c000003e syscall=42 success=yes exit=0 a0=3 a1=7ffc751b0a90 a2=1e a3=fffffff7 items=1 ppid=1 pid=1464 auid=4294967295 uid=0 gid=0 euid=0 suid=0 fsuid=0 egid=0 sgid=0 fsgid=0 tty=(none) ses=4294967295 comm="(md.daily)" exe="/usr/lib/systemd/systemd-executor" subj=unconfined key="T1043_Commonly_Used_Port"ARCH=x86_64 SYSCALL=connect AUID="unset" UID="root" GID="root" EUID="root" SUID="root" FSUID="root" EGID="root" SGID="root" FSGID="root"
type=SOCKADDR msg=audit(1772710296.611:1928): saddr=01002F72756E2F73797374656D642F6A6F75726E616C2F7374646F757400SADDR={ saddr_fam=local path=/run/systemd/journal/stdout }
type=PATH msg=audit(1772710296.611:1928): item=0 name="/run/systemd/journal/stdout" inode=456 dev=00:18 mode=0140666 ouid=0 ogid=0 rdev=00:00 nametype=NORMAL cap_fp=0 cap_fi=0 cap_fe=0 cap_fver=0 cap_frootid=0OUID="root" OGID="root"
type=PROCTITLE msg=audit(1772710296.611:1928): proctitle=2F7573722F6C69622F73797374656D642F73797374656D642D6578656375746F72002D2D646573657269616C697A65003839002D2D6C6F672D6C6576656C00696E666F002D2D6C6F672D746172676574006A6F75726E616C2D6F722D6B6D7367
type=SYSCALL msg=audit(1772710296.611:1929): arch=c000003e syscall=59 success=yes exit=0 a0=61076e4a6070 a1=61076e4a6050 a2=61076e4a5d80 a3=61076e4a6990 items=3 ppid=1 pid=1464 auid=4294967295 uid=0 gid=0 euid=0 suid=0 fsuid=0 egid=0 sgid=0 fsgid=0 tty=(none) ses=4294967295 comm="apt.systemd.dai" exe="/usr/bin/dash" subj=unconfined key="T1078_Valid_Accounts"ARCH=x86_64 SYSCALL=execve AUID="unset" UID="root" GID="root" EUID="root" SUID="root" FSUID="root" EGID="root" SGID="root" FSGID="root"
type=EXECVE msg=audit(1772710296.611:1929): argc=3 a0="/bin/sh" a1="/usr/lib/apt/apt.systemd.daily" a2="install"
type=PATH msg=audit(1772710296.611:1929): item=0 name="/usr/lib/apt/apt.systemd.daily" inode=1455458 dev=08:02 mode=0100755 ouid=0 ogid=0 rdev=00:00 nametype=NORMAL cap_fp=0 cap_fi=0 cap_fe=0 cap_fver=0 cap_frootid=0OUID="root" OGID="root"
type=PATH msg=audit(1772710296.611:1929): item=1 name="/bin/sh" inode=1442345 dev=08:02 mode=0100755 ouid=0 ogid=0 rdev=00:00 nametype=NORMAL cap_fp=0 cap_fi=0 cap_fe=0 cap_fver=0 cap_frootid=0OUID="root" OGID="root"
type=PATH msg=audit(1772710296.611:1929): item=2 name="/lib64/ld-linux-x86-64.so.2" inode=1481429 dev=08:02 mode=0100755 ouid=0 ogid=0 rdev=00:00 nametype=NORMAL cap_fp=0 cap_fi=0 cap_fe=0 cap_fver=0 cap_frootid=0OUID="root" OGID="root"
type=PROCTITLE msg=audit(1772710296.611:1929): proctitle=2F7573722F6C69622F73797374656D642F73797374656D642D6578656375746F72002D2D646573657269616C697A65003839002D2D6C6F672D6C6576656C00696E666F002D2D6C6F672D746172676574006A6F75726E616C2D6F722D6B6D7367
type=SYSCALL msg=audit(1772710296.619:1930): arch=c000003e syscall=59 success=yes exit=0 a0=5f17cf7bb610 a1=5f17cf7bb580 a2=5f17cf7bb5a8 a3=5f17cf7bc340 items=2 ppid=1464 pid=1466 auid=4294967295 uid=0 gid=0 euid=0 suid=0 fsuid=0 egid=0 sgid=0 fsgid=0 tty=(none) ses=4294967295 comm="apt-config" exe="/usr/bin/apt-config" subj=unconfined key="T1078_Valid_Accounts"ARCH=x86_64 SYSCALL=execve AUID="unset" UID="root" GID="root" EUID="root" SUID="root" FSUID="root" EGID="root" SGID="root" FSGID="root"
type=EXECVE msg=audit(1772710296.619:1930): argc=4 a0="apt-config" a1="shell" a2="StateDir" a3="Dir::State/d"
type=PATH msg=audit(1772710296.619:1930): item=0 name="/usr/bin/apt-config" inode=1455451 dev=08:02 mode=0100755 ouid=0 ogid=0 rdev=00:00 nametype=NORMAL cap_fp=0 cap_fi=0 cap_fe=0 cap_fver=0 cap_frootid=0OUID="root" OGID="root"
type=PATH msg=audit(1772710296.619:1930): item=1 name="/lib64/ld-linux-x86-64.so.2" inode=1481429 dev=08:02 mode=0100755 ouid=0 ogid=0 rdev=00:00 nametype=NORMAL cap_fp=0 cap_fi=0 cap_fe=0 cap_fver=0 cap_frootid=0OUID="root" OGID="root"
type=PROCTITLE msg=audit(1772710296.619:1930): proctitle=6170742D636F6E666967007368656C6C005374617465446972004469723A3A53746174652F64
type=SYSCALL msg=audit(1772710296.632:1931): arch=c000003e syscall=59 success=yes exit=0 a0=58cbfeec2bd0 a1=58cbfeec3550 a2=7ffe1a435a50 a3=58cbfeecd9c0 items=2 ppid=1466 pid=1467 auid=4294967295 uid=0 gid=0 euid=0 suid=0 fsuid=0 egid=0 sgid=0 fsgid=0 tty=(none) ses=4294967295 comm="dpkg" exe="/usr/bin/dpkg" subj=unconfined key="T1078_Valid_Accounts"ARCH=x86_64 SYSCALL=execve AUID="unset" UID="root" GID="root" EUID="root" SUID="root" FSUID="root" EGID="root" SGID="root" FSGID="root"
type=EXECVE msg=audit(1772710296.632:1931): argc=2 a0="/usr/bin/dpkg" a1="--print-foreign-architectures"
type=PATH msg=audit(1772710296.632:1931): item=0 name="/usr/bin/dpkg" inode=1442382 dev=08:02 mode=0100755 ouid=0 ogid=0 rdev=00:00 nametype=NORMAL cap_fp=0 cap_fi=0 cap_fe=0 cap_fver=0 cap_frootid=0OUID="root" OGID="root"
type=PATH msg=audit(1772710296.632:1931): item=1 name="/lib64/ld-linux-x86-64.so.2" inode=1481429 dev=08:02 mode=0100755 ouid=0 ogid=0 rdev=00:00 nametype=NORMAL cap_fp=0 cap_fi=0 cap_fe=0 cap_fver=0 cap_frootid=0OUID="root" OGID="root"
type=PROCTITLE msg=audit(1772710296.632:1931): proctitle=2F7573722F62696E2F64706B67002D2D7072696E742D666F726569676E2D61726368697465637475726573
type=SYSCALL msg=audit(1772710296.639:1932): arch=c000003e syscall=59 success=yes exit=0 a0=5f17cf7bb5d8 a1=5f17cf7bb548 a2=5f17cf7bb570 a3=8 items=2 ppid=1464 pid=1468 auid=4294967295 uid=0 gid=0 euid=0 suid=0 fsuid=0 egid=0 sgid=0 fsgid=0 tty=(none) ses=4294967295 comm="flock" exe="/usr/bin/flock" subj=unconfined key="T1078_Valid_Accounts"ARCH=x86_64 SYSCALL=execve AUID="unset" UID="root" GID="root" EUID="root" SUID="root" FSUID="root" EGID="root" SGID="root" FSGID="root"
type=EXECVE msg=audit(1772710296.639:1932): argc=4 a0="flock" a1="-w" a2="3600" a3="3"
type=PATH msg=audit(1772710296.639:1932): item=0 name="/usr/bin/flock" inode=1443025 dev=08:02 mode=0100755 ouid=0 ogid=0 rdev=00:00 nametype=NORMAL cap_fp=0 cap_fi=0 cap_fe=0 cap_fver=0 cap_frootid=0OUID="root" OGID="root"
type=PATH msg=audit(1772710296.639:1932): item=1 name="/lib64/ld-linux-x86-64.so.2" inode=1481429 dev=08:02 mode=0100755 ouid=0 ogid=0 rdev=00:00 nametype=NORMAL cap_fp=0 cap_fi=0 cap_fe=0 cap_fver=0 cap_frootid=0OUID="root" OGID="root"
type=PROCTITLE msg=audit(1772710296.639:1932): proctitle=666C6F636B002D7700333630300033
type=SYSCALL msg=audit(1772710296.648:1933): arch=c000003e syscall=59 success=yes exit=0 a0=5f17cf7bf428 a1=5f17cf7bb558 a2=5f17cf7bb578 a3=8 items=3 ppid=1464 pid=1469 auid=4294967295 uid=0 gid=0 euid=0 suid=0 fsuid=0 egid=0 sgid=0 fsgid=0 tty=(none) ses=4294967295 comm="apt.systemd.dai" exe="/usr/bin/dash" subj=unconfined key="T1078_Valid_Accounts"ARCH=x86_64 SYSCALL=execve AUID="unset" UID="root" GID="root" EUID="root" SUID="root" FSUID="root" EGID="root" SGID="root" FSGID="root"
type=EXECVE msg=audit(1772710296.648:1933): argc=4 a0="/bin/sh" a1="/usr/lib/apt/apt.systemd.daily" a2="lock_is_held" a3="install"
type=PATH msg=audit(1772710296.648:1933): item=0 name="/usr/lib/apt/apt.systemd.daily" inode=1455458 dev=08:02 mode=0100755 ouid=0 ogid=0 rdev=00:00 nametype=NORMAL cap_fp=0 cap_fi=0 cap_fe=0 cap_fver=0 cap_frootid=0OUID="root" OGID="root"
type=PATH msg=audit(1772710296.648:1933): item=1 name="/bin/sh" inode=1442345 dev=08:02 mode=0100755 ouid=0 ogid=0 rdev=00:00 nametype=NORMAL cap_fp=0 cap_fi=0 cap_fe=0 cap_fver=0 cap_frootid=0OUID="root" OGID="root"
type=PATH msg=audit(1772710296.648:1933): item=2 name="/lib64/ld-linux-x86-64.so.2" inode=1481429 dev=08:02 mode=0100755 ouid=0 ogid=0 rdev=00:00 nametype=NORMAL cap_fp=0 cap_fi=0 cap_fe=0 cap_fver=0 cap_frootid=0OUID="root" OGID="root"
type=PROCTITLE msg=audit(1772710296.648:1933): proctitle=2F62696E2F7368002F7573722F6C69622F6170742F6170742E73797374656D642E6461696C79006C6F636B5F69735F68656C6400696E7374616C6C
type=SYSCALL msg=audit(1772710296.653:1934): arch=c000003e syscall=59 success=yes exit=0 a0=5662da7642e8 a1=5662da764220 a2=5662da764278 a3=8 items=2 ppid=1469 pid=1470 auid=4294967295 uid=0 gid=0 euid=0 suid=0 fsuid=0 egid=0 sgid=0 fsgid=0 tty=(none) ses=4294967295 comm="cmp" exe="/usr/bin/cmp" subj=unconfined key="T1078_Valid_Accounts"ARCH=x86_64 SYSCALL=execve AUID="unset" UID="root" GID="root" EUID="root" SUID="root" FSUID="root" EGID="root" SGID="root" FSGID="root"
type=EXECVE msg=audit(1772710296.653:1934): argc=4 a0="cmp" a1="-s" a2="apt.extended_states.0" a3="/var/lib/apt/extended_states"
type=PATH msg=audit(1772710296.653:1934): item=0 name="/usr/bin/cmp" inode=1442325 dev=08:02 mode=0100755 ouid=0 ogid=0 rdev=00:00 nametype=NORMAL cap_fp=0 cap_fi=0 cap_fe=0 cap_fver=0 cap_frootid=0OUID="root" OGID="root"
type=PATH msg=audit(1772710296.653:1934): item=1 name="/lib64/ld-linux-x86-64.so.2" inode=1481429 dev=08:02 mode=0100755 ouid=0 ogid=0 rdev=00:00 nametype=NORMAL cap_fp=0 cap_fi=0 cap_fe=0 cap_fver=0 cap_frootid=0OUID="root" OGID="root"
type=PROCTITLE msg=audit(1772710296.653:1934): proctitle=636D70002D73006170742E657874656E6465645F7374617465732E30002F7661722F6C69622F6170742F657874656E6465645F737461746573
type=SYSCALL msg=audit(1772710296.661:1935): arch=c000003e syscall=59 success=yes exit=0 a0=5662da7613f8 a1=5662da761360 a2=5662da761388 a3=75ec911a7ca0 items=2 ppid=1469 pid=1471 auid=4294967295 uid=0 gid=0 euid=0 suid=0 fsuid=0 egid=0 sgid=0 fsgid=0 tty=(none) ses=4294967295 comm="apt-config" exe="/usr/bin/apt-config" subj=unconfined key="T1078_Valid_Accounts"ARCH=x86_64 SYSCALL=execve AUID="unset" UID="root" GID="root" EUID="root" SUID="root" FSUID="root" EGID="root" SGID="root" FSGID="root"
type=EXECVE msg=audit(1772710296.661:1935): argc=4 a0="apt-config" a1="shell" a2="AutoAptEnable" a3="APT::Periodic::Enable"
type=PATH msg=audit(1772710296.661:1935): item=0 name="/usr/bin/apt-config" inode=1455451 dev=08:02 mode=0100755 ouid=0 ogid=0 rdev=00:00 nametype=NORMAL cap_fp=0 cap_fi=0 cap_fe=0 cap_fver=0 cap_frootid=0OUID="root" OGID="root"
type=PATH msg=audit(1772710296.661:1935): item=1 name="/lib64/ld-linux-x86-64.so.2" inode=1481429 dev=08:02 mode=0100755 ouid=0 ogid=0 rdev=00:00 nametype=NORMAL cap_fp=0 cap_fi=0 cap_fe=0 cap_fver=0 cap_frootid=0OUID="root" OGID="root"
type=PROCTITLE msg=audit(1772710296.661:1935): proctitle=6170742D636F6E666967007368656C6C004175746F417074456E61626C65004150543A3A506572696F6469633A3A456E61626C65
type=SYSCALL msg=audit(1772710296.673:1936): arch=c000003e syscall=59 success=yes exit=0 a0=564b7b286bd0 a1=564b7b287560 a2=7fff3b242960 a3=564b7b2919c0 items=2 ppid=1471 pid=1472 auid=4294967295 uid=0 gid=0 euid=0 suid=0 fsuid=0 egid=0 sgid=0 fsgid=0 tty=(none) ses=4294967295 comm="dpkg" exe="/usr/bin/dpkg" subj=unconfined key="T1078_Valid_Accounts"ARCH=x86_64 SYSCALL=execve AUID="unset" UID="root" GID="root" EUID="root" SUID="root" FSUID="root" EGID="root" SGID="root" FSGID="root"
type=EXECVE msg=audit(1772710296.673:1936): argc=2 a0="/usr/bin/dpkg" a1="--print-foreign-architectures"
type=PATH msg=audit(1772710296.673:1936): item=0 name="/usr/bin/dpkg" inode=1442382 dev=08:02 mode=0100755 ouid=0 ogid=0 rdev=00:00 nametype=NORMAL cap_fp=0 cap_fi=0 cap_fe=0 cap_fver=0 cap_frootid=0OUID="root" OGID="root"
type=PATH msg=audit(1772710296.673:1936): item=1 name="/lib64/ld-linux-x86-64.so.2" inode=1481429 dev=08:02 mode=0100755 ouid=0 ogid=0 rdev=00:00 nametype=NORMAL cap_fp=0 cap_fi=0 cap_fe=0 cap_fver=0 cap_frootid=0OUID="root" OGID="root"
type=PROCTITLE msg=audit(1772710296.673:1936): proctitle=2F7573722F62696E2F64706B67002D2D7072696E742D666F726569676E2D61726368697465637475726573
type=SYSCALL msg=audit(1772710296.683:1937): arch=c000003e syscall=59 success=yes exit=0 a0=5662da7613f8 a1=5662da761360 a2=5662da761388 a3=fffffffffffff34b items=2 ppid=1469 pid=1473 auid=4294967295 uid=0 gid=0 euid=0 suid=0 fsuid=0 egid=0 sgid=0 fsgid=0 tty=(none) ses=4294967295 comm="apt-config" exe="/usr/bin/apt-config" subj=unconfined key="T1078_Valid_Accounts"ARCH=x86_64 SYSCALL=execve AUID="unset" UID="root" GID="root" EUID="root" SUID="root" FSUID="root" EGID="root" SGID="root" FSGID="root"
type=EXECVE msg=audit(1772710296.683:1937): argc=4 a0="apt-config" a1="shell" a2="VERBOSE" a3="APT::Periodic::Verbose"
type=PATH msg=audit(1772710296.683:1937): item=0 name="/usr/bin/apt-config" inode=1455451 dev=08:02 mode=0100755 ouid=0 ogid=0 rdev=00:00 nametype=NORMAL cap_fp=0 cap_fi=0 cap_fe=0 cap_fver=0 cap_frootid=0OUID="root" OGID="root"
type=PATH msg=audit(1772710296.683:1937): item=1 name="/lib64/ld-linux-x86-64.so.2" inode=1481429 dev=08:02 mode=0100755 ouid=0 ogid=0 rdev=00:00 nametype=NORMAL cap_fp=0 cap_fi=0 cap_fe=0 cap_fver=0 cap_frootid=0OUID="root" OGID="root"
type=PROCTITLE msg=audit(1772710296.683:1937): proctitle=6170742D636F6E666967007368656C6C00564552424F5345004150543A3A506572696F6469633A3A566572626F7365
type=SYSCALL msg=audit(1772710296.697:1938): arch=c000003e syscall=59 success=yes exit=0 a0=56fe99dbabd0 a1=56fe99dbb560 a2=7ffc12035480 a3=56fe99dc59c0 items=2 ppid=1473 pid=1474 auid=4294967295 uid=0 gid=0 euid=0 suid=0 fsuid=0 egid=0 sgid=0 fsgid=0 tty=(none) ses=4294967295 comm="dpkg" exe="/usr/bin/dpkg" subj=unconfined key="T1078_Valid_Accounts"ARCH=x86_64 SYSCALL=execve AUID="unset" UID="root" GID="root" EUID="root" SUID="root" FSUID="root" EGID="root" SGID="root" FSGID="root"
type=EXECVE msg=audit(1772710296.697:1938): argc=2 a0="/usr/bin/dpkg" a1="--print-foreign-architectures"
type=PATH msg=audit(1772710296.697:1938): item=0 name="/usr/bin/dpkg" inode=1442382 dev=08:02 mode=0100755 ouid=0 ogid=0 rdev=00:00 nametype=NORMAL cap_fp=0 cap_fi=0 cap_fe=0 cap_fver=0 cap_frootid=0OUID="root" OGID="root"
type=PATH msg=audit(1772710296.697:1938): item=1 name="/lib64/ld-linux-x86-64.so.2" inode=1481429 dev=08:02 mode=0100755 ouid=0 ogid=0 rdev=00:00 nametype=NORMAL cap_fp=0 cap_fi=0 cap_fe=0 cap_fver=0 cap_frootid=0OUID="root" OGID="root"
type=PROCTITLE msg=audit(1772710296.697:1938): proctitle=2F7573722F62696E2F64706B67002D2D7072696E742D666F726569676E2D61726368697465637475726573
type=SYSCALL msg=audit(1772710296.705:1939): arch=c000003e syscall=59 success=yes exit=0 a0=5662da764308 a1=5662da764240 a2=5662da764298 a3=8 items=2 ppid=1469 pid=1475 auid=4294967295 uid=0 gid=0 euid=0 suid=0 fsuid=0 egid=0 sgid=0 fsgid=0 tty=(none) ses=4294967295 comm="apt-get" exe="/usr/bin/apt-get" subj=unconfined key="T1078_Valid_Accounts"ARCH=x86_64 SYSCALL=execve AUID="unset" UID="root" GID="root" EUID="root" SUID="root" FSUID="root" EGID="root" SGID="root" FSGID="root"
type=EXECVE msg=audit(1772710296.705:1939): argc=3 a0="apt-get" a1="check" a2="-qq"
type=PATH msg=audit(1772710296.705:1939): item=0 name="/usr/bin/apt-get" inode=1455454 dev=08:02 mode=0100755 ouid=0 ogid=0 rdev=00:00 nametype=NORMAL cap_fp=0 cap_fi=0 cap_fe=0 cap_fver=0 cap_frootid=0OUID="root" OGID="root"
type=PATH msg=audit(1772710296.705:1939): item=1 name="/lib64/ld-linux-x86-64.so.2" inode=1481429 dev=08:02 mode=0100755 ouid=0 ogid=0 rdev=00:00 nametype=NORMAL cap_fp=0 cap_fi=0 cap_fe=0 cap_fver=0 cap_frootid=0OUID="root" OGID="root"
type=PROCTITLE msg=audit(1772710296.705:1939): proctitle=6170742D67657400636865636B002D7171
type=SERVICE_START msg=audit(1772710296.722:1940): pid=1 uid=0 auid=4294967295 ses=4294967295 subj=unconfined msg='unit=apt-daily-upgrade comm="systemd" exe="/usr/lib/systemd/systemd" hostname=? addr=? terminal=? res=success'UID="root" AUID="unset"
type=SERVICE_STOP msg=audit(1772710296.722:1941): pid=1 uid=0 auid=4294967295 ses=4294967295 subj=unconfined msg='unit=apt-daily-upgrade comm="systemd" exe="/usr/lib/systemd/systemd" hostname=? addr=? terminal=? res=success'UID="root" AUID="unset"
type=SERVICE_STOP msg=audit(1772710301.536:1942): pid=1 uid=0 auid=4294967295 ses=4294967295 subj=unconfined msg='unit=systemd-timedated comm="systemd" exe="/usr/lib/systemd/systemd" hostname=? addr=? terminal=? res=success'UID="root" AUID="unset"
type=BPF msg=audit(1772710301.539:1943): prog-id=22 op=UNLOAD
type=BPF msg=audit(1772710301.553:1944): prog-id=24 op=UNLOAD
type=BPF msg=audit(1772710301.556:1945): prog-id=23 op=UNLOAD
type=SYSCALL msg=audit(1772710333.252:1946): arch=c000003e syscall=106 success=yes exit=0 a0=21 a1=7fe2cc3ab4a0 a2=0 a3=22 items=0 ppid=846 pid=1484 auid=4294967295 uid=0 gid=33 euid=0 suid=0 fsuid=0 egid=33 sgid=33 fsgid=33 tty=(none) ses=4294967295 comm="apache2" exe="/usr/sbin/apache2" subj=unconfined key="T1166_Seuid_and_Setgid"ARCH=x86_64 SYSCALL=setgid AUID="unset" UID="root" GID="www-data" EUID="root" SUID="root" FSUID="root" EGID="www-data" SGID="www-data" FSGID="www-data"
type=PROCTITLE msg=audit(1772710333.252:1946): proctitle=2F7573722F7362696E2F61706163686532002D6B007374617274
type=SYSCALL msg=audit(1772710333.252:1947): arch=c000003e syscall=42 success=yes exit=0 a0=e a1=7ffe4ade9c10 a2=2d a3=607dc49a4280 items=1 ppid=846 pid=1484 auid=4294967295 uid=0 gid=33 euid=0 suid=0 fsuid=0 egid=33 sgid=33 fsgid=33 tty=(none) ses=4294967295 comm="apache2" exe="/usr/sbin/apache2" subj=unconfined key="T1043_Commonly_Used_Port"ARCH=x86_64 SYSCALL=connect AUID="unset" UID="root" GID="www-data" EUID="root" SUID="root" FSUID="root" EGID="www-data" SGID="www-data" FSGID="www-data"
type=SOCKADDR msg=audit(1772710333.252:1947): saddr=01002F72756E2F73797374656D642F7573657264622F696F2E73797374656D642E44796E616D69635573657200SADDR={ saddr_fam=local path=/run/systemd/userdb/io.systemd.DynamicUser }
type=PATH msg=audit(1772710333.252:1947): item=0 name="/run/systemd/userdb/io.systemd.DynamicUser" inode=442 dev=00:18 mode=0140666 ouid=0 ogid=0 rdev=00:00 nametype=NORMAL cap_fp=0 cap_fi=0 cap_fe=0 cap_fver=0 cap_frootid=0OUID="root" OGID="root"
type=PROCTITLE msg=audit(1772710333.252:1947): proctitle=2F7573722F7362696E2F61706163686532002D6B007374617274
type=SYSCALL msg=audit(1772710333.255:1948): arch=c000003e syscall=105 success=yes exit=0 a0=21 a1=607dc481be30 a2=607bc346015b a3=607dc481be40 items=0 ppid=846 pid=1484 auid=4294967295 uid=33 gid=33 euid=33 suid=33 fsuid=33 egid=33 sgid=33 fsgid=33 tty=(none) ses=4294967295 comm="apache2" exe="/usr/sbin/apache2" subj=unconfined key="T1166_Seuid_and_Setgid"ARCH=x86_64 SYSCALL=setuid AUID="unset" UID="www-data" GID="www-data" EUID="www-data" SUID="www-data" FSUID="www-data" EGID="www-data" SGID="www-data" FSGID="www-data"
type=PROCTITLE msg=audit(1772710333.255:1948): proctitle=2F7573722F7362696E2F61706163686532002D6B007374617274
type=SYSCALL msg=audit(1772710338.110:1949): arch=c000003e syscall=59 success=yes exit=0 a0=588d942e91f0 a1=588d942f5060 a2=588d9427c960 a3=588d942eb7f0 items=2 ppid=1297 pid=1495 auid=1000 uid=0 gid=0 euid=0 suid=0 fsuid=0 egid=0 sgid=0 fsgid=0 tty=pts3 ses=1 comm="tail" exe="/usr/bin/tail" subj=unconfined key="T1078_Valid_Accounts"ARCH=x86_64 SYSCALL=execve AUID="vboxuser" UID="root" GID="root" EUID="root" SUID="root" FSUID="root" EGID="root" SGID="root" FSGID="root"
type=EXECVE msg=audit(1772710338.110:1949): argc=3 a0="tail" a1="-f" a2="/var/log/apache2/wordpress_error.log"
type=PATH msg=audit(1772710338.110:1949): item=0 name="/usr/bin/tail" inode=1442904 dev=08:02 mode=0100755 ouid=0 ogid=0 rdev=00:00 nametype=NORMAL cap_fp=0 cap_fi=0 cap_fe=0 cap_fver=0 cap_frootid=0OUID="root" OGID="root"
type=PATH msg=audit(1772710338.110:1949): item=1 name="/lib64/ld-linux-x86-64.so.2" inode=1481429 dev=08:02 mode=0100755 ouid=0 ogid=0 rdev=00:00 nametype=NORMAL cap_fp=0 cap_fi=0 cap_fe=0 cap_fver=0 cap_frootid=0OUID="root" OGID="root"
type=PROCTITLE msg=audit(1772710338.110:1949): proctitle=7461696C002D66002F7661722F6C6F672F617061636865322F776F726470726573735F6572726F722E6C6F67
type=SYSCALL msg=audit(1772710360.293:1950): arch=c000003e syscall=59 success=yes exit=0 a0=588d942e2aa0 a1=588d942e9500 a2=588d9427c960 a3=588d942e9500 items=2 ppid=1297 pid=1498 auid=1000 uid=0 gid=0 euid=0 suid=0 fsuid=0 egid=0 sgid=0 fsgid=0 tty=pts3 ses=1 comm="ls" exe="/usr/bin/ls" subj=unconfined key="T1078_Valid_Accounts"ARCH=x86_64 SYSCALL=execve AUID="vboxuser" UID="root" GID="root" EUID="root" SUID="root" FSUID="root" EGID="root" SGID="root" FSGID="root"
type=EXECVE msg=audit(1772710360.293:1950): argc=4 a0="ls" a1="--color=auto" a2="-la" a3="/var/www/wordpress/"
type=PATH msg=audit(1772710360.293:1950): item=0 name="/usr/bin/ls" inode=1442533 dev=08:02 mode=0100755 ouid=0 ogid=0 rdev=00:00 nametype=NORMAL cap_fp=0 cap_fi=0 cap_fe=0 cap_fver=0 cap_frootid=0OUID="root" OGID="root"
type=PATH msg=audit(1772710360.293:1950): item=1 name="/lib64/ld-linux-x86-64.so.2" inode=1481429 dev=08:02 mode=0100755 ouid=0 ogid=0 rdev=00:00 nametype=NORMAL cap_fp=0 cap_fi=0 cap_fe=0 cap_fver=0 cap_frootid=0OUID="root" OGID="root"
type=PROCTITLE msg=audit(1772710360.293:1950): proctitle=6C73002D2D636F6C6F723D6175746F002D6C61002F7661722F7777772F776F726470726573732F
type=SYSCALL msg=audit(1772710373.583:1951): arch=c000003e syscall=106 success=yes exit=0 a0=21 a1=7fe2cc3ab4a0 a2=0 a3=22 items=0 ppid=846 pid=1499 auid=4294967295 uid=0 gid=33 euid=0 suid=0 fsuid=0 egid=33 sgid=33 fsgid=33 tty=(none) ses=4294967295 comm="apache2" exe="/usr/sbin/apache2" subj=unconfined key="T1166_Seuid_and_Setgid"ARCH=x86_64 SYSCALL=setgid AUID="unset" UID="root" GID="www-data" EUID="root" SUID="root" FSUID="root" EGID="www-data" SGID="www-data" FSGID="www-data"
type=PROCTITLE msg=audit(1772710373.583:1951): proctitle=2F7573722F7362696E2F61706163686532002D6B007374617274
type=SYSCALL msg=audit(1772710373.584:1952): arch=c000003e syscall=42 success=yes exit=0 a0=e a1=7ffe4ade9c10 a2=2d a3=607dc49a4280 items=1 ppid=846 pid=1499 auid=4294967295 uid=0 gid=33 euid=0 suid=0 fsuid=0 egid=33 sgid=33 fsgid=33 tty=(none) ses=4294967295 comm="apache2" exe="/usr/sbin/apache2" subj=unconfined key="T1043_Commonly_Used_Port"ARCH=x86_64 SYSCALL=connect AUID="unset" UID="root" GID="www-data" EUID="root" SUID="root" FSUID="root" EGID="www-data" SGID="www-data" FSGID="www-data"
type=SOCKADDR msg=audit(1772710373.584:1952): saddr=01002F72756E2F73797374656D642F7573657264622F696F2E73797374656D642E44796E616D69635573657200SADDR={ saddr_fam=local path=/run/systemd/userdb/io.systemd.DynamicUser }
type=PATH msg=audit(1772710373.584:1952): item=0 name="/run/systemd/userdb/io.systemd.DynamicUser" inode=442 dev=00:18 mode=0140666 ouid=0 ogid=0 rdev=00:00 nametype=NORMAL cap_fp=0 cap_fi=0 cap_fe=0 cap_fver=0 cap_frootid=0OUID="root" OGID="root"
type=PROCTITLE msg=audit(1772710373.584:1952): proctitle=2F7573722F7362696E2F61706163686532002D6B007374617274
type=SYSCALL msg=audit(1772710373.587:1953): arch=c000003e syscall=105 success=yes exit=0 a0=21 a1=607dc481be30 a2=607bc346015b a3=607dc481be40 items=0 ppid=846 pid=1499 auid=4294967295 uid=33 gid=33 euid=33 suid=33 fsuid=33 egid=33 sgid=33 fsgid=33 tty=(none) ses=4294967295 comm="apache2" exe="/usr/sbin/apache2" subj=unconfined key="T1166_Seuid_and_Setgid"ARCH=x86_64 SYSCALL=setuid AUID="unset" UID="www-data" GID="www-data" EUID="www-data" SUID="www-data" FSUID="www-data" EGID="www-data" SGID="www-data" FSGID="www-data"
type=PROCTITLE msg=audit(1772710373.587:1953): proctitle=2F7573722F7362696E2F61706163686532002D6B007374617274
type=SYSCALL msg=audit(1772710382.914:1954): arch=c000003e syscall=59 success=yes exit=0 a0=588d942f59d0 a1=588d942fd800 a2=588d9427c960 a3=588d942e3360 items=2 ppid=1297 pid=1502 auid=1000 uid=0 gid=0 euid=0 suid=0 fsuid=0 egid=0 sgid=0 fsgid=0 tty=pts3 ses=1 comm="ls" exe="/usr/bin/ls" subj=unconfined key="T1078_Valid_Accounts"ARCH=x86_64 SYSCALL=execve AUID="vboxuser" UID="root" GID="root" EUID="root" SUID="root" FSUID="root" EGID="root" SGID="root" FSGID="root"
type=EXECVE msg=audit(1772710382.914:1954): argc=4 a0="ls" a1="--color=auto" a2="-la" a3="/var/www/wordpress/wp-includes/"
type=PATH msg=audit(1772710382.914:1954): item=0 name="/usr/bin/ls" inode=1442533 dev=08:02 mode=0100755 ouid=0 ogid=0 rdev=00:00 nametype=NORMAL cap_fp=0 cap_fi=0 cap_fe=0 cap_fver=0 cap_frootid=0OUID="root" OGID="root"
type=PATH msg=audit(1772710382.914:1954): item=1 name="/lib64/ld-linux-x86-64.so.2" inode=1481429 dev=08:02 mode=0100755 ouid=0 ogid=0 rdev=00:00 nametype=NORMAL cap_fp=0 cap_fi=0 cap_fe=0 cap_fver=0 cap_frootid=0OUID="root" OGID="root"
type=PROCTITLE msg=audit(1772710382.914:1954): proctitle=6C73002D2D636F6C6F723D6175746F002D6C61002F7661722F7777772F776F726470726573732F77702D696E636C756465732F
type=SYSCALL msg=audit(1772710405.266:1955): arch=c000003e syscall=59 success=yes exit=0 a0=588d942f4910 a1=588d942fc2d0 a2=588d9427c960 a3=8 items=2 ppid=1297 pid=1504 auid=1000 uid=0 gid=0 euid=0 suid=0 fsuid=0 egid=0 sgid=0 fsgid=0 tty=pts3 ses=1 comm="grep" exe="/usr/bin/grep" subj=unconfined key="T1078_Valid_Accounts"ARCH=x86_64 SYSCALL=execve AUID="vboxuser" UID="root" GID="root" EUID="root" SUID="root" FSUID="root" EGID="root" SGID="root" FSGID="root"
type=SYSCALL msg=audit(1772710405.266:1956): arch=c000003e syscall=59 success=yes exit=0 a0=588d942ec530 a1=588d942f5fa0 a2=588d9427c960 a3=8 items=2 ppid=1297 pid=1503 auid=1000 uid=0 gid=0 euid=0 suid=0 fsuid=0 egid=0 sgid=0 fsgid=0 tty=pts3 ses=1 comm="ls" exe="/usr/bin/ls" subj=unconfined key="T1078_Valid_Accounts"ARCH=x86_64 SYSCALL=execve AUID="vboxuser" UID="root" GID="root" EUID="root" SUID="root" FSUID="root" EGID="root" SGID="root" FSGID="root"
type=EXECVE msg=audit(1772710405.266:1955): argc=3 a0="grep" a1="--color=auto" a2="includes"
type=PATH msg=audit(1772710405.266:1955): item=0 name="/usr/bin/grep" inode=1442450 dev=08:02 mode=0100755 ouid=0 ogid=0 rdev=00:00 nametype=NORMAL cap_fp=0 cap_fi=0 cap_fe=0 cap_fver=0 cap_frootid=0OUID="root" OGID="root"
type=PATH msg=audit(1772710405.266:1955): item=1 name="/lib64/ld-linux-x86-64.so.2" inode=1481429 dev=08:02 mode=0100755 ouid=0 ogid=0 rdev=00:00 nametype=NORMAL cap_fp=0 cap_fi=0 cap_fe=0 cap_fver=0 cap_frootid=0OUID="root" OGID="root"
type=PROCTITLE msg=audit(1772710405.266:1955): proctitle=67726570002D2D636F6C6F723D6175746F00696E636C75646573
type=EXECVE msg=audit(1772710405.266:1956): argc=4 a0="ls" a1="--color=auto" a2="-la" a3="/var/www/wordpress/wp-includes/"
type=PATH msg=audit(1772710405.266:1956): item=0 name="/usr/bin/ls" inode=1442533 dev=08:02 mode=0100755 ouid=0 ogid=0 rdev=00:00 nametype=NORMAL cap_fp=0 cap_fi=0 cap_fe=0 cap_fver=0 cap_frootid=0OUID="root" OGID="root"
type=PATH msg=audit(1772710405.266:1956): item=1 name="/lib64/ld-linux-x86-64.so.2" inode=1481429 dev=08:02 mode=0100755 ouid=0 ogid=0 rdev=00:00 nametype=NORMAL cap_fp=0 cap_fi=0 cap_fe=0 cap_fver=0 cap_frootid=0OUID="root" OGID="root"
type=PROCTITLE msg=audit(1772710405.266:1956): proctitle=6C73002D2D636F6C6F723D6175746F002D6C61002F7661722F7777772F776F726470726573732F77702D696E636C756465732F
type=SYSCALL msg=audit(1772710412.336:1957): arch=c000003e syscall=59 success=yes exit=0 a0=588d942e4690 a1=588d942f29f0 a2=588d9427c960 a3=8 items=2 ppid=1297 pid=1506 auid=1000 uid=0 gid=0 euid=0 suid=0 fsuid=0 egid=0 sgid=0 fsgid=0 tty=pts3 ses=1 comm="grep" exe="/usr/bin/grep" subj=unconfined key="T1078_Valid_Accounts"ARCH=x86_64 SYSCALL=execve AUID="vboxuser" UID="root" GID="root" EUID="root" SUID="root" FSUID="root" EGID="root" SGID="root" FSGID="root"
type=EXECVE msg=audit(1772710412.336:1957): argc=3 a0="grep" a1="--color=auto" a2="version"
type=PATH msg=audit(1772710412.336:1957): item=0 name="/usr/bin/grep" inode=1442450 dev=08:02 mode=0100755 ouid=0 ogid=0 rdev=00:00 nametype=NORMAL cap_fp=0 cap_fi=0 cap_fe=0 cap_fver=0 cap_frootid=0OUID="root" OGID="root"
type=PATH msg=audit(1772710412.336:1957): item=1 name="/lib64/ld-linux-x86-64.so.2" inode=1481429 dev=08:02 mode=0100755 ouid=0 ogid=0 rdev=00:00 nametype=NORMAL cap_fp=0 cap_fi=0 cap_fe=0 cap_fver=0 cap_frootid=0OUID="root" OGID="root"
type=PROCTITLE msg=audit(1772710412.336:1957): proctitle=67726570002D2D636F6C6F723D6175746F0076657273696F6E
type=SYSCALL msg=audit(1772710412.336:1958): arch=c000003e syscall=59 success=yes exit=0 a0=588d942e3de0 a1=588d942ea3a0 a2=588d9427c960 a3=588d942fd800 items=2 ppid=1297 pid=1505 auid=1000 uid=0 gid=0 euid=0 suid=0 fsuid=0 egid=0 sgid=0 fsgid=0 tty=pts3 ses=1 comm="ls" exe="/usr/bin/ls" subj=unconfined key="T1078_Valid_Accounts"ARCH=x86_64 SYSCALL=execve AUID="vboxuser" UID="root" GID="root" EUID="root" SUID="root" FSUID="root" EGID="root" SGID="root" FSGID="root"
type=EXECVE msg=audit(1772710412.336:1958): argc=4 a0="ls" a1="--color=auto" a2="-la" a3="/var/www/wordpress/wp-includes/"
type=PATH msg=audit(1772710412.336:1958): item=0 name="/usr/bin/ls" inode=1442533 dev=08:02 mode=0100755 ouid=0 ogid=0 rdev=00:00 nametype=NORMAL cap_fp=0 cap_fi=0 cap_fe=0 cap_fver=0 cap_frootid=0OUID="root" OGID="root"
type=PATH msg=audit(1772710412.336:1958): item=1 name="/lib64/ld-linux-x86-64.so.2" inode=1481429 dev=08:02 mode=0100755 ouid=0 ogid=0 rdev=00:00 nametype=NORMAL cap_fp=0 cap_fi=0 cap_fe=0 cap_fver=0 cap_frootid=0OUID="root" OGID="root"
type=PROCTITLE msg=audit(1772710412.336:1958): proctitle=6C73002D2D636F6C6F723D6175746F002D6C61002F7661722F7777772F776F726470726573732F77702D696E636C756465732F
type=SYSCALL msg=audit(1772710423.264:1959): arch=c000003e syscall=59 success=yes exit=0 a0=588d9417a9c0 a1=588d942f8130 a2=588d9427c960 a3=588d942f0970 items=2 ppid=1297 pid=1511 auid=1000 uid=0 gid=0 euid=0 suid=0 fsuid=0 egid=0 sgid=0 fsgid=0 tty=pts3 ses=1 comm="ls" exe="/usr/bin/ls" subj=unconfined key="T1078_Valid_Accounts"ARCH=x86_64 SYSCALL=execve AUID="vboxuser" UID="root" GID="root" EUID="root" SUID="root" FSUID="root" EGID="root" SGID="root" FSGID="root"
type=EXECVE msg=audit(1772710423.264:1959): argc=3 a0="ls" a1="--color=auto" a2="-la"
type=PATH msg=audit(1772710423.264:1959): item=0 name="/usr/bin/ls" inode=1442533 dev=08:02 mode=0100755 ouid=0 ogid=0 rdev=00:00 nametype=NORMAL cap_fp=0 cap_fi=0 cap_fe=0 cap_fver=0 cap_frootid=0OUID="root" OGID="root"
type=PATH msg=audit(1772710423.264:1959): item=1 name="/lib64/ld-linux-x86-64.so.2" inode=1481429 dev=08:02 mode=0100755 ouid=0 ogid=0 rdev=00:00 nametype=NORMAL cap_fp=0 cap_fi=0 cap_fe=0 cap_fver=0 cap_frootid=0OUID="root" OGID="root"
type=PROCTITLE msg=audit(1772710423.264:1959): proctitle=6C73002D2D636F6C6F723D6175746F002D6C61
type=SYSCALL msg=audit(1772710438.485:1960): arch=c000003e syscall=59 success=yes exit=0 a0=588d942e4790 a1=588d942f7770 a2=588d9427c960 a3=588d942f7770 items=2 ppid=1297 pid=1524 auid=1000 uid=0 gid=0 euid=0 suid=0 fsuid=0 egid=0 sgid=0 fsgid=0 tty=pts3 ses=1 comm="cp" exe="/usr/bin/cp" subj=unconfined key="T1078_Valid_Accounts"ARCH=x86_64 SYSCALL=execve AUID="vboxuser" UID="root" GID="root" EUID="root" SUID="root" FSUID="root" EGID="root" SGID="root" FSGID="root"
type=EXECVE msg=audit(1772710438.485:1960): argc=3 a0="cp" a1="version.php.bak" a2="version.php"
type=PATH msg=audit(1772710438.485:1960): item=0 name="/usr/bin/cp" inode=1442335 dev=08:02 mode=0100755 ouid=0 ogid=0 rdev=00:00 nametype=NORMAL cap_fp=0 cap_fi=0 cap_fe=0 cap_fver=0 cap_frootid=0OUID="root" OGID="root"
type=PATH msg=audit(1772710438.485:1960): item=1 name="/lib64/ld-linux-x86-64.so.2" inode=1481429 dev=08:02 mode=0100755 ouid=0 ogid=0 rdev=00:00 nametype=NORMAL cap_fp=0 cap_fi=0 cap_fe=0 cap_fver=0 cap_frootid=0OUID="root" OGID="root"
type=PROCTITLE msg=audit(1772710438.485:1960): proctitle=63700076657273696F6E2E7068702E62616B0076657273696F6E2E706870
type=SYSCALL msg=audit(1772710441.879:1961): arch=c000003e syscall=42 success=yes exit=0 a0=f a1=7ffe4ade70a0 a2=1d a3=1 items=1 ppid=846 pid=1366 auid=4294967295 uid=33 gid=33 euid=33 suid=33 fsuid=33 egid=33 sgid=33 fsgid=33 tty=(none) ses=4294967295 comm="apache2" exe="/usr/sbin/apache2" subj=unconfined key="T1043_Commonly_Used_Port"ARCH=x86_64 SYSCALL=connect AUID="unset" UID="www-data" GID="www-data" EUID="www-data" SUID="www-data" FSUID="www-data" EGID="www-data" SGID="www-data" FSGID="www-data"
type=SOCKADDR msg=audit(1772710441.879:1961): saddr=01002F7661722F72756E2F6D7973716C642F6D7973716C642E736F636BSADDR={ saddr_fam=local path=/var/run/mysqld/mysqld.sock }
type=PATH msg=audit(1772710441.879:1961): item=0 name="/var/run/mysqld/mysqld.sock" inode=1368 dev=00:18 mode=0140777 ouid=111 ogid=111 rdev=00:00 nametype=NORMAL cap_fp=0 cap_fi=0 cap_fe=0 cap_fver=0 cap_frootid=0OUID="mysql" OGID="mysql"
type=PROCTITLE msg=audit(1772710441.879:1961): proctitle=2F7573722F7362696E2F61706163686532002D6B007374617274
type=SYSCALL msg=audit(1772710445.648:1962): arch=c000003e syscall=42 success=yes exit=0 a0=14 a1=7fe2bb1ffd8c a2=10 a3=7fe2bb1fc504 items=0 ppid=846 pid=1366 auid=4294967295 uid=33 gid=33 euid=33 suid=33 fsuid=33 egid=33 sgid=33 fsgid=33 tty=(none) ses=4294967295 comm="apache2" exe="/usr/sbin/apache2" subj=unconfined key="T1043_Commonly_Used_Port"ARCH=x86_64 SYSCALL=connect AUID="unset" UID="www-data" GID="www-data" EUID="www-data" SUID="www-data" FSUID="www-data" EGID="www-data" SGID="www-data" FSGID="www-data"
type=SOCKADDR msg=audit(1772710445.648:1962): saddr=020000357F0000350000000000000000SADDR={ saddr_fam=inet laddr=127.0.0.53 lport=53 }
type=PROCTITLE msg=audit(1772710445.648:1962): proctitle=2F7573722F7362696E2F61706163686532002D6B007374617274
type=SYSCALL msg=audit(1772710445.652:1963): arch=c000003e syscall=42 success=yes exit=0 a0=14 a1=7fe2bb1ffd8c a2=10 a3=7fe2bb1fc504 items=0 ppid=846 pid=1366 auid=4294967295 uid=33 gid=33 euid=33 suid=33 fsuid=33 egid=33 sgid=33 fsgid=33 tty=(none) ses=4294967295 comm="apache2" exe="/usr/sbin/apache2" subj=unconfined key="T1043_Commonly_Used_Port"ARCH=x86_64 SYSCALL=connect AUID="unset" UID="www-data" GID="www-data" EUID="www-data" SUID="www-data" FSUID="www-data" EGID="www-data" SGID="www-data" FSGID="www-data"
type=SOCKADDR msg=audit(1772710445.652:1963): saddr=020000357F0000350000000000000000SADDR={ saddr_fam=inet laddr=127.0.0.53 lport=53 }
type=PROCTITLE msg=audit(1772710445.652:1963): proctitle=2F7573722F7362696E2F61706163686532002D6B007374617274
type=SYSCALL msg=audit(1772710453.409:1964): arch=c000003e syscall=59 success=yes exit=0 a0=64c72fc89a60 a1=64c72fc42af0 a2=64c72fb43cc0 a3=64c72fb5fe70 items=2 ppid=1441 pid=1527 auid=1000 uid=0 gid=0 euid=0 suid=0 fsuid=0 egid=0 sgid=0 fsgid=0 tty=pts2 ses=4 comm="tail" exe="/usr/bin/tail" subj=unconfined key="T1078_Valid_Accounts"ARCH=x86_64 SYSCALL=execve AUID="vboxuser" UID="root" GID="root" EUID="root" SUID="root" FSUID="root" EGID="root" SGID="root" FSGID="root"
type=EXECVE msg=audit(1772710453.409:1964): argc=4 a0="tail" a1="-c" a2="+10421148" a3="/var/www/nextcloud/data/nextcloud.log"
type=PATH msg=audit(1772710453.409:1964): item=0 name="/usr/bin/tail" inode=1442904 dev=08:02 mode=0100755 ouid=0 ogid=0 rdev=00:00 nametype=NORMAL cap_fp=0 cap_fi=0 cap_fe=0 cap_fver=0 cap_frootid=0OUID="root" OGID="root"
type=PATH msg=audit(1772710453.409:1964): item=1 name="/lib64/ld-linux-x86-64.so.2" inode=1481429 dev=08:02 mode=0100755 ouid=0 ogid=0 rdev=00:00 nametype=NORMAL cap_fp=0 cap_fi=0 cap_fe=0 cap_fver=0 cap_frootid=0OUID="root" OGID="root"
type=PROCTITLE msg=audit(1772710453.409:1964): proctitle=7461696C002D63002B3130343231313438002F7661722F7777772F6E657874636C6F75642F646174612F6E657874636C6F75642E6C6F67
type=SYSCALL msg=audit(1772710453.503:1965): arch=c000003e syscall=59 success=yes exit=0 a0=64c72fc89b20 a1=64c72fb5f7d0 a2=64c72fb43cc0 a3=64c72fc895f0 items=2 ppid=1441 pid=1528 auid=1000 uid=0 gid=0 euid=0 suid=0 fsuid=0 egid=0 sgid=0 fsgid=0 tty=pts2 ses=4 comm="tail" exe="/usr/bin/tail" subj=unconfined key="T1078_Valid_Accounts"ARCH=x86_64 SYSCALL=execve AUID="vboxuser" UID="root" GID="root" EUID="root" SUID="root" FSUID="root" EGID="root" SGID="root" FSGID="root"
type=EXECVE msg=audit(1772710453.503:1965): argc=4 a0="tail" a1="-c" a2="+119088" a3="/var/log/syslog"
type=PATH msg=audit(1772710453.503:1965): item=0 name="/usr/bin/tail" inode=1442904 dev=08:02 mode=0100755 ouid=0 ogid=0 rdev=00:00 nametype=NORMAL cap_fp=0 cap_fi=0 cap_fe=0 cap_fver=0 cap_frootid=0OUID="root" OGID="root"
type=PATH msg=audit(1772710453.503:1965): item=1 name="/lib64/ld-linux-x86-64.so.2" inode=1481429 dev=08:02 mode=0100755 ouid=0 ogid=0 rdev=00:00 nametype=NORMAL cap_fp=0 cap_fi=0 cap_fe=0 cap_fver=0 cap_frootid=0OUID="root" OGID="root"
type=PROCTITLE msg=audit(1772710453.503:1965): proctitle=7461696C002D63002B313139303838002F7661722F6C6F672F7379736C6F67
type=SYSCALL msg=audit(1772710453.577:1966): arch=c000003e syscall=59 success=yes exit=0 a0=64c72fc22e90 a1=64c72fb5f7d0 a2=64c72fb43cc0 a3=64c72fc89c20 items=2 ppid=1441 pid=1529 auid=1000 uid=0 gid=0 euid=0 suid=0 fsuid=0 egid=0 sgid=0 fsgid=0 tty=pts2 ses=4 comm="tail" exe="/usr/bin/tail" subj=unconfined key="T1078_Valid_Accounts"ARCH=x86_64 SYSCALL=execve AUID="vboxuser" UID="root" GID="root" EUID="root" SUID="root" FSUID="root" EGID="root" SGID="root" FSGID="root"
type=EXECVE msg=audit(1772710453.577:1966): argc=4 a0="tail" a1="-c" a2="+5452" a3="/var/log/auth.log"
type=PATH msg=audit(1772710453.577:1966): item=0 name="/usr/bin/tail" inode=1442904 dev=08:02 mode=0100755 ouid=0 ogid=0 rdev=00:00 nametype=NORMAL cap_fp=0 cap_fi=0 cap_fe=0 cap_fver=0 cap_frootid=0OUID="root" OGID="root"
type=PATH msg=audit(1772710453.577:1966): item=1 name="/lib64/ld-linux-x86-64.so.2" inode=1481429 dev=08:02 mode=0100755 ouid=0 ogid=0 rdev=00:00 nametype=NORMAL cap_fp=0 cap_fi=0 cap_fe=0 cap_fver=0 cap_frootid=0OUID="root" OGID="root"
type=PROCTITLE msg=audit(1772710453.577:1966): proctitle=7461696C002D63002B35343532002F7661722F6C6F672F617574682E6C6F67
type=SYSCALL msg=audit(1772710453.672:1967): arch=c000003e syscall=59 success=yes exit=0 a0=64c72fc22e50 a1=64c72fc42af0 a2=64c72fb43cc0 a3=64c72fc89c60 items=2 ppid=1441 pid=1530 auid=1000 uid=0 gid=0 euid=0 suid=0 fsuid=0 egid=0 sgid=0 fsgid=0 tty=pts2 ses=4 comm="tail" exe="/usr/bin/tail" subj=unconfined key="T1078_Valid_Accounts"ARCH=x86_64 SYSCALL=execve AUID="vboxuser" UID="root" GID="root" EUID="root" SUID="root" FSUID="root" EGID="root" SGID="root" FSGID="root"
type=EXECVE msg=audit(1772710453.672:1967): argc=4 a0="tail" a1="-c" a2="+179638725" a3="/var/log/audit/audit.log"
type=PATH msg=audit(1772710453.672:1967): item=0 name="/usr/bin/tail" inode=1442904 dev=08:02 mode=0100755 ouid=0 ogid=0 rdev=00:00 nametype=NORMAL cap_fp=0 cap_fi=0 cap_fe=0 cap_fver=0 cap_frootid=0OUID="root" OGID="root"
type=PATH msg=audit(1772710453.672:1967): item=1 name="/lib64/ld-linux-x86-64.so.2" inode=1481429 dev=08:02 mode=0100755 ouid=0 ogid=0 rdev=00:00 nametype=NORMAL cap_fp=0 cap_fi=0 cap_fe=0 cap_fver=0 cap_frootid=0OUID="root" OGID="root"
type=PROCTITLE msg=audit(1772710453.672:1967): proctitle=7461696C002D63002B313739363338373235002F7661722F6C6F672F61756469742F61756469742E6C6F67
type=SYSCALL msg=audit(1772710453.676:1968): arch=c000003e syscall=257 success=yes exit=3 a0=ffffff9c a1=7fff351c46c3 a2=0 a3=0 items=1 ppid=1441 pid=1530 auid=1000 uid=0 gid=0 euid=0 suid=0 fsuid=0 egid=0 sgid=0 fsgid=0 tty=pts2 ses=4 comm="tail" exe="/usr/bin/tail" subj=unconfined key="auditlog"ARCH=x86_64 SYSCALL=openat AUID="vboxuser" UID="root" GID="root" EUID="root" SUID="root" FSUID="root" EGID="root" SGID="root" FSGID="root"
type=PATH msg=audit(1772710453.676:1968): item=0 name="/var/log/audit/audit.log" inode=659339 dev=08:02 mode=0100640 ouid=0 ogid=4 rdev=00:00 nametype=NORMAL cap_fp=0 cap_fi=0 cap_fe=0 cap_fver=0 cap_frootid=0OUID="root" OGID="adm"
type=PROCTITLE msg=audit(1772710453.676:1968): proctitle=7461696C002D63002B313739363338373235002F7661722F6C6F672F61756469742F61756469742E6C6F67