2025-12-17T12:45:01.534366+00:00 finalArenaServer CRON[1698]: (root) CMD (command -v debian-sa1 > /dev/null && debian-sa1 1 1)
2025-12-17T12:48:57.617222+00:00 finalArenaServer systemd[1]: Starting systemd-tmpfiles-clean.service - Cleanup of Temporary Directories...
2025-12-17T12:48:57.758548+00:00 finalArenaServer systemd[1]: systemd-tmpfiles-clean.service: Deactivated successfully.
2025-12-17T12:48:57.759523+00:00 finalArenaServer systemd[1]: Finished systemd-tmpfiles-clean.service - Cleanup of Temporary Directories.
2025-12-17T12:50:08.661940+00:00 finalArenaServer systemd[1]: Starting sysstat-collect.service - system activity accounting tool...
2025-12-17T12:50:08.705403+00:00 finalArenaServer systemd[1]: sysstat-collect.service: Deactivated successfully.
2025-12-17T12:50:08.705685+00:00 finalArenaServer systemd[1]: Finished sysstat-collect.service - system activity accounting tool.2025-12-17T12:55:02.942429+00:00 finalArenaServer CRON[1505]: (root) CMD (command -v debian-sa1 > /dev/null && debian-sa1 1 1)
2025-12-17T12:55:03.377253+00:00 finalArenaServer mariadbd[1020]: 2025-12-17 12:55:03 31 [Warning] Access denied for user 'nc_user'@'localhost'
2025-12-17T12:55:03.388005+00:00 finalArenaServer mariadbd[1020]: 2025-12-17 12:55:03 32 [Warning] Access denied for user 'nc_user'@'localhost'
2025-12-17T12:55:03.405827+00:00 finalArenaServer mariadbd[1020]: 2025-12-17 12:55:03 33 [Warning] Access denied for user 'nc_user'@'localhost'
2025-12-17T12:55:03.407316+00:00 finalArenaServer mariadbd[1020]: 2025-12-17 12:55:03 34 [Warning] Access denied for user 'nc_user'@'localhost'
2025-12-17T12:55:03.410220+00:00 finalArenaServer mariadbd[1020]: 2025-12-17 12:55:03 35 [Warning] Access denied for user 'nc_user'@'localhost'
2025-12-17T12:55:03.411032+00:00 finalArenaServer mariadbd[1020]: 2025-12-17 12:55:03 36 [Warning] Access denied for user 'nc_user'@'localhost'
2025-12-17T12:55:03.415183+00:00 finalArenaServer mariadbd[1020]: 2025-12-17 12:55:03 37 [Warning] Access denied for user 'nc_user'@'localhost'
2025-12-17T12:55:03.416125+00:00 finalArenaServer mariadbd[1020]: 2025-12-17 12:55:03 38 [Warning] Access denied for user 'nc_user'@'localhost'
2025-12-17T12:55:03.496168+00:00 finalArenaServer mariadbd[1020]: 2025-12-17 12:55:03 39 [Warning] Access denied for user 'nc_user'@'localhost'
2025-12-17T12:55:03.496941+00:00 finalArenaServer mariadbd[1020]: 2025-12-17 12:55:03 40 [Warning] Access denied for user 'nc_user'@'localhost'
2025-12-17T12:55:03.500351+00:00 finalArenaServer mariadbd[1020]: 2025-12-17 12:55:03 41 [Warning] Access denied for user 'nc_user'@'localhost'
2025-12-17T12:55:03.501431+00:00 finalArenaServer mariadbd[1020]: 2025-12-17 12:55:03 42 [Warning] Access denied for user 'nc_user'@'localhost'
2025-12-17T12:55:03.580207+00:00 finalArenaServer mariadbd[1020]: 2025-12-17 12:55:03 43 [Warning] Access denied for user 'nc_user'@'localhost'
2025-12-17T12:55:03.581928+00:00 finalArenaServer mariadbd[1020]: 2025-12-17 12:55:03 44 [Warning] Access denied for user 'nc_user'@'localhost'
2025-12-17T12:55:03.649259+00:00 finalArenaServer mariadbd[1020]: 2025-12-17 12:55:03 45 [Warning] Access denied for user 'nc_user'@'localhost'
2025-12-17T12:55:03.650929+00:00 finalArenaServer mariadbd[1020]: 2025-12-17 12:55:03 46 [Warning] Access denied for user 'nc_user'@'localhost'
2025-12-17T12:55:36.549125+00:00 finalArenaServer kernel: clocksource: Long readout interval, skipping watchdog check: cs_nsec: 3800697318 wd_nsec: 3800697054
2025-12-17T12:55:50.326803+00:00 finalArenaServer mariadbd[1020]: 2025-12-17 12:55:50 47 [Warning] Access denied for user 'nc_user'@'localhost'
2025-12-17T12:55:50.327503+00:00 finalArenaServer mariadbd[1020]: 2025-12-17 12:55:50 48 [Warning] Access denied for user 'nc_user'@'localhost'
2025-12-17T12:55:50.328145+00:00 finalArenaServer mariadbd[1020]: 2025-12-17 12:55:50 49 [Warning] Access denied for user 'nc_user'@'localhost'
2025-12-17T12:55:50.329374+00:00 finalArenaServer mariadbd[1020]: 2025-12-17 12:55:50 50 [Warning] Access denied for user 'nc_user'@'localhost'
2025-12-17T12:55:50.330126+00:00 finalArenaServer mariadbd[1020]: 2025-12-17 12:55:50 51 [Warning] Access denied for user 'nc_user'@'localhost'
2025-12-17T12:55:50.331862+00:00 finalArenaServer mariadbd[1020]: 2025-12-17 12:55:50 52 [Warning] Access denied for user 'nc_user'@'localhost'
2025-12-17T12:55:50.332425+00:00 finalArenaServer mariadbd[1020]: 2025-12-17 12:55:50 53 [Warning] Access denied for user 'nc_user'@'localhost'
2025-12-17T12:55:50.333828+00:00 finalArenaServer mariadbd[1020]: 2025-12-17 12:55:50 54 [Warning] Access denied for user 'nc_user'@'localhost'
2025-12-17T12:55:50.336781+00:00 finalArenaServer mariadbd[1020]: 2025-12-17 12:55:50 55 [Warning] Access denied for user 'nc_user'@'localhost'
2025-12-17T12:55:50.337576+00:00 finalArenaServer mariadbd[1020]: 2025-12-17 12:55:50 56 [Warning] Access denied for user 'nc_user'@'localhost'
2025-12-17T12:55:50.338925+00:00 finalArenaServer mariadbd[1020]: 2025-12-17 12:55:50 57 [Warning] Access denied for user 'nc_user'@'localhost'
2025-12-17T12:55:50.341675+00:00 finalArenaServer mariadbd[1020]: 2025-12-17 12:55:50 58 [Warning] Access denied for user 'nc_user'@'localhost'
2025-12-17T12:55:50.344540+00:00 finalArenaServer mariadbd[1020]: 2025-12-17 12:55:50 59 [Warning] Access denied for user 'nc_user'@'localhost'
2025-12-17T12:55:50.345157+00:00 finalArenaServer mariadbd[1020]: 2025-12-17 12:55:50 60 [Warning] Access denied for user 'nc_user'@'localhost'
2025-12-17T12:55:50.348173+00:00 finalArenaServer mariadbd[1020]: 2025-12-17 12:55:50 61 [Warning] Access denied for user 'nc_user'@'localhost'
2025-12-17T12:55:50.350496+00:00 finalArenaServer mariadbd[1020]: 2025-12-17 12:55:50 62 [Warning] Access denied for user 'nc_user'@'localhost'
2025-12-17T12:56:01.524038+00:00 finalArenaServer kernel: workqueue: e1000_watchdog [e1000] hogged CPU for >10000us 8 times, consider switching to WQ_UNBOUND
2025-12-17T12:59:00.902521+00:00 finalArenaServer systemd[1]: Starting update-notifier-download.service - Download data for packages that failed at package install time...
2025-12-17T12:59:01.176635+00:00 finalArenaServer systemd[1]: update-notifier-download.service: Deactivated successfully.
2025-12-17T12:59:01.178979+00:00 finalArenaServer systemd[1]: Finished update-notifier-download.service - Download data for packages that failed at package install time.
2025-12-17T13:00:00.760494+00:00 finalArenaServer systemd[1167]: launchpadlib-cache-clean.service - Clean up old files in the Launchpadlib cache was skipped because of an unmet condition check (ConditionPathExists=/home/vboxuser/.launchpadlib/api.launchpad.net/cache).
2025-12-17T13:00:00.784742+00:00 finalArenaServer systemd[1]: Starting sysstat-collect.service - system activity accounting tool...
2025-12-17T13:00:00.798774+00:00 finalArenaServer systemd[1]: sysstat-collect.service: Deactivated successfully.
2025-12-17T13:00:00.799017+00:00 finalArenaServer systemd[1]: Finished sysstat-collect.service - system activity accounting tool.
2025-12-17T13:00:44.931504+00:00 finalArenaServer kernel: workqueue: e1000_watchdog [e1000] hogged CPU for >10000us 16 times, consider switching to WQ_UNBOUND
2025-12-17T13:04:00.778495+00:00 finalArenaServer systemd[1]: Starting apt-daily-upgrade.service - Daily apt upgrade and clean activities...
2025-12-17T13:04:01.126713+00:00 finalArenaServer systemd[1]: apt-daily-upgrade.service: Deactivated successfully.
2025-12-17T13:04:01.142485+00:00 finalArenaServer systemd[1]: Finished apt-daily-upgrade.service - Daily apt upgrade and clean activities.
2025-12-17T13:05:01.093158+00:00 finalArenaServer CRON[1563]: (root) CMD (command -v debian-sa1 > /dev/null && debian-sa1 1 1)
2025-12-17T13:07:28.587011+00:00 finalArenaServer mariadbd[1020]: 2025-12-17 13:07:28 0 [Note] /usr/sbin/mariadbd (initiated by: unknown): Normal shutdown
2025-12-17T13:07:28.588861+00:00 finalArenaServer systemd[1]: Stopping mariadb.service - MariaDB 10.11.13 database server...
2025-12-17T13:07:28.590309+00:00 finalArenaServer mariadbd[1020]: 2025-12-17 13:07:28 0 [Note] InnoDB: FTS optimize thread exiting.
2025-12-17T13:07:28.650020+00:00 finalArenaServer mariadbd[1020]: 2025-12-17 13:07:28 0 [Note] InnoDB: Starting shutdown...
2025-12-17T13:07:28.756279+00:00 finalArenaServer mariadbd[1020]: 2025-12-17 13:07:28 0 [Note] InnoDB: Dumping buffer pool(s) to /var/lib/mysql/ib_buffer_pool
2025-12-17T13:07:28.757752+00:00 finalArenaServer mariadbd[1020]: 2025-12-17 13:07:28 0 [Note] InnoDB: Buffer pool(s) dump completed at 251217 13:07:28
2025-12-17T13:07:31.445771+00:00 finalArenaServer mariadbd[1020]: 2025-12-17 13:07:31 0 [Note] InnoDB: Removed temporary tablespace data file: "./ibtmp1"
2025-12-17T13:07:31.445854+00:00 finalArenaServer mariadbd[1020]: 2025-12-17 13:07:31 0 [Note] InnoDB: Shutdown completed; log sequence number 5187311; transaction id 9845
2025-12-17T13:07:31.464131+00:00 finalArenaServer mariadbd[1020]: 2025-12-17 13:07:31 0 [Note] /usr/sbin/mariadbd: Shutdown complete
2025-12-17T13:07:31.473832+00:00 finalArenaServer systemd[1]: mariadb.service: Deactivated successfully.
2025-12-17T13:07:31.475196+00:00 finalArenaServer systemd[1]: Stopped mariadb.service - MariaDB 10.11.13 database server.
2025-12-17T13:07:31.476439+00:00 finalArenaServer systemd[1]: mariadb.service: Consumed 4.944s CPU time.
2025-12-17T13:07:31.495197+00:00 finalArenaServer systemd[1]: Starting mariadb.service - MariaDB 10.11.13 database server...
2025-12-17T13:07:31.811917+00:00 finalArenaServer (mariadbd)[1652]: mariadb.service: Referenced but unset environment variable evaluates to an empty string: MYSQLD_OPTS, _WSREP_NEW_CLUSTER
2025-12-17T13:07:31.920269+00:00 finalArenaServer mariadbd[1652]: 2025-12-17 13:07:31 0 [Note] Starting MariaDB 10.11.13-MariaDB-0ubuntu0.24.04.1 source revision 8fb09426b98583916ccfd4f8c49741adc115bac3 server_uid 1tpEPRMvrFOMwgAHBvLlsqwq+is= as process 1652
2025-12-17T13:07:31.954016+00:00 finalArenaServer mariadbd[1652]: 2025-12-17 13:07:31 0 [Note] InnoDB: Compressed tables use zlib 1.3
2025-12-17T13:07:31.956047+00:00 finalArenaServer mariadbd[1652]: 2025-12-17 13:07:31 0 [Note] InnoDB: Number of transaction pools: 1
2025-12-17T13:07:31.956113+00:00 finalArenaServer mariadbd[1652]: 2025-12-17 13:07:31 0 [Note] InnoDB: Using crc32 + pclmulqdq instructions
2025-12-17T13:07:31.956356+00:00 finalArenaServer mariadbd[1652]: 2025-12-17 13:07:31 0 [Note] InnoDB: Using liburing
2025-12-17T13:07:31.956887+00:00 finalArenaServer mariadbd[1652]: 2025-12-17 13:07:31 0 [Note] InnoDB: innodb_buffer_pool_size_max=128m, innodb_buffer_pool_size=128m
2025-12-17T13:07:31.958025+00:00 finalArenaServer mariadbd[1652]: 2025-12-17 13:07:31 0 [Note] InnoDB: Initialized memory pressure event listener
2025-12-17T13:07:31.958102+00:00 finalArenaServer mariadbd[1652]: 2025-12-17 13:07:31 0 [Note] InnoDB: Completed initialization of buffer pool
2025-12-17T13:07:31.958995+00:00 finalArenaServer mariadbd[1652]: 2025-12-17 13:07:31 0 [Note] InnoDB: File system buffers for log disabled (block size=512 bytes)
2025-12-17T13:07:31.979269+00:00 finalArenaServer mariadbd[1652]: 2025-12-17 13:07:31 0 [Note] InnoDB: End of log at LSN=5187311
2025-12-17T13:07:32.119329+00:00 finalArenaServer mariadbd[1652]: 2025-12-17 13:07:32 0 [Note] InnoDB: 128 rollback segments are active.
2025-12-17T13:07:32.124030+00:00 finalArenaServer mariadbd[1652]: 2025-12-17 13:07:32 0 [Note] InnoDB: Setting file './ibtmp1' size to 12.000MiB. Physically writing the file full; Please wait ...
2025-12-17T13:07:32.124095+00:00 finalArenaServer mariadbd[1652]: 2025-12-17 13:07:32 0 [Note] InnoDB: File './ibtmp1' size is now 12.000MiB.
2025-12-17T13:07:32.126604+00:00 finalArenaServer mariadbd[1652]: 2025-12-17 13:07:32 0 [Note] InnoDB: log sequence number 5187311; transaction id 9844
2025-12-17T13:07:32.127217+00:00 finalArenaServer mariadbd[1652]: 2025-12-17 13:07:32 0 [Note] Plugin 'FEEDBACK' is disabled.
2025-12-17T13:07:32.127248+00:00 finalArenaServer mariadbd[1652]: 2025-12-17 13:07:32 0 [Note] InnoDB: Loading buffer pool(s) from /var/lib/mysql/ib_buffer_pool
2025-12-17T13:07:32.131779+00:00 finalArenaServer mariadbd[1652]: 2025-12-17 13:07:32 0 [Warning] You need to use --log-bin to make --expire-logs-days or --binlog-expire-logs-seconds work.
2025-12-17T13:07:32.143698+00:00 finalArenaServer mariadbd[1652]: 2025-12-17 13:07:32 0 [Note] Server socket created on IP: '0.0.0.0'.
2025-12-17T13:07:32.144343+00:00 finalArenaServer mariadbd[1652]: 2025-12-17 13:07:32 0 [Note] Server socket created on IP: '::'.
2025-12-17T13:07:32.214004+00:00 finalArenaServer mariadbd[1652]: 2025-12-17 13:07:32 0 [Note] /usr/sbin/mariadbd: ready for connections.
2025-12-17T13:07:32.214270+00:00 finalArenaServer mariadbd[1652]: Version: '10.11.13-MariaDB-0ubuntu0.24.04.1'  socket: '/run/mysqld/mysqld.sock'  port: 3306  Ubuntu 24.04
2025-12-17T13:07:32.327065+00:00 finalArenaServer systemd[1]: Started mariadb.service - MariaDB 10.11.13 database server.
2025-12-17T13:07:32.343664+00:00 finalArenaServer /etc/mysql/debian-start[1671]: Upgrading MariaDB tables if necessary.
2025-12-17T13:07:32.439131+00:00 finalArenaServer /etc/mysql/debian-start[1682]: Checking for insecure root accounts.
2025-12-17T13:07:32.476985+00:00 finalArenaServer /etc/mysql/debian-start[1686]: Triggering myisam-recover for all MyISAM tables and aria-recover for all Aria tables
2025-12-17T13:07:33.060788+00:00 finalArenaServer mariadbd[1652]: 2025-12-17 13:07:33 0 [Note] InnoDB: Buffer pool(s) load completed at 251217 13:07:33
2025-12-17T13:07:44.407199+00:00 finalArenaServer mariadbd[1652]: 2025-12-17 13:07:44 31 [Warning] Access denied for user 'nc_user'@'localhost' (using password: YES)
2025-12-17T13:07:44.410211+00:00 finalArenaServer mariadbd[1652]: 2025-12-17 13:07:44 32 [Warning] Access denied for user 'nc_user'@'localhost' (using password: YES)
2025-12-17T13:07:44.410779+00:00 finalArenaServer mariadbd[1652]: 2025-12-17 13:07:44 33 [Warning] Access denied for user 'nc_user'@'localhost' (using password: YES)
2025-12-17T13:07:44.411317+00:00 finalArenaServer mariadbd[1652]: 2025-12-17 13:07:44 34 [Warning] Access denied for user 'nc_user'@'localhost' (using password: YES)
2025-12-17T13:07:44.412194+00:00 finalArenaServer mariadbd[1652]: 2025-12-17 13:07:44 35 [Warning] Access denied for user 'nc_user'@'localhost' (using password: YES)
2025-12-17T13:07:44.413150+00:00 finalArenaServer mariadbd[1652]: 2025-12-17 13:07:44 36 [Warning] Access denied for user 'nc_user'@'localhost' (using password: YES)
2025-12-17T13:07:44.414071+00:00 finalArenaServer mariadbd[1652]: 2025-12-17 13:07:44 37 [Warning] Access denied for user 'nc_user'@'localhost' (using password: YES)
2025-12-17T13:07:44.414982+00:00 finalArenaServer mariadbd[1652]: 2025-12-17 13:07:44 38 [Warning] Access denied for user 'nc_user'@'localhost' (using password: YES)
2025-12-17T13:07:44.421073+00:00 finalArenaServer mariadbd[1652]: 2025-12-17 13:07:44 39 [Warning] Access denied for user 'nc_user'@'localhost' (using password: YES)
2025-12-17T13:07:44.422314+00:00 finalArenaServer mariadbd[1652]: 2025-12-17 13:07:44 40 [Warning] Access denied for user 'nc_user'@'localhost' (using password: YES)
2025-12-17T13:07:44.423891+00:00 finalArenaServer mariadbd[1652]: 2025-12-17 13:07:44 41 [Warning] Access denied for user 'nc_user'@'localhost' (using password: YES)
2025-12-17T13:07:44.424209+00:00 finalArenaServer mariadbd[1652]: 2025-12-17 13:07:44 42 [Warning] Access denied for user 'nc_user'@'localhost' (using password: YES)
2025-12-17T13:07:44.426168+00:00 finalArenaServer mariadbd[1652]: 2025-12-17 13:07:44 43 [Warning] Access denied for user 'nc_user'@'localhost' (using password: YES)
2025-12-17T13:07:44.429455+00:00 finalArenaServer mariadbd[1652]: 2025-12-17 13:07:44 44 [Warning] Access denied for user 'nc_user'@'localhost' (using password: YES)
2025-12-17T13:07:44.436215+00:00 finalArenaServer mariadbd[1652]: 2025-12-17 13:07:44 45 [Warning] Access denied for user 'nc_user'@'localhost' (using password: YES)
2025-12-17T13:07:44.437186+00:00 finalArenaServer mariadbd[1652]: 2025-12-17 13:07:44 46 [Warning] Access denied for user 'nc_user'@'localhost' (using password: YES)
2025-12-17T13:08:15.039002+00:00 finalArenaServer systemd[1]: Starting fwupd-refresh.service - Refresh fwupd metadata and update motd...
2025-12-17T13:08:15.165274+00:00 finalArenaServer dbus-daemon[622]: [system] Activating via systemd: service name='org.freedesktop.fwupd' unit='fwupd.service' requested by ':1.21' (uid=989 pid=1719 comm="/usr/bin/fwupdmgr refresh" label="unconfined")
2025-12-17T13:08:15.184726+00:00 finalArenaServer systemd[1]: Starting fwupd.service - Firmware update daemon...
2025-12-17T13:08:15.528054+00:00 finalArenaServer dbus-daemon[622]: [system] Activating via systemd: service name='org.freedesktop.UPower' unit='upower.service' requested by ':1.22' (uid=0 pid=1724 comm="/usr/libexec/fwupd/fwupd" label="unconfined")
2025-12-17T13:08:15.536706+00:00 finalArenaServer systemd[1]: Starting upower.service - Daemon for power management...
2025-12-17T13:08:15.753139+00:00 finalArenaServer dbus-daemon[622]: [system] Successfully activated service 'org.freedesktop.UPower'
2025-12-17T13:08:15.753825+00:00 finalArenaServer systemd[1]: Started upower.service - Daemon for power management.
2025-12-17T13:08:15.856720+00:00 finalArenaServer fwupd[1724]: 13:08:15.856 FuEngine             failed to add device /sys/devices/pci0000:00/0000:00:01.1/ata2/host1/target1:0:0/1:0:0:0/block/sr0: failed to open /dev/sr0: No medium found
2025-12-17T13:08:15.917359+00:00 finalArenaServer fwupd[1724]: 13:08:15.916 FuMain               fwupd 1.9.30 ready for requests (locale en_US.UTF-8)
2025-12-17T13:08:15.918747+00:00 finalArenaServer dbus-daemon[622]: [system] Successfully activated service 'org.freedesktop.fwupd'
2025-12-17T13:08:15.918838+00:00 finalArenaServer systemd[1]: Started fwupd.service - Firmware update daemon.
2025-12-17T13:08:15.935721+00:00 finalArenaServer fwupdmgr[1719]: Updating lvfs
2025-12-17T13:08:18.765492+00:00 finalArenaServer fwupdmgr[1719]: Successfully downloaded new metadata: 0 local devices supported
2025-12-17T13:08:18.774217+00:00 finalArenaServer systemd[1]: fwupd-refresh.service: Deactivated successfully.
2025-12-17T13:08:18.775140+00:00 finalArenaServer systemd[1]: Finished fwupd-refresh.service - Refresh fwupd metadata and update motd.2025-12-17T13:14:53.890618+00:00 finalArenaServer systemd[1]: Starting update-notifier-download.service - Download data for packages that failed at package install time...
2025-12-17T13:14:54.696866+00:00 finalArenaServer systemd[1]: update-notifier-download.service: Deactivated successfully.
2025-12-17T13:14:54.699191+00:00 finalArenaServer systemd[1]: Finished update-notifier-download.service - Download data for packages that failed at package install time.
2025-12-17T13:15:01.276842+00:00 finalArenaServer CRON[1566]: (root) CMD (command -v debian-sa1 > /dev/null && debian-sa1 1 1)
2025-12-17T13:15:29.889002+00:00 finalArenaServer systemd[1195]: launchpadlib-cache-clean.service - Clean up old files in the Launchpadlib cache was skipped because of an unmet condition check (ConditionPathExists=/home/vboxuser/.launchpadlib/api.launchpad.net/cache).
2025-12-17T13:17:01.298528+00:00 finalArenaServer CRON[1575]: (root) CMD (cd / && run-parts --report /etc/cron.hourly)
2025-12-17T13:20:29.899538+00:00 finalArenaServer systemd[1]: Starting sysstat-collect.service - system activity accounting tool...
2025-12-17T13:20:29.961695+00:00 finalArenaServer systemd[1]: sysstat-collect.service: Deactivated successfully.
2025-12-17T13:20:29.961846+00:00 finalArenaServer systemd[1]: Finished sysstat-collect.service - system activity accounting tool.
2025-12-17T13:24:43.242753+00:00 finalArenaServer systemd[1]: Starting systemd-tmpfiles-clean.service - Cleanup of Temporary Directories...
2025-12-17T13:24:43.484688+00:00 finalArenaServer systemd[1]: systemd-tmpfiles-clean.service: Deactivated successfully.
2025-12-17T13:24:43.487984+00:00 finalArenaServer systemd[1]: Finished systemd-tmpfiles-clean.service - Cleanup of Temporary Directories.
2025-12-17T13:25:01.343326+00:00 finalArenaServer CRON[1607]: (root) CMD (command -v debian-sa1 > /dev/null && debian-sa1 1 1)
2025-12-17T13:25:53.966181+00:00 finalArenaServer kernel: workqueue: drm_fb_helper_damage_work hogged CPU for >10000us 4 times, consider switching to WQ_UNBOUND2025-12-17T13:30:08.999957+00:00 finalArenaServer systemd[1]: Starting sysstat-collect.service - system activity accounting tool...
2025-12-17T13:30:09.183394+00:00 finalArenaServer systemd[1]: sysstat-collect.service: Deactivated successfully.
2025-12-17T13:30:09.185581+00:00 finalArenaServer systemd[1]: Finished sysstat-collect.service - system activity accounting tool.
2025-12-17T13:31:03.007358+00:00 finalArenaServer kernel: workqueue: drm_fb_helper_damage_work hogged CPU for >10000us 8 times, consider switching to WQ_UNBOUND
2025-12-17T13:31:06.218326+00:00 finalArenaServer kernel: workqueue: e1000_watchdog [e1000] hogged CPU for >10000us 4 times, consider switching to WQ_UNBOUND
2025-12-17T13:31:10.574273+00:00 finalArenaServer kernel: workqueue: e1000_watchdog [e1000] hogged CPU for >10000us 8 times, consider switching to WQ_UNBOUND
2025-12-17T13:33:18.806027+00:00 finalArenaServer systemd[1]: Starting update-notifier-download.service - Download data for packages that failed at package install time...
2025-12-17T13:33:19.361287+00:00 finalArenaServer systemd[1]: update-notifier-download.service: Deactivated successfully.
2025-12-17T13:33:19.362676+00:00 finalArenaServer systemd[1]: Finished update-notifier-download.service - Download data for packages that failed at package install time.
2025-12-17T13:33:45.498445+00:00 finalArenaServer systemd[1122]: launchpadlib-cache-clean.service - Clean up old files in the Launchpadlib cache was skipped because of an unmet condition check (ConditionPathExists=/home/vboxuser/.launchpadlib/api.launchpad.net/cache).
2025-12-17T13:35:01.995260+00:00 finalArenaServer CRON[1515]: (root) CMD (command -v debian-sa1 > /dev/null && debian-sa1 1 1)
2025-12-17T13:36:24.022353+00:00 finalArenaServer kernel: workqueue: drm_fb_helper_damage_work hogged CPU for >10000us 16 times, consider switching to WQ_UNBOUND
2025-12-17T13:39:01.074641+00:00 finalArenaServer CRON[1548]: (root) CMD (  [ -x /usr/lib/php/sessionclean ] && if [ ! -d /run/systemd/system ]; then /usr/lib/php/sessionclean; fi)
2025-12-17T13:39:05.513388+00:00 finalArenaServer systemd[1]: Starting phpsessionclean.service - Clean php session files...
2025-12-17T13:39:06.218133+00:00 finalArenaServer systemd[1]: phpsessionclean.service: Deactivated successfully.
2025-12-17T13:39:06.218346+00:00 finalArenaServer systemd[1]: Finished phpsessionclean.service - Clean php session files.2025-12-17T13:42:04.524908+00:00 finalArenaServer systemd[1]: session-1.scope: Deactivated successfully.
2025-12-17T13:42:04.526472+00:00 finalArenaServer systemd[1]: session-1.scope: Consumed 5.982s CPU time.
2025-12-17T13:42:11.946498+00:00 finalArenaServer systemd-resolved[478]: Clock change detected. Flushing caches.
2025-12-17T13:42:11.946823+00:00 finalArenaServer systemd-timesyncd[483]: Contacted time server 37.252.189.117:123 (2.ubuntu.pool.ntp.org).
2025-12-17T13:42:11.946920+00:00 finalArenaServer systemd-timesyncd[483]: Initial clock synchronization to Wed 2025-12-17 13:42:11.941203 UTC.
2025-12-17T13:42:13.131004+00:00 finalArenaServer systemd[1]: systemd-hostnamed.service: Deactivated successfully.
2025-12-17T13:42:16.719013+00:00 finalArenaServer systemd[1]: Started session-4.scope - Session 4 of User vboxuser.
2025-12-17T13:42:17.061662+00:00 finalArenaServer systemd[1]: systemd-timedated.service: Deactivated successfully.
2025-12-17T13:42:46.434873+00:00 finalArenaServer kernel: workqueue: drm_fb_helper_damage_work hogged CPU for >10000us 4 times, consider switching to WQ_UNBOUND
2025-12-17T13:42:53.750994+00:00 finalArenaServer kernel: workqueue: e1000_watchdog [e1000] hogged CPU for >10000us 4 times, consider switching to WQ_UNBOUND
2025-12-17T13:44:24.073238+00:00 finalArenaServer kernel: workqueue: e1000_watchdog [e1000] hogged CPU for >10000us 8 times, consider switching to WQ_UNBOUND
2025-12-17T13:44:25.462369+00:00 finalArenaServer kernel: workqueue: drm_fb_helper_damage_work hogged CPU for >10000us 8 times, consider switching to WQ_UNBOUND
2025-12-17T13:44:40.253039+00:00 finalArenaServer kernel: workqueue: e1000_watchdog [e1000] hogged CPU for >10000us 16 times, consider switching to WQ_UNBOUND
2025-12-17T13:45:01.170084+00:00 finalArenaServer CRON[1499]: (root) CMD (command -v debian-sa1 > /dev/null && debian-sa1 1 1)
2025-12-17T13:46:00.331304+00:00 finalArenaServer kernel: workqueue: drm_fb_helper_damage_work hogged CPU for >10000us 16 times, consider switching to WQ_UNBOUND
2025-12-17T13:46:40.196749+00:00 finalArenaServer systemd[1]: Starting update-notifier-download.service - Download data for packages that failed at package install time...
2025-12-17T13:46:41.904245+00:00 finalArenaServer systemd[1]: update-notifier-download.service: Deactivated successfully.
2025-12-17T13:46:41.906827+00:00 finalArenaServer systemd[1]: Finished update-notifier-download.service - Download data for packages that failed at package install time.
2025-12-17T13:46:41.907056+00:00 finalArenaServer systemd[1]: update-notifier-download.service: Consumed 1.277s CPU time.
2025-12-17T13:47:10.384438+00:00 finalArenaServer systemd[1149]: launchpadlib-cache-clean.service - Clean up old files in the Launchpadlib cache was skipped because of an unmet condition check (ConditionPathExists=/home/vboxuser/.launchpadlib/api.launchpad.net/cache).
2025-12-17T13:47:13.020439+00:00 finalArenaServer kernel: workqueue: blk_mq_run_work_fn hogged CPU for >10000us 32 times, consider switching to WQ_UNBOUND
2025-12-17T13:47:29.362343+00:00 finalArenaServer systemd[1]: Stopping apache2.service - The Apache HTTP Server...
2025-12-17T13:47:29.493387+00:00 finalArenaServer apachectl[1600]: AH00558: apache2: Could not reliably determine the server's fully qualified domain name, using fd17:625c:f037:2:a00:27ff:fe3f:3739. Set the 'ServerName' directive globally to suppress this message
2025-12-17T13:47:29.628143+00:00 finalArenaServer systemd[1]: apache2.service: Killing process 1280 (apache2) with signal SIGKILL.
2025-12-17T13:47:29.642232+00:00 finalArenaServer systemd[1]: apache2.service: Deactivated successfully.
2025-12-17T13:47:29.646791+00:00 finalArenaServer systemd[1]: Stopped apache2.service - The Apache HTTP Server.
2025-12-17T13:47:29.647139+00:00 finalArenaServer systemd[1]: apache2.service: Consumed 8.676s CPU time, 113.7M memory peak, 0B memory swap peak.
2025-12-17T13:47:29.674046+00:00 finalArenaServer systemd[1]: Starting apache2.service - The Apache HTTP Server...
2025-12-17T13:47:29.773029+00:00 finalArenaServer apachectl[1607]: AH00558: apache2: Could not reliably determine the server's fully qualified domain name, using fd17:625c:f037:2:a00:27ff:fe3f:3739. Set the 'ServerName' directive globally to suppress this message
2025-12-17T13:47:29.806122+00:00 finalArenaServer systemd[1]: Started apache2.service - The Apache HTTP Server.
2025-12-17T13:48:05.249419+00:00 finalArenaServer kernel: workqueue: e1000_watchdog [e1000] hogged CPU for >10000us 32 times, consider switching to WQ_UNBOUND
2025-12-17T13:50:12.903517+00:00 finalArenaServer systemd[1]: Starting sysstat-collect.service - system activity accounting tool...
2025-12-17T13:50:12.961084+00:00 finalArenaServer systemd[1]: sysstat-collect.service: Deactivated successfully.
2025-12-17T13:50:12.961235+00:00 finalArenaServer systemd[1]: Finished sysstat-collect.service - system activity accounting tool.2025-12-17T13:53:47.634463+00:00 finalArenaServer kernel: workqueue: blk_mq_run_work_fn hogged CPU for >10000us 32 times, consider switching to WQ_UNBOUND
2025-12-17T13:53:48.237310+00:00 finalArenaServer kernel: workqueue: e1000_watchdog [e1000] hogged CPU for >10000us 8 times, consider switching to WQ_UNBOUND
2025-12-17T13:53:51.285462+00:00 finalArenaServer kernel: clocksource: Long readout interval, skipping watchdog check: cs_nsec: 1012610509 wd_nsec: 1012610661
2025-12-17T13:54:03.958904+00:00 finalArenaServer kernel: workqueue: drm_fb_helper_damage_work hogged CPU for >10000us 8 times, consider switching to WQ_UNBOUND
2025-12-17T13:54:10.105242+00:00 finalArenaServer kernel: clocksource: Long readout interval, skipping watchdog check: cs_nsec: 2143888369 wd_nsec: 2143887949
2025-12-17T13:55:01.260359+00:00 finalArenaServer CRON[1550]: (root) CMD (command -v debian-sa1 > /dev/null && debian-sa1 1 1)
2025-12-17T13:58:15.495933+00:00 finalArenaServer systemd[1099]: launchpadlib-cache-clean.service - Clean up old files in the Launchpadlib cache was skipped because of an unmet condition check (ConditionPathExists=/home/vboxuser/.launchpadlib/api.launchpad.net/cache).
2025-12-17T13:58:15.519953+00:00 finalArenaServer systemd[1]: Starting update-notifier-download.service - Download data for packages that failed at package install time...
2025-12-17T13:58:15.735159+00:00 finalArenaServer systemd[1]: update-notifier-download.service: Deactivated successfully.
2025-12-17T13:58:15.736325+00:00 finalArenaServer systemd[1]: Finished update-notifier-download.service - Download data for packages that failed at package install time.
2025-12-17T13:59:30.103345+00:00 finalArenaServer kernel: clocksource: Long readout interval, skipping watchdog check: cs_nsec: 5722874154 wd_nsec: 5722873751
2025-12-17T14:00:15.497291+00:00 finalArenaServer systemd[1]: Starting sysstat-collect.service - system activity accounting tool...
2025-12-17T14:00:15.527224+00:00 finalArenaServer systemd[1]: sysstat-collect.service: Deactivated successfully.
2025-12-17T14:00:15.527457+00:00 finalArenaServer systemd[1]: Finished sysstat-collect.service - system activity accounting tool.
2025-12-17T14:01:33.642602+00:00 finalArenaServer kernel: workqueue: e1000_watchdog [e1000] hogged CPU for >10000us 16 times, consider switching to WQ_UNBOUND2025-12-17T14:04:02.408355+00:00 finalArenaServer systemd[1]: systemd-hostnamed.service: Deactivated successfully.
2025-12-17T14:04:07.607046+00:00 finalArenaServer systemd[1]: systemd-timedated.service: Deactivated successfully.
2025-12-17T14:05:01.256115+00:00 finalArenaServer CRON[1524]: (root) CMD (command -v debian-sa1 > /dev/null && debian-sa1 1 1)
2025-12-17T14:05:19.159324+00:00 finalArenaServer kernel: workqueue: drm_fb_helper_damage_work hogged CPU for >10000us 4 times, consider switching to WQ_UNBOUND
2025-12-17T14:06:42.132008+00:00 finalArenaServer kernel: workqueue: drm_fb_helper_damage_work hogged CPU for >10000us 8 times, consider switching to WQ_UNBOUND
2025-12-17T14:07:39.409609+00:00 finalArenaServer kernel: workqueue: e1000_watchdog [e1000] hogged CPU for >10000us 4 times, consider switching to WQ_UNBOUND
2025-12-17T14:08:50.241252+00:00 finalArenaServer systemd[1]: Starting update-notifier-download.service - Download data for packages that failed at package install time...
2025-12-17T14:08:50.496599+00:00 finalArenaServer systemd[1]: update-notifier-download.service: Deactivated successfully.
2025-12-17T14:08:50.497034+00:00 finalArenaServer systemd[1]: Finished update-notifier-download.service - Download data for packages that failed at package install time.
2025-12-17T14:09:01.297061+00:00 finalArenaServer CRON[1534]: (root) CMD (  [ -x /usr/lib/php/sessionclean ] && if [ ! -d /run/systemd/system ]; then /usr/lib/php/sessionclean; fi)
2025-12-17T14:09:05.015925+00:00 finalArenaServer systemd[1]: Starting phpsessionclean.service - Clean php session files...
2025-12-17T14:09:05.470357+00:00 finalArenaServer systemd[1]: phpsessionclean.service: Deactivated successfully.
2025-12-17T14:09:05.471187+00:00 finalArenaServer systemd[1]: Finished phpsessionclean.service - Clean php session files.
2025-12-17T14:09:10.227761+00:00 finalArenaServer systemd[1145]: launchpadlib-cache-clean.service - Clean up old files in the Launchpadlib cache was skipped because of an unmet condition check (ConditionPathExists=/home/vboxuser/.launchpadlib/api.launchpad.net/cache).
2025-12-17T14:10:00.237234+00:00 finalArenaServer systemd[1]: Starting sysstat-collect.service - system activity accounting tool...
2025-12-17T14:10:00.267942+00:00 finalArenaServer systemd[1]: sysstat-collect.service: Deactivated successfully.
2025-12-17T14:10:00.268663+00:00 finalArenaServer systemd[1]: Finished sysstat-collect.service - system activity accounting tool.