2026-02-26T11:02:49.923336+00:00 arena-wp kernel: workqueue: e1000_watchdog [e1000] hogged CPU for >10000us 64 times, consider switching to WQ_UNBOUND
2026-02-26T11:05:01.659604+00:00 arena-wp CRON[1866]: (root) CMD (command -v debian-sa1 > /dev/null && debian-sa1 1 1)
2026-02-26T11:05:02.822825+00:00 arena-wp kernel: workqueue: blk_mq_requeue_work hogged CPU for >10000us 4 times, consider switching to WQ_UNBOUND
2026-02-26T11:05:56.098965+00:00 arena-wp kernel: workqueue: drain_vmap_area_work hogged CPU for >10000us 4 times, consider switching to WQ_UNBOUND
2026-02-26T11:08:35.869944+00:00 arena-wp systemd[1]: session-1.scope: Deactivated successfully.
2026-02-26T11:08:35.874399+00:00 arena-wp systemd[1]: session-1.scope: Consumed 15.243s CPU time.
2026-02-26T11:11:56.683406+00:00 arena-wp kernel: workqueue: blk_mq_run_work_fn hogged CPU for >10000us 32 times, consider switching to WQ_UNBOUND
2026-02-26T11:12:00.350142+00:00 arena-wp kernel: workqueue: drm_fb_helper_damage_work hogged CPU for >10000us 4 times, consider switching to WQ_UNBOUND
2026-02-26T11:12:03.194295+00:00 arena-wp mariadbd[1000]: 2026-02-26 11:12:03 31 [Warning] Access denied for user 'wp_admin'@'localhost' (using password: YES)
2026-02-26T11:12:03.739858+00:00 arena-wp mariadbd[1000]: 2026-02-26 11:12:03 32 [Warning] Access denied for user 'wp_admin'@'localhost' (using password: YES)
2026-02-26T11:12:05.107354+00:00 arena-wp mariadbd[1000]: 2026-02-26 11:12:05 33 [Warning] Access denied for user 'wp_admin'@'localhost' (using password: YES)
2026-02-26T11:12:06.358827+00:00 arena-wp mariadbd[1000]: 2026-02-26 11:12:06 34 [Warning] Access denied for user 'wp_admin'@'localhost' (using password: YES)
2026-02-26T11:13:40.479992+00:00 arena-wp kernel: workqueue: e1000_watchdog [e1000] hogged CPU for >10000us 8 times, consider switching to WQ_UNBOUND
2026-02-26T11:13:42.007842+00:00 arena-wp kernel: workqueue: drm_fb_helper_damage_work hogged CPU for >10000us 8 times, consider switching to WQ_UNBOUND
2026-02-26T11:13:44.343310+00:00 arena-wp mariadbd[1000]: 2026-02-26 11:13:44 35 [Warning] Access denied for user 'wp_admin'@'localhost' (using password: YES)
2026-02-26T11:13:48.206001+00:00 arena-wp kernel: workqueue: drm_fb_helper_damage_work hogged CPU for >10000us 16 times, consider switching to WQ_UNBOUND
2026-02-26T11:13:49.199781+00:00 arena-wp kernel: workqueue: e1000_watchdog [e1000] hogged CPU for >10000us 16 times, consider switching to WQ_UNBOUND
2026-02-26T11:13:51.907740+00:00 arena-wp kernel: workqueue: drm_fb_helper_damage_work hogged CPU for >10000us 32 times, consider switching to WQ_UNBOUND
2026-02-26T11:13:52.053142+00:00 arena-wp mariadbd[1000]: 2026-02-26 11:13:52 36 [Warning] Access denied for user 'wp_admin'@'localhost' (using password: YES)
2026-02-26T11:13:57.428447+00:00 arena-wp mariadbd[1000]: 2026-02-26 11:13:57 37 [Warning] Access denied for user 'wp_admin'@'localhost' (using password: YES)
2026-02-26T11:15:01.408530+00:00 arena-wp CRON[1672]: (root) CMD (command -v debian-sa1 > /dev/null && debian-sa1 1 1)
2026-02-26T11:15:29.892757+00:00 arena-wp systemd[1]: Starting update-notifier-download.service - Download data for packages that failed at package install time...
2026-02-26T11:15:30.720862+00:00 arena-wp systemd[1]: update-notifier-download.service: Deactivated successfully.
2026-02-26T11:15:30.722908+00:00 arena-wp systemd[1]: Finished update-notifier-download.service - Download data for packages that failed at package install time.
2026-02-26T11:16:29.878826+00:00 arena-wp systemd[1110]: launchpadlib-cache-clean.service - Clean up old files in the Launchpadlib cache was skipped because of an unmet condition check (ConditionPathExists=/home/vboxuser/.launchpadlib/api.launchpad.net/cache).
2026-02-26T11:16:56.695098+00:00 arena-wp mariadbd[1000]: 2026-02-26 11:16:56 39 [Warning] Access denied for user 'wp_admin'@'localhost' (using password: NO)
2026-02-26T11:17:01.462049+00:00 arena-wp CRON[1783]: (root) CMD (cd / && run-parts --report /etc/cron.hourly)
2026-02-26T11:17:51.242756+00:00 arena-wp mariadbd[1000]: 2026-02-26 11:17:51 40 [Warning] Access denied for user 'wp_admin'@'localhost' (using password: YES)
2026-02-26T11:18:21.772399+00:00 arena-wp kernel: hrtimer: interrupt took 5381036 ns
2026-02-26T11:19:00.126814+00:00 arena-wp kernel: workqueue: drm_fb_helper_damage_work hogged CPU for >10000us 64 times, consider switching to WQ_UNBOUND
2026-02-26T11:19:00.132014+00:00 arena-wp kernel: workqueue: drain_vmap_area_work hogged CPU for >10000us 4 times, consider switching to WQ_UNBOUND
2026-02-26T11:20:09.901093+00:00 arena-wp systemd[1]: Starting sysstat-collect.service - system activity accounting tool...
2026-02-26T11:20:09.964601+00:00 arena-wp systemd[1]: sysstat-collect.service: Deactivated successfully.
2026-02-26T11:20:09.964950+00:00 arena-wp systemd[1]: Finished sysstat-collect.service - system activity accounting tool.
2026-02-26T11:20:58.390480+00:00 arena-wp mariadbd[1000]: 2026-02-26 11:20:58 42 [Warning] Access denied for user 'wp_user'@'localhost' (using password: YES)
2026-02-26T11:21:59.745587+00:00 arena-wp kernel: workqueue: blk_mq_requeue_work hogged CPU for >10000us 4 times, consider switching to WQ_UNBOUND
2026-02-26T11:22:17.862470+00:00 arena-wp kernel: workqueue: drm_fb_helper_damage_work hogged CPU for >10000us 128 times, consider switching to WQ_UNBOUND
2026-02-26T11:32:20.136799+00:00 arena-wp kernel: workqueue: e1000_watchdog [e1000] hogged CPU for >10000us 8 times, consider switching to WQ_UNBOUND
2026-02-26T11:32:23.645843+00:00 arena-wp kernel: workqueue: drm_fb_helper_damage_work hogged CPU for >10000us 4 times, consider switching to WQ_UNBOUND
2026-02-26T11:33:47.449303+00:00 arena-wp kernel: workqueue: drm_fb_helper_damage_work hogged CPU for >10000us 8 times, consider switching to WQ_UNBOUND
2026-02-26T11:33:48.233404+00:00 arena-wp kernel: workqueue: e1000_watchdog [e1000] hogged CPU for >10000us 16 times, consider switching to WQ_UNBOUND
2026-02-26T11:34:25.637824+00:00 arena-wp kernel: workqueue: drm_fb_helper_damage_work hogged CPU for >10000us 16 times, consider switching to WQ_UNBOUND
2026-02-26T11:38:00.645988+00:00 arena-wp kernel: workqueue: drm_fb_helper_damage_work hogged CPU for >10000us 8 times, consider switching to WQ_UNBOUND
2026-02-26T11:38:20.629864+00:00 arena-wp kernel: clocksource: Long readout interval, skipping watchdog check: cs_nsec: 4521446183 wd_nsec: 4521445804
2026-02-26T11:39:01.336200+00:00 arena-wp CRON[1537]: (root) CMD (  [ -x /usr/lib/php/sessionclean ] && if [ ! -d /run/systemd/system ]; then /usr/lib/php/sessionclean; fi)
2026-02-26T11:39:10.849069+00:00 arena-wp systemd[1]: Starting phpsessionclean.service - Clean php session files...
2026-02-26T11:39:11.545258+00:00 arena-wp systemd[1]: phpsessionclean.service: Deactivated successfully.
2026-02-26T11:39:11.546008+00:00 arena-wp systemd[1]: Finished phpsessionclean.service - Clean php session files.
2026-02-26T11:39:33.671368+00:00 arena-wp kernel: workqueue: e1000_watchdog [e1000] hogged CPU for >10000us 8 times, consider switching to WQ_UNBOUND
2026-02-26T11:40:16.049072+00:00 arena-wp systemd[1]: Starting sysstat-collect.service - system activity accounting tool...
2026-02-26T11:40:16.093135+00:00 arena-wp systemd[1]: sysstat-collect.service: Deactivated successfully.
2026-02-26T11:40:16.093969+00:00 arena-wp systemd[1]: Finished sysstat-collect.service - system activity accounting tool.
2026-02-26T11:40:22.941600+00:00 arena-wp kernel: workqueue: drm_fb_helper_damage_work hogged CPU for >10000us 16 times, consider switching to WQ_UNBOUND
2026-02-26T11:40:26.980103+00:00 arena-wp kernel: workqueue: e1000_watchdog [e1000] hogged CPU for >10000us 16 times, consider switching to WQ_UNBOUND
2026-02-24T11:09:01.224676+00:00 arena-wp CRON[1634]: (root) CMD (  [ -x /usr/lib/php/sessionclean ] && if [ ! -d /run/systemd/system ]; then /usr/lib/php/sessionclean; fi)
2026-02-24T11:09:06.508837+00:00 arena-wp systemd[1]: Starting phpsessionclean.service - Clean php session files...
2026-02-24T11:09:07.615830+00:00 arena-wp systemd[1]: phpsessionclean.service: Deactivated successfully.
2026-02-24T11:09:07.619486+00:00 arena-wp systemd[1]: Finished phpsessionclean.service - Clean php session files.
2026-02-24T11:09:07.623250+00:00 arena-wp systemd[1]: phpsessionclean.service: Consumed 1.033s CPU time.
2026-02-24T11:10:13.986118+00:00 arena-wp systemd[1]: Starting sysstat-collect.service - system activity accounting tool...
2026-02-24T11:10:14.080146+00:00 arena-wp systemd[1]: sysstat-collect.service: Deactivated successfully.
2026-02-24T11:10:14.081131+00:00 arena-wp systemd[1]: Finished sysstat-collect.service - system activity accounting tool.
2026-02-24T11:12:18.153077+00:00 arena-wp kernel: workqueue: blk_mq_requeue_work hogged CPU for >10000us 8 times, consider switching to WQ_UNBOUND
2026-02-24T11:14:18.845974+00:00 arena-wp systemd[1]: Starting apt-daily-upgrade.service - Daily apt upgrade and clean activities...
2026-02-24T11:14:19.594404+00:00 arena-wp systemd[1]: apt-daily-upgrade.service: Deactivated successfully.
2026-02-24T11:14:19.596344+00:00 arena-wp systemd[1]: Finished apt-daily-upgrade.service - Daily apt upgrade and clean activities.
2026-02-24T11:15:01.295450+00:00 arena-wp CRON[1865]: (root) CMD (command -v debian-sa1 > /dev/null && debian-sa1 1 1)
2026-02-24T11:17:01.357287+00:00 arena-wp CRON[1876]: (root) CMD (cd / && run-parts --report /etc/cron.hourly)
2026-02-24T11:20:56.521089+00:00 arena-wp systemd-resolved[454]: Clock change detected. Flushing caches.
2026-02-24T11:20:56.521765+00:00 arena-wp systemd-timesyncd[457]: Contacted time server 162.159.200.123:123 (2.ubuntu.pool.ntp.org).
2026-02-24T11:20:56.521875+00:00 arena-wp systemd-timesyncd[457]: Initial clock synchronization to Tue 2026-02-24 11:20:56.516898 UTC.
2026-02-24T11:20:59.331504+00:00 arena-wp systemd[1]: systemd-hostnamed.service: Deactivated successfully.
2026-02-24T11:21:03.847268+00:00 arena-wp systemd[1]: systemd-timedated.service: Deactivated successfully.
2026-02-24T11:21:04.215593+00:00 arena-wp mariadbd[1034]: 2026-02-24 11:21:04 31 [Warning] Access denied for user 'wp_admin'@'localhost' (using password: YES)
2026-02-24T11:21:15.891460+00:00 arena-wp kernel: hrtimer: interrupt took 2879621 ns
2026-02-24T11:21:24.299376+00:00 arena-wp kernel: workqueue: drm_fb_helper_damage_work hogged CPU for >10000us 4 times, consider switching to WQ_UNBOUND
2026-02-24T11:21:30.396894+00:00 arena-wp systemd[1]: Started session-4.scope - Session 4 of User vboxuser.
2026-02-24T11:21:40.570681+00:00 arena-wp kernel: workqueue: e1000_watchdog [e1000] hogged CPU for >10000us 4 times, consider switching to WQ_UNBOUND
2026-02-24T11:21:41.922911+00:00 arena-wp kernel: workqueue: blk_mq_run_work_fn hogged CPU for >10000us 16 times, consider switching to WQ_UNBOUND
2026-02-24T11:22:02.372506+00:00 arena-wp kernel: workqueue: drm_fb_helper_damage_work hogged CPU for >10000us 8 times, consider switching to WQ_UNBOUND
2026-02-24T11:22:05.036905+00:00 arena-wp kernel: workqueue: e1000_watchdog [e1000] hogged CPU for >10000us 8 times, consider switching to WQ_UNBOUND
2026-02-24T11:23:52.384021+00:00 arena-wp mariadbd[1034]: 2026-02-24 11:23:52 32 [Warning] Access denied for user 'wp_admin'@'localhost' (using password: YES)
2026-02-24T11:24:45.377927+00:00 arena-wp mariadbd[1034]: 2026-02-24 11:24:45 34 [Warning] Access denied for user 'wp_user'@'localhost' (using password: YES)
2026-02-24T11:25:01.405544+00:00 arena-wp CRON[1534]: (root) CMD (command -v debian-sa1 > /dev/null && debian-sa1 1 1)
2026-02-24T11:25:23.135061+00:00 arena-wp systemd[1]: Starting update-notifier-download.service - Download data for packages that failed at package install time...
2026-02-24T11:25:23.526431+00:00 arena-wp systemd[1]: update-notifier-download.service: Deactivated successfully.
2026-02-24T11:25:23.527090+00:00 arena-wp systemd[1]: Finished update-notifier-download.service - Download data for packages that failed at package install time.
2026-02-24T11:25:48.719391+00:00 arena-wp kernel: workqueue: drm_fb_helper_damage_work hogged CPU for >10000us 16 times, consider switching to WQ_UNBOUND
2026-02-24T11:28:59.550119+00:00 arena-wp kernel: workqueue: ata_sff_pio_task hogged CPU for >10000us 4 times, consider switching to WQ_UNBOUND
2026-02-24T11:29:01.284203+00:00 arena-wp kernel: workqueue: drm_fb_helper_damage_work hogged CPU for >10000us 16 times, consider switching to WQ_UNBOUND
2026-02-24T11:29:24.496666+00:00 arena-wp kernel: workqueue: drm_fb_helper_damage_work hogged CPU for >10000us 32 times, consider switching to WQ_UNBOUND
2026-02-24T11:29:41.202548+00:00 arena-wp kernel: workqueue: blk_mq_run_work_fn hogged CPU for >10000us 32 times, consider switching to WQ_UNBOUND
2026-02-24T11:29:42.673123+00:00 arena-wp kernel: workqueue: e1000_watchdog [e1000] hogged CPU for >10000us 16 times, consider switching to WQ_UNBOUND
2026-02-24T11:29:48.086755+00:00 arena-wp kernel: workqueue: blk_mq_requeue_work hogged CPU for >10000us 4 times, consider switching to WQ_UNBOUND
2026-02-24T11:30:04.559151+00:00 arena-wp systemd[1]: Starting sysstat-collect.service - system activity accounting tool...
2026-02-24T11:30:04.949131+00:00 arena-wp systemd[1]: sysstat-collect.service: Deactivated successfully.
2026-02-24T11:30:04.954029+00:00 arena-wp systemd[1]: Finished sysstat-collect.service - system activity accounting tool.
2026-02-24T11:30:26.575487+00:00 arena-wp kernel: workqueue: drm_fb_helper_damage_work hogged CPU for >10000us 64 times, consider switching to WQ_UNBOUND
2026-02-24T11:31:03.301526+00:00 arena-wp kernel: clocksource: Long readout interval, skipping watchdog check: cs_nsec: 2900143841 wd_nsec: 2900143599
2026-02-24T11:31:30.339164+00:00 arena-wp kernel: clocksource: Long readout interval, skipping watchdog check: cs_nsec: 7133609056 wd_nsec: 7133608448
2026-02-24T11:32:05.263194+00:00 arena-wp kernel: workqueue: e1000_watchdog [e1000] hogged CPU for >10000us 32 times, consider switching to WQ_UNBOUND
2026-02-24T11:32:36.962547+00:00 arena-wp systemd[1]: Starting update-notifier-download.service - Download data for packages that failed at package install time...
2026-02-24T11:32:37.466825+00:00 arena-wp systemd[1]: update-notifier-download.service: Deactivated successfully.
2026-02-24T11:32:37.468198+00:00 arena-wp systemd[1]: Finished update-notifier-download.service - Download data for packages that failed at package install time.
2026-02-24T11:34:04.501231+00:00 arena-wp systemd[1131]: launchpadlib-cache-clean.service - Clean up old files in the Launchpadlib cache was skipped because of an unmet condition check (ConditionPathExists=/home/vboxuser/.launchpadlib/api.launchpad.net/cache).
2026-02-24T11:35:01.195769+00:00 arena-wp CRON[1618]: (root) CMD (command -v debian-sa1 > /dev/null && debian-sa1 1 1)
2026-02-24T11:43:22.796218+00:00 arena-wp kernel: clocksource: Long readout interval, skipping watchdog check: cs_nsec: 5520896671 wd_nsec: 5520896284
2026-02-24T11:44:51.396275+00:00 arena-wp kernel: workqueue: e1000_watchdog [e1000] hogged CPU for >10000us 32 times, consider switching to WQ_UNBOUND
2026-02-24T11:45:02.015883+00:00 arena-wp CRON[1524]: (root) CMD (command -v debian-sa1 > /dev/null && debian-sa1 1 1)
2026-02-24T11:47:50.719208+00:00 arena-wp kernel: workqueue: drm_fb_helper_damage_work hogged CPU for >10000us 4 times, consider switching to WQ_UNBOUND
2026-02-24T11:47:54.031070+00:00 arena-wp kernel: workqueue: e1000_watchdog [e1000] hogged CPU for >10000us 8 times, consider switching to WQ_UNBOUND
2026-02-24T11:48:07.708181+00:00 arena-wp kernel: workqueue: drm_fb_helper_damage_work hogged CPU for >10000us 8 times, consider switching to WQ_UNBOUND
2026-02-24T11:48:22.865674+00:00 arena-wp kernel: workqueue: e1000_watchdog [e1000] hogged CPU for >10000us 16 times, consider switching to WQ_UNBOUND
2026-02-24T11:48:28.991974+00:00 arena-wp systemd[1]: Starting fwupd-refresh.service - Refresh fwupd metadata and update motd...
2026-02-24T11:48:29.255804+00:00 arena-wp dbus-daemon[619]: [system] Activating via systemd: service name='org.freedesktop.fwupd' unit='fwupd.service' requested by ':1.21' (uid=989 pid=1513 comm="/usr/bin/fwupdmgr refresh" label="unconfined")
2026-02-24T11:48:29.279400+00:00 arena-wp systemd[1]: Starting fwupd.service - Firmware update daemon...
2026-02-24T11:48:30.203028+00:00 arena-wp dbus-daemon[619]: [system] Activating via systemd: service name='org.freedesktop.UPower' unit='upower.service' requested by ':1.22' (uid=0 pid=1518 comm="/usr/libexec/fwupd/fwupd" label="unconfined")
2026-02-24T11:48:30.263259+00:00 arena-wp systemd[1]: Starting upower.service - Daemon for power management...
2026-02-24T11:48:30.727802+00:00 arena-wp dbus-daemon[619]: [system] Successfully activated service 'org.freedesktop.UPower'
2026-02-24T11:48:30.728035+00:00 arena-wp systemd[1]: Started upower.service - Daemon for power management.
2026-02-24T11:48:30.923467+00:00 arena-wp fwupd[1518]: 11:48:30.920 FuEngine             failed to add device /sys/devices/pci0000:00/0000:00:01.1/ata2/host1/target1:0:0/1:0:0:0/block/sr0: failed to open /dev/sr0: No medium found
2026-02-24T11:48:31.059962+00:00 arena-wp fwupd[1518]: 11:48:31.058 FuMain               fwupd 1.9.30 ready for requests (locale en_US.UTF-8)
2026-02-24T11:48:31.066787+00:00 arena-wp dbus-daemon[619]: [system] Successfully activated service 'org.freedesktop.fwupd'
2026-02-24T11:48:31.068373+00:00 arena-wp systemd[1]: Started fwupd.service - Firmware update daemon.
2026-02-24T11:48:31.157647+00:00 arena-wp fwupdmgr[1513]: Updating lvfs
2026-02-24T11:48:36.734424+00:00 arena-wp kernel: workqueue: drm_fb_helper_damage_work hogged CPU for >10000us 16 times, consider switching to WQ_UNBOUND
2026-02-24T11:48:39.890867+00:00 arena-wp fwupdmgr[1513]: Successfully downloaded new metadata: 0 local devices supported
2026-02-24T11:48:39.915110+00:00 arena-wp systemd[1]: fwupd-refresh.service: Deactivated successfully.
2026-02-24T11:48:39.916151+00:00 arena-wp systemd[1]: Finished fwupd-refresh.service - Refresh fwupd metadata and update motd.
2026-02-24T11:48:45.553091+00:00 arena-wp kernel: clocksource: Long readout interval, skipping watchdog check: cs_nsec: 4488327858 wd_nsec: 4488327470
2026-02-24T11:49:40.454778+00:00 arena-wp kernel: workqueue: e1000_watchdog [e1000] hogged CPU for >10000us 32 times, consider switching to WQ_UNBOUND
2026-02-24T11:50:28.967306+00:00 arena-wp systemd[1]: Starting sysstat-collect.service - system activity accounting tool...
2026-02-24T11:50:29.092550+00:00 arena-wp systemd[1]: sysstat-collect.service: Deactivated successfully.
2026-02-24T11:50:29.100338+00:00 arena-wp systemd[1]: Finished sysstat-collect.service - system activity accounting tool.
2026-03-05T11:56:35.189667+00:00 arena-wp kernel: clocksource: Long readout interval, skipping watchdog check: cs_nsec: 6742991211 wd_nsec: 6742985922
2026-03-05T11:57:07.083817+00:00 arena-wp kernel: workqueue: e1000_watchdog [e1000] hogged CPU for >10000us 8 times, consider switching to WQ_UNBOUND
2026-03-05T12:00:01.312018+00:00 arena-wp CRON[1515]: (root) CMD (test -x /usr/bin/certbot -a \! -d /run/systemd/system && perl -e 'sleep int(rand(43200))' && certbot -q renew --no-random-sleep-on-renew)
2026-03-05T12:00:02.880207+00:00 arena-wp systemd[1]: Starting sysstat-collect.service - system activity accounting tool...
2026-03-05T12:00:02.886208+00:00 arena-wp systemd[1]: Starting update-notifier-download.service - Download data for packages that failed at package install time...
2026-03-05T12:00:02.894091+00:00 arena-wp systemd[1]: sysstat-collect.service: Deactivated successfully.
2026-03-05T12:00:02.894764+00:00 arena-wp systemd[1]: Finished sysstat-collect.service - system activity accounting tool.
2026-03-05T12:00:03.263946+00:00 arena-wp systemd[1]: update-notifier-download.service: Deactivated successfully.
2026-03-05T12:00:03.264333+00:00 arena-wp systemd[1]: Finished update-notifier-download.service - Download data for packages that failed at package install time.
2026-03-05T12:01:23.666433+00:00 arena-wp systemd[1066]: launchpadlib-cache-clean.service - Clean up old files in the Launchpadlib cache was skipped because of an unmet condition check (ConditionPathExists=/home/vboxuser/.launchpadlib/api.launchpad.net/cache).
2026-03-05T12:04:18.982739+00:00 arena-wp kernel: workqueue: drm_fb_helper_damage_work hogged CPU for >10000us 16 times, consider switching to WQ_UNBOUND
2026-03-05T12:04:19.758704+00:00 arena-wp kernel: workqueue: e1000_watchdog [e1000] hogged CPU for >10000us 16 times, consider switching to WQ_UNBOUND
2026-03-05T12:05:01.786476+00:00 arena-wp CRON[1607]: (root) CMD (command -v debian-sa1 > /dev/null && debian-sa1 1 1)
2026-03-05T12:08:44.436715+00:00 arena-wp kernel: hrtimer: interrupt took 2671397 ns
2026-03-05T12:09:01.913103+00:00 arena-wp CRON[1631]: (root) CMD (  [ -x /usr/lib/php/sessionclean ] && if [ ! -d /run/systemd/system ]; then /usr/lib/php/sessionclean; fi)
2026-03-05T12:09:04.833594+00:00 arena-wp systemd[1]: Starting phpsessionclean.service - Clean php session files...
2026-03-05T12:09:05.416829+00:00 arena-wp systemd[1]: phpsessionclean.service: Deactivated successfully.
2026-03-05T12:09:05.417524+00:00 arena-wp systemd[1]: Finished phpsessionclean.service - Clean php session files.
2026-03-05T12:10:21.776430+00:00 arena-wp systemd[1]: Starting sysstat-collect.service - system activity accounting tool...
2026-03-05T12:10:21.787701+00:00 arena-wp systemd[1]: Starting systemd-tmpfiles-clean.service - Cleanup of Temporary Directories...
2026-03-05T12:10:21.848013+00:00 arena-wp systemd[1]: sysstat-collect.service: Deactivated successfully.
2026-03-05T12:10:21.848232+00:00 arena-wp systemd[1]: Finished sysstat-collect.service - system activity accounting tool.
2026-03-05T12:10:21.875936+00:00 arena-wp systemd[1]: systemd-tmpfiles-clean.service: Deactivated successfully.
2026-03-05T12:10:21.877333+00:00 arena-wp systemd[1]: Finished systemd-tmpfiles-clean.service - Cleanup of Temporary Directories.
2026-03-05T12:11:31.401270+00:00 arena-wp kernel: workqueue: drm_fb_helper_damage_work hogged CPU for >10000us 32 times, consider switching to WQ_UNBOUND
2026-03-05T12:15:02.008069+00:00 arena-wp CRON[1705]: (root) CMD (command -v debian-sa1 > /dev/null && debian-sa1 1 1)
2026-03-05T11:40:43.734243+00:00 arena-wp mariadbd[964]: 2026-03-05 11:40:43 31 [Warning] Access denied for user 'wp_admin'@'localhost' (using password: YES)
2026-03-05T11:40:45.351587+00:00 arena-wp mariadbd[964]: 2026-03-05 11:40:45 32 [Warning] Access denied for user 'wp_admin'@'localhost' (using password: YES)
2026-03-05T11:42:12.833211+00:00 arena-wp mariadbd[964]: 2026-03-05 11:42:12 33 [Warning] Access denied for user 'wp_admin'@'localhost' (using password: YES)
2026-03-05T11:42:13.398733+00:00 arena-wp mariadbd[964]: 2026-03-05 11:42:13 34 [Warning] Access denied for user 'wp_admin'@'localhost' (using password: YES)
2026-03-05T11:42:14.301251+00:00 arena-wp kernel: workqueue: drm_fb_helper_damage_work hogged CPU for >10000us 4 times, consider switching to WQ_UNBOUND
2026-03-05T11:42:15.075133+00:00 arena-wp kernel: workqueue: e1000_watchdog [e1000] hogged CPU for >10000us 8 times, consider switching to WQ_UNBOUND
2026-03-05T11:42:21.831890+00:00 arena-wp mariadbd[964]: 2026-03-05 11:42:21 35 [Warning] Access denied for user 'wp_admin'@'localhost' (using password: YES)
2026-03-05T11:43:08.580598+00:00 arena-wp kernel: workqueue: drm_fb_helper_damage_work hogged CPU for >10000us 8 times, consider switching to WQ_UNBOUND
2026-03-05T11:43:42.920980+00:00 arena-wp mariadbd[964]: 2026-03-05 11:43:42 37 [Warning] Access denied for user 'wp_admin'@'localhost' (using password: YES)
2026-03-05T11:43:59.651967+00:00 arena-wp kernel: workqueue: e1000_watchdog [e1000] hogged CPU for >10000us 16 times, consider switching to WQ_UNBOUND
2026-03-05T11:44:16.623316+00:00 arena-wp kernel: workqueue: drm_fb_helper_damage_work hogged CPU for >10000us 16 times, consider switching to WQ_UNBOUND
2026-03-05T11:44:22.132370+00:00 arena-wp kernel: workqueue: drm_fb_helper_damage_work hogged CPU for >10000us 32 times, consider switching to WQ_UNBOUND
2026-03-05T11:44:30.572604+00:00 arena-wp kernel: workqueue: e1000_watchdog [e1000] hogged CPU for >10000us 32 times, consider switching to WQ_UNBOUND
2026-03-05T11:44:48.475281+00:00 arena-wp systemd[1]: Starting update-notifier-download.service - Download data for packages that failed at package install time...
2026-03-05T11:44:49.484828+00:00 arena-wp systemd[1]: update-notifier-download.service: Deactivated successfully.
2026-03-05T11:44:49.485313+00:00 arena-wp systemd[1]: Finished update-notifier-download.service - Download data for packages that failed at package install time.
2026-03-05T11:45:01.177191+00:00 arena-wp kernel: hrtimer: interrupt took 8085607 ns
2026-03-05T11:45:01.976184+00:00 arena-wp CRON[1580]: (root) CMD (command -v debian-sa1 > /dev/null && debian-sa1 1 1)
2026-03-05T11:45:54.053233+00:00 arena-wp systemd[1085]: launchpadlib-cache-clean.service - Clean up old files in the Launchpadlib cache was skipped because of an unmet condition check (ConditionPathExists=/home/vboxuser/.launchpadlib/api.launchpad.net/cache).
2026-03-05T11:46:05.872868+00:00 arena-wp mariadbd[964]: 2026-03-05 11:46:05 38 [Warning] Access denied for user 'wp_user'@'localhost' (using password: YES)
2026-03-05T11:46:07.141638+00:00 arena-wp mariadbd[964]: 2026-03-05 11:46:07 39 [Warning] Access denied for user 'wp_user'@'localhost' (using password: YES)
2026-03-05T11:46:09.077153+00:00 arena-wp mariadbd[964]: 2026-03-05 11:46:09 40 [Warning] Access denied for user 'wp_user'@'localhost' (using password: YES)
2026-03-05T11:46:18.365014+00:00 arena-wp mariadbd[964]: 2026-03-05 11:46:18 41 [Warning] Access denied for user 'wp_user'@'localhost' (using password: YES)
2026-03-05T11:48:51.736839+00:00 arena-wp kernel: workqueue: drm_fb_helper_damage_work hogged CPU for >10000us 64 times, consider switching to WQ_UNBOUND
2026-03-05T11:36:28.060402+00:00 arena-wp systemd[1]: systemd-timedated.service: Deactivated successfully.
2026-03-05T11:36:35.994057+00:00 arena-wp kernel: clocksource: Long readout interval, skipping watchdog check: cs_nsec: 4523303803 wd_nsec: 4523300275
2026-03-05T11:31:33.375690+00:00 arena-wp systemd[1]: systemd-hostnamed.service: Deactivated successfully.
2026-03-05T11:31:36.454018+00:00 arena-wp systemd-resolved[421]: Clock change detected. Flushing caches.
2026-03-05T11:31:36.454894+00:00 arena-wp systemd-timesyncd[424]: Contacted time server 162.159.200.123:123 (2.ubuntu.pool.ntp.org).
2026-03-05T11:31:36.455118+00:00 arena-wp systemd-timesyncd[424]: Initial clock synchronization to Thu 2026-03-05 11:31:36.453389 UTC.
2026-03-05T11:31:36.475943+00:00 arena-wp systemd[1]: Starting apt-daily-upgrade.service - Daily apt upgrade and clean activities...
2026-03-05T11:31:36.723830+00:00 arena-wp systemd[1]: apt-daily-upgrade.service: Deactivated successfully.
2026-03-05T11:31:36.724044+00:00 arena-wp systemd[1]: Finished apt-daily-upgrade.service - Daily apt upgrade and clean activities.
2026-03-05T11:31:41.523715+00:00 arena-wp kernel: workqueue: e1000_watchdog [e1000] hogged CPU for >10000us 4 times, consider switching to WQ_UNBOUND
2026-03-05T11:31:41.539775+00:00 arena-wp systemd[1]: systemd-timedated.service: Deactivated successfully.
2026-03-05T11:31:45.988291+00:00 arena-wp kernel: clocksource: Long readout interval, skipping watchdog check: cs_nsec: 2957348974 wd_nsec: 2957346693
2026-03-05T11:31:53.891333+00:00 arena-wp kernel: clocksource: Long readout interval, skipping watchdog check: cs_nsec: 6346152798 wd_nsec: 6346147846
2026-03-05T11:34:02.066667+00:00 arena-wp kernel: workqueue: drm_fb_helper_damage_work hogged CPU for >10000us 8 times, consider switching to WQ_UNBOUND
2026-03-05T11:10:03.774551+00:00 arena-wp systemd[1]: Starting sysstat-collect.service - system activity accounting tool...
2026-03-05T11:10:03.789174+00:00 arena-wp systemd[1]: sysstat-collect.service: Deactivated successfully.
2026-03-05T11:10:03.790165+00:00 arena-wp systemd[1]: Finished sysstat-collect.service - system activity accounting tool.
2026-03-05T11:10:12.341594+00:00 arena-wp systemd[1152]: launchpadlib-cache-clean.service - Clean up old files in the Launchpadlib cache was skipped because of an unmet condition check (ConditionPathExists=/home/vboxuser/.launchpadlib/api.launchpad.net/cache).
2026-03-05T11:15:01.589309+00:00 arena-wp CRON[1652]: (root) CMD (command -v debian-sa1 > /dev/null && debian-sa1 1 1)
2026-03-05T11:17:01.604684+00:00 arena-wp CRON[1657]: (root) CMD (cd / && run-parts --report /etc/cron.hourly)
2026-03-05T11:17:01.621688+00:00 arena-wp systemd[1]: Starting fwupd-refresh.service - Refresh fwupd metadata and update motd...
2026-03-05T11:17:01.696984+00:00 arena-wp dbus-daemon[622]: [system] Activating via systemd: service name='org.freedesktop.fwupd' unit='fwupd.service' requested by ':1.24' (uid=989 pid=1658 comm="/usr/bin/fwupdmgr refresh" label="unconfined")
2026-03-05T11:17:01.709608+00:00 arena-wp systemd[1]: Starting fwupd.service - Firmware update daemon...
2026-03-05T11:17:02.035370+00:00 arena-wp dbus-daemon[622]: [system] Activating via systemd: service name='org.freedesktop.UPower' unit='upower.service' requested by ':1.25' (uid=0 pid=1664 comm="/usr/libexec/fwupd/fwupd" label="unconfined")
2026-03-05T11:17:02.051542+00:00 arena-wp systemd[1]: Starting upower.service - Daemon for power management...
2026-03-05T11:17:02.218063+00:00 arena-wp dbus-daemon[622]: [system] Successfully activated service 'org.freedesktop.UPower'
2026-03-05T11:17:02.218956+00:00 arena-wp systemd[1]: Started upower.service - Daemon for power management.
2026-03-05T11:17:02.310391+00:00 arena-wp fwupd[1664]: 11:17:02.309 FuEngine             failed to add device /sys/devices/pci0000:00/0000:00:01.1/ata2/host1/target1:0:0/1:0:0:0/block/sr0: failed to open /dev/sr0: No medium found
2026-03-05T11:17:02.374218+00:00 arena-wp fwupd[1664]: 11:17:02.374 FuMain               fwupd 1.9.30 ready for requests (locale en_US.UTF-8)
2026-03-05T11:17:02.377054+00:00 arena-wp dbus-daemon[622]: [system] Successfully activated service 'org.freedesktop.fwupd'
2026-03-05T11:17:02.377223+00:00 arena-wp systemd[1]: Started fwupd.service - Firmware update daemon.
2026-03-05T11:17:02.424188+00:00 arena-wp fwupdmgr[1658]: Updating lvfs
2026-03-05T11:17:07.377701+00:00 arena-wp fwupdmgr[1658]: Successfully downloaded new metadata: 0 local devices supported
2026-03-05T11:17:07.386399+00:00 arena-wp systemd[1]: fwupd-refresh.service: Deactivated successfully.
2026-03-05T11:17:07.386504+00:00 arena-wp systemd[1]: Finished fwupd-refresh.service - Refresh fwupd metadata and update motd.
2026-03-05T11:19:13.239530+00:00 arena-wp systemd[1]: Starting systemd-tmpfiles-clean.service - Cleanup of Temporary Directories...
2026-03-05T11:19:13.263812+00:00 arena-wp systemd[1]: systemd-tmpfiles-clean.service: Deactivated successfully.
2026-03-05T11:19:13.264184+00:00 arena-wp systemd[1]: Finished systemd-tmpfiles-clean.service - Cleanup of Temporary Directories.
2026-03-05T11:20:03.897439+00:00 arena-wp systemd[1]: Starting sysstat-collect.service - system activity accounting tool...
2026-03-05T11:20:03.919504+00:00 arena-wp systemd[1]: sysstat-collect.service: Deactivated successfully.
2026-03-05T11:20:03.919687+00:00 arena-wp systemd[1]: Finished sysstat-collect.service - system activity accounting tool.
2026-03-05T11:23:24.195376+00:00 arena-wp kernel: clocksource: Long readout interval, skipping watchdog check: cs_nsec: 12777447212 wd_nsec: 12777436885
2026-03-05T11:25:01.673787+00:00 arena-wp CRON[1719]: (root) CMD (command -v debian-sa1 > /dev/null && debian-sa1 1 1)
2026-02-26T13:35:01.176977+00:00 arena-wp CRON[1602]: (root) CMD (command -v debian-sa1 > /dev/null && debian-sa1 1 1)
2026-02-26T13:39:01.284750+00:00 arena-wp CRON[1759]: (root) CMD (  [ -x /usr/lib/php/sessionclean ] && if [ ! -d /run/systemd/system ]; then /usr/lib/php/sessionclean; fi)
2026-02-26T13:39:21.388923+00:00 arena-wp systemd[1]: Starting phpsessionclean.service - Clean php session files...
2026-02-26T13:39:22.037986+00:00 arena-wp systemd[1]: phpsessionclean.service: Deactivated successfully.
2026-02-26T13:39:22.039921+00:00 arena-wp systemd[1]: Finished phpsessionclean.service - Clean php session files.
2026-02-26T13:40:11.553293+00:00 arena-wp systemd[1]: Starting sysstat-collect.service - system activity accounting tool...
2026-02-26T13:40:11.670921+00:00 arena-wp systemd[1]: sysstat-collect.service: Deactivated successfully.
2026-02-26T13:40:11.671242+00:00 arena-wp systemd[1]: Finished sysstat-collect.service - system activity accounting tool.
2026-02-26T13:41:01.074164+00:00 arena-wp systemd[1]: Starting systemd-tmpfiles-clean.service - Cleanup of Temporary Directories...
2026-02-26T13:41:01.137047+00:00 arena-wp systemd[1]: systemd-tmpfiles-clean.service: Deactivated successfully.
2026-02-26T13:41:01.137353+00:00 arena-wp systemd[1]: Finished systemd-tmpfiles-clean.service - Cleanup of Temporary Directories.
2026-02-26T13:42:12.728271+00:00 arena-wp kernel: workqueue: drm_fb_helper_damage_work hogged CPU for >10000us 64 times, consider switching to WQ_UNBOUND
2026-02-26T13:45:01.604997+00:00 arena-wp CRON[2156]: (root) CMD (command -v debian-sa1 > /dev/null && debian-sa1 1 1)
2026-02-26T13:45:20.998838+00:00 arena-wp systemd[1]: Starting apt-daily-upgrade.service - Daily apt upgrade and clean activities...
2026-02-26T13:45:21.482505+00:00 arena-wp systemd[1]: apt-daily-upgrade.service: Deactivated successfully.
2026-02-26T13:45:21.482947+00:00 arena-wp systemd[1]: Finished apt-daily-upgrade.service - Daily apt upgrade and clean activities.
2026-02-26T13:49:46.695253+00:00 arena-wp mariadbd[1001]: 2026-02-26 13:49:46 34 [Warning] Access denied for user 'wp_admin'@'localhost' (using password: YES)
2026-02-26T13:49:48.906377+00:00 arena-wp kernel: workqueue: blk_mq_run_work_fn hogged CPU for >10000us 32 times, consider switching to WQ_UNBOUND
2026-02-26T13:50:23.137370+00:00 arena-wp mariadbd[1001]: 2026-02-26 13:50:23 35 [Warning] Access denied for user 'wp_admin'@'localhost' (using password: YES)
2026-02-26T13:50:23.626741+00:00 arena-wp systemd[1]: Starting sysstat-collect.service - system activity accounting tool...
2026-02-26T13:50:23.688084+00:00 arena-wp systemd[1]: sysstat-collect.service: Deactivated successfully.
2026-02-26T13:50:23.688720+00:00 arena-wp systemd[1]: Finished sysstat-collect.service - system activity accounting tool.
2026-02-26T13:50:28.395054+00:00 arena-wp kernel: workqueue: e1000_watchdog [e1000] hogged CPU for >10000us 8 times, consider switching to WQ_UNBOUND
2026-02-26T13:50:46.238996+00:00 arena-wp kernel: workqueue: drm_fb_helper_damage_work hogged CPU for >10000us 16 times, consider switching to WQ_UNBOUND
2026-02-26T13:50:50.936746+00:00 arena-wp kernel: workqueue: e1000_watchdog [e1000] hogged CPU for >10000us 16 times, consider switching to WQ_UNBOUND
2026-02-26T13:53:24.804174+00:00 arena-wp systemd[1]: Starting update-notifier-download.service - Download data for packages that failed at package install time...
2026-02-26T13:53:25.227486+00:00 arena-wp systemd[1]: update-notifier-download.service: Deactivated successfully.
2026-02-26T13:53:25.235758+00:00 arena-wp systemd[1]: Finished update-notifier-download.service - Download data for packages that failed at package install time.
2026-02-26T13:53:43.488655+00:00 arena-wp mariadbd[1001]: 2026-02-26 13:53:43 36 [Warning] Access denied for user 'wp_admin'@'localhost' (using password: YES)
2026-02-26T13:54:15.917766+00:00 arena-wp kernel: workqueue: drm_fb_helper_damage_work hogged CPU for >10000us 32 times, consider switching to WQ_UNBOUND
2026-02-26T13:54:44.446499+00:00 arena-wp systemd[1035]: launchpadlib-cache-clean.service - Clean up old files in the Launchpadlib cache was skipped because of an unmet condition check (ConditionPathExists=/home/vboxuser/.launchpadlib/api.launchpad.net/cache).
2026-02-26T13:55:01.451120+00:00 arena-wp CRON[1612]: (root) CMD (command -v debian-sa1 > /dev/null && debian-sa1 1 1)
2026-02-26T13:57:36.753242+00:00 arena-wp kernel: workqueue: ata_sff_pio_task hogged CPU for >10000us 4 times, consider switching to WQ_UNBOUND
2026-02-26T13:59:33.415273+00:00 arena-wp kernel: hrtimer: interrupt took 13333563 ns
2026-02-26T13:59:33.415311+00:00 arena-wp kernel: workqueue: e1000_watchdog [e1000] hogged CPU for >10000us 32 times, consider switching to WQ_UNBOUND
2026-02-26T13:59:38.289634+00:00 arena-wp kernel: workqueue: drm_fb_helper_damage_work hogged CPU for >10000us 64 times, consider switching to WQ_UNBOUND
2026-02-26T13:59:44.142384+00:00 arena-wp systemd[1]: Starting fwupd-refresh.service - Refresh fwupd metadata and update motd...
2026-02-26T13:59:44.468409+00:00 arena-wp dbus-daemon[621]: [system] Activating via systemd: service name='org.freedesktop.fwupd' unit='fwupd.service' requested by ':1.21' (uid=989 pid=1623 comm="/usr/bin/fwupdmgr refresh" label="unconfined")
2026-02-26T13:59:44.493193+00:00 arena-wp systemd[1]: Starting fwupd.service - Firmware update daemon...
2026-02-26T13:59:45.979496+00:00 arena-wp dbus-daemon[621]: [system] Activating via systemd: service name='org.freedesktop.UPower' unit='upower.service' requested by ':1.22' (uid=0 pid=1628 comm="/usr/libexec/fwupd/fwupd" label="unconfined")
2026-02-26T13:59:46.059249+00:00 arena-wp systemd[1]: Starting upower.service - Daemon for power management...
2026-02-26T13:59:46.819166+00:00 arena-wp dbus-daemon[621]: [system] Successfully activated service 'org.freedesktop.UPower'
2026-02-26T13:59:46.820323+00:00 arena-wp systemd[1]: Started upower.service - Daemon for power management.
2026-02-26T13:59:47.088684+00:00 arena-wp fwupd[1628]: 13:59:47.086 FuEngine             failed to add device /sys/devices/pci0000:00/0000:00:01.1/ata2/host1/target1:0:0/1:0:0:0/block/sr0: failed to open /dev/sr0: No medium found
2026-02-26T13:59:47.270701+00:00 arena-wp fwupd[1628]: 13:59:47.270 FuMain               fwupd 1.9.30 ready for requests (locale en_US.UTF-8)
2026-02-26T13:59:47.277758+00:00 arena-wp dbus-daemon[621]: [system] Successfully activated service 'org.freedesktop.fwupd'
2026-02-26T13:59:47.278593+00:00 arena-wp systemd[1]: Started fwupd.service - Firmware update daemon.
2026-02-26T13:59:47.396617+00:00 arena-wp fwupdmgr[1623]: Updating lvfs
2026-02-26T13:59:47.409166+00:00 arena-wp systemd-resolved[455]: Grace period over, resuming full feature set (UDP+EDNS0) for DNS server 10.0.2.3.
2026-02-26T13:59:59.548630+00:00 arena-wp fwupdmgr[1623]: Successfully downloaded new metadata: 0 local devices supported
2026-02-26T13:59:59.566136+00:00 arena-wp systemd[1]: fwupd-refresh.service: Deactivated successfully.
2026-02-26T13:59:59.566285+00:00 arena-wp systemd[1]: Finished fwupd-refresh.service - Refresh fwupd metadata and update motd.
2026-02-26T13:59:59.567940+00:00 arena-wp systemd[1]: fwupd-refresh.service: Consumed 1.077s CPU time.
2026-02-26T14:00:23.944519+00:00 arena-wp systemd[1]: Starting sysstat-collect.service - system activity accounting tool...
2026-02-26T14:00:23.973958+00:00 arena-wp systemd[1]: sysstat-collect.service: Deactivated successfully.
2026-02-26T14:00:23.976390+00:00 arena-wp systemd[1]: Finished sysstat-collect.service - system activity accounting tool.
2026-02-26T14:00:29.969064+00:00 arena-wp mariadbd[1001]: 2026-02-26 14:00:29 38 [Warning] Access denied for user 'wp_admin'@'localhost' to database 'wordpress'
2026-02-26T14:01:03.193770+00:00 arena-wp mariadbd[1001]: 2026-02-26 14:01:03 40 [Warning] Access denied for user 'wp_admin'@'localhost' (using password: YES)
2026-02-26T14:01:20.195843+00:00 arena-wp mariadbd[1001]: 2026-02-26 14:01:20 41 [Warning] Access denied for user 'wp_admin'@'localhost' to database 'wordpress'
2026-02-26T14:01:32.920457+00:00 arena-wp systemd[1]: Stopping mariadb.service - MariaDB 10.11.13 database server...
2026-02-26T14:01:32.923275+00:00 arena-wp mariadbd[1001]: 2026-02-26 14:01:32 0 [Note] /usr/sbin/mariadbd (initiated by: unknown): Normal shutdown
2026-02-26T14:01:32.934847+00:00 arena-wp mariadbd[1001]: 2026-02-26 14:01:32 0 [Note] InnoDB: FTS optimize thread exiting.
2026-02-26T14:01:33.078270+00:00 arena-wp mariadbd[1001]: 2026-02-26 14:01:33 0 [Note] InnoDB: Starting shutdown...
2026-02-26T14:01:33.096587+00:00 arena-wp mariadbd[1001]: 2026-02-26 14:01:33 0 [Note] InnoDB: Dumping buffer pool(s) to /var/lib/mysql/ib_buffer_pool
2026-02-26T14:01:33.099789+00:00 arena-wp mariadbd[1001]: 2026-02-26 14:01:33 0 [Note] InnoDB: Buffer pool(s) dump completed at 260226 14:01:33
2026-02-26T14:01:36.928618+00:00 arena-wp kernel: workqueue: blk_mq_requeue_work hogged CPU for >10000us 4 times, consider switching to WQ_UNBOUND
2026-02-26T14:01:42.609612+00:00 arena-wp mariadbd[1001]: 2026-02-26 14:01:42 0 [Note] InnoDB: Removed temporary tablespace data file: "./ibtmp1"
2026-02-26T14:01:42.613035+00:00 arena-wp mariadbd[1001]: 2026-02-26 14:01:42 0 [Note] InnoDB: Shutdown completed; log sequence number 6373131; transaction id 10175
2026-02-26T14:01:42.653504+00:00 arena-wp mariadbd[1001]: 2026-02-26 14:01:42 0 [Note] /usr/sbin/mariadbd: Shutdown complete
2026-02-26T14:01:42.671990+00:00 arena-wp systemd[1]: mariadb.service: Deactivated successfully.
2026-02-26T14:01:42.677515+00:00 arena-wp systemd[1]: Stopped mariadb.service - MariaDB 10.11.13 database server.
2026-02-26T14:01:42.678534+00:00 arena-wp systemd[1]: mariadb.service: Consumed 11.238s CPU time.
2026-02-26T14:01:42.694493+00:00 arena-wp systemd[1]: Starting mariadb.service - MariaDB 10.11.13 database server...
2026-02-26T14:01:43.478881+00:00 arena-wp (mariadbd)[1763]: mariadb.service: Referenced but unset environment variable evaluates to an empty string: MYSQLD_OPTS, _WSREP_NEW_CLUSTER
2026-02-26T14:01:43.567987+00:00 arena-wp mariadbd[1763]: 2026-02-26 14:01:43 0 [Note] Starting MariaDB 10.11.13-MariaDB-0ubuntu0.24.04.1 source revision 8fb09426b98583916ccfd4f8c49741adc115bac3 server_uid BiDokP8Wy8d0UpRnvsvGX5sTbg0= as process 1763
2026-02-26T14:01:43.635276+00:00 arena-wp mariadbd[1763]: 2026-02-26 14:01:43 0 [Note] InnoDB: Compressed tables use zlib 1.3
2026-02-26T14:01:43.642712+00:00 arena-wp mariadbd[1763]: 2026-02-26 14:01:43 0 [Note] InnoDB: Number of transaction pools: 1
2026-02-26T14:01:43.644124+00:00 arena-wp mariadbd[1763]: 2026-02-26 14:01:43 0 [Note] InnoDB: Using crc32 + pclmulqdq instructions
2026-02-26T14:01:43.646438+00:00 arena-wp mariadbd[1763]: 2026-02-26 14:01:43 0 [Note] InnoDB: Using liburing
2026-02-26T14:01:43.647484+00:00 arena-wp mariadbd[1763]: 2026-02-26 14:01:43 0 [Note] InnoDB: innodb_buffer_pool_size_max=128m, innodb_buffer_pool_size=128m
2026-02-26T14:01:43.650527+00:00 arena-wp mariadbd[1763]: 2026-02-26 14:01:43 0 [Note] InnoDB: Initialized memory pressure event listener
2026-02-26T14:01:43.653049+00:00 arena-wp mariadbd[1763]: 2026-02-26 14:01:43 0 [Note] InnoDB: Completed initialization of buffer pool
2026-02-26T14:01:43.653426+00:00 arena-wp mariadbd[1763]: 2026-02-26 14:01:43 0 [Note] InnoDB: File system buffers for log disabled (block size=512 bytes)
2026-02-26T14:01:43.692409+00:00 arena-wp mariadbd[1763]: 2026-02-26 14:01:43 0 [Note] InnoDB: End of log at LSN=6373131
2026-02-26T14:01:43.971017+00:00 arena-wp mariadbd[1763]: 2026-02-26 14:01:43 0 [Note] InnoDB: 128 rollback segments are active.
2026-02-26T14:01:43.981923+00:00 arena-wp mariadbd[1763]: 2026-02-26 14:01:43 0 [Note] InnoDB: Setting file './ibtmp1' size to 12.000MiB. Physically writing the file full; Please wait ...
2026-02-26T14:01:43.982230+00:00 arena-wp mariadbd[1763]: 2026-02-26 14:01:43 0 [Note] InnoDB: File './ibtmp1' size is now 12.000MiB.
2026-02-26T14:01:43.984443+00:00 arena-wp mariadbd[1763]: 2026-02-26 14:01:43 0 [Note] InnoDB: log sequence number 6373131; transaction id 10172
2026-02-26T14:01:43.984976+00:00 arena-wp mariadbd[1763]: 2026-02-26 14:01:43 0 [Note] Plugin 'FEEDBACK' is disabled.
2026-02-26T14:01:43.987145+00:00 arena-wp mariadbd[1763]: 2026-02-26 14:01:43 0 [Note] InnoDB: Loading buffer pool(s) from /var/lib/mysql/ib_buffer_pool
2026-02-26T14:01:43.996991+00:00 arena-wp mariadbd[1763]: 2026-02-26 14:01:43 0 [Warning] You need to use --log-bin to make --expire-logs-days or --binlog-expire-logs-seconds work.
2026-02-26T14:01:44.008847+00:00 arena-wp mariadbd[1763]: 2026-02-26 14:01:44 0 [Note] Server socket created on IP: '127.0.0.1'.
2026-02-26T14:01:44.214354+00:00 arena-wp mariadbd[1763]: 2026-02-26 14:01:44 0 [Note] /usr/sbin/mariadbd: ready for connections.
2026-02-26T14:01:44.218483+00:00 arena-wp mariadbd[1763]: Version: '10.11.13-MariaDB-0ubuntu0.24.04.1'  socket: '/run/mysqld/mysqld.sock'  port: 3306  Ubuntu 24.04
2026-02-26T14:01:44.600621+00:00 arena-wp systemd[1]: Started mariadb.service - MariaDB 10.11.13 database server.
2026-02-26T14:01:44.626785+00:00 arena-wp /etc/mysql/debian-start[1782]: Upgrading MariaDB tables if necessary.
2026-02-26T14:01:44.901338+00:00 arena-wp /etc/mysql/debian-start[1793]: Checking for insecure root accounts.
2026-02-26T14:01:44.999540+00:00 arena-wp /etc/mysql/debian-start[1797]: Triggering myisam-recover for all MyISAM tables and aria-recover for all Aria tables
2026-02-26T14:01:46.658839+00:00 arena-wp mariadbd[1763]: 2026-02-26 14:01:46 0 [Note] InnoDB: Buffer pool(s) load completed at 260226 14:01:46
2026-02-26T14:02:17.260564+00:00 arena-wp mariadbd[1763]: 2026-02-26 14:02:17 32 [Warning] Access denied for user 'wp_admin'@'localhost' to database 'wordpress'
2026-02-26T14:02:45.409034+00:00 arena-wp systemd[1]: Starting fstrim.service - Discard unused blocks on filesystems from /etc/fstab...
2026-02-26T14:02:45.490463+00:00 arena-wp systemd[1]: fstrim.service: Deactivated successfully.
2026-02-26T14:02:45.492440+00:00 arena-wp systemd[1]: Finished fstrim.service - Discard unused blocks on filesystems from /etc/fstab.
2026-02-26T14:05:51.978273+00:00 arena-wp kernel: workqueue: e1000_watchdog [e1000] hogged CPU for >10000us 32 times, consider switching to WQ_UNBOUND
2026-02-26T14:05:53.050064+00:00 arena-wp kernel: clocksource: Long readout interval, skipping watchdog check: cs_nsec: 1057885142 wd_nsec: 1057885124
2026-02-26T14:06:00.902616+00:00 arena-wp kernel: workqueue: ata_sff_pio_task hogged CPU for >10000us 4 times, consider switching to WQ_UNBOUND
2026-02-26T14:06:05.804663+00:00 arena-wp kernel: clocksource: Long readout interval, skipping watchdog check: cs_nsec: 3597264574 wd_nsec: 3597264281
2026-02-26T14:06:22.504049+00:00 arena-wp kernel: workqueue: drm_fb_helper_damage_work hogged CPU for >10000us 64 times, consider switching to WQ_UNBOUND
2026-02-26T14:06:39.281548+00:00 arena-wp kernel: workqueue: blk_mq_requeue_work hogged CPU for >10000us 8 times, consider switching to WQ_UNBOUND
2026-02-26T14:06:42.007054+00:00 arena-wp kernel: workqueue: e1000_watchdog [e1000] hogged CPU for >10000us 64 times, consider switching to WQ_UNBOUND
2026-02-26T14:11:27.151062+00:00 arena-wp kernel: workqueue: drm_fb_helper_damage_work hogged CPU for >10000us 16 times, consider switching to WQ_UNBOUND
2026-02-26T14:11:42.965519+00:00 arena-wp kernel: clocksource: Long readout interval, skipping watchdog check: cs_nsec: 4412419008 wd_nsec: 4412418677
2026-02-26T14:12:48.846504+00:00 arena-wp kernel: workqueue: e1000_watchdog [e1000] hogged CPU for >10000us 16 times, consider switching to WQ_UNBOUND
2026-02-26T14:14:18.782519+00:00 arena-wp systemd[1]: Stopping apache2.service - The Apache HTTP Server...
2026-02-26T14:14:19.166708+00:00 arena-wp apachectl[1615]: AH00558: apache2: Could not reliably determine the server's fully qualified domain name, using fd17:625c:f037:2:a00:27ff:fed8:540d. Set the 'ServerName' directive globally to suppress this message
2026-02-26T14:14:19.490655+00:00 arena-wp systemd[1]: apache2.service: Deactivated successfully.
2026-02-26T14:14:19.491922+00:00 arena-wp systemd[1]: Stopped apache2.service - The Apache HTTP Server.
2026-02-26T14:14:19.495591+00:00 arena-wp systemd[1]: apache2.service: Consumed 2.543s CPU time, 39.4M memory peak, 0B memory swap peak.
2026-02-26T14:14:19.557177+00:00 arena-wp systemd[1]: Starting apache2.service - The Apache HTTP Server...
2026-02-26T14:14:19.801827+00:00 arena-wp apachectl[1621]: AH00558: apache2: Could not reliably determine the server's fully qualified domain name, using fd17:625c:f037:2:a00:27ff:fed8:540d. Set the 'ServerName' directive globally to suppress this message
2026-02-26T14:14:19.861822+00:00 arena-wp systemd[1]: Started apache2.service - The Apache HTTP Server.
2026-02-26T14:14:21.322759+00:00 arena-wp kernel: workqueue: blk_mq_run_work_fn hogged CPU for >10000us 32 times, consider switching to WQ_UNBOUND
2026-02-26T14:14:24.898488+00:00 arena-wp kernel: workqueue: drm_fb_helper_damage_work hogged CPU for >10000us 32 times, consider switching to WQ_UNBOUND
2026-02-26T14:14:25.548758+00:00 arena-wp kernel: workqueue: e1000_watchdog [e1000] hogged CPU for >10000us 32 times, consider switching to WQ_UNBOUND
2026-02-26T14:14:25.716655+00:00 arena-wp kernel: workqueue: blk_mq_requeue_work hogged CPU for >10000us 4 times, consider switching to WQ_UNBOUND
2026-02-26T14:18:04.769528+00:00 arena-wp kernel: workqueue: e1000_watchdog [e1000] hogged CPU for >10000us 32 times, consider switching to WQ_UNBOUND
2026-02-26T14:18:09.529545+00:00 arena-wp kernel: workqueue: blk_mq_requeue_work hogged CPU for >10000us 8 times, consider switching to WQ_UNBOUND
2026-02-26T14:19:13.067013+00:00 arena-wp systemd[1]: Stopping apache2.service - The Apache HTTP Server...
2026-02-26T14:19:13.486978+00:00 arena-wp apachectl[1625]: AH00558: apache2: Could not reliably determine the server's fully qualified domain name, using fd17:625c:f037:2:a00:27ff:fed8:540d. Set the 'ServerName' directive globally to suppress this message
2026-02-26T14:19:13.697805+00:00 arena-wp systemd[1]: apache2.service: Deactivated successfully.
2026-02-26T14:19:13.699463+00:00 arena-wp systemd[1]: Stopped apache2.service - The Apache HTTP Server.
2026-02-26T14:19:13.699761+00:00 arena-wp systemd[1]: apache2.service: Consumed 3.232s CPU time, 38.3M memory peak, 0B memory swap peak.
2026-02-26T14:19:13.732286+00:00 arena-wp systemd[1]: Starting apache2.service - The Apache HTTP Server...
2026-02-26T14:19:14.074296+00:00 arena-wp apachectl[1631]: AH00558: apache2: Could not reliably determine the server's fully qualified domain name, using fd17:625c:f037:2:a00:27ff:fed8:540d. Set the 'ServerName' directive globally to suppress this message
2026-02-26T14:19:14.128064+00:00 arena-wp systemd[1]: Started apache2.service - The Apache HTTP Server.
2026-02-26T14:19:16.191743+00:00 arena-wp kernel: workqueue: drm_fb_helper_damage_work hogged CPU for >10000us 64 times, consider switching to WQ_UNBOUND
2026-02-26T14:19:16.391749+00:00 arena-wp kernel: workqueue: ata_sff_pio_task hogged CPU for >10000us 4 times, consider switching to WQ_UNBOUND
2026-02-26T14:19:44.332711+00:00 arena-wp systemd[1]: Stopping apache2.service - The Apache HTTP Server...
2026-02-26T14:19:44.660876+00:00 arena-wp apachectl[1653]: AH00558: apache2: Could not reliably determine the server's fully qualified domain name, using fd17:625c:f037:2:a00:27ff:fed8:540d. Set the 'ServerName' directive globally to suppress this message
2026-02-26T14:19:44.820645+00:00 arena-wp systemd[1]: apache2.service: Deactivated successfully.
2026-02-26T14:19:44.834026+00:00 arena-wp systemd[1]: Stopped apache2.service - The Apache HTTP Server.
2026-02-26T14:19:44.834289+00:00 arena-wp systemd[1]: apache2.service: Consumed 1.191s CPU time.
2026-02-26T14:19:44.860501+00:00 arena-wp systemd[1]: Starting apache2.service - The Apache HTTP Server...
2026-02-26T14:19:45.132606+00:00 arena-wp apachectl[1659]: AH00558: apache2: Could not reliably determine the server's fully qualified domain name, using fd17:625c:f037:2:a00:27ff:fed8:540d. Set the 'ServerName' directive globally to suppress this message
2026-02-26T14:19:45.206231+00:00 arena-wp systemd[1]: Started apache2.service - The Apache HTTP Server.
2026-02-26T14:19:47.221596+00:00 arena-wp kernel: workqueue: e1000_watchdog [e1000] hogged CPU for >10000us 64 times, consider switching to WQ_UNBOUND
