2026-03-05T11:56:35.189667+00:00 arena-wp kernel: clocksource: Long readout interval, skipping watchdog check: cs_nsec: 6742991211 wd_nsec: 6742985922
2026-03-05T11:57:07.083817+00:00 arena-wp kernel: workqueue: e1000_watchdog [e1000] hogged CPU for >10000us 8 times, consider switching to WQ_UNBOUND
2026-03-05T12:00:01.312018+00:00 arena-wp CRON[1515]: (root) CMD (test -x /usr/bin/certbot -a \! -d /run/systemd/system && perl -e 'sleep int(rand(43200))' && certbot -q renew --no-random-sleep-on-renew)
2026-03-05T12:00:02.880207+00:00 arena-wp systemd[1]: Starting sysstat-collect.service - system activity accounting tool...
2026-03-05T12:00:02.886208+00:00 arena-wp systemd[1]: Starting update-notifier-download.service - Download data for packages that failed at package install time...
2026-03-05T12:00:02.894091+00:00 arena-wp systemd[1]: sysstat-collect.service: Deactivated successfully.
2026-03-05T12:00:02.894764+00:00 arena-wp systemd[1]: Finished sysstat-collect.service - system activity accounting tool.
2026-03-05T12:00:03.263946+00:00 arena-wp systemd[1]: update-notifier-download.service: Deactivated successfully.
2026-03-05T12:00:03.264333+00:00 arena-wp systemd[1]: Finished update-notifier-download.service - Download data for packages that failed at package install time.
2026-03-05T12:01:23.666433+00:00 arena-wp systemd[1066]: launchpadlib-cache-clean.service - Clean up old files in the Launchpadlib cache was skipped because of an unmet condition check (ConditionPathExists=/home/vboxuser/.launchpadlib/api.launchpad.net/cache).
2026-03-05T12:04:18.982739+00:00 arena-wp kernel: workqueue: drm_fb_helper_damage_work hogged CPU for >10000us 16 times, consider switching to WQ_UNBOUND
2026-03-05T12:04:19.758704+00:00 arena-wp kernel: workqueue: e1000_watchdog [e1000] hogged CPU for >10000us 16 times, consider switching to WQ_UNBOUND
2026-03-05T12:05:01.786476+00:00 arena-wp CRON[1607]: (root) CMD (command -v debian-sa1 > /dev/null && debian-sa1 1 1)
2026-03-05T12:08:44.436715+00:00 arena-wp kernel: hrtimer: interrupt took 2671397 ns
2026-03-05T12:09:01.913103+00:00 arena-wp CRON[1631]: (root) CMD (  [ -x /usr/lib/php/sessionclean ] && if [ ! -d /run/systemd/system ]; then /usr/lib/php/sessionclean; fi)
2026-03-05T12:09:04.833594+00:00 arena-wp systemd[1]: Starting phpsessionclean.service - Clean php session files...
2026-03-05T12:09:05.416829+00:00 arena-wp systemd[1]: phpsessionclean.service: Deactivated successfully.
2026-03-05T12:09:05.417524+00:00 arena-wp systemd[1]: Finished phpsessionclean.service - Clean php session files.
2026-03-05T12:10:21.776430+00:00 arena-wp systemd[1]: Starting sysstat-collect.service - system activity accounting tool...
2026-03-05T12:10:21.787701+00:00 arena-wp systemd[1]: Starting systemd-tmpfiles-clean.service - Cleanup of Temporary Directories...
2026-03-05T12:10:21.848013+00:00 arena-wp systemd[1]: sysstat-collect.service: Deactivated successfully.
2026-03-05T12:10:21.848232+00:00 arena-wp systemd[1]: Finished sysstat-collect.service - system activity accounting tool.
2026-03-05T12:10:21.875936+00:00 arena-wp systemd[1]: systemd-tmpfiles-clean.service: Deactivated successfully.
2026-03-05T12:10:21.877333+00:00 arena-wp systemd[1]: Finished systemd-tmpfiles-clean.service - Cleanup of Temporary Directories.
2026-03-05T12:11:31.401270+00:00 arena-wp kernel: workqueue: drm_fb_helper_damage_work hogged CPU for >10000us 32 times, consider switching to WQ_UNBOUND
2026-03-05T12:15:02.008069+00:00 arena-wp CRON[1705]: (root) CMD (command -v debian-sa1 > /dev/null && debian-sa1 1 1)
2026-03-05T11:40:43.734243+00:00 arena-wp mariadbd[964]: 2026-03-05 11:40:43 31 [Warning] Access denied for user 'wp_admin'@'localhost' (using password: YES)
2026-03-05T11:40:45.351587+00:00 arena-wp mariadbd[964]: 2026-03-05 11:40:45 32 [Warning] Access denied for user 'wp_admin'@'localhost' (using password: YES)
2026-03-05T11:42:12.833211+00:00 arena-wp mariadbd[964]: 2026-03-05 11:42:12 33 [Warning] Access denied for user 'wp_admin'@'localhost' (using password: YES)
2026-03-05T11:42:13.398733+00:00 arena-wp mariadbd[964]: 2026-03-05 11:42:13 34 [Warning] Access denied for user 'wp_admin'@'localhost' (using password: YES)
2026-03-05T11:42:14.301251+00:00 arena-wp kernel: workqueue: drm_fb_helper_damage_work hogged CPU for >10000us 4 times, consider switching to WQ_UNBOUND
2026-03-05T11:42:15.075133+00:00 arena-wp kernel: workqueue: e1000_watchdog [e1000] hogged CPU for >10000us 8 times, consider switching to WQ_UNBOUND
2026-03-05T11:42:21.831890+00:00 arena-wp mariadbd[964]: 2026-03-05 11:42:21 35 [Warning] Access denied for user 'wp_admin'@'localhost' (using password: YES)
2026-03-05T11:43:08.580598+00:00 arena-wp kernel: workqueue: drm_fb_helper_damage_work hogged CPU for >10000us 8 times, consider switching to WQ_UNBOUND
2026-03-05T11:43:42.920980+00:00 arena-wp mariadbd[964]: 2026-03-05 11:43:42 37 [Warning] Access denied for user 'wp_admin'@'localhost' (using password: YES)
2026-03-05T11:43:59.651967+00:00 arena-wp kernel: workqueue: e1000_watchdog [e1000] hogged CPU for >10000us 16 times, consider switching to WQ_UNBOUND
2026-03-05T11:44:16.623316+00:00 arena-wp kernel: workqueue: drm_fb_helper_damage_work hogged CPU for >10000us 16 times, consider switching to WQ_UNBOUND
2026-03-05T11:44:22.132370+00:00 arena-wp kernel: workqueue: drm_fb_helper_damage_work hogged CPU for >10000us 32 times, consider switching to WQ_UNBOUND
2026-03-05T11:44:30.572604+00:00 arena-wp kernel: workqueue: e1000_watchdog [e1000] hogged CPU for >10000us 32 times, consider switching to WQ_UNBOUND
2026-03-05T11:44:48.475281+00:00 arena-wp systemd[1]: Starting update-notifier-download.service - Download data for packages that failed at package install time...
2026-03-05T11:44:49.484828+00:00 arena-wp systemd[1]: update-notifier-download.service: Deactivated successfully.
2026-03-05T11:44:49.485313+00:00 arena-wp systemd[1]: Finished update-notifier-download.service - Download data for packages that failed at package install time.
2026-03-05T11:45:01.177191+00:00 arena-wp kernel: hrtimer: interrupt took 8085607 ns
2026-03-05T11:45:01.976184+00:00 arena-wp CRON[1580]: (root) CMD (command -v debian-sa1 > /dev/null && debian-sa1 1 1)
2026-03-05T11:45:54.053233+00:00 arena-wp systemd[1085]: launchpadlib-cache-clean.service - Clean up old files in the Launchpadlib cache was skipped because of an unmet condition check (ConditionPathExists=/home/vboxuser/.launchpadlib/api.launchpad.net/cache).
2026-03-05T11:46:05.872868+00:00 arena-wp mariadbd[964]: 2026-03-05 11:46:05 38 [Warning] Access denied for user 'wp_user'@'localhost' (using password: YES)
2026-03-05T11:46:07.141638+00:00 arena-wp mariadbd[964]: 2026-03-05 11:46:07 39 [Warning] Access denied for user 'wp_user'@'localhost' (using password: YES)
2026-03-05T11:46:09.077153+00:00 arena-wp mariadbd[964]: 2026-03-05 11:46:09 40 [Warning] Access denied for user 'wp_user'@'localhost' (using password: YES)
2026-03-05T11:46:18.365014+00:00 arena-wp mariadbd[964]: 2026-03-05 11:46:18 41 [Warning] Access denied for user 'wp_user'@'localhost' (using password: YES)
2026-03-05T11:48:51.736839+00:00 arena-wp kernel: workqueue: drm_fb_helper_damage_work hogged CPU for >10000us 64 times, consider switching to WQ_UNBOUND
2026-03-05T11:36:28.060402+00:00 arena-wp systemd[1]: systemd-timedated.service: Deactivated successfully.
2026-03-05T11:36:35.994057+00:00 arena-wp kernel: clocksource: Long readout interval, skipping watchdog check: cs_nsec: 4523303803 wd_nsec: 4523300275
2026-03-05T11:31:33.375690+00:00 arena-wp systemd[1]: systemd-hostnamed.service: Deactivated successfully.
2026-03-05T11:31:36.454018+00:00 arena-wp systemd-resolved[421]: Clock change detected. Flushing caches.
2026-03-05T11:31:36.454894+00:00 arena-wp systemd-timesyncd[424]: Contacted time server 162.159.200.123:123 (2.ubuntu.pool.ntp.org).
2026-03-05T11:31:36.455118+00:00 arena-wp systemd-timesyncd[424]: Initial clock synchronization to Thu 2026-03-05 11:31:36.453389 UTC.
2026-03-05T11:31:36.475943+00:00 arena-wp systemd[1]: Starting apt-daily-upgrade.service - Daily apt upgrade and clean activities...
2026-03-05T11:31:36.723830+00:00 arena-wp systemd[1]: apt-daily-upgrade.service: Deactivated successfully.
2026-03-05T11:31:36.724044+00:00 arena-wp systemd[1]: Finished apt-daily-upgrade.service - Daily apt upgrade and clean activities.
2026-03-05T11:31:41.523715+00:00 arena-wp kernel: workqueue: e1000_watchdog [e1000] hogged CPU for >10000us 4 times, consider switching to WQ_UNBOUND
2026-03-05T11:31:41.539775+00:00 arena-wp systemd[1]: systemd-timedated.service: Deactivated successfully.
2026-03-05T11:31:45.988291+00:00 arena-wp kernel: clocksource: Long readout interval, skipping watchdog check: cs_nsec: 2957348974 wd_nsec: 2957346693
2026-03-05T11:31:53.891333+00:00 arena-wp kernel: clocksource: Long readout interval, skipping watchdog check: cs_nsec: 6346152798 wd_nsec: 6346147846
2026-03-05T11:34:02.066667+00:00 arena-wp kernel: workqueue: drm_fb_helper_damage_work hogged CPU for >10000us 8 times, consider switching to WQ_UNBOUND
2026-03-05T11:10:03.774551+00:00 arena-wp systemd[1]: Starting sysstat-collect.service - system activity accounting tool...
2026-03-05T11:10:03.789174+00:00 arena-wp systemd[1]: sysstat-collect.service: Deactivated successfully.
2026-03-05T11:10:03.790165+00:00 arena-wp systemd[1]: Finished sysstat-collect.service - system activity accounting tool.
2026-03-05T11:10:12.341594+00:00 arena-wp systemd[1152]: launchpadlib-cache-clean.service - Clean up old files in the Launchpadlib cache was skipped because of an unmet condition check (ConditionPathExists=/home/vboxuser/.launchpadlib/api.launchpad.net/cache).
2026-03-05T11:15:01.589309+00:00 arena-wp CRON[1652]: (root) CMD (command -v debian-sa1 > /dev/null && debian-sa1 1 1)
2026-03-05T11:17:01.604684+00:00 arena-wp CRON[1657]: (root) CMD (cd / && run-parts --report /etc/cron.hourly)
2026-03-05T11:17:01.621688+00:00 arena-wp systemd[1]: Starting fwupd-refresh.service - Refresh fwupd metadata and update motd...
2026-03-05T11:17:01.696984+00:00 arena-wp dbus-daemon[622]: [system] Activating via systemd: service name='org.freedesktop.fwupd' unit='fwupd.service' requested by ':1.24' (uid=989 pid=1658 comm="/usr/bin/fwupdmgr refresh" label="unconfined")
2026-03-05T11:17:01.709608+00:00 arena-wp systemd[1]: Starting fwupd.service - Firmware update daemon...
2026-03-05T11:17:02.035370+00:00 arena-wp dbus-daemon[622]: [system] Activating via systemd: service name='org.freedesktop.UPower' unit='upower.service' requested by ':1.25' (uid=0 pid=1664 comm="/usr/libexec/fwupd/fwupd" label="unconfined")
2026-03-05T11:17:02.051542+00:00 arena-wp systemd[1]: Starting upower.service - Daemon for power management...
2026-03-05T11:17:02.218063+00:00 arena-wp dbus-daemon[622]: [system] Successfully activated service 'org.freedesktop.UPower'
2026-03-05T11:17:02.218956+00:00 arena-wp systemd[1]: Started upower.service - Daemon for power management.
2026-03-05T11:17:02.310391+00:00 arena-wp fwupd[1664]: 11:17:02.309 FuEngine             failed to add device /sys/devices/pci0000:00/0000:00:01.1/ata2/host1/target1:0:0/1:0:0:0/block/sr0: failed to open /dev/sr0: No medium found
2026-03-05T11:17:02.374218+00:00 arena-wp fwupd[1664]: 11:17:02.374 FuMain               fwupd 1.9.30 ready for requests (locale en_US.UTF-8)
2026-03-05T11:17:02.377054+00:00 arena-wp dbus-daemon[622]: [system] Successfully activated service 'org.freedesktop.fwupd'
2026-03-05T11:17:02.377223+00:00 arena-wp systemd[1]: Started fwupd.service - Firmware update daemon.
2026-03-05T11:17:02.424188+00:00 arena-wp fwupdmgr[1658]: Updating lvfs
2026-03-05T11:17:07.377701+00:00 arena-wp fwupdmgr[1658]: Successfully downloaded new metadata: 0 local devices supported
2026-03-05T11:17:07.386399+00:00 arena-wp systemd[1]: fwupd-refresh.service: Deactivated successfully.
2026-03-05T11:17:07.386504+00:00 arena-wp systemd[1]: Finished fwupd-refresh.service - Refresh fwupd metadata and update motd.
2026-03-05T11:19:13.239530+00:00 arena-wp systemd[1]: Starting systemd-tmpfiles-clean.service - Cleanup of Temporary Directories...
2026-03-05T11:19:13.263812+00:00 arena-wp systemd[1]: systemd-tmpfiles-clean.service: Deactivated successfully.
2026-03-05T11:19:13.264184+00:00 arena-wp systemd[1]: Finished systemd-tmpfiles-clean.service - Cleanup of Temporary Directories.
2026-03-05T11:20:03.897439+00:00 arena-wp systemd[1]: Starting sysstat-collect.service - system activity accounting tool...
2026-03-05T11:20:03.919504+00:00 arena-wp systemd[1]: sysstat-collect.service: Deactivated successfully.
2026-03-05T11:20:03.919687+00:00 arena-wp systemd[1]: Finished sysstat-collect.service - system activity accounting tool.
2026-03-05T11:23:24.195376+00:00 arena-wp kernel: clocksource: Long readout interval, skipping watchdog check: cs_nsec: 12777447212 wd_nsec: 12777436885
2026-03-05T11:25:01.673787+00:00 arena-wp CRON[1719]: (root) CMD (command -v debian-sa1 > /dev/null && debian-sa1 1 1)
