2026-01-12T01:50:42.101820+00:00 finalArenaServer kernel: workqueue: e1000_watchdog [e1000] hogged CPU for >10000us 4 times, consider switching to WQ_UNBOUND
2026-01-12T01:51:14.876261+00:00 finalArenaServer kernel: workqueue: e1000_watchdog [e1000] hogged CPU for >10000us 8 times, consider switching to WQ_UNBOUND
2026-01-12T01:51:55.892238+00:00 finalArenaServer kernel: workqueue: e1000_watchdog [e1000] hogged CPU for >10000us 16 times, consider switching to WQ_UNBOUND
2026-01-12T01:52:47.393660+00:00 finalArenaServer kernel: workqueue: blk_mq_run_work_fn hogged CPU for >10000us 4 times, consider switching to WQ_UNBOUND
2026-01-12T01:53:19.864185+00:00 finalArenaServer kernel: workqueue: e1000_watchdog [e1000] hogged CPU for >10000us 32 times, consider switching to WQ_UNBOUND
2026-01-12T01:54:40.121650+00:00 finalArenaServer systemd[1]: Starting update-notifier-download.service - Download data for packages that failed at package install time...
2026-01-12T01:54:40.274218+00:00 finalArenaServer systemd[1]: update-notifier-download.service: Deactivated successfully.
2026-01-12T01:54:40.274287+00:00 finalArenaServer systemd[1]: Finished update-notifier-download.service - Download data for packages that failed at package install time.
2026-01-12T01:55:01.909775+00:00 finalArenaServer CRON[1487]: (root) CMD (command -v debian-sa1 > /dev/null && debian-sa1 1 1)
2026-01-12T01:56:19.252996+00:00 finalArenaServer kernel: workqueue: blk_mq_run_work_fn hogged CPU for >10000us 8 times, consider switching to WQ_UNBOUND
2026-01-12T01:56:23.417566+00:00 finalArenaServer systemd[1359]: launchpadlib-cache-clean.service - Clean up old files in the Launchpadlib cache was skipped because of an unmet condition check (ConditionPathExists=/home/vboxuser/.launchpadlib/api.launchpad.net/cache).
2026-01-12T01:56:38.172142+00:00 finalArenaServer systemd[1]: Stopping apache2.service - The Apache HTTP Server...
2026-01-12T01:56:38.220130+00:00 finalArenaServer apachectl[1505]: AH00558: apache2: Could not reliably determine the server's fully qualified domain name, using fd17:625c:f037:2:a00:27ff:fe3f:3739. Set the 'ServerName' directive globally to suppress this message
2026-01-12T01:56:38.274134+00:00 finalArenaServer systemd[1]: apache2.service: Deactivated successfully.
2026-01-12T01:56:38.274842+00:00 finalArenaServer systemd[1]: Stopped apache2.service - The Apache HTTP Server.
2026-01-12T01:56:38.274945+00:00 finalArenaServer systemd[1]: apache2.service: Consumed 2.263s CPU time, 143.6M memory peak, 0B memory swap peak.
2026-01-12T01:56:38.283814+00:00 finalArenaServer systemd[1]: Starting apache2.service - The Apache HTTP Server...
2026-01-12T01:56:38.346794+00:00 finalArenaServer apachectl[1512]: AH00558: apache2: Could not reliably determine the server's fully qualified domain name, using fd17:625c:f037:2:a00:27ff:fe3f:3739. Set the 'ServerName' directive globally to suppress this message
2026-01-12T01:56:38.355102+00:00 finalArenaServer systemd[1]: Started apache2.service - The Apache HTTP Server.
2026-01-12T01:57:37.103203+00:00 finalArenaServer kernel: workqueue: drm_fb_helper_damage_work hogged CPU for >10000us 8 times, consider switching to WQ_UNBOUND
2026-01-12T01:58:14.222781+00:00 finalArenaServer systemd[1]: Stopping apache2.service - The Apache HTTP Server...
2026-01-12T01:58:14.312270+00:00 finalArenaServer apachectl[1538]: AH00558: apache2: Could not reliably determine the server's fully qualified domain name, using fd17:625c:f037:2:a00:27ff:fe3f:3739. Set the 'ServerName' directive globally to suppress this message
2026-01-12T01:58:14.357201+00:00 finalArenaServer systemd[1]: apache2.service: Deactivated successfully.
2026-01-12T01:58:14.357680+00:00 finalArenaServer systemd[1]: Stopped apache2.service - The Apache HTTP Server.
2026-01-12T01:58:14.370329+00:00 finalArenaServer systemd[1]: Starting apache2.service - The Apache HTTP Server...
2026-01-12T01:58:14.405938+00:00 finalArenaServer apachectl[1545]: AH00558: apache2: Could not reliably determine the server's fully qualified domain name, using fd17:625c:f037:2:a00:27ff:fe3f:3739. Set the 'ServerName' directive globally to suppress this message
2026-01-12T01:58:14.415212+00:00 finalArenaServer systemd[1]: Started apache2.service - The Apache HTTP Server.