2026-01-11T22:34:31.356190+00:00 finalArenaServer sudo:     root : TTY=pts/1 ; PWD=/root ; USER=root ; COMMAND=/usr/bin/vim /etc/apache2/apache2.conf
2026-01-11T22:34:31.358882+00:00 finalArenaServer sudo: pam_unix(sudo:session): session opened for user root(uid=0) by vboxuser(uid=0)
2026-01-11T22:34:41.130870+00:00 finalArenaServer sudo: pam_unix(sudo:session): session closed for user root
2026-01-11T22:35:01.269367+00:00 finalArenaServer CRON[1557]: pam_unix(cron:session): session opened for user root(uid=0) by root(uid=0)
2026-01-11T22:35:01.341788+00:00 finalArenaServer CRON[1557]: pam_unix(cron:session): session closed for user root
2026-01-11T22:35:15.004104+00:00 finalArenaServer sudo:     root : TTY=pts/1 ; PWD=/root ; USER=root ; COMMAND=/usr/bin/vim /var/www/nextcloud/config/config.php
2026-01-11T22:35:15.009851+00:00 finalArenaServer sudo: pam_unix(sudo:session): session opened for user root(uid=0) by vboxuser(uid=0)
2026-01-11T22:35:20.719642+00:00 finalArenaServer sudo: pam_unix(sudo:session): session closed for user root2026-01-11T22:37:56.901709+00:00 finalArenaServer sudo:     root : TTY=pts/1 ; PWD=/root ; USER=root ; COMMAND=/usr/bin/vim /etc/apache2/apache2.conf
2026-01-11T22:37:56.903767+00:00 finalArenaServer sudo: pam_unix(sudo:session): session opened for user root(uid=0) by vboxuser(uid=0)
2026-01-11T22:38:07.627402+00:00 finalArenaServer sudo: pam_unix(sudo:session): session closed for user root
2026-01-11T22:39:01.803568+00:00 finalArenaServer CRON[1608]: pam_unix(cron:session): session opened for user root(uid=0) by root(uid=0)
2026-01-11T22:39:01.845616+00:00 finalArenaServer CRON[1608]: pam_unix(cron:session): session closed for user root2026-01-26T09:53:46.433207+00:00 finalArenaServer sudo:     root : TTY=pts/1 ; PWD=/root ; USER=root ; COMMAND=/usr/bin/vim /etc/apache2/apache2.conf
2026-01-26T09:53:46.435541+00:00 finalArenaServer sudo: pam_unix(sudo:session): session opened for user root(uid=0) by vboxuser(uid=0)
2026-01-26T09:53:57.902105+00:00 finalArenaServer sudo: pam_unix(sudo:session): session closed for user root
2026-01-26T09:55:01.068096+00:00 finalArenaServer CRON[1544]: pam_unix(cron:session): session opened for user root(uid=0) by root(uid=0)
2026-01-26T09:55:01.093347+00:00 finalArenaServer CRON[1544]: pam_unix(cron:session): session closed for user root
2026-01-26T09:55:28.098356+00:00 finalArenaServer sudo:     root : TTY=pts/1 ; PWD=/root ; USER=www-data ; COMMAND=/usr/bin/php /var/www/nextcloud/occ app:list
2026-01-26T09:55:28.102077+00:00 finalArenaServer sudo: pam_unix(sudo:session): session opened for user www-data(uid=33) by vboxuser(uid=0)
2026-01-26T09:55:29.020325+00:00 finalArenaServer sudo: pam_unix(sudo:session): session closed for user www-data
2026-01-26T09:55:38.576567+00:00 finalArenaServer sudo:     root : TTY=pts/1 ; PWD=/root ; USER=www-data ; COMMAND=/usr/bin/php /var/www/nextcloud/occ maintenance:repair
2026-01-26T09:55:38.581220+00:00 finalArenaServer sudo: pam_unix(sudo:session): session opened for user www-data(uid=33) by vboxuser(uid=0)
2026-01-26T09:55:40.204257+00:00 finalArenaServer sudo: pam_unix(sudo:session): session closed for user www-data2026-01-11T23:01:37.354789+00:00 finalArenaServer sudo:     root : TTY=pts/1 ; PWD=/root ; USER=root ; COMMAND=/usr/bin/vim /etc/apache2/apache2.conf
2026-01-11T23:01:37.358561+00:00 finalArenaServer sudo: pam_unix(sudo:session): session opened for user root(uid=0) by vboxuser(uid=0)
2026-01-11T23:01:49.082671+00:00 finalArenaServer sudo: pam_unix(sudo:session): session closed for user root2026-01-12T01:08:56.626863+00:00 finalArenaServer sudo:     root : TTY=pts/1 ; PWD=/root ; USER=root ; COMMAND=/usr/bin/vim /etc/apache2/apache2.conf
2026-01-12T01:08:56.628115+00:00 finalArenaServer sudo: pam_unix(sudo:session): session opened for user root(uid=0) by vboxuser(uid=0)
2026-01-12T01:09:03.388337+00:00 finalArenaServer CRON[1510]: pam_unix(cron:session): session opened for user root(uid=0) by root(uid=0)
2026-01-12T01:09:03.398659+00:00 finalArenaServer CRON[1510]: pam_unix(cron:session): session closed for user root
2026-01-12T01:09:08.448011+00:00 finalArenaServer sudo: pam_unix(sudo:session): session closed for user root2026-01-11T23:25:03.019959+00:00 finalArenaServer CRON[1444]: pam_unix(cron:session): session opened for user root(uid=0) by root(uid=0)
2026-01-11T23:25:03.032777+00:00 finalArenaServer CRON[1444]: pam_unix(cron:session): session closed for user root
2026-01-11T23:25:19.407820+00:00 finalArenaServer sudo:     root : TTY=pts/1 ; PWD=/root ; USER=root ; COMMAND=/usr/bin/vim /etc/apache2/apache2.conf
2026-01-11T23:25:19.410246+00:00 finalArenaServer sudo: pam_unix(sudo:session): session opened for user root(uid=0) by vboxuser(uid=0)
2026-01-11T23:25:26.849801+00:00 finalArenaServer sudo: pam_unix(sudo:session): session closed for user root
2026-01-11T23:26:24.760671+00:00 finalArenaServer sudo:     root : TTY=pts/1 ; PWD=/root ; USER=root ; COMMAND=/usr/bin/vim /etc/apache2/sites-available/000-default.conf
2026-01-11T23:26:24.762071+00:00 finalArenaServer sudo: pam_unix(sudo:session): session opened for user root(uid=0) by vboxuser(uid=0)
2026-01-11T23:26:29.682146+00:00 finalArenaServer sudo: pam_unix(sudo:session): session closed for user root