type=SYSCALL msg=audit(1772105545.704:2257): arch=c000003e syscall=106 success=yes exit=0 a0=21 a1=7f14bd1204a0 a2=0 a3=22 items=0 ppid=855 pid=1584 auid=4294967295 uid=0 gid=33 euid=0 suid=0 fsuid=0 egid=33 sgid=33 fsgid=33 tty=(none) ses=4294967295 comm="apache2" exe="/usr/sbin/apache2" subj=unconfined key="T1166_Seuid_and_Setgid"ARCH=x86_64 SYSCALL=setgid AUID="unset" UID="root" GID="www-data" EUID="root" SUID="root" FSUID="root" EGID="www-data" SGID="www-data" FSGID="www-data"
type=PROCTITLE msg=audit(1772105545.704:2257): proctitle=2F7573722F7362696E2F61706163686532002D6B007374617274
type=SYSCALL msg=audit(1772105545.714:2258): arch=c000003e syscall=42 success=yes exit=0 a0=e a1=7ffd2093c240 a2=2d a3=59db5b052190 items=1 ppid=855 pid=1584 auid=4294967295 uid=0 gid=33 euid=0 suid=0 fsuid=0 egid=33 sgid=33 fsgid=33 tty=(none) ses=4294967295 comm="apache2" exe="/usr/sbin/apache2" subj=unconfined key="T1043_Commonly_Used_Port"ARCH=x86_64 SYSCALL=connect AUID="unset" UID="root" GID="www-data" EUID="root" SUID="root" FSUID="root" EGID="www-data" SGID="www-data" FSGID="www-data"
type=SOCKADDR msg=audit(1772105545.714:2258): saddr=01002F72756E2F73797374656D642F7573657264622F696F2E73797374656D642E44796E616D69635573657200SADDR={ saddr_fam=local path=/run/systemd/userdb/io.systemd.DynamicUser }
type=PATH msg=audit(1772105545.714:2258): item=0 name="/run/systemd/userdb/io.systemd.DynamicUser" inode=442 dev=00:18 mode=0140666 ouid=0 ogid=0 rdev=00:00 nametype=NORMAL cap_fp=0 cap_fi=0 cap_fe=0 cap_fver=0 cap_frootid=0OUID="root" OGID="root"
type=PROCTITLE msg=audit(1772105545.714:2258): proctitle=2F7573722F7362696E2F61706163686532002D6B007374617274
type=SYSCALL msg=audit(1772105545.719:2259): arch=c000003e syscall=105 success=yes exit=0 a0=21 a1=59db5ae8b290 a2=59dec6b086db a3=59db5ae8b2a0 items=0 ppid=855 pid=1584 auid=4294967295 uid=33 gid=33 euid=33 suid=33 fsuid=33 egid=33 sgid=33 fsgid=33 tty=(none) ses=4294967295 comm="apache2" exe="/usr/sbin/apache2" subj=unconfined key="T1166_Seuid_and_Setgid"ARCH=x86_64 SYSCALL=setuid AUID="unset" UID="www-data" GID="www-data" EUID="www-data" SUID="www-data" FSUID="www-data" EGID="www-data" SGID="www-data" FSGID="www-data"
type=PROCTITLE msg=audit(1772105545.719:2259): proctitle=2F7573722F7362696E2F61706163686532002D6B007374617274
type=SYSCALL msg=audit(1772105563.625:2260): arch=c000003e syscall=59 success=yes exit=0 a0=5631efad2cf0 a1=5631efa80020 a2=5631efa66960 a3=5631efa80020 items=2 ppid=1248 pid=1587 auid=1000 uid=0 gid=0 euid=0 suid=0 fsuid=0 egid=0 sgid=0 fsgid=0 tty=pts1 ses=1 comm="tmux" exe="/usr/bin/tmux" subj=unconfined key="T1078_Valid_Accounts"ARCH=x86_64 SYSCALL=execve AUID="vboxuser" UID="root" GID="root" EUID="root" SUID="root" FSUID="root" EGID="root" SGID="root" FSGID="root"
type=EXECVE msg=audit(1772105563.625:2260): argc=1 a0="tmux"
type=PATH msg=audit(1772105563.625:2260): item=0 name="/usr/bin/tmux" inode=1442920 dev=08:02 mode=0100755 ouid=0 ogid=0 rdev=00:00 nametype=NORMAL cap_fp=0 cap_fi=0 cap_fe=0 cap_fver=0 cap_frootid=0OUID="root" OGID="root"
type=PATH msg=audit(1772105563.625:2260): item=1 name="/lib64/ld-linux-x86-64.so.2" inode=1481429 dev=08:02 mode=0100755 ouid=0 ogid=0 rdev=00:00 nametype=NORMAL cap_fp=0 cap_fi=0 cap_fe=0 cap_fver=0 cap_frootid=0OUID="root" OGID="root"
type=PROCTITLE msg=audit(1772105563.625:2260): proctitle="tmux"
type=SYSCALL msg=audit(1772105563.695:2261): arch=c000003e syscall=87 success=no exit=-2 a0=585d9a7eeda0 a1=74b7125cb77a a2=ffffffffffffffff a3=74b7125a7bd0 items=1 ppid=1248 pid=1587 auid=1000 uid=0 gid=0 euid=0 suid=0 fsuid=0 egid=0 sgid=0 fsgid=0 tty=pts1 ses=1 comm=746D75783A20636C69656E74 exe="/usr/bin/tmux" subj=unconfined key="T1107_File_Deletion"ARCH=x86_64 SYSCALL=unlink AUID="vboxuser" UID="root" GID="root" EUID="root" SUID="root" FSUID="root" EGID="root" SGID="root" FSGID="root"
type=PATH msg=audit(1772105563.695:2261): item=0 name="/tmp/tmux-0/" inode=1310734 dev=08:02 mode=040700 ouid=0 ogid=0 rdev=00:00 nametype=PARENT cap_fp=0 cap_fi=0 cap_fe=0 cap_fver=0 cap_frootid=0OUID="root" OGID="root"
type=PROCTITLE msg=audit(1772105563.695:2261): proctitle="tmux"
type=SYSCALL msg=audit(1772105563.736:2262): arch=c000003e syscall=87 success=no exit=-2 a0=7ffef4149232 a1=585d9a7eeda0 a2=14 a3=fffffffffffff788 items=1 ppid=1 pid=1589 auid=1000 uid=0 gid=0 euid=0 suid=0 fsuid=0 egid=0 sgid=0 fsgid=0 tty=(none) ses=1 comm=746D75783A20736572766572 exe="/usr/bin/tmux" subj=unconfined key="T1107_File_Deletion"ARCH=x86_64 SYSCALL=unlink AUID="vboxuser" UID="root" GID="root" EUID="root" SUID="root" FSUID="root" EGID="root" SGID="root" FSGID="root"
type=PATH msg=audit(1772105563.736:2262): item=0 name="/tmp/tmux-0/" inode=1310734 dev=08:02 mode=040700 ouid=0 ogid=0 rdev=00:00 nametype=PARENT cap_fp=0 cap_fi=0 cap_fe=0 cap_fver=0 cap_frootid=0OUID="root" OGID="root"
type=PROCTITLE msg=audit(1772105563.736:2262): proctitle="tmux"
type=SYSCALL msg=audit(1772105563.736:2263): arch=c000003e syscall=90 success=yes exit=0 a0=585d9a7eeda0 a1=1b0 a2=7ffef4149220 a3=0 items=1 ppid=1 pid=1589 auid=1000 uid=0 gid=0 euid=0 suid=0 fsuid=0 egid=0 sgid=0 fsgid=0 tty=(none) ses=1 comm=746D75783A20736572766572 exe="/usr/bin/tmux" subj=unconfined key="T1166_Seuid_and_Setgid"ARCH=x86_64 SYSCALL=chmod AUID="vboxuser" UID="root" GID="root" EUID="root" SUID="root" FSUID="root" EGID="root" SGID="root" FSGID="root"
type=PATH msg=audit(1772105563.736:2263): item=0 name="/tmp/tmux-0/default" inode=1310743 dev=08:02 mode=0140660 ouid=0 ogid=0 rdev=00:00 nametype=NORMAL cap_fp=0 cap_fi=0 cap_fe=0 cap_fver=0 cap_frootid=0OUID="root" OGID="root"
type=PROCTITLE msg=audit(1772105563.736:2263): proctitle="tmux"
type=SYSCALL msg=audit(1772105563.736:2264): arch=c000003e syscall=87 success=yes exit=0 a0=585d9a7f0010 a1=585d9a86c3a0 a2=1 a3=585d6a5ee4d0 items=2 ppid=1 pid=1589 auid=1000 uid=0 gid=0 euid=0 suid=0 fsuid=0 egid=0 sgid=0 fsgid=0 tty=(none) ses=1 comm=746D75783A20736572766572 exe="/usr/bin/tmux" subj=unconfined key="T1107_File_Deletion"ARCH=x86_64 SYSCALL=unlink AUID="vboxuser" UID="root" GID="root" EUID="root" SUID="root" FSUID="root" EGID="root" SGID="root" FSGID="root"
type=PATH msg=audit(1772105563.736:2264): item=0 name="/tmp/tmux-0/" inode=1310734 dev=08:02 mode=040700 ouid=0 ogid=0 rdev=00:00 nametype=PARENT cap_fp=0 cap_fi=0 cap_fe=0 cap_fver=0 cap_frootid=0OUID="root" OGID="root"
type=PATH msg=audit(1772105563.736:2264): item=1 name="/tmp/tmux-0/default.lock" inode=1310735 dev=08:02 mode=0100600 ouid=0 ogid=0 rdev=00:00 nametype=DELETE cap_fp=0 cap_fi=0 cap_fe=0 cap_fver=0 cap_frootid=0OUID="root" OGID="root"
type=PROCTITLE msg=audit(1772105563.736:2264): proctitle="tmux"
type=SYSCALL msg=audit(1772105563.752:2265): arch=c000003e syscall=59 success=yes exit=0 a0=585d9a847df0 a1=7ffef4148be0 a2=585d9a83f6b0 a3=585d9a80a790 items=2 ppid=1589 pid=1590 auid=1000 uid=0 gid=0 euid=0 suid=0 fsuid=0 egid=0 sgid=0 fsgid=0 tty=pts4 ses=1 comm="bash" exe="/usr/bin/bash" subj=unconfined key="T1078_Valid_Accounts"ARCH=x86_64 SYSCALL=execve AUID="vboxuser" UID="root" GID="root" EUID="root" SUID="root" FSUID="root" EGID="root" SGID="root" FSGID="root"
type=EXECVE msg=audit(1772105563.752:2265): argc=1 a0="-bash"
type=PATH msg=audit(1772105563.752:2265): item=0 name="/bin/bash" inode=1442260 dev=08:02 mode=0100755 ouid=0 ogid=0 rdev=00:00 nametype=NORMAL cap_fp=0 cap_fi=0 cap_fe=0 cap_fver=0 cap_frootid=0OUID="root" OGID="root"
type=PATH msg=audit(1772105563.752:2265): item=1 name="/lib64/ld-linux-x86-64.so.2" inode=1481429 dev=08:02 mode=0100755 ouid=0 ogid=0 rdev=00:00 nametype=NORMAL cap_fp=0 cap_fi=0 cap_fe=0 cap_fver=0 cap_frootid=0OUID="root" OGID="root"
type=PROCTITLE msg=audit(1772105563.752:2265): proctitle="-bash"
type=SYSCALL msg=audit(1772105563.752:2266): arch=c000003e syscall=59 success=yes exit=0 a0=74b7128bb000 a1=7ffef4148c00 a2=585d9a7eedc0 a3=74b7129e20b8 items=2 ppid=1589 pid=1591 auid=1000 uid=0 gid=0 euid=0 suid=0 fsuid=0 egid=43 sgid=43 fsgid=43 tty=(none) ses=1 comm="utempter" exe="/usr/lib/x86_64-linux-gnu/utempter/utempter" subj=unconfined key="T1078_Valid_Accounts"ARCH=x86_64 SYSCALL=execve AUID="vboxuser" UID="root" GID="root" EUID="root" SUID="root" FSUID="root" EGID="utmp" SGID="utmp" FSGID="utmp"
type=EXECVE msg=audit(1772105563.752:2266): argc=3 a0="/usr/lib/x86_64-linux-gnu/utempter/utempter" a1="add" a2="tmux(1589).%0"
type=PATH msg=audit(1772105563.752:2266): item=0 name="/usr/lib/x86_64-linux-gnu/utempter/utempter" inode=1459376 dev=08:02 mode=0102755 ouid=0 ogid=43 rdev=00:00 nametype=NORMAL cap_fp=0 cap_fi=0 cap_fe=0 cap_fver=0 cap_frootid=0OUID="root" OGID="utmp"
type=PATH msg=audit(1772105563.752:2266): item=1 name="/lib64/ld-linux-x86-64.so.2" inode=1481429 dev=08:02 mode=0100755 ouid=0 ogid=0 rdev=00:00 nametype=NORMAL cap_fp=0 cap_fi=0 cap_fe=0 cap_fver=0 cap_frootid=0OUID="root" OGID="root"
type=PROCTITLE msg=audit(1772105563.752:2266): proctitle=2F7573722F6C69622F7838365F36342D6C696E75782D676E752F7574656D707465722F7574656D707465720061646400746D75782831353839292E2530
type=SYSCALL msg=audit(1772105563.787:2267): arch=c000003e syscall=257 success=yes exit=4 a0=ffffff9c a1=7aa39afd46b0 a2=80002 a3=0 items=1 ppid=1589 pid=1591 auid=1000 uid=0 gid=0 euid=0 suid=0 fsuid=0 egid=43 sgid=43 fsgid=43 tty=(none) ses=1 comm="utempter" exe="/usr/lib/x86_64-linux-gnu/utempter/utempter" subj=unconfined key="T1108_Redundant_Access"ARCH=x86_64 SYSCALL=openat AUID="vboxuser" UID="root" GID="root" EUID="root" SUID="root" FSUID="root" EGID="utmp" SGID="utmp" FSGID="utmp"
type=PATH msg=audit(1772105563.787:2267): item=0 name="/var/run/utmp" inode=599 dev=00:18 mode=0100664 ouid=0 ogid=43 rdev=00:00 nametype=NORMAL cap_fp=0 cap_fi=0 cap_fe=0 cap_fver=0 cap_frootid=0OUID="root" OGID="utmp"
type=PROCTITLE msg=audit(1772105563.787:2267): proctitle=2F7573722F6C69622F7838365F36342D6C696E75782D676E752F7574656D707465722F7574656D707465720061646400746D75782831353839292E2530
type=SYSCALL msg=audit(1772105563.790:2268): arch=c000003e syscall=257 success=yes exit=3 a0=ffffff9c a1=5cd0f38a9069 a2=80001 a3=0 items=1 ppid=1589 pid=1591 auid=1000 uid=0 gid=0 euid=0 suid=0 fsuid=0 egid=43 sgid=43 fsgid=43 tty=(none) ses=1 comm="utempter" exe="/usr/lib/x86_64-linux-gnu/utempter/utempter" subj=unconfined key="T1108_Redundant_Access"ARCH=x86_64 SYSCALL=openat AUID="vboxuser" UID="root" GID="root" EUID="root" SUID="root" FSUID="root" EGID="utmp" SGID="utmp" FSGID="utmp"
type=PATH msg=audit(1772105563.790:2268): item=0 name="/var/log/wtmp" inode=658714 dev=08:02 mode=0100664 ouid=0 ogid=43 rdev=00:00 nametype=NORMAL cap_fp=0 cap_fi=0 cap_fe=0 cap_fver=0 cap_frootid=0OUID="root" OGID="utmp"
type=PROCTITLE msg=audit(1772105563.790:2268): proctitle=2F7573722F6C69622F7838365F36342D6C696E75782D676E752F7574656D707465722F7574656D707465720061646400746D75782831353839292E2530
type=SYSCALL msg=audit(1772105563.794:2269): arch=c000003e syscall=90 success=yes exit=0 a0=585d9a7eeda0 a1=1f8 a2=1f0 a3=0 items=1 ppid=1 pid=1589 auid=1000 uid=0 gid=0 euid=0 suid=0 fsuid=0 egid=0 sgid=0 fsgid=0 tty=(none) ses=1 comm=746D75783A20736572766572 exe="/usr/bin/tmux" subj=unconfined key="T1166_Seuid_and_Setgid"ARCH=x86_64 SYSCALL=chmod AUID="vboxuser" UID="root" GID="root" EUID="root" SUID="root" FSUID="root" EGID="root" SGID="root" FSGID="root"
type=PATH msg=audit(1772105563.794:2269): item=0 name="/tmp/tmux-0/default" inode=1310743 dev=08:02 mode=0140660 ouid=0 ogid=0 rdev=00:00 nametype=NORMAL cap_fp=0 cap_fi=0 cap_fe=0 cap_fver=0 cap_frootid=0OUID="root" OGID="root"
type=PROCTITLE msg=audit(1772105563.794:2269): proctitle="tmux"
type=SYSCALL msg=audit(1772105563.820:2270): arch=c000003e syscall=257 success=yes exit=3 a0=ffffff9c a1=61cecf243340 a2=0 a3=0 items=1 ppid=1589 pid=1590 auid=1000 uid=0 gid=0 euid=0 suid=0 fsuid=0 egid=0 sgid=0 fsgid=0 tty=pts4 ses=1 comm="bash" exe="/usr/bin/bash" subj=unconfined key="T1156_bash_profile_and_bashrc"ARCH=x86_64 SYSCALL=openat AUID="vboxuser" UID="root" GID="root" EUID="root" SUID="root" FSUID="root" EGID="root" SGID="root" FSGID="root"
type=PATH msg=audit(1772105563.820:2270): item=0 name="/etc/profile" inode=1049305 dev=08:02 mode=0100644 ouid=0 ogid=0 rdev=00:00 nametype=NORMAL cap_fp=0 cap_fi=0 cap_fe=0 cap_fver=0 cap_frootid=0OUID="root" OGID="root"
type=PROCTITLE msg=audit(1772105563.820:2270): proctitle="-bash"
type=SYSCALL msg=audit(1772105563.834:2271): arch=c000003e syscall=59 success=yes exit=0 a0=61cecf274620 a1=61cecf2746f0 a2=61cecf2740e0 a3=1 items=2 ppid=1590 pid=1592 auid=1000 uid=0 gid=0 euid=0 suid=0 fsuid=0 egid=0 sgid=0 fsgid=0 tty=pts4 ses=1 comm="groups" exe="/usr/bin/groups" subj=unconfined key="T1078_Valid_Accounts"ARCH=x86_64 SYSCALL=execve AUID="vboxuser" UID="root" GID="root" EUID="root" SUID="root" FSUID="root" EGID="root" SGID="root" FSGID="root"
type=EXECVE msg=audit(1772105563.834:2271): argc=1 a0="groups"
type=PATH msg=audit(1772105563.834:2271): item=0 name="/usr/bin/groups" inode=1442456 dev=08:02 mode=0100755 ouid=0 ogid=0 rdev=00:00 nametype=NORMAL cap_fp=0 cap_fi=0 cap_fe=0 cap_fver=0 cap_frootid=0OUID="root" OGID="root"
type=PATH msg=audit(1772105563.834:2271): item=1 name="/lib64/ld-linux-x86-64.so.2" inode=1481429 dev=08:02 mode=0100755 ouid=0 ogid=0 rdev=00:00 nametype=NORMAL cap_fp=0 cap_fi=0 cap_fe=0 cap_fver=0 cap_frootid=0OUID="root" OGID="root"
type=PROCTITLE msg=audit(1772105563.834:2271): proctitle="groups"
type=SYSCALL msg=audit(1772105563.869:2272): arch=c000003e syscall=257 success=yes exit=3 a0=ffffff9c a1=61cecf275b10 a2=90800 a3=0 items=1 ppid=1589 pid=1590 auid=1000 uid=0 gid=0 euid=0 suid=0 fsuid=0 egid=0 sgid=0 fsgid=0 tty=pts4 ses=1 comm="bash" exe="/usr/bin/bash" subj=unconfined key="T1156_bash_profile_and_bashrc"ARCH=x86_64 SYSCALL=openat AUID="vboxuser" UID="root" GID="root" EUID="root" SUID="root" FSUID="root" EGID="root" SGID="root" FSGID="root"
type=PATH msg=audit(1772105563.869:2272): item=0 name="/etc/profile.d/" inode=1048649 dev=08:02 mode=040755 ouid=0 ogid=0 rdev=00:00 nametype=NORMAL cap_fp=0 cap_fi=0 cap_fe=0 cap_fver=0 cap_frootid=0OUID="root" OGID="root"
type=PROCTITLE msg=audit(1772105563.869:2272): proctitle="-bash"
type=SYSCALL msg=audit(1772105563.869:2273): arch=c000003e syscall=257 success=yes exit=3 a0=ffffff9c a1=61cecf278e50 a2=0 a3=0 items=1 ppid=1589 pid=1590 auid=1000 uid=0 gid=0 euid=0 suid=0 fsuid=0 egid=0 sgid=0 fsgid=0 tty=pts4 ses=1 comm="bash" exe="/usr/bin/bash" subj=unconfined key="T1156_bash_profile_and_bashrc"ARCH=x86_64 SYSCALL=openat AUID="vboxuser" UID="root" GID="root" EUID="root" SUID="root" FSUID="root" EGID="root" SGID="root" FSGID="root"
type=PATH msg=audit(1772105563.869:2273): item=0 name="/etc/profile.d/01-locale-fix.sh" inode=1050043 dev=08:02 mode=0100644 ouid=0 ogid=0 rdev=00:00 nametype=NORMAL cap_fp=0 cap_fi=0 cap_fe=0 cap_fver=0 cap_frootid=0OUID="root" OGID="root"
type=PROCTITLE msg=audit(1772105563.869:2273): proctitle="-bash"
type=SYSCALL msg=audit(1772105563.870:2274): arch=c000003e syscall=59 success=yes exit=0 a0=61cecf278640 a1=61cecf2794f0 a2=61cecf278170 a3=8 items=2 ppid=1590 pid=1593 auid=1000 uid=0 gid=0 euid=0 suid=0 fsuid=0 egid=0 sgid=0 fsgid=0 tty=pts4 ses=1 comm="locale-check" exe="/usr/bin/locale-check" subj=unconfined key="T1078_Valid_Accounts"ARCH=x86_64 SYSCALL=execve AUID="vboxuser" UID="root" GID="root" EUID="root" SUID="root" FSUID="root" EGID="root" SGID="root" FSGID="root"
type=EXECVE msg=audit(1772105563.870:2274): argc=2 a0="/usr/bin/locale-check" a1="C.UTF-8"
type=PATH msg=audit(1772105563.870:2274): item=0 name="/usr/bin/locale-check" inode=1442524 dev=08:02 mode=0100755 ouid=0 ogid=0 rdev=00:00 nametype=NORMAL cap_fp=0 cap_fi=0 cap_fe=0 cap_fver=0 cap_frootid=0OUID="root" OGID="root"
type=PATH msg=audit(1772105563.870:2274): item=1 name="/lib64/ld-linux-x86-64.so.2" inode=1481429 dev=08:02 mode=0100755 ouid=0 ogid=0 rdev=00:00 nametype=NORMAL cap_fp=0 cap_fi=0 cap_fe=0 cap_fver=0 cap_frootid=0OUID="root" OGID="root"
type=PROCTITLE msg=audit(1772105563.870:2274): proctitle=2F7573722F62696E2F6C6F63616C652D636865636B00432E5554462D38
type=SYSCALL msg=audit(1772105563.888:2275): arch=c000003e syscall=257 success=yes exit=3 a0=ffffff9c a1=61cecf278920 a2=0 a3=0 items=1 ppid=1589 pid=1590 auid=1000 uid=0 gid=0 euid=0 suid=0 fsuid=0 egid=0 sgid=0 fsgid=0 tty=pts4 ses=1 comm="bash" exe="/usr/bin/bash" subj=unconfined key="T1156_bash_profile_and_bashrc"ARCH=x86_64 SYSCALL=openat AUID="vboxuser" UID="root" GID="root" EUID="root" SUID="root" FSUID="root" EGID="root" SGID="root" FSGID="root"
type=PATH msg=audit(1772105563.888:2275): item=0 name="/etc/profile.d/apps-bin-path.sh" inode=1050047 dev=08:02 mode=0100644 ouid=0 ogid=0 rdev=00:00 nametype=NORMAL cap_fp=0 cap_fi=0 cap_fe=0 cap_fver=0 cap_frootid=0OUID="root" OGID="root"
type=PROCTITLE msg=audit(1772105563.888:2275): proctitle="-bash"
type=SYSCALL msg=audit(1772105563.888:2276): arch=c000003e syscall=257 success=yes exit=3 a0=ffffff9c a1=61cecf276420 a2=0 a3=0 items=1 ppid=1589 pid=1590 auid=1000 uid=0 gid=0 euid=0 suid=0 fsuid=0 egid=0 sgid=0 fsgid=0 tty=pts4 ses=1 comm="bash" exe="/usr/bin/bash" subj=unconfined key="T1156_bash_profile_and_bashrc"ARCH=x86_64 SYSCALL=openat AUID="vboxuser" UID="root" GID="root" EUID="root" SUID="root" FSUID="root" EGID="root" SGID="root" FSGID="root"
type=PATH msg=audit(1772105563.888:2276): item=0 name="/etc/profile.d/bash_completion.sh" inode=1050048 dev=08:02 mode=0100644 ouid=0 ogid=0 rdev=00:00 nametype=NORMAL cap_fp=0 cap_fi=0 cap_fe=0 cap_fver=0 cap_frootid=0OUID="root" OGID="root"
type=PROCTITLE msg=audit(1772105563.888:2276): proctitle="-bash"
type=SYSCALL msg=audit(1772105563.888:2277): arch=c000003e syscall=257 success=yes exit=3 a0=ffffff9c a1=61cecf27c8a0 a2=0 a3=0 items=1 ppid=1589 pid=1590 auid=1000 uid=0 gid=0 euid=0 suid=0 fsuid=0 egid=0 sgid=0 fsgid=0 tty=pts4 ses=1 comm="bash" exe="/usr/bin/bash" subj=unconfined key="T1156_bash_profile_and_bashrc"ARCH=x86_64 SYSCALL=openat AUID="vboxuser" UID="root" GID="root" EUID="root" SUID="root" FSUID="root" EGID="root" SGID="root" FSGID="root"
type=PATH msg=audit(1772105563.888:2277): item=0 name="/etc/profile.d/gawk.sh" inode=1050050 dev=08:02 mode=0100644 ouid=0 ogid=0 rdev=00:00 nametype=NORMAL cap_fp=0 cap_fi=0 cap_fe=0 cap_fver=0 cap_frootid=0OUID="root" OGID="root"
type=PROCTITLE msg=audit(1772105563.888:2277): proctitle="-bash"
type=SYSCALL msg=audit(1772105563.888:2278): arch=c000003e syscall=257 success=yes exit=3 a0=ffffff9c a1=61cecf276c80 a2=0 a3=0 items=1 ppid=1589 pid=1590 auid=1000 uid=0 gid=0 euid=0 suid=0 fsuid=0 egid=0 sgid=0 fsgid=0 tty=pts4 ses=1 comm="bash" exe="/usr/bin/bash" subj=unconfined key="T1156_bash_profile_and_bashrc"ARCH=x86_64 SYSCALL=openat AUID="vboxuser" UID="root" GID="root" EUID="root" SUID="root" FSUID="root" EGID="root" SGID="root" FSGID="root"
type=PATH msg=audit(1772105563.888:2278): item=0 name="/etc/profile.d/Z97-byobu.sh" inode=1050044 dev=08:02 mode=0100644 ouid=0 ogid=0 rdev=00:00 nametype=NORMAL cap_fp=0 cap_fi=0 cap_fe=0 cap_fver=0 cap_frootid=0OUID="root" OGID="root"
type=PROCTITLE msg=audit(1772105563.888:2278): proctitle="-bash"
type=SYSCALL msg=audit(1772105563.888:2279): arch=c000003e syscall=257 success=yes exit=3 a0=ffffff9c a1=61cecf34f650 a2=0 a3=0 items=1 ppid=1589 pid=1590 auid=1000 uid=0 gid=0 euid=0 suid=0 fsuid=0 egid=0 sgid=0 fsgid=0 tty=pts4 ses=1 comm="bash" exe="/usr/bin/bash" subj=unconfined key="T1156_bash_profile_and_bashrc"ARCH=x86_64 SYSCALL=openat AUID="vboxuser" UID="root" GID="root" EUID="root" SUID="root" FSUID="root" EGID="root" SGID="root" FSGID="root"
type=PATH msg=audit(1772105563.888:2279): item=0 name="/etc/profile.d/Z99-cloudinit-warnings.sh" inode=1050046 dev=08:02 mode=0100755 ouid=0 ogid=0 rdev=00:00 nametype=NORMAL cap_fp=0 cap_fi=0 cap_fe=0 cap_fver=0 cap_frootid=0OUID="root" OGID="root"
type=PROCTITLE msg=audit(1772105563.888:2279): proctitle="-bash"
type=SYSCALL msg=audit(1772105563.888:2280): arch=c000003e syscall=257 success=yes exit=3 a0=ffffff9c a1=61cecf2787c0 a2=0 a3=0 items=1 ppid=1589 pid=1590 auid=1000 uid=0 gid=0 euid=0 suid=0 fsuid=0 egid=0 sgid=0 fsgid=0 tty=pts4 ses=1 comm="bash" exe="/usr/bin/bash" subj=unconfined key="T1156_bash_profile_and_bashrc"ARCH=x86_64 SYSCALL=openat AUID="vboxuser" UID="root" GID="root" EUID="root" SUID="root" FSUID="root" EGID="root" SGID="root" FSGID="root"
type=PATH msg=audit(1772105563.888:2280): item=0 name="/etc/profile.d/Z99-cloud-locale-test.sh" inode=1050045 dev=08:02 mode=0100755 ouid=0 ogid=0 rdev=00:00 nametype=NORMAL cap_fp=0 cap_fi=0 cap_fe=0 cap_fver=0 cap_frootid=0OUID="root" OGID="root"
type=PROCTITLE msg=audit(1772105563.888:2280): proctitle="-bash"
type=SYSCALL msg=audit(1772105563.936:2281): arch=c000003e syscall=59 success=yes exit=0 a0=61cecf36c7c0 a1=61cecf275af0 a2=61cecf2740e0 a3=8 items=2 ppid=1590 pid=1594 auid=1000 uid=0 gid=0 euid=0 suid=0 fsuid=0 egid=0 sgid=0 fsgid=0 tty=pts4 ses=1 comm="locale" exe="/usr/bin/locale" subj=unconfined key="T1078_Valid_Accounts"ARCH=x86_64 SYSCALL=execve AUID="vboxuser" UID="root" GID="root" EUID="root" SUID="root" FSUID="root" EGID="root" SGID="root" FSGID="root"
type=EXECVE msg=audit(1772105563.936:2281): argc=1 a0="locale"
type=PATH msg=audit(1772105563.936:2281): item=0 name="/usr/bin/locale" inode=1457156 dev=08:02 mode=0100755 ouid=0 ogid=0 rdev=00:00 nametype=NORMAL cap_fp=0 cap_fi=0 cap_fe=0 cap_fver=0 cap_frootid=0OUID="root" OGID="root"
type=PATH msg=audit(1772105563.936:2281): item=1 name="/lib64/ld-linux-x86-64.so.2" inode=1481429 dev=08:02 mode=0100755 ouid=0 ogid=0 rdev=00:00 nametype=NORMAL cap_fp=0 cap_fi=0 cap_fe=0 cap_fver=0 cap_frootid=0OUID="root" OGID="root"
type=PROCTITLE msg=audit(1772105563.936:2281): proctitle="locale"
type=SYSCALL msg=audit(1772105563.976:2282): arch=c000003e syscall=59 success=yes exit=0 a0=61cecf34f380 a1=61cecf373c70 a2=61cecf3535e0 a3=61cecf373cb0 items=3 ppid=1590 pid=1596 auid=1000 uid=0 gid=0 euid=0 suid=0 fsuid=0 egid=0 sgid=0 fsgid=0 tty=pts4 ses=1 comm="lesspipe" exe="/usr/bin/dash" subj=unconfined key="T1078_Valid_Accounts"ARCH=x86_64 SYSCALL=execve AUID="vboxuser" UID="root" GID="root" EUID="root" SUID="root" FSUID="root" EGID="root" SGID="root" FSGID="root"
type=EXECVE msg=audit(1772105563.976:2282): argc=2 a0="/bin/sh" a1="/usr/bin/lesspipe"
type=PATH msg=audit(1772105563.976:2282): item=0 name="/usr/bin/lesspipe" inode=1442512 dev=08:02 mode=0100755 ouid=0 ogid=0 rdev=00:00 nametype=NORMAL cap_fp=0 cap_fi=0 cap_fe=0 cap_fver=0 cap_frootid=0OUID="root" OGID="root"
type=PATH msg=audit(1772105563.976:2282): item=1 name="/bin/sh" inode=1442345 dev=08:02 mode=0100755 ouid=0 ogid=0 rdev=00:00 nametype=NORMAL cap_fp=0 cap_fi=0 cap_fe=0 cap_fver=0 cap_frootid=0OUID="root" OGID="root"
type=PATH msg=audit(1772105563.976:2282): item=2 name="/lib64/ld-linux-x86-64.so.2" inode=1481429 dev=08:02 mode=0100755 ouid=0 ogid=0 rdev=00:00 nametype=NORMAL cap_fp=0 cap_fi=0 cap_fe=0 cap_fver=0 cap_frootid=0OUID="root" OGID="root"
type=PROCTITLE msg=audit(1772105563.976:2282): proctitle=2F62696E2F7368002F7573722F62696E2F6C65737370697065
type=SYSCALL msg=audit(1772105563.999:2283): arch=c000003e syscall=59 success=yes exit=0 a0=59bda08809f8 a1=59bd98df1600 a2=59bda0880938 a3=1 items=2 ppid=1596 pid=1597 auid=1000 uid=0 gid=0 euid=0 suid=0 fsuid=0 egid=0 sgid=0 fsgid=0 tty=pts4 ses=1 comm="basename" exe="/usr/bin/basename" subj=unconfined key="T1078_Valid_Accounts"ARCH=x86_64 SYSCALL=execve AUID="vboxuser" UID="root" GID="root" EUID="root" SUID="root" FSUID="root" EGID="root" SGID="root" FSGID="root"
type=EXECVE msg=audit(1772105563.999:2283): argc=2 a0="basename" a1="/usr/bin/lesspipe"
type=PATH msg=audit(1772105563.999:2283): item=0 name="/usr/bin/basename" inode=1442258 dev=08:02 mode=0100755 ouid=0 ogid=0 rdev=00:00 nametype=NORMAL cap_fp=0 cap_fi=0 cap_fe=0 cap_fver=0 cap_frootid=0OUID="root" OGID="root"
type=PATH msg=audit(1772105563.999:2283): item=1 name="/lib64/ld-linux-x86-64.so.2" inode=1481429 dev=08:02 mode=0100755 ouid=0 ogid=0 rdev=00:00 nametype=NORMAL cap_fp=0 cap_fi=0 cap_fe=0 cap_fver=0 cap_frootid=0OUID="root" OGID="root"
type=PROCTITLE msg=audit(1772105563.999:2283): proctitle=626173656E616D65002F7573722F62696E2F6C65737370697065
type=SYSCALL msg=audit(1772105564.023:2284): arch=c000003e syscall=59 success=yes exit=0 a0=59bda088c978 a1=59bda088c8a0 a2=59bda088c8b8 a3=1 items=2 ppid=1598 pid=1599 auid=1000 uid=0 gid=0 euid=0 suid=0 fsuid=0 egid=0 sgid=0 fsgid=0 tty=pts4 ses=1 comm="dirname" exe="/usr/bin/dirname" subj=unconfined key="T1078_Valid_Accounts"ARCH=x86_64 SYSCALL=execve AUID="vboxuser" UID="root" GID="root" EUID="root" SUID="root" FSUID="root" EGID="root" SGID="root" FSGID="root"
type=EXECVE msg=audit(1772105564.023:2284): argc=2 a0="dirname" a1="/usr/bin/lesspipe"
type=PATH msg=audit(1772105564.023:2284): item=0 name="/usr/bin/dirname" inode=1442379 dev=08:02 mode=0100755 ouid=0 ogid=0 rdev=00:00 nametype=NORMAL cap_fp=0 cap_fi=0 cap_fe=0 cap_fver=0 cap_frootid=0OUID="root" OGID="root"
type=PATH msg=audit(1772105564.023:2284): item=1 name="/lib64/ld-linux-x86-64.so.2" inode=1481429 dev=08:02 mode=0100755 ouid=0 ogid=0 rdev=00:00 nametype=NORMAL cap_fp=0 cap_fi=0 cap_fe=0 cap_fver=0 cap_frootid=0OUID="root" OGID="root"
type=PROCTITLE msg=audit(1772105564.023:2284): proctitle=6469726E616D65002F7573722F62696E2F6C65737370697065
type=SYSCALL msg=audit(1772105564.036:2285): arch=c000003e syscall=59 success=yes exit=0 a0=61cecf353b50 a1=61cecf355440 a2=61cecf3535e0 a3=61cecf355500 items=2 ppid=1590 pid=1600 auid=1000 uid=0 gid=0 euid=0 suid=0 fsuid=0 egid=0 sgid=0 fsgid=0 tty=pts4 ses=1 comm="dircolors" exe="/usr/bin/dircolors" subj=unconfined key="T1078_Valid_Accounts"ARCH=x86_64 SYSCALL=execve AUID="vboxuser" UID="root" GID="root" EUID="root" SUID="root" FSUID="root" EGID="root" SGID="root" FSGID="root"
type=EXECVE msg=audit(1772105564.036:2285): argc=2 a0="dircolors" a1="-b"
type=PATH msg=audit(1772105564.036:2285): item=0 name="/usr/bin/dircolors" inode=1442376 dev=08:02 mode=0100755 ouid=0 ogid=0 rdev=00:00 nametype=NORMAL cap_fp=0 cap_fi=0 cap_fe=0 cap_fver=0 cap_frootid=0OUID="root" OGID="root"
type=PATH msg=audit(1772105564.036:2285): item=1 name="/lib64/ld-linux-x86-64.so.2" inode=1481429 dev=08:02 mode=0100755 ouid=0 ogid=0 rdev=00:00 nametype=NORMAL cap_fp=0 cap_fi=0 cap_fe=0 cap_fver=0 cap_frootid=0OUID="root" OGID="root"
type=PROCTITLE msg=audit(1772105564.036:2285): proctitle=646972636F6C6F7273002D62
type=SYSCALL msg=audit(1772105564.051:2286): arch=c000003e syscall=59 success=yes exit=0 a0=61cecf275d00 a1=61cecf277550 a2=61cecf3535e0 a3=61cecf27c840 items=2 ppid=1590 pid=1601 auid=1000 uid=0 gid=0 euid=0 suid=0 fsuid=0 egid=0 sgid=0 fsgid=0 tty=pts4 ses=1 comm="mesg" exe="/usr/bin/mesg" subj=unconfined key="T1078_Valid_Accounts"ARCH=x86_64 SYSCALL=execve AUID="vboxuser" UID="root" GID="root" EUID="root" SUID="root" FSUID="root" EGID="root" SGID="root" FSGID="root"
type=EXECVE msg=audit(1772105564.051:2286): argc=2 a0="mesg" a1="n"
type=PATH msg=audit(1772105564.051:2286): item=0 name="/usr/bin/mesg" inode=1448478 dev=08:02 mode=0100755 ouid=0 ogid=0 rdev=00:00 nametype=NORMAL cap_fp=0 cap_fi=0 cap_fe=0 cap_fver=0 cap_frootid=0OUID="root" OGID="root"
type=PATH msg=audit(1772105564.051:2286): item=1 name="/lib64/ld-linux-x86-64.so.2" inode=1481429 dev=08:02 mode=0100755 ouid=0 ogid=0 rdev=00:00 nametype=NORMAL cap_fp=0 cap_fi=0 cap_fe=0 cap_fver=0 cap_frootid=0OUID="root" OGID="root"
type=PROCTITLE msg=audit(1772105564.051:2286): proctitle=6D657367006E
type=SYSCALL msg=audit(1772105564.065:2287): arch=c000003e syscall=91 success=yes exit=0 a0=3 a1=2180 a2=0 a3=56a534af2960 items=1 ppid=1590 pid=1601 auid=1000 uid=0 gid=0 euid=0 suid=0 fsuid=0 egid=0 sgid=0 fsgid=0 tty=pts4 ses=1 comm="mesg" exe="/usr/bin/mesg" subj=unconfined key="T1166_Seuid_and_Setgid"ARCH=x86_64 SYSCALL=fchmod AUID="vboxuser" UID="root" GID="root" EUID="root" SUID="root" FSUID="root" EGID="root" SGID="root" FSGID="root"
type=PATH msg=audit(1772105564.065:2287): item=0 name=(null) inode=7 dev=00:17 mode=020620 ouid=0 ogid=5 rdev=88:04 nametype=NORMAL cap_fp=0 cap_fi=0 cap_fe=0 cap_fver=0 cap_frootid=0OUID="root" OGID="tty"
type=PROCTITLE msg=audit(1772105564.065:2287): proctitle=6D657367006E
type=SYSCALL msg=audit(1772105578.346:2288): arch=c000003e syscall=59 success=yes exit=0 a0=61cecf3b5670 a1=61cecf3d1c20 a2=61cecf3c1330 a3=61cecf3c3be0 items=2 ppid=1590 pid=1614 auid=1000 uid=0 gid=0 euid=0 suid=0 fsuid=0 egid=0 sgid=0 fsgid=0 tty=pts4 ses=1 comm="tail" exe="/usr/bin/tail" subj=unconfined key="T1078_Valid_Accounts"ARCH=x86_64 SYSCALL=execve AUID="vboxuser" UID="root" GID="root" EUID="root" SUID="root" FSUID="root" EGID="root" SGID="root" FSGID="root"
type=EXECVE msg=audit(1772105578.346:2288): argc=3 a0="tail" a1="-f" a2="/var/log/apache2/error.log"
type=PATH msg=audit(1772105578.346:2288): item=0 name="/usr/bin/tail" inode=1442904 dev=08:02 mode=0100755 ouid=0 ogid=0 rdev=00:00 nametype=NORMAL cap_fp=0 cap_fi=0 cap_fe=0 cap_fver=0 cap_frootid=0OUID="root" OGID="root"
type=PATH msg=audit(1772105578.346:2288): item=1 name="/lib64/ld-linux-x86-64.so.2" inode=1481429 dev=08:02 mode=0100755 ouid=0 ogid=0 rdev=00:00 nametype=NORMAL cap_fp=0 cap_fi=0 cap_fe=0 cap_fver=0 cap_frootid=0OUID="root" OGID="root"
type=PROCTITLE msg=audit(1772105578.346:2288): proctitle=7461696C002D66002F7661722F6C6F672F617061636865322F6572726F722E6C6F67
type=SYSCALL msg=audit(1772105579.255:2289): arch=c000003e syscall=106 success=yes exit=0 a0=21 a1=7f14bd1204a0 a2=0 a3=22 items=0 ppid=855 pid=1615 auid=4294967295 uid=0 gid=33 euid=0 suid=0 fsuid=0 egid=33 sgid=33 fsgid=33 tty=(none) ses=4294967295 comm="apache2" exe="/usr/sbin/apache2" subj=unconfined key="T1166_Seuid_and_Setgid"ARCH=x86_64 SYSCALL=setgid AUID="unset" UID="root" GID="www-data" EUID="root" SUID="root" FSUID="root" EGID="www-data" SGID="www-data" FSGID="www-data"
type=PROCTITLE msg=audit(1772105579.255:2289): proctitle=2F7573722F7362696E2F61706163686532002D6B007374617274
type=SYSCALL msg=audit(1772105579.257:2290): arch=c000003e syscall=42 success=yes exit=0 a0=e a1=7ffd2093c240 a2=2d a3=59db5b052190 items=1 ppid=855 pid=1615 auid=4294967295 uid=0 gid=33 euid=0 suid=0 fsuid=0 egid=33 sgid=33 fsgid=33 tty=(none) ses=4294967295 comm="apache2" exe="/usr/sbin/apache2" subj=unconfined key="T1043_Commonly_Used_Port"ARCH=x86_64 SYSCALL=connect AUID="unset" UID="root" GID="www-data" EUID="root" SUID="root" FSUID="root" EGID="www-data" SGID="www-data" FSGID="www-data"
type=SOCKADDR msg=audit(1772105579.257:2290): saddr=01002F72756E2F73797374656D642F7573657264622F696F2E73797374656D642E44796E616D69635573657200SADDR={ saddr_fam=local path=/run/systemd/userdb/io.systemd.DynamicUser }
type=PATH msg=audit(1772105579.257:2290): item=0 name="/run/systemd/userdb/io.systemd.DynamicUser" inode=442 dev=00:18 mode=0140666 ouid=0 ogid=0 rdev=00:00 nametype=NORMAL cap_fp=0 cap_fi=0 cap_fe=0 cap_fver=0 cap_frootid=0OUID="root" OGID="root"
type=PROCTITLE msg=audit(1772105579.257:2290): proctitle=2F7573722F7362696E2F61706163686532002D6B007374617274
type=SYSCALL msg=audit(1772105579.260:2291): arch=c000003e syscall=105 success=yes exit=0 a0=21 a1=59db5ae8b290 a2=59dec6b086db a3=59db5ae8b2a0 items=0 ppid=855 pid=1615 auid=4294967295 uid=33 gid=33 euid=33 suid=33 fsuid=33 egid=33 sgid=33 fsgid=33 tty=(none) ses=4294967295 comm="apache2" exe="/usr/sbin/apache2" subj=unconfined key="T1166_Seuid_and_Setgid"ARCH=x86_64 SYSCALL=setuid AUID="unset" UID="www-data" GID="www-data" EUID="www-data" SUID="www-data" FSUID="www-data" EGID="www-data" SGID="www-data" FSGID="www-data"
type=PROCTITLE msg=audit(1772105579.260:2291): proctitle=2F7573722F7362696E2F61706163686532002D6B007374617274
type=SYSCALL msg=audit(1772105601.327:2292): arch=c000003e syscall=59 success=yes exit=0 a0=61cecf3bd700 a1=61cecf3c8440 a2=61cecf3c1330 a3=61cecf3c09b0 items=2 ppid=1590 pid=1640 auid=1000 uid=0 gid=0 euid=0 suid=0 fsuid=0 egid=0 sgid=0 fsgid=0 tty=pts4 ses=1 comm="tail" exe="/usr/bin/tail" subj=unconfined key="T1078_Valid_Accounts"ARCH=x86_64 SYSCALL=execve AUID="vboxuser" UID="root" GID="root" EUID="root" SUID="root" FSUID="root" EGID="root" SGID="root" FSGID="root"
type=EXECVE msg=audit(1772105601.327:2292): argc=3 a0="tail" a1="-f" a2="/var/log/apache2/wordpress_error.log"
type=PATH msg=audit(1772105601.327:2292): item=0 name="/usr/bin/tail" inode=1442904 dev=08:02 mode=0100755 ouid=0 ogid=0 rdev=00:00 nametype=NORMAL cap_fp=0 cap_fi=0 cap_fe=0 cap_fver=0 cap_frootid=0OUID="root" OGID="root"
type=PATH msg=audit(1772105601.327:2292): item=1 name="/lib64/ld-linux-x86-64.so.2" inode=1481429 dev=08:02 mode=0100755 ouid=0 ogid=0 rdev=00:00 nametype=NORMAL cap_fp=0 cap_fi=0 cap_fe=0 cap_fver=0 cap_frootid=0OUID="root" OGID="root"
type=PROCTITLE msg=audit(1772105601.327:2292): proctitle=7461696C002D66002F7661722F6C6F672F617061636865322F776F726470726573735F6572726F722E6C6F67
type=SYSCALL msg=audit(1772105616.621:2293): arch=c000003e syscall=59 success=yes exit=0 a0=74b7128bb000 a1=7ffef4148c80 a2=585d9a7eedc0 a3=74b7129e20b8 items=2 ppid=1589 pid=1643 auid=1000 uid=0 gid=0 euid=0 suid=0 fsuid=0 egid=43 sgid=43 fsgid=43 tty=(none) ses=1 comm="utempter" exe="/usr/lib/x86_64-linux-gnu/utempter/utempter" subj=unconfined key="T1078_Valid_Accounts"ARCH=x86_64 SYSCALL=execve AUID="vboxuser" UID="root" GID="root" EUID="root" SUID="root" FSUID="root" EGID="utmp" SGID="utmp" FSGID="utmp"
type=EXECVE msg=audit(1772105616.621:2293): argc=3 a0="/usr/lib/x86_64-linux-gnu/utempter/utempter" a1="add" a2="tmux(1589).%1"
type=SYSCALL msg=audit(1772105616.621:2294): arch=c000003e syscall=59 success=yes exit=0 a0=585d9a851710 a1=7ffef4148c60 a2=585d9a83f6b0 a3=585d9a845690 items=2 ppid=1589 pid=1642 auid=1000 uid=0 gid=0 euid=0 suid=0 fsuid=0 egid=0 sgid=0 fsgid=0 tty=pts5 ses=1 comm="bash" exe="/usr/bin/bash" subj=unconfined key="T1078_Valid_Accounts"ARCH=x86_64 SYSCALL=execve AUID="vboxuser" UID="root" GID="root" EUID="root" SUID="root" FSUID="root" EGID="root" SGID="root" FSGID="root"
type=PATH msg=audit(1772105616.621:2293): item=0 name="/usr/lib/x86_64-linux-gnu/utempter/utempter" inode=1459376 dev=08:02 mode=0102755 ouid=0 ogid=43 rdev=00:00 nametype=NORMAL cap_fp=0 cap_fi=0 cap_fe=0 cap_fver=0 cap_frootid=0OUID="root" OGID="utmp"
type=EXECVE msg=audit(1772105616.621:2294): argc=1 a0="-bash"
type=PATH msg=audit(1772105616.621:2294): item=0 name="/bin/bash" inode=1442260 dev=08:02 mode=0100755 ouid=0 ogid=0 rdev=00:00 nametype=NORMAL cap_fp=0 cap_fi=0 cap_fe=0 cap_fver=0 cap_frootid=0OUID="root" OGID="root"
type=PATH msg=audit(1772105616.621:2294): item=1 name="/lib64/ld-linux-x86-64.so.2" inode=1481429 dev=08:02 mode=0100755 ouid=0 ogid=0 rdev=00:00 nametype=NORMAL cap_fp=0 cap_fi=0 cap_fe=0 cap_fver=0 cap_frootid=0OUID="root" OGID="root"
type=PROCTITLE msg=audit(1772105616.621:2294): proctitle="-bash"
type=PATH msg=audit(1772105616.621:2293): item=1 name="/lib64/ld-linux-x86-64.so.2" inode=1481429 dev=08:02 mode=0100755 ouid=0 ogid=0 rdev=00:00 nametype=NORMAL cap_fp=0 cap_fi=0 cap_fe=0 cap_fver=0 cap_frootid=0OUID="root" OGID="root"
type=PROCTITLE msg=audit(1772105616.621:2293): proctitle=2F7573722F6C69622F7838365F36342D6C696E75782D676E752F7574656D707465722F7574656D707465720061646400746D75782831353839292E2531
type=SYSCALL msg=audit(1772105616.629:2295): arch=c000003e syscall=257 success=yes exit=4 a0=ffffff9c a1=7f5ce09d46b0 a2=80002 a3=0 items=1 ppid=1589 pid=1643 auid=1000 uid=0 gid=0 euid=0 suid=0 fsuid=0 egid=43 sgid=43 fsgid=43 tty=(none) ses=1 comm="utempter" exe="/usr/lib/x86_64-linux-gnu/utempter/utempter" subj=unconfined key="T1108_Redundant_Access"ARCH=x86_64 SYSCALL=openat AUID="vboxuser" UID="root" GID="root" EUID="root" SUID="root" FSUID="root" EGID="utmp" SGID="utmp" FSGID="utmp"
type=SYSCALL msg=audit(1772105616.629:2296): arch=c000003e syscall=257 success=yes exit=3 a0=ffffff9c a1=59bbad46f340 a2=0 a3=0 items=1 ppid=1589 pid=1642 auid=1000 uid=0 gid=0 euid=0 suid=0 fsuid=0 egid=0 sgid=0 fsgid=0 tty=pts5 ses=1 comm="bash" exe="/usr/bin/bash" subj=unconfined key="T1156_bash_profile_and_bashrc"ARCH=x86_64 SYSCALL=openat AUID="vboxuser" UID="root" GID="root" EUID="root" SUID="root" FSUID="root" EGID="root" SGID="root" FSGID="root"
type=PATH msg=audit(1772105616.629:2296): item=0 name="/etc/profile" inode=1049305 dev=08:02 mode=0100644 ouid=0 ogid=0 rdev=00:00 nametype=NORMAL cap_fp=0 cap_fi=0 cap_fe=0 cap_fver=0 cap_frootid=0OUID="root" OGID="root"
type=PROCTITLE msg=audit(1772105616.629:2296): proctitle="-bash"
type=PATH msg=audit(1772105616.629:2295): item=0 name="/var/run/utmp" inode=599 dev=00:18 mode=0100664 ouid=0 ogid=43 rdev=00:00 nametype=NORMAL cap_fp=0 cap_fi=0 cap_fe=0 cap_fver=0 cap_frootid=0OUID="root" OGID="utmp"
type=PROCTITLE msg=audit(1772105616.629:2295): proctitle=2F7573722F6C69622F7838365F36342D6C696E75782D676E752F7574656D707465722F7574656D707465720061646400746D75782831353839292E2531
type=SYSCALL msg=audit(1772105616.629:2297): arch=c000003e syscall=257 success=yes exit=3 a0=ffffff9c a1=61e97e787069 a2=80001 a3=0 items=1 ppid=1589 pid=1643 auid=1000 uid=0 gid=0 euid=0 suid=0 fsuid=0 egid=43 sgid=43 fsgid=43 tty=(none) ses=1 comm="utempter" exe="/usr/lib/x86_64-linux-gnu/utempter/utempter" subj=unconfined key="T1108_Redundant_Access"ARCH=x86_64 SYSCALL=openat AUID="vboxuser" UID="root" GID="root" EUID="root" SUID="root" FSUID="root" EGID="utmp" SGID="utmp" FSGID="utmp"
type=PATH msg=audit(1772105616.629:2297): item=0 name="/var/log/wtmp" inode=658714 dev=08:02 mode=0100664 ouid=0 ogid=43 rdev=00:00 nametype=NORMAL cap_fp=0 cap_fi=0 cap_fe=0 cap_fver=0 cap_frootid=0OUID="root" OGID="utmp"
type=PROCTITLE msg=audit(1772105616.629:2297): proctitle=2F7573722F6C69622F7838365F36342D6C696E75782D676E752F7574656D707465722F7574656D707465720061646400746D75782831353839292E2531
type=SYSCALL msg=audit(1772105616.629:2298): arch=c000003e syscall=59 success=yes exit=0 a0=59bbad4a0620 a1=59bbad4a06f0 a2=59bbad4a00e0 a3=1 items=2 ppid=1642 pid=1644 auid=1000 uid=0 gid=0 euid=0 suid=0 fsuid=0 egid=0 sgid=0 fsgid=0 tty=pts5 ses=1 comm="groups" exe="/usr/bin/groups" subj=unconfined key="T1078_Valid_Accounts"ARCH=x86_64 SYSCALL=execve AUID="vboxuser" UID="root" GID="root" EUID="root" SUID="root" FSUID="root" EGID="root" SGID="root" FSGID="root"
type=EXECVE msg=audit(1772105616.629:2298): argc=1 a0="groups"
type=PATH msg=audit(1772105616.629:2298): item=0 name="/usr/bin/groups" inode=1442456 dev=08:02 mode=0100755 ouid=0 ogid=0 rdev=00:00 nametype=NORMAL cap_fp=0 cap_fi=0 cap_fe=0 cap_fver=0 cap_frootid=0OUID="root" OGID="root"
type=PATH msg=audit(1772105616.629:2298): item=1 name="/lib64/ld-linux-x86-64.so.2" inode=1481429 dev=08:02 mode=0100755 ouid=0 ogid=0 rdev=00:00 nametype=NORMAL cap_fp=0 cap_fi=0 cap_fe=0 cap_fver=0 cap_frootid=0OUID="root" OGID="root"
type=PROCTITLE msg=audit(1772105616.629:2298): proctitle="groups"
type=SYSCALL msg=audit(1772105616.637:2299): arch=c000003e syscall=257 success=yes exit=3 a0=ffffff9c a1=59bbad4a1b10 a2=90800 a3=0 items=1 ppid=1589 pid=1642 auid=1000 uid=0 gid=0 euid=0 suid=0 fsuid=0 egid=0 sgid=0 fsgid=0 tty=pts5 ses=1 comm="bash" exe="/usr/bin/bash" subj=unconfined key="T1156_bash_profile_and_bashrc"ARCH=x86_64 SYSCALL=openat AUID="vboxuser" UID="root" GID="root" EUID="root" SUID="root" FSUID="root" EGID="root" SGID="root" FSGID="root"
type=PATH msg=audit(1772105616.637:2299): item=0 name="/etc/profile.d/" inode=1048649 dev=08:02 mode=040755 ouid=0 ogid=0 rdev=00:00 nametype=NORMAL cap_fp=0 cap_fi=0 cap_fe=0 cap_fver=0 cap_frootid=0OUID="root" OGID="root"
type=PROCTITLE msg=audit(1772105616.637:2299): proctitle="-bash"
type=SYSCALL msg=audit(1772105616.637:2300): arch=c000003e syscall=257 success=yes exit=3 a0=ffffff9c a1=59bbad4a4e50 a2=0 a3=0 items=1 ppid=1589 pid=1642 auid=1000 uid=0 gid=0 euid=0 suid=0 fsuid=0 egid=0 sgid=0 fsgid=0 tty=pts5 ses=1 comm="bash" exe="/usr/bin/bash" subj=unconfined key="T1156_bash_profile_and_bashrc"ARCH=x86_64 SYSCALL=openat AUID="vboxuser" UID="root" GID="root" EUID="root" SUID="root" FSUID="root" EGID="root" SGID="root" FSGID="root"
type=PATH msg=audit(1772105616.637:2300): item=0 name="/etc/profile.d/01-locale-fix.sh" inode=1050043 dev=08:02 mode=0100644 ouid=0 ogid=0 rdev=00:00 nametype=NORMAL cap_fp=0 cap_fi=0 cap_fe=0 cap_fver=0 cap_frootid=0OUID="root" OGID="root"
type=PROCTITLE msg=audit(1772105616.637:2300): proctitle="-bash"
type=SYSCALL msg=audit(1772105616.639:2301): arch=c000003e syscall=59 success=yes exit=0 a0=59bbad4a4640 a1=59bbad4a54f0 a2=59bbad4a4170 a3=8 items=2 ppid=1642 pid=1645 auid=1000 uid=0 gid=0 euid=0 suid=0 fsuid=0 egid=0 sgid=0 fsgid=0 tty=pts5 ses=1 comm="locale-check" exe="/usr/bin/locale-check" subj=unconfined key="T1078_Valid_Accounts"ARCH=x86_64 SYSCALL=execve AUID="vboxuser" UID="root" GID="root" EUID="root" SUID="root" FSUID="root" EGID="root" SGID="root" FSGID="root"
type=EXECVE msg=audit(1772105616.639:2301): argc=2 a0="/usr/bin/locale-check" a1="C.UTF-8"
type=PATH msg=audit(1772105616.639:2301): item=0 name="/usr/bin/locale-check" inode=1442524 dev=08:02 mode=0100755 ouid=0 ogid=0 rdev=00:00 nametype=NORMAL cap_fp=0 cap_fi=0 cap_fe=0 cap_fver=0 cap_frootid=0OUID="root" OGID="root"
type=PATH msg=audit(1772105616.639:2301): item=1 name="/lib64/ld-linux-x86-64.so.2" inode=1481429 dev=08:02 mode=0100755 ouid=0 ogid=0 rdev=00:00 nametype=NORMAL cap_fp=0 cap_fi=0 cap_fe=0 cap_fver=0 cap_frootid=0OUID="root" OGID="root"
type=PROCTITLE msg=audit(1772105616.639:2301): proctitle=2F7573722F62696E2F6C6F63616C652D636865636B00432E5554462D38
type=SYSCALL msg=audit(1772105616.651:2302): arch=c000003e syscall=257 success=yes exit=3 a0=ffffff9c a1=59bbad4a4920 a2=0 a3=0 items=1 ppid=1589 pid=1642 auid=1000 uid=0 gid=0 euid=0 suid=0 fsuid=0 egid=0 sgid=0 fsgid=0 tty=pts5 ses=1 comm="bash" exe="/usr/bin/bash" subj=unconfined key="T1156_bash_profile_and_bashrc"ARCH=x86_64 SYSCALL=openat AUID="vboxuser" UID="root" GID="root" EUID="root" SUID="root" FSUID="root" EGID="root" SGID="root" FSGID="root"
type=PATH msg=audit(1772105616.651:2302): item=0 name="/etc/profile.d/apps-bin-path.sh" inode=1050047 dev=08:02 mode=0100644 ouid=0 ogid=0 rdev=00:00 nametype=NORMAL cap_fp=0 cap_fi=0 cap_fe=0 cap_fver=0 cap_frootid=0OUID="root" OGID="root"
type=PROCTITLE msg=audit(1772105616.651:2302): proctitle="-bash"
type=SYSCALL msg=audit(1772105616.651:2303): arch=c000003e syscall=257 success=yes exit=3 a0=ffffff9c a1=59bbad4a2420 a2=0 a3=0 items=1 ppid=1589 pid=1642 auid=1000 uid=0 gid=0 euid=0 suid=0 fsuid=0 egid=0 sgid=0 fsgid=0 tty=pts5 ses=1 comm="bash" exe="/usr/bin/bash" subj=unconfined key="T1156_bash_profile_and_bashrc"ARCH=x86_64 SYSCALL=openat AUID="vboxuser" UID="root" GID="root" EUID="root" SUID="root" FSUID="root" EGID="root" SGID="root" FSGID="root"
type=PATH msg=audit(1772105616.651:2303): item=0 name="/etc/profile.d/bash_completion.sh" inode=1050048 dev=08:02 mode=0100644 ouid=0 ogid=0 rdev=00:00 nametype=NORMAL cap_fp=0 cap_fi=0 cap_fe=0 cap_fver=0 cap_frootid=0OUID="root" OGID="root"
type=PROCTITLE msg=audit(1772105616.651:2303): proctitle="-bash"
type=SYSCALL msg=audit(1772105616.667:2304): arch=c000003e syscall=257 success=yes exit=3 a0=ffffff9c a1=59bbad4a88a0 a2=0 a3=0 items=1 ppid=1589 pid=1642 auid=1000 uid=0 gid=0 euid=0 suid=0 fsuid=0 egid=0 sgid=0 fsgid=0 tty=pts5 ses=1 comm="bash" exe="/usr/bin/bash" subj=unconfined key="T1156_bash_profile_and_bashrc"ARCH=x86_64 SYSCALL=openat AUID="vboxuser" UID="root" GID="root" EUID="root" SUID="root" FSUID="root" EGID="root" SGID="root" FSGID="root"
type=PATH msg=audit(1772105616.667:2304): item=0 name="/etc/profile.d/gawk.sh" inode=1050050 dev=08:02 mode=0100644 ouid=0 ogid=0 rdev=00:00 nametype=NORMAL cap_fp=0 cap_fi=0 cap_fe=0 cap_fver=0 cap_frootid=0OUID="root" OGID="root"
type=PROCTITLE msg=audit(1772105616.667:2304): proctitle="-bash"
type=SYSCALL msg=audit(1772105616.675:2305): arch=c000003e syscall=257 success=yes exit=3 a0=ffffff9c a1=59bbad4a2c80 a2=0 a3=0 items=1 ppid=1589 pid=1642 auid=1000 uid=0 gid=0 euid=0 suid=0 fsuid=0 egid=0 sgid=0 fsgid=0 tty=pts5 ses=1 comm="bash" exe="/usr/bin/bash" subj=unconfined key="T1156_bash_profile_and_bashrc"ARCH=x86_64 SYSCALL=openat AUID="vboxuser" UID="root" GID="root" EUID="root" SUID="root" FSUID="root" EGID="root" SGID="root" FSGID="root"
type=PATH msg=audit(1772105616.675:2305): item=0 name="/etc/profile.d/Z97-byobu.sh" inode=1050044 dev=08:02 mode=0100644 ouid=0 ogid=0 rdev=00:00 nametype=NORMAL cap_fp=0 cap_fi=0 cap_fe=0 cap_fver=0 cap_frootid=0OUID="root" OGID="root"
type=PROCTITLE msg=audit(1772105616.675:2305): proctitle="-bash"
type=SYSCALL msg=audit(1772105616.676:2306): arch=c000003e syscall=257 success=yes exit=3 a0=ffffff9c a1=59bbad57b650 a2=0 a3=0 items=1 ppid=1589 pid=1642 auid=1000 uid=0 gid=0 euid=0 suid=0 fsuid=0 egid=0 sgid=0 fsgid=0 tty=pts5 ses=1 comm="bash" exe="/usr/bin/bash" subj=unconfined key="T1156_bash_profile_and_bashrc"ARCH=x86_64 SYSCALL=openat AUID="vboxuser" UID="root" GID="root" EUID="root" SUID="root" FSUID="root" EGID="root" SGID="root" FSGID="root"
type=PATH msg=audit(1772105616.676:2306): item=0 name="/etc/profile.d/Z99-cloudinit-warnings.sh" inode=1050046 dev=08:02 mode=0100755 ouid=0 ogid=0 rdev=00:00 nametype=NORMAL cap_fp=0 cap_fi=0 cap_fe=0 cap_fver=0 cap_frootid=0OUID="root" OGID="root"
type=PROCTITLE msg=audit(1772105616.676:2306): proctitle="-bash"
type=SYSCALL msg=audit(1772105616.681:2307): arch=c000003e syscall=257 success=yes exit=3 a0=ffffff9c a1=59bbad4a47c0 a2=0 a3=0 items=1 ppid=1589 pid=1642 auid=1000 uid=0 gid=0 euid=0 suid=0 fsuid=0 egid=0 sgid=0 fsgid=0 tty=pts5 ses=1 comm="bash" exe="/usr/bin/bash" subj=unconfined key="T1156_bash_profile_and_bashrc"ARCH=x86_64 SYSCALL=openat AUID="vboxuser" UID="root" GID="root" EUID="root" SUID="root" FSUID="root" EGID="root" SGID="root" FSGID="root"
type=PATH msg=audit(1772105616.681:2307): item=0 name="/etc/profile.d/Z99-cloud-locale-test.sh" inode=1050045 dev=08:02 mode=0100755 ouid=0 ogid=0 rdev=00:00 nametype=NORMAL cap_fp=0 cap_fi=0 cap_fe=0 cap_fver=0 cap_frootid=0OUID="root" OGID="root"
type=PROCTITLE msg=audit(1772105616.681:2307): proctitle="-bash"
type=SYSCALL msg=audit(1772105616.687:2308): arch=c000003e syscall=59 success=yes exit=0 a0=59bbad5987c0 a1=59bbad4a1af0 a2=59bbad4a00e0 a3=8 items=2 ppid=1642 pid=1646 auid=1000 uid=0 gid=0 euid=0 suid=0 fsuid=0 egid=0 sgid=0 fsgid=0 tty=pts5 ses=1 comm="locale" exe="/usr/bin/locale" subj=unconfined key="T1078_Valid_Accounts"ARCH=x86_64 SYSCALL=execve AUID="vboxuser" UID="root" GID="root" EUID="root" SUID="root" FSUID="root" EGID="root" SGID="root" FSGID="root"
type=EXECVE msg=audit(1772105616.687:2308): argc=1 a0="locale"
type=PATH msg=audit(1772105616.687:2308): item=0 name="/usr/bin/locale" inode=1457156 dev=08:02 mode=0100755 ouid=0 ogid=0 rdev=00:00 nametype=NORMAL cap_fp=0 cap_fi=0 cap_fe=0 cap_fver=0 cap_frootid=0OUID="root" OGID="root"
type=PATH msg=audit(1772105616.687:2308): item=1 name="/lib64/ld-linux-x86-64.so.2" inode=1481429 dev=08:02 mode=0100755 ouid=0 ogid=0 rdev=00:00 nametype=NORMAL cap_fp=0 cap_fi=0 cap_fe=0 cap_fver=0 cap_frootid=0OUID="root" OGID="root"
type=PROCTITLE msg=audit(1772105616.687:2308): proctitle="locale"
type=SYSCALL msg=audit(1772105616.707:2309): arch=c000003e syscall=59 success=yes exit=0 a0=59bbad57b380 a1=59bbad59fc70 a2=59bbad57f5e0 a3=59bbad59fcb0 items=3 ppid=1642 pid=1648 auid=1000 uid=0 gid=0 euid=0 suid=0 fsuid=0 egid=0 sgid=0 fsgid=0 tty=pts5 ses=1 comm="lesspipe" exe="/usr/bin/dash" subj=unconfined key="T1078_Valid_Accounts"ARCH=x86_64 SYSCALL=execve AUID="vboxuser" UID="root" GID="root" EUID="root" SUID="root" FSUID="root" EGID="root" SGID="root" FSGID="root"
type=EXECVE msg=audit(1772105616.707:2309): argc=2 a0="/bin/sh" a1="/usr/bin/lesspipe"
type=PATH msg=audit(1772105616.707:2309): item=0 name="/usr/bin/lesspipe" inode=1442512 dev=08:02 mode=0100755 ouid=0 ogid=0 rdev=00:00 nametype=NORMAL cap_fp=0 cap_fi=0 cap_fe=0 cap_fver=0 cap_frootid=0OUID="root" OGID="root"
type=PATH msg=audit(1772105616.707:2309): item=1 name="/bin/sh" inode=1442345 dev=08:02 mode=0100755 ouid=0 ogid=0 rdev=00:00 nametype=NORMAL cap_fp=0 cap_fi=0 cap_fe=0 cap_fver=0 cap_frootid=0OUID="root" OGID="root"
type=PATH msg=audit(1772105616.707:2309): item=2 name="/lib64/ld-linux-x86-64.so.2" inode=1481429 dev=08:02 mode=0100755 ouid=0 ogid=0 rdev=00:00 nametype=NORMAL cap_fp=0 cap_fi=0 cap_fe=0 cap_fver=0 cap_frootid=0OUID="root" OGID="root"
type=PROCTITLE msg=audit(1772105616.707:2309): proctitle=2F62696E2F7368002F7573722F62696E2F6C65737370697065
type=SYSCALL msg=audit(1772105616.718:2310): arch=c000003e syscall=59 success=yes exit=0 a0=5c65be87f9f8 a1=5c65a2023600 a2=5c65be87f938 a3=1 items=2 ppid=1648 pid=1649 auid=1000 uid=0 gid=0 euid=0 suid=0 fsuid=0 egid=0 sgid=0 fsgid=0 tty=pts5 ses=1 comm="basename" exe="/usr/bin/basename" subj=unconfined key="T1078_Valid_Accounts"ARCH=x86_64 SYSCALL=execve AUID="vboxuser" UID="root" GID="root" EUID="root" SUID="root" FSUID="root" EGID="root" SGID="root" FSGID="root"
type=EXECVE msg=audit(1772105616.718:2310): argc=2 a0="basename" a1="/usr/bin/lesspipe"
type=PATH msg=audit(1772105616.718:2310): item=0 name="/usr/bin/basename" inode=1442258 dev=08:02 mode=0100755 ouid=0 ogid=0 rdev=00:00 nametype=NORMAL cap_fp=0 cap_fi=0 cap_fe=0 cap_fver=0 cap_frootid=0OUID="root" OGID="root"
type=PATH msg=audit(1772105616.718:2310): item=1 name="/lib64/ld-linux-x86-64.so.2" inode=1481429 dev=08:02 mode=0100755 ouid=0 ogid=0 rdev=00:00 nametype=NORMAL cap_fp=0 cap_fi=0 cap_fe=0 cap_fver=0 cap_frootid=0OUID="root" OGID="root"
type=PROCTITLE msg=audit(1772105616.718:2310): proctitle=626173656E616D65002F7573722F62696E2F6C65737370697065
type=SYSCALL msg=audit(1772105616.731:2311): arch=c000003e syscall=59 success=yes exit=0 a0=5c65be88b978 a1=5c65be88b8a0 a2=5c65be88b8b8 a3=1 items=2 ppid=1650 pid=1651 auid=1000 uid=0 gid=0 euid=0 suid=0 fsuid=0 egid=0 sgid=0 fsgid=0 tty=pts5 ses=1 comm="dirname" exe="/usr/bin/dirname" subj=unconfined key="T1078_Valid_Accounts"ARCH=x86_64 SYSCALL=execve AUID="vboxuser" UID="root" GID="root" EUID="root" SUID="root" FSUID="root" EGID="root" SGID="root" FSGID="root"
type=EXECVE msg=audit(1772105616.731:2311): argc=2 a0="dirname" a1="/usr/bin/lesspipe"
type=PATH msg=audit(1772105616.731:2311): item=0 name="/usr/bin/dirname" inode=1442379 dev=08:02 mode=0100755 ouid=0 ogid=0 rdev=00:00 nametype=NORMAL cap_fp=0 cap_fi=0 cap_fe=0 cap_fver=0 cap_frootid=0OUID="root" OGID="root"
type=PATH msg=audit(1772105616.731:2311): item=1 name="/lib64/ld-linux-x86-64.so.2" inode=1481429 dev=08:02 mode=0100755 ouid=0 ogid=0 rdev=00:00 nametype=NORMAL cap_fp=0 cap_fi=0 cap_fe=0 cap_fver=0 cap_frootid=0OUID="root" OGID="root"
type=PROCTITLE msg=audit(1772105616.731:2311): proctitle=6469726E616D65002F7573722F62696E2F6C65737370697065
type=SYSCALL msg=audit(1772105616.742:2312): arch=c000003e syscall=59 success=yes exit=0 a0=59bbad57fb50 a1=59bbad581440 a2=59bbad57f5e0 a3=59bbad581500 items=2 ppid=1642 pid=1652 auid=1000 uid=0 gid=0 euid=0 suid=0 fsuid=0 egid=0 sgid=0 fsgid=0 tty=pts5 ses=1 comm="dircolors" exe="/usr/bin/dircolors" subj=unconfined key="T1078_Valid_Accounts"ARCH=x86_64 SYSCALL=execve AUID="vboxuser" UID="root" GID="root" EUID="root" SUID="root" FSUID="root" EGID="root" SGID="root" FSGID="root"
type=EXECVE msg=audit(1772105616.742:2312): argc=2 a0="dircolors" a1="-b"
type=PATH msg=audit(1772105616.742:2312): item=0 name="/usr/bin/dircolors" inode=1442376 dev=08:02 mode=0100755 ouid=0 ogid=0 rdev=00:00 nametype=NORMAL cap_fp=0 cap_fi=0 cap_fe=0 cap_fver=0 cap_frootid=0OUID="root" OGID="root"
type=PATH msg=audit(1772105616.742:2312): item=1 name="/lib64/ld-linux-x86-64.so.2" inode=1481429 dev=08:02 mode=0100755 ouid=0 ogid=0 rdev=00:00 nametype=NORMAL cap_fp=0 cap_fi=0 cap_fe=0 cap_fver=0 cap_frootid=0OUID="root" OGID="root"
type=PROCTITLE msg=audit(1772105616.742:2312): proctitle=646972636F6C6F7273002D62
type=SYSCALL msg=audit(1772105616.757:2313): arch=c000003e syscall=59 success=yes exit=0 a0=59bbad4a1d00 a1=59bbad4a3550 a2=59bbad57f5e0 a3=59bbad4a8840 items=2 ppid=1642 pid=1653 auid=1000 uid=0 gid=0 euid=0 suid=0 fsuid=0 egid=0 sgid=0 fsgid=0 tty=pts5 ses=1 comm="mesg" exe="/usr/bin/mesg" subj=unconfined key="T1078_Valid_Accounts"ARCH=x86_64 SYSCALL=execve AUID="vboxuser" UID="root" GID="root" EUID="root" SUID="root" FSUID="root" EGID="root" SGID="root" FSGID="root"
type=EXECVE msg=audit(1772105616.757:2313): argc=2 a0="mesg" a1="n"
type=PATH msg=audit(1772105616.757:2313): item=0 name="/usr/bin/mesg" inode=1448478 dev=08:02 mode=0100755 ouid=0 ogid=0 rdev=00:00 nametype=NORMAL cap_fp=0 cap_fi=0 cap_fe=0 cap_fver=0 cap_frootid=0OUID="root" OGID="root"
type=PATH msg=audit(1772105616.757:2313): item=1 name="/lib64/ld-linux-x86-64.so.2" inode=1481429 dev=08:02 mode=0100755 ouid=0 ogid=0 rdev=00:00 nametype=NORMAL cap_fp=0 cap_fi=0 cap_fe=0 cap_fver=0 cap_frootid=0OUID="root" OGID="root"
type=PROCTITLE msg=audit(1772105616.757:2313): proctitle=6D657367006E
type=SYSCALL msg=audit(1772105616.766:2314): arch=c000003e syscall=91 success=yes exit=0 a0=3 a1=2180 a2=0 a3=5df1a4146960 items=1 ppid=1642 pid=1653 auid=1000 uid=0 gid=0 euid=0 suid=0 fsuid=0 egid=0 sgid=0 fsgid=0 tty=pts5 ses=1 comm="mesg" exe="/usr/bin/mesg" subj=unconfined key="T1166_Seuid_and_Setgid"ARCH=x86_64 SYSCALL=fchmod AUID="vboxuser" UID="root" GID="root" EUID="root" SUID="root" FSUID="root" EGID="root" SGID="root" FSGID="root"
type=PATH msg=audit(1772105616.766:2314): item=0 name=(null) inode=8 dev=00:17 mode=020620 ouid=0 ogid=5 rdev=88:05 nametype=NORMAL cap_fp=0 cap_fi=0 cap_fe=0 cap_fver=0 cap_frootid=0OUID="root" OGID="tty"
type=PROCTITLE msg=audit(1772105616.766:2314): proctitle=6D657367006E
type=SYSCALL msg=audit(1772105622.500:2315): arch=c000003e syscall=59 success=yes exit=0 a0=59bbad59f300 a1=59bbad5e1710 a2=59bbad5ed4b0 a3=59bbad5e1710 items=2 ppid=1642 pid=1660 auid=1000 uid=0 gid=0 euid=0 suid=0 fsuid=0 egid=0 sgid=0 fsgid=0 tty=pts5 ses=1 comm="ls" exe="/usr/bin/ls" subj=unconfined key="T1078_Valid_Accounts"ARCH=x86_64 SYSCALL=execve AUID="vboxuser" UID="root" GID="root" EUID="root" SUID="root" FSUID="root" EGID="root" SGID="root" FSGID="root"
type=EXECVE msg=audit(1772105622.500:2315): argc=2 a0="ls" a1="--color=auto"
type=PATH msg=audit(1772105622.500:2315): item=0 name="/usr/bin/ls" inode=1442533 dev=08:02 mode=0100755 ouid=0 ogid=0 rdev=00:00 nametype=NORMAL cap_fp=0 cap_fi=0 cap_fe=0 cap_fver=0 cap_frootid=0OUID="root" OGID="root"
type=PATH msg=audit(1772105622.500:2315): item=1 name="/lib64/ld-linux-x86-64.so.2" inode=1481429 dev=08:02 mode=0100755 ouid=0 ogid=0 rdev=00:00 nametype=NORMAL cap_fp=0 cap_fi=0 cap_fe=0 cap_fver=0 cap_frootid=0OUID="root" OGID="root"
type=PROCTITLE msg=audit(1772105622.500:2315): proctitle=6C73002D2D636F6C6F723D6175746F
type=SYSCALL msg=audit(1772105640.550:2316): arch=c000003e syscall=59 success=yes exit=0 a0=59bbad5e0c00 a1=59bbad59eb80 a2=59bbad5ed4b0 a3=59bbad59eb80 items=2 ppid=1642 pid=1663 auid=1000 uid=0 gid=0 euid=0 suid=0 fsuid=0 egid=0 sgid=0 fsgid=0 tty=pts5 ses=1 comm="ls" exe="/usr/bin/ls" subj=unconfined key="T1078_Valid_Accounts"ARCH=x86_64 SYSCALL=execve AUID="vboxuser" UID="root" GID="root" EUID="root" SUID="root" FSUID="root" EGID="root" SGID="root" FSGID="root"
type=EXECVE msg=audit(1772105640.550:2316): argc=2 a0="ls" a1="--color=auto"
type=PATH msg=audit(1772105640.550:2316): item=0 name="/usr/bin/ls" inode=1442533 dev=08:02 mode=0100755 ouid=0 ogid=0 rdev=00:00 nametype=NORMAL cap_fp=0 cap_fi=0 cap_fe=0 cap_fver=0 cap_frootid=0OUID="root" OGID="root"
type=PATH msg=audit(1772105640.550:2316): item=1 name="/lib64/ld-linux-x86-64.so.2" inode=1481429 dev=08:02 mode=0100755 ouid=0 ogid=0 rdev=00:00 nametype=NORMAL cap_fp=0 cap_fi=0 cap_fe=0 cap_fver=0 cap_frootid=0OUID="root" OGID="root"
type=PROCTITLE msg=audit(1772105640.550:2316): proctitle=6C73002D2D636F6C6F723D6175746F
type=SYSCALL msg=audit(1772105657.862:2317): arch=c000003e syscall=59 success=yes exit=0 a0=59bbad5ee760 a1=59bbad5ecac0 a2=59bbad5ed4b0 a3=59bbad5ecac0 items=2 ppid=1642 pid=1666 auid=1000 uid=0 gid=0 euid=0 suid=0 fsuid=0 egid=0 sgid=0 fsgid=0 tty=pts5 ses=1 comm="mv" exe="/usr/bin/mv" subj=unconfined key="T1078_Valid_Accounts"ARCH=x86_64 SYSCALL=execve AUID="vboxuser" UID="root" GID="root" EUID="root" SUID="root" FSUID="root" EGID="root" SGID="root" FSGID="root"
type=EXECVE msg=audit(1772105657.862:2317): argc=3 a0="mv" a1="version.php.bak" a2="version.php"
type=PATH msg=audit(1772105657.862:2317): item=0 name="/usr/bin/mv" inode=1442584 dev=08:02 mode=0100755 ouid=0 ogid=0 rdev=00:00 nametype=NORMAL cap_fp=0 cap_fi=0 cap_fe=0 cap_fver=0 cap_frootid=0OUID="root" OGID="root"
type=PATH msg=audit(1772105657.862:2317): item=1 name="/lib64/ld-linux-x86-64.so.2" inode=1481429 dev=08:02 mode=0100755 ouid=0 ogid=0 rdev=00:00 nametype=NORMAL cap_fp=0 cap_fi=0 cap_fe=0 cap_fver=0 cap_frootid=0OUID="root" OGID="root"
type=PROCTITLE msg=audit(1772105657.862:2317): proctitle=6D760076657273696F6E2E7068702E62616B0076657273696F6E2E706870
type=SYSCALL msg=audit(1772105659.113:2318): arch=c000003e syscall=59 success=yes exit=0 a0=59bbad5e57e0 a1=59bbad5e6710 a2=59bbad5ed4b0 a3=8 items=2 ppid=1642 pid=1671 auid=1000 uid=0 gid=0 euid=0 suid=0 fsuid=0 egid=0 sgid=0 fsgid=0 tty=pts5 ses=1 comm="grep" exe="/usr/bin/grep" subj=unconfined key="T1078_Valid_Accounts"ARCH=x86_64 SYSCALL=execve AUID="vboxuser" UID="root" GID="root" EUID="root" SUID="root" FSUID="root" EGID="root" SGID="root" FSGID="root"
type=EXECVE msg=audit(1772105659.113:2318): argc=3 a0="grep" a1="-q" a2="function"
type=PATH msg=audit(1772105659.113:2318): item=0 name="/usr/bin/grep" inode=1442450 dev=08:02 mode=0100755 ouid=0 ogid=0 rdev=00:00 nametype=NORMAL cap_fp=0 cap_fi=0 cap_fe=0 cap_fver=0 cap_frootid=0OUID="root" OGID="root"
type=PATH msg=audit(1772105659.113:2318): item=1 name="/lib64/ld-linux-x86-64.so.2" inode=1481429 dev=08:02 mode=0100755 ouid=0 ogid=0 rdev=00:00 nametype=NORMAL cap_fp=0 cap_fi=0 cap_fe=0 cap_fver=0 cap_frootid=0OUID="root" OGID="root"
type=PROCTITLE msg=audit(1772105659.113:2318): proctitle=67726570002D710066756E6374696F6E
type=SYSCALL msg=audit(1772105659.909:2319): arch=c000003e syscall=59 success=yes exit=0 a0=59bbad5e3f10 a1=59bbad5ee6c0 a2=59bbad5ed4b0 a3=59bbad5ee6c0 items=2 ppid=1642 pid=1680 auid=1000 uid=0 gid=0 euid=0 suid=0 fsuid=0 egid=0 sgid=0 fsgid=0 tty=pts5 ses=1 comm="view" exe="/usr/bin/vim.basic" subj=unconfined key="T1078_Valid_Accounts"ARCH=x86_64 SYSCALL=execve AUID="vboxuser" UID="root" GID="root" EUID="root" SUID="root" FSUID="root" EGID="root" SGID="root" FSGID="root"
type=EXECVE msg=audit(1772105659.909:2319): argc=2 a0="view" a1="version.php"
type=PATH msg=audit(1772105659.909:2319): item=0 name="/usr/bin/view" inode=1483710 dev=08:02 mode=0100755 ouid=0 ogid=0 rdev=00:00 nametype=NORMAL cap_fp=0 cap_fi=0 cap_fe=0 cap_fver=0 cap_frootid=0OUID="root" OGID="root"
type=PATH msg=audit(1772105659.909:2319): item=1 name="/lib64/ld-linux-x86-64.so.2" inode=1481429 dev=08:02 mode=0100755 ouid=0 ogid=0 rdev=00:00 nametype=NORMAL cap_fp=0 cap_fi=0 cap_fe=0 cap_fver=0 cap_frootid=0OUID="root" OGID="root"
type=PROCTITLE msg=audit(1772105659.909:2319): proctitle=766965770076657273696F6E2E706870
type=SYSCALL msg=audit(1772105663.296:2320): arch=c000003e syscall=87 success=yes exit=0 a0=5b15466387a0 a1=5b15466387a0 a2=7ffca0ac0040 a3=0 items=2 ppid=1642 pid=1680 auid=1000 uid=0 gid=0 euid=0 suid=0 fsuid=0 egid=0 sgid=0 fsgid=0 tty=pts5 ses=1 comm="view" exe="/usr/bin/vim.basic" subj=unconfined key="T1107_File_Deletion"ARCH=x86_64 SYSCALL=unlink AUID="vboxuser" UID="root" GID="root" EUID="root" SUID="root" FSUID="root" EGID="root" SGID="root" FSGID="root"
type=PATH msg=audit(1772105663.296:2320): item=0 name="/root/" inode=1048578 dev=08:02 mode=040700 ouid=0 ogid=0 rdev=00:00 nametype=PARENT cap_fp=0 cap_fi=0 cap_fe=0 cap_fver=0 cap_frootid=0OUID="root" OGID="root"
type=PATH msg=audit(1772105663.296:2320): item=1 name="/root/.viminfo" inode=1051137 dev=08:02 mode=0100600 ouid=0 ogid=0 rdev=00:00 nametype=DELETE cap_fp=0 cap_fi=0 cap_fe=0 cap_fver=0 cap_frootid=0OUID="root" OGID="root"
type=PROCTITLE msg=audit(1772105663.296:2320): proctitle=766965770076657273696F6E2E706870
type=SYSCALL msg=audit(1772105663.296:2321): arch=c000003e syscall=82 success=yes exit=0 a0=5b1546638740 a1=5b15466387a0 a2=7ffca0ac0040 a3=0 items=4 ppid=1642 pid=1680 auid=1000 uid=0 gid=0 euid=0 suid=0 fsuid=0 egid=0 sgid=0 fsgid=0 tty=pts5 ses=1 comm="view" exe="/usr/bin/vim.basic" subj=unconfined key="T1107_File_Deletion"ARCH=x86_64 SYSCALL=rename AUID="vboxuser" UID="root" GID="root" EUID="root" SUID="root" FSUID="root" EGID="root" SGID="root" FSGID="root"
type=PATH msg=audit(1772105663.296:2321): item=0 name="/root/" inode=1048578 dev=08:02 mode=040700 ouid=0 ogid=0 rdev=00:00 nametype=PARENT cap_fp=0 cap_fi=0 cap_fe=0 cap_fver=0 cap_frootid=0OUID="root" OGID="root"
type=PATH msg=audit(1772105663.296:2321): item=1 name="/root/" inode=1048578 dev=08:02 mode=040700 ouid=0 ogid=0 rdev=00:00 nametype=PARENT cap_fp=0 cap_fi=0 cap_fe=0 cap_fver=0 cap_frootid=0OUID="root" OGID="root"
type=PATH msg=audit(1772105663.296:2321): item=2 name="/root/.viminfo.tmp" inode=1051134 dev=08:02 mode=0100600 ouid=0 ogid=0 rdev=00:00 nametype=DELETE cap_fp=0 cap_fi=0 cap_fe=0 cap_fver=0 cap_frootid=0OUID="root" OGID="root"
type=PATH msg=audit(1772105663.296:2321): item=3 name="/root/.viminfo" inode=1051134 dev=08:02 mode=0100600 ouid=0 ogid=0 rdev=00:00 nametype=CREATE cap_fp=0 cap_fi=0 cap_fe=0 cap_fver=0 cap_frootid=0OUID="root" OGID="root"
type=PROCTITLE msg=audit(1772105663.296:2321): proctitle=766965770076657273696F6E2E706870
type=SYSCALL msg=audit(1772105665.754:2322): arch=c000003e syscall=42 success=yes exit=0 a0=f a1=7ffd209396d0 a2=1d a3=1 items=1 ppid=855 pid=1584 auid=4294967295 uid=33 gid=33 euid=33 suid=33 fsuid=33 egid=33 sgid=33 fsgid=33 tty=(none) ses=4294967295 comm="apache2" exe="/usr/sbin/apache2" subj=unconfined key="T1043_Commonly_Used_Port"ARCH=x86_64 SYSCALL=connect AUID="unset" UID="www-data" GID="www-data" EUID="www-data" SUID="www-data" FSUID="www-data" EGID="www-data" SGID="www-data" FSGID="www-data"
type=SOCKADDR msg=audit(1772105665.754:2322): saddr=01002F7661722F72756E2F6D7973716C642F6D7973716C642E736F636BSADDR={ saddr_fam=local path=/var/run/mysqld/mysqld.sock }
type=PATH msg=audit(1772105665.754:2322): item=0 name="/var/run/mysqld/mysqld.sock" inode=1365 dev=00:18 mode=0140777 ouid=111 ogid=111 rdev=00:00 nametype=NORMAL cap_fp=0 cap_fi=0 cap_fe=0 cap_fver=0 cap_frootid=0OUID="mysql" OGID="mysql"
type=PROCTITLE msg=audit(1772105665.754:2322): proctitle=2F7573722F7362696E2F61706163686532002D6B007374617274
type=SYSCALL msg=audit(1772105669.213:2323): arch=c000003e syscall=42 success=yes exit=0 a0=14 a1=7f14abdffd8c a2=10 a3=7f14abdfc504 items=0 ppid=855 pid=1584 auid=4294967295 uid=33 gid=33 euid=33 suid=33 fsuid=33 egid=33 sgid=33 fsgid=33 tty=(none) ses=4294967295 comm="apache2" exe="/usr/sbin/apache2" subj=unconfined key="T1043_Commonly_Used_Port"ARCH=x86_64 SYSCALL=connect AUID="unset" UID="www-data" GID="www-data" EUID="www-data" SUID="www-data" FSUID="www-data" EGID="www-data" SGID="www-data" FSGID="www-data"
type=SOCKADDR msg=audit(1772105669.213:2323): saddr=020000357F0000350000000000000000SADDR={ saddr_fam=inet laddr=127.0.0.53 lport=53 }
type=PROCTITLE msg=audit(1772105669.213:2323): proctitle=2F7573722F7362696E2F61706163686532002D6B007374617274
type=SYSCALL msg=audit(1772105669.213:2324): arch=c000003e syscall=42 success=yes exit=0 a0=14 a1=7f14abdffd8c a2=10 a3=7f14abdfc504 items=0 ppid=855 pid=1584 auid=4294967295 uid=33 gid=33 euid=33 suid=33 fsuid=33 egid=33 sgid=33 fsgid=33 tty=(none) ses=4294967295 comm="apache2" exe="/usr/sbin/apache2" subj=unconfined key="T1043_Commonly_Used_Port"ARCH=x86_64 SYSCALL=connect AUID="unset" UID="www-data" GID="www-data" EUID="www-data" SUID="www-data" FSUID="www-data" EGID="www-data" SGID="www-data" FSGID="www-data"
type=SOCKADDR msg=audit(1772105669.213:2324): saddr=020000357F0000350000000000000000SADDR={ saddr_fam=inet laddr=127.0.0.53 lport=53 }
type=PROCTITLE msg=audit(1772105669.213:2324): proctitle=2F7573722F7362696E2F61706163686532002D6B007374617274
type=SYSCALL msg=audit(1772105690.233:2325): arch=c000003e syscall=59 success=yes exit=0 a0=6464811baa60 a1=646481173af0 a2=646481074cc0 a3=646481090e70 items=2 ppid=1569 pid=1685 auid=1000 uid=0 gid=0 euid=0 suid=0 fsuid=0 egid=0 sgid=0 fsgid=0 tty=pts3 ses=5 comm="tail" exe="/usr/bin/tail" subj=unconfined key="T1078_Valid_Accounts"ARCH=x86_64 SYSCALL=execve AUID="vboxuser" UID="root" GID="root" EUID="root" SUID="root" FSUID="root" EGID="root" SGID="root" FSGID="root"
type=EXECVE msg=audit(1772105690.233:2325): argc=4 a0="tail" a1="-c" a2="+10421148" a3="/var/www/nextcloud/data/nextcloud.log"
type=PATH msg=audit(1772105690.233:2325): item=0 name="/usr/bin/tail" inode=1442904 dev=08:02 mode=0100755 ouid=0 ogid=0 rdev=00:00 nametype=NORMAL cap_fp=0 cap_fi=0 cap_fe=0 cap_fver=0 cap_frootid=0OUID="root" OGID="root"
type=PATH msg=audit(1772105690.233:2325): item=1 name="/lib64/ld-linux-x86-64.so.2" inode=1481429 dev=08:02 mode=0100755 ouid=0 ogid=0 rdev=00:00 nametype=NORMAL cap_fp=0 cap_fi=0 cap_fe=0 cap_fver=0 cap_frootid=0OUID="root" OGID="root"
type=PROCTITLE msg=audit(1772105690.233:2325): proctitle=7461696C002D63002B3130343231313438002F7661722F7777772F6E657874636C6F75642F646174612F6E657874636C6F75642E6C6F67
type=SYSCALL msg=audit(1772105690.320:2326): arch=c000003e syscall=59 success=yes exit=0 a0=6464811bab20 a1=6464810907d0 a2=646481074cc0 a3=6464811ba5f0 items=2 ppid=1569 pid=1686 auid=1000 uid=0 gid=0 euid=0 suid=0 fsuid=0 egid=0 sgid=0 fsgid=0 tty=pts3 ses=5 comm="tail" exe="/usr/bin/tail" subj=unconfined key="T1078_Valid_Accounts"ARCH=x86_64 SYSCALL=execve AUID="vboxuser" UID="root" GID="root" EUID="root" SUID="root" FSUID="root" EGID="root" SGID="root" FSGID="root"
type=EXECVE msg=audit(1772105690.320:2326): argc=4 a0="tail" a1="-c" a2="+17672" a3="/var/log/syslog"
type=PATH msg=audit(1772105690.320:2326): item=0 name="/usr/bin/tail" inode=1442904 dev=08:02 mode=0100755 ouid=0 ogid=0 rdev=00:00 nametype=NORMAL cap_fp=0 cap_fi=0 cap_fe=0 cap_fver=0 cap_frootid=0OUID="root" OGID="root"
type=PATH msg=audit(1772105690.320:2326): item=1 name="/lib64/ld-linux-x86-64.so.2" inode=1481429 dev=08:02 mode=0100755 ouid=0 ogid=0 rdev=00:00 nametype=NORMAL cap_fp=0 cap_fi=0 cap_fe=0 cap_fver=0 cap_frootid=0OUID="root" OGID="root"
type=PROCTITLE msg=audit(1772105690.320:2326): proctitle=7461696C002D63002B3137363732002F7661722F6C6F672F7379736C6F67
type=SYSCALL msg=audit(1772105690.421:2327): arch=c000003e syscall=59 success=yes exit=0 a0=646481153e90 a1=6464810907d0 a2=646481074cc0 a3=6464811bac20 items=2 ppid=1569 pid=1687 auid=1000 uid=0 gid=0 euid=0 suid=0 fsuid=0 egid=0 sgid=0 fsgid=0 tty=pts3 ses=5 comm="tail" exe="/usr/bin/tail" subj=unconfined key="T1078_Valid_Accounts"ARCH=x86_64 SYSCALL=execve AUID="vboxuser" UID="root" GID="root" EUID="root" SUID="root" FSUID="root" EGID="root" SGID="root" FSGID="root"
type=EXECVE msg=audit(1772105690.421:2327): argc=4 a0="tail" a1="-c" a2="+7005" a3="/var/log/auth.log"
type=PATH msg=audit(1772105690.421:2327): item=0 name="/usr/bin/tail" inode=1442904 dev=08:02 mode=0100755 ouid=0 ogid=0 rdev=00:00 nametype=NORMAL cap_fp=0 cap_fi=0 cap_fe=0 cap_fver=0 cap_frootid=0OUID="root" OGID="root"
type=PATH msg=audit(1772105690.421:2327): item=1 name="/lib64/ld-linux-x86-64.so.2" inode=1481429 dev=08:02 mode=0100755 ouid=0 ogid=0 rdev=00:00 nametype=NORMAL cap_fp=0 cap_fi=0 cap_fe=0 cap_fver=0 cap_frootid=0OUID="root" OGID="root"
type=PROCTITLE msg=audit(1772105690.421:2327): proctitle=7461696C002D63002B37303035002F7661722F6C6F672F617574682E6C6F67
type=SYSCALL msg=audit(1772105690.534:2328): arch=c000003e syscall=59 success=yes exit=0 a0=646481153e50 a1=646481173af0 a2=646481074cc0 a3=6464811bac60 items=2 ppid=1569 pid=1688 auid=1000 uid=0 gid=0 euid=0 suid=0 fsuid=0 egid=0 sgid=0 fsgid=0 tty=pts3 ses=5 comm="tail" exe="/usr/bin/tail" subj=unconfined key="T1078_Valid_Accounts"ARCH=x86_64 SYSCALL=execve AUID="vboxuser" UID="root" GID="root" EUID="root" SUID="root" FSUID="root" EGID="root" SGID="root" FSGID="root"
type=EXECVE msg=audit(1772105690.534:2328): argc=4 a0="tail" a1="-c" a2="+179938505" a3="/var/log/audit/audit.log"
type=PATH msg=audit(1772105690.534:2328): item=0 name="/usr/bin/tail" inode=1442904 dev=08:02 mode=0100755 ouid=0 ogid=0 rdev=00:00 nametype=NORMAL cap_fp=0 cap_fi=0 cap_fe=0 cap_fver=0 cap_frootid=0OUID="root" OGID="root"
type=PATH msg=audit(1772105690.534:2328): item=1 name="/lib64/ld-linux-x86-64.so.2" inode=1481429 dev=08:02 mode=0100755 ouid=0 ogid=0 rdev=00:00 nametype=NORMAL cap_fp=0 cap_fi=0 cap_fe=0 cap_fver=0 cap_frootid=0OUID="root" OGID="root"
type=PROCTITLE msg=audit(1772105690.534:2328): proctitle=7461696C002D63002B313739393338353035002F7661722F6C6F672F61756469742F61756469742E6C6F67
type=SYSCALL msg=audit(1772105690.563:2329): arch=c000003e syscall=257 success=yes exit=3 a0=ffffff9c a1=7ffffcc9d6c3 a2=0 a3=0 items=1 ppid=1569 pid=1688 auid=1000 uid=0 gid=0 euid=0 suid=0 fsuid=0 egid=0 sgid=0 fsgid=0 tty=pts3 ses=5 comm="tail" exe="/usr/bin/tail" subj=unconfined key="auditlog"ARCH=x86_64 SYSCALL=openat AUID="vboxuser" UID="root" GID="root" EUID="root" SUID="root" FSUID="root" EGID="root" SGID="root" FSGID="root"
type=PATH msg=audit(1772105690.563:2329): item=0 name="/var/log/audit/audit.log" inode=659339 dev=08:02 mode=0100640 ouid=0 ogid=4 rdev=00:00 nametype=NORMAL cap_fp=0 cap_fi=0 cap_fe=0 cap_fver=0 cap_frootid=0OUID="root" OGID="adm"
type=PROCTITLE msg=audit(1772105690.563:2329): proctitle=7461696C002D63002B313739393338353035002F7661722F6C6F672F61756469742F61756469742E6C6F67