2026-01-11T22:04:12.715932+00:00 finalArenaServer sudo:     root : TTY=pts/1 ; PWD=/root ; USER=www-data ; COMMAND=/usr/bin/php /var/www/nextcloud/occ app:list
2026-01-11T22:04:12.727083+00:00 finalArenaServer sudo: pam_unix(sudo:session): session opened for user www-data(uid=33) by vboxuser(uid=0)
2026-01-11T22:04:13.937588+00:00 finalArenaServer sudo: pam_unix(sudo:session): session closed for user www-data
2026-01-11T22:04:24.657595+00:00 finalArenaServer sudo:     root : TTY=pts/1 ; PWD=/root ; USER=www-data ; COMMAND=/usr/bin/php /var/www/nextcloud/occ app:disable files
2026-01-11T22:04:24.662340+00:00 finalArenaServer sudo: pam_unix(sudo:session): session opened for user www-data(uid=33) by vboxuser(uid=0)
2026-01-11T22:04:25.141870+00:00 finalArenaServer sudo: pam_unix(sudo:session): session closed for user www-data
2026-01-11T22:05:01.447683+00:00 finalArenaServer CRON[1542]: pam_unix(cron:session): session opened for user root(uid=0) by root(uid=0)
2026-01-11T22:05:01.456650+00:00 finalArenaServer CRON[1542]: pam_unix(cron:session): session closed for user root
2026-01-11T22:05:18.539759+00:00 finalArenaServer sudo:     root : TTY=pts/1 ; PWD=/root ; USER=www-data ; COMMAND=/usr/bin/php /var/www/nextcloud/occ maintenance:repair
2026-01-11T22:05:18.541518+00:00 finalArenaServer sudo: pam_unix(sudo:session): session opened for user www-data(uid=33) by vboxuser(uid=0)
2026-01-11T22:05:20.312132+00:00 finalArenaServer sudo: pam_unix(sudo:session): session closed for user www-data
2026-01-11T22:05:31.400373+00:00 finalArenaServer sudo:     root : TTY=pts/1 ; PWD=/root ; USER=www-data ; COMMAND=/usr/bin/php /var/www/nextcloud/occ app:check files
2026-01-11T22:05:31.411053+00:00 finalArenaServer sudo: pam_unix(sudo:session): session opened for user www-data(uid=33) by vboxuser(uid=0)
2026-01-11T22:05:31.918783+00:00 finalArenaServer sudo: pam_unix(sudo:session): session closed for user www-data
2026-01-11T22:05:43.067456+00:00 finalArenaServer sudo:     root : TTY=pts/1 ; PWD=/root ; USER=www-data ; COMMAND=/usr/bin/php /var/www/nextcloud/occ integrity:check-app files
2026-01-11T22:05:43.080514+00:00 finalArenaServer sudo: pam_unix(sudo:session): session opened for user www-data(uid=33) by vboxuser(uid=0)
2026-01-11T22:05:43.836195+00:00 finalArenaServer sudo: pam_unix(sudo:session): session closed for user www-data
2026-01-11T22:06:09.791145+00:00 finalArenaServer sudo:     root : TTY=pts/1 ; PWD=/root ; USER=www-data ; COMMAND=/usr/bin/php /var/www/nextcloud/occ app:update files
2026-01-11T22:06:09.801915+00:00 finalArenaServer sudo: pam_unix(sudo:session): session opened for user www-data(uid=33) by vboxuser(uid=0)
2026-01-11T22:06:14.584693+00:00 finalArenaServer sudo: pam_unix(sudo:session): session closed for user www-data
2026-01-11T22:06:26.081849+00:00 finalArenaServer sudo:     root : TTY=pts/1 ; PWD=/root ; USER=www-data ; COMMAND=/usr/bin/php /var/www/nextcloud/occ app:remove files
2026-01-11T22:06:26.087621+00:00 finalArenaServer sudo: pam_unix(sudo:session): session opened for user www-data(uid=33) by vboxuser(uid=0)
2026-01-11T22:06:26.577048+00:00 finalArenaServer sudo: pam_unix(sudo:session): session closed for user www-data
2026-01-11T22:08:26.880565+00:00 finalArenaServer sudo:     root : TTY=pts/1 ; PWD=/root ; USER=www-data ; COMMAND=/usr/bin/php /var/www/nextcloud/occ integrity:check-app files
2026-01-11T22:08:26.882842+00:00 finalArenaServer sudo: pam_unix(sudo:session): session opened for user www-data(uid=33) by vboxuser(uid=0)
2026-01-11T22:08:27.601023+00:00 finalArenaServer sudo: pam_unix(sudo:session): session closed for user www-data
2026-01-11T22:08:38.205857+00:00 finalArenaServer sudo:     root : TTY=pts/1 ; PWD=/root ; USER=root ; COMMAND=/usr/bin/systemctl restart apache2
2026-01-11T22:08:38.222839+00:00 finalArenaServer sudo: pam_unix(sudo:session): session opened for user root(uid=0) by vboxuser(uid=0)
2026-01-11T22:08:39.069125+00:00 finalArenaServer sudo: pam_unix(sudo:session): session closed for user root
2026-01-11T22:09:01.537194+00:00 finalArenaServer CRON[1668]: pam_unix(cron:session): session opened for user root(uid=0) by root(uid=0)
2026-01-11T22:09:01.542790+00:00 finalArenaServer CRON[1668]: pam_unix(cron:session): session closed for user root