2026-01-11T21:59:00.816956+00:00 finalArenaServer systemd-resolved[450]: Clock change detected. Flushing caches.
2026-01-11T21:59:00.817102+00:00 finalArenaServer systemd-timesyncd[453]: Contacted time server 86.59.113.124:123 (2.ubuntu.pool.ntp.org).
2026-01-11T21:59:00.817135+00:00 finalArenaServer systemd-timesyncd[453]: Initial clock synchronization to Sun 2026-01-11 21:59:00.816006 UTC.
2026-01-11T21:59:02.264578+00:00 finalArenaServer systemd[1]: systemd-timedated.service: Deactivated successfully.
2026-01-11T21:59:24.628266+00:00 finalArenaServer kernel: workqueue: drm_fb_helper_damage_work hogged CPU for >10000us 4 times, consider switching to WQ_UNBOUND
2026-01-11T21:59:33.423392+00:00 finalArenaServer kernel: workqueue: drm_fb_helper_damage_work hogged CPU for >10000us 8 times, consider switching to WQ_UNBOUND
2026-01-11T21:59:42.171628+00:00 finalArenaServer kernel: workqueue: e1000_watchdog [e1000] hogged CPU for >10000us 8 times, consider switching to WQ_UNBOUND
2026-01-11T21:59:43.251805+00:00 finalArenaServer kernel: workqueue: drm_fb_helper_damage_work hogged CPU for >10000us 16 times, consider switching to WQ_UNBOUND
2026-01-11T22:00:06.741630+00:00 finalArenaServer kernel: workqueue: e1000_watchdog [e1000] hogged CPU for >10000us 16 times, consider switching to WQ_UNBOUND
2026-01-11T22:00:06.838277+00:00 finalArenaServer systemd[1]: Starting sysstat-collect.service - system activity accounting tool...
2026-01-11T22:00:06.916897+00:00 finalArenaServer systemd[1]: sysstat-collect.service: Deactivated successfully.
2026-01-11T22:00:06.917096+00:00 finalArenaServer systemd[1]: Finished sysstat-collect.service - system activity accounting tool.
2026-01-11T22:00:22.655185+00:00 finalArenaServer kernel: workqueue: drm_fb_helper_damage_work hogged CPU for >10000us 32 times, consider switching to WQ_UNBOUND
2026-01-11T22:00:59.960765+00:00 finalArenaServer kernel: workqueue: drm_fb_helper_damage_work hogged CPU for >10000us 64 times, consider switching to WQ_UNBOUND
2026-01-11T22:01:22.440319+00:00 finalArenaServer kernel: workqueue: ata_sff_pio_task hogged CPU for >10000us 4 times, consider switching to WQ_UNBOUND
2026-01-11T22:01:30.965758+00:00 finalArenaServer kernel: workqueue: e1000_watchdog [e1000] hogged CPU for >10000us 32 times, consider switching to WQ_UNBOUND
2026-01-11T22:02:27.103098+00:00 finalArenaServer kernel: workqueue: ata_sff_pio_task hogged CPU for >10000us 8 times, consider switching to WQ_UNBOUND
2026-01-11T22:02:30.711244+00:00 finalArenaServer kernel: workqueue: drm_fb_helper_damage_work hogged CPU for >10000us 128 times, consider switching to WQ_UNBOUND
2026-01-11T22:03:27.263224+00:00 finalArenaServer systemd[1]: Starting update-notifier-download.service - Download data for packages that failed at package install time...
2026-01-11T22:03:27.451897+00:00 finalArenaServer systemd[1]: update-notifier-download.service: Deactivated successfully.
2026-01-11T22:03:27.452162+00:00 finalArenaServer systemd[1]: Finished update-notifier-download.service - Download data for packages that failed at package install time.
2026-01-11T22:04:17.557833+00:00 finalArenaServer systemd[1206]: launchpadlib-cache-clean.service - Clean up old files in the Launchpadlib cache was skipped because of an unmet condition check (ConditionPathExists=/home/vboxuser/.launchpadlib/api.launchpad.net/cache).
2026-01-11T22:04:17.632082+00:00 finalArenaServer kernel: workqueue: blk_mq_requeue_work hogged CPU for >10000us 4 times, consider switching to WQ_UNBOUND
2026-01-11T22:04:17.850614+00:00 finalArenaServer kernel: workqueue: blk_mq_run_work_fn hogged CPU for >10000us 16 times, consider switching to WQ_UNBOUND
2026-01-11T22:04:30.800189+00:00 finalArenaServer kernel: workqueue: ata_sff_pio_task hogged CPU for >10000us 16 times, consider switching to WQ_UNBOUND
2026-01-11T22:05:01.448369+00:00 finalArenaServer CRON[1543]: (root) CMD (command -v debian-sa1 > /dev/null && debian-sa1 1 1)
2026-01-11T22:06:15.149130+00:00 finalArenaServer kernel: workqueue: drm_fb_helper_damage_work hogged CPU for >10000us 256 times, consider switching to WQ_UNBOUND
2026-01-11T22:07:09.435319+00:00 finalArenaServer kernel: workqueue: e1000_watchdog [e1000] hogged CPU for >10000us 64 times, consider switching to WQ_UNBOUND
2026-01-11T22:07:53.679659+00:00 finalArenaServer kernel: workqueue: ata_sff_pio_task hogged CPU for >10000us 32 times, consider switching to WQ_UNBOUND
2026-01-11T22:07:53.778233+00:00 finalArenaServer systemd[1]: Starting fwupd-refresh.service - Refresh fwupd metadata and update motd...
2026-01-11T22:07:53.891839+00:00 finalArenaServer dbus-daemon[623]: [system] Activating via systemd: service name='org.freedesktop.fwupd' unit='fwupd.service' requested by ':1.19' (uid=989 pid=1578 comm="/usr/bin/fwupdmgr refresh" label="unconfined")
2026-01-11T22:07:53.898927+00:00 finalArenaServer systemd[1]: Starting fwupd.service - Firmware update daemon...
2026-01-11T22:07:54.168866+00:00 finalArenaServer dbus-daemon[623]: [system] Activating via systemd: service name='org.freedesktop.UPower' unit='upower.service' requested by ':1.20' (uid=0 pid=1583 comm="/usr/libexec/fwupd/fwupd" label="unconfined")
2026-01-11T22:07:54.183705+00:00 finalArenaServer systemd[1]: Starting upower.service - Daemon for power management...
2026-01-11T22:07:54.344506+00:00 finalArenaServer dbus-daemon[623]: [system] Successfully activated service 'org.freedesktop.UPower'
2026-01-11T22:07:54.347353+00:00 finalArenaServer systemd[1]: Started upower.service - Daemon for power management.
2026-01-11T22:07:54.456397+00:00 finalArenaServer fwupd[1583]: 22:07:54.455 FuEngine             failed to add device /sys/devices/pci0000:00/0000:00:01.1/ata2/host1/target1:0:0/1:0:0:0/block/sr0: failed to open /dev/sr0: No medium found
2026-01-11T22:07:54.531007+00:00 finalArenaServer fwupd[1583]: 22:07:54.530 FuMain               fwupd 1.9.30 ready for requests (locale en_US.UTF-8)
2026-01-11T22:07:54.533017+00:00 finalArenaServer dbus-daemon[623]: [system] Successfully activated service 'org.freedesktop.fwupd'
2026-01-11T22:07:54.533716+00:00 finalArenaServer systemd[1]: Started fwupd.service - Firmware update daemon.
2026-01-11T22:07:54.553020+00:00 finalArenaServer fwupdmgr[1578]: Updating lvfs
2026-01-11T22:07:58.090931+00:00 finalArenaServer fwupdmgr[1578]: Successfully downloaded new metadata: 0 local devices supported
2026-01-11T22:07:58.096250+00:00 finalArenaServer systemd[1]: fwupd-refresh.service: Deactivated successfully.
2026-01-11T22:07:58.097101+00:00 finalArenaServer systemd[1]: Finished fwupd-refresh.service - Refresh fwupd metadata and update motd.
2026-01-11T22:07:59.064192+00:00 finalArenaServer kernel: workqueue: blk_mq_run_work_fn hogged CPU for >10000us 32 times, consider switching to WQ_UNBOUND
2026-01-11T22:08:38.293115+00:00 finalArenaServer systemd[1]: Stopping apache2.service - The Apache HTTP Server...
2026-01-11T22:08:38.586670+00:00 finalArenaServer apachectl[1639]: AH00558: apache2: Could not reliably determine the server's fully qualified domain name, using fd17:625c:f037:2:a00:27ff:fe3f:3739. Set the 'ServerName' directive globally to suppress this message
2026-01-11T22:08:38.768535+00:00 finalArenaServer systemd[1]: apache2.service: Killing process 1476 (apache2) with signal SIGKILL.
2026-01-11T22:08:38.782644+00:00 finalArenaServer systemd[1]: apache2.service: Deactivated successfully.
2026-01-11T22:08:38.783041+00:00 finalArenaServer systemd[1]: Stopped apache2.service - The Apache HTTP Server.
2026-01-11T22:08:38.785126+00:00 finalArenaServer systemd[1]: apache2.service: Consumed 14.486s CPU time.
2026-01-11T22:08:38.795777+00:00 finalArenaServer systemd[1]: Starting apache2.service - The Apache HTTP Server...
2026-01-11T22:08:39.010286+00:00 finalArenaServer apachectl[1645]: AH00558: apache2: Could not reliably determine the server's fully qualified domain name, using fd17:625c:f037:2:a00:27ff:fe3f:3739. Set the 'ServerName' directive globally to suppress this message
2026-01-11T22:08:39.043534+00:00 finalArenaServer systemd[1]: Started apache2.service - The Apache HTTP Server.
2026-01-11T22:09:01.539758+00:00 finalArenaServer CRON[1669]: (root) CMD (  [ -x /usr/lib/php/sessionclean ] && if [ ! -d /run/systemd/system ]; then /usr/lib/php/sessionclean; fi)
2026-01-11T22:09:01.552379+00:00 finalArenaServer systemd[1]: Starting phpsessionclean.service - Clean php session files...
2026-01-11T22:09:01.899850+00:00 finalArenaServer systemd[1]: phpsessionclean.service: Deactivated successfully.
2026-01-11T22:09:01.900960+00:00 finalArenaServer systemd[1]: Finished phpsessionclean.service - Clean php session files.
2026-01-11T22:09:07.816932+00:00 finalArenaServer systemd[1]: Starting apt-daily-upgrade.service - Daily apt upgrade and clean activities...
2026-01-11T22:09:08.044752+00:00 finalArenaServer systemd[1]: apt-daily-upgrade.service: Deactivated successfully.
2026-01-11T22:09:08.045160+00:00 finalArenaServer systemd[1]: Finished apt-daily-upgrade.service - Daily apt upgrade and clean activities.