2025-12-17T13:42:04.524908+00:00 finalArenaServer systemd[1]: session-1.scope: Deactivated successfully.
2025-12-17T13:42:04.526472+00:00 finalArenaServer systemd[1]: session-1.scope: Consumed 5.982s CPU time.
2025-12-17T13:42:11.946498+00:00 finalArenaServer systemd-resolved[478]: Clock change detected. Flushing caches.
2025-12-17T13:42:11.946823+00:00 finalArenaServer systemd-timesyncd[483]: Contacted time server 37.252.189.117:123 (2.ubuntu.pool.ntp.org).
2025-12-17T13:42:11.946920+00:00 finalArenaServer systemd-timesyncd[483]: Initial clock synchronization to Wed 2025-12-17 13:42:11.941203 UTC.
2025-12-17T13:42:13.131004+00:00 finalArenaServer systemd[1]: systemd-hostnamed.service: Deactivated successfully.
2025-12-17T13:42:16.719013+00:00 finalArenaServer systemd[1]: Started session-4.scope - Session 4 of User vboxuser.
2025-12-17T13:42:17.061662+00:00 finalArenaServer systemd[1]: systemd-timedated.service: Deactivated successfully.
2025-12-17T13:42:46.434873+00:00 finalArenaServer kernel: workqueue: drm_fb_helper_damage_work hogged CPU for >10000us 4 times, consider switching to WQ_UNBOUND
2025-12-17T13:42:53.750994+00:00 finalArenaServer kernel: workqueue: e1000_watchdog [e1000] hogged CPU for >10000us 4 times, consider switching to WQ_UNBOUND
2025-12-17T13:44:24.073238+00:00 finalArenaServer kernel: workqueue: e1000_watchdog [e1000] hogged CPU for >10000us 8 times, consider switching to WQ_UNBOUND
2025-12-17T13:44:25.462369+00:00 finalArenaServer kernel: workqueue: drm_fb_helper_damage_work hogged CPU for >10000us 8 times, consider switching to WQ_UNBOUND
2025-12-17T13:44:40.253039+00:00 finalArenaServer kernel: workqueue: e1000_watchdog [e1000] hogged CPU for >10000us 16 times, consider switching to WQ_UNBOUND
2025-12-17T13:45:01.170084+00:00 finalArenaServer CRON[1499]: (root) CMD (command -v debian-sa1 > /dev/null && debian-sa1 1 1)
2025-12-17T13:46:00.331304+00:00 finalArenaServer kernel: workqueue: drm_fb_helper_damage_work hogged CPU for >10000us 16 times, consider switching to WQ_UNBOUND
2025-12-17T13:46:40.196749+00:00 finalArenaServer systemd[1]: Starting update-notifier-download.service - Download data for packages that failed at package install time...
2025-12-17T13:46:41.904245+00:00 finalArenaServer systemd[1]: update-notifier-download.service: Deactivated successfully.
2025-12-17T13:46:41.906827+00:00 finalArenaServer systemd[1]: Finished update-notifier-download.service - Download data for packages that failed at package install time.
2025-12-17T13:46:41.907056+00:00 finalArenaServer systemd[1]: update-notifier-download.service: Consumed 1.277s CPU time.
2025-12-17T13:47:10.384438+00:00 finalArenaServer systemd[1149]: launchpadlib-cache-clean.service - Clean up old files in the Launchpadlib cache was skipped because of an unmet condition check (ConditionPathExists=/home/vboxuser/.launchpadlib/api.launchpad.net/cache).
2025-12-17T13:47:13.020439+00:00 finalArenaServer kernel: workqueue: blk_mq_run_work_fn hogged CPU for >10000us 32 times, consider switching to WQ_UNBOUND
2025-12-17T13:47:29.362343+00:00 finalArenaServer systemd[1]: Stopping apache2.service - The Apache HTTP Server...
2025-12-17T13:47:29.493387+00:00 finalArenaServer apachectl[1600]: AH00558: apache2: Could not reliably determine the server's fully qualified domain name, using fd17:625c:f037:2:a00:27ff:fe3f:3739. Set the 'ServerName' directive globally to suppress this message
2025-12-17T13:47:29.628143+00:00 finalArenaServer systemd[1]: apache2.service: Killing process 1280 (apache2) with signal SIGKILL.
2025-12-17T13:47:29.642232+00:00 finalArenaServer systemd[1]: apache2.service: Deactivated successfully.
2025-12-17T13:47:29.646791+00:00 finalArenaServer systemd[1]: Stopped apache2.service - The Apache HTTP Server.
2025-12-17T13:47:29.647139+00:00 finalArenaServer systemd[1]: apache2.service: Consumed 8.676s CPU time, 113.7M memory peak, 0B memory swap peak.
2025-12-17T13:47:29.674046+00:00 finalArenaServer systemd[1]: Starting apache2.service - The Apache HTTP Server...
2025-12-17T13:47:29.773029+00:00 finalArenaServer apachectl[1607]: AH00558: apache2: Could not reliably determine the server's fully qualified domain name, using fd17:625c:f037:2:a00:27ff:fe3f:3739. Set the 'ServerName' directive globally to suppress this message
2025-12-17T13:47:29.806122+00:00 finalArenaServer systemd[1]: Started apache2.service - The Apache HTTP Server.
2025-12-17T13:48:05.249419+00:00 finalArenaServer kernel: workqueue: e1000_watchdog [e1000] hogged CPU for >10000us 32 times, consider switching to WQ_UNBOUND
2025-12-17T13:50:12.903517+00:00 finalArenaServer systemd[1]: Starting sysstat-collect.service - system activity accounting tool...
2025-12-17T13:50:12.961084+00:00 finalArenaServer systemd[1]: sysstat-collect.service: Deactivated successfully.
2025-12-17T13:50:12.961235+00:00 finalArenaServer systemd[1]: Finished sysstat-collect.service - system activity accounting tool.