2025-12-16T12:54:56.349941+00:00 finalArenaServer mariadbd[866]: 2025-12-16 12:54:56 34 [Warning] Access denied for user 'nc_user'@'localhost'
2025-12-16T12:54:56.367704+00:00 finalArenaServer mariadbd[866]: 2025-12-16 12:54:56 35 [Warning] Access denied for user 'nc_user'@'localhost'
2025-12-16T12:54:56.377892+00:00 finalArenaServer mariadbd[866]: 2025-12-16 12:54:56 36 [Warning] Access denied for user 'nc_user'@'localhost'
2025-12-16T12:54:56.380525+00:00 finalArenaServer mariadbd[866]: 2025-12-16 12:54:56 37 [Warning] Access denied for user 'nc_user'@'localhost'
2025-12-16T12:54:56.382613+00:00 finalArenaServer mariadbd[866]: 2025-12-16 12:54:56 38 [Warning] Access denied for user 'nc_user'@'localhost'
2025-12-16T12:54:56.383143+00:00 finalArenaServer mariadbd[866]: 2025-12-16 12:54:56 39 [Warning] Access denied for user 'nc_user'@'localhost'
2025-12-16T12:54:56.386823+00:00 finalArenaServer mariadbd[866]: 2025-12-16 12:54:56 40 [Warning] Access denied for user 'nc_user'@'localhost'
2025-12-16T12:54:56.388754+00:00 finalArenaServer mariadbd[866]: 2025-12-16 12:54:56 41 [Warning] Access denied for user 'nc_user'@'localhost'
2025-12-16T12:54:56.428333+00:00 finalArenaServer mariadbd[866]: 2025-12-16 12:54:56 42 [Warning] Access denied for user 'nc_user'@'localhost'
2025-12-16T12:54:56.430117+00:00 finalArenaServer mariadbd[866]: 2025-12-16 12:54:56 43 [Warning] Access denied for user 'nc_user'@'localhost'
2025-12-16T12:54:56.433827+00:00 finalArenaServer mariadbd[866]: 2025-12-16 12:54:56 44 [Warning] Access denied for user 'nc_user'@'localhost'
2025-12-16T12:54:56.433918+00:00 finalArenaServer mariadbd[866]: 2025-12-16 12:54:56 45 [Warning] Access denied for user 'nc_user'@'localhost'
2025-12-16T12:54:56.445030+00:00 finalArenaServer mariadbd[866]: 2025-12-16 12:54:56 46 [Warning] Access denied for user 'nc_user'@'localhost'
2025-12-16T12:54:56.446114+00:00 finalArenaServer mariadbd[866]: 2025-12-16 12:54:56 47 [Warning] Access denied for user 'nc_user'@'localhost'
2025-12-16T12:54:56.479778+00:00 finalArenaServer mariadbd[866]: 2025-12-16 12:54:56 48 [Warning] Access denied for user 'nc_user'@'localhost'
2025-12-16T12:54:56.481171+00:00 finalArenaServer mariadbd[866]: 2025-12-16 12:54:56 49 [Warning] Access denied for user 'nc_user'@'localhost'
2025-12-16T12:55:01.839576+00:00 finalArenaServer CRON[1433]: (root) CMD (command -v debian-sa1 > /dev/null && debian-sa1 1 1)
2025-12-16T12:55:32.493614+00:00 finalArenaServer mariadbd[866]: 2025-12-16 12:55:32 50 [Warning] Access denied for user 'nc_user'@'localhost'
2025-12-16T12:55:32.495804+00:00 finalArenaServer mariadbd[866]: 2025-12-16 12:55:32 51 [Warning] Access denied for user 'nc_user'@'localhost'
2025-12-16T12:55:32.496702+00:00 finalArenaServer mariadbd[866]: 2025-12-16 12:55:32 52 [Warning] Access denied for user 'nc_user'@'localhost'
2025-12-16T12:55:32.496954+00:00 finalArenaServer mariadbd[866]: 2025-12-16 12:55:32 53 [Warning] Access denied for user 'nc_user'@'localhost'
2025-12-16T12:55:32.497651+00:00 finalArenaServer mariadbd[866]: 2025-12-16 12:55:32 54 [Warning] Access denied for user 'nc_user'@'localhost'
2025-12-16T12:55:32.497677+00:00 finalArenaServer mariadbd[866]: 2025-12-16 12:55:32 55 [Warning] Access denied for user 'nc_user'@'localhost'
2025-12-16T12:55:32.498085+00:00 finalArenaServer mariadbd[866]: 2025-12-16 12:55:32 56 [Warning] Access denied for user 'nc_user'@'localhost'
2025-12-16T12:55:32.498932+00:00 finalArenaServer mariadbd[866]: 2025-12-16 12:55:32 57 [Warning] Access denied for user 'nc_user'@'localhost'
2025-12-16T12:55:32.500443+00:00 finalArenaServer mariadbd[866]: 2025-12-16 12:55:32 58 [Warning] Access denied for user 'nc_user'@'localhost'
2025-12-16T12:55:32.500846+00:00 finalArenaServer mariadbd[866]: 2025-12-16 12:55:32 59 [Warning] Access denied for user 'nc_user'@'localhost'
2025-12-16T12:55:32.501480+00:00 finalArenaServer mariadbd[866]: 2025-12-16 12:55:32 60 [Warning] Access denied for user 'nc_user'@'localhost'
2025-12-16T12:55:32.501912+00:00 finalArenaServer mariadbd[866]: 2025-12-16 12:55:32 61 [Warning] Access denied for user 'nc_user'@'localhost'
2025-12-16T12:55:32.504047+00:00 finalArenaServer mariadbd[866]: 2025-12-16 12:55:32 62 [Warning] Access denied for user 'nc_user'@'localhost'
2025-12-16T12:55:32.504104+00:00 finalArenaServer mariadbd[866]: 2025-12-16 12:55:32 63 [Warning] Access denied for user 'nc_user'@'localhost'
2025-12-16T12:55:32.506811+00:00 finalArenaServer mariadbd[866]: 2025-12-16 12:55:32 64 [Warning] Access denied for user 'nc_user'@'localhost'
2025-12-16T12:55:32.507533+00:00 finalArenaServer mariadbd[866]: 2025-12-16 12:55:32 65 [Warning] Access denied for user 'nc_user'@'localhost'
2025-12-16T12:57:35.450536+00:00 finalArenaServer mariadbd[866]: 2025-12-16 12:57:35 66 [Warning] Access denied for user 'nc_app'@'localhost'
2025-12-16T12:57:35.451278+00:00 finalArenaServer mariadbd[866]: 2025-12-16 12:57:35 67 [Warning] Access denied for user 'nc_app'@'localhost'
2025-12-16T12:57:35.452067+00:00 finalArenaServer mariadbd[866]: 2025-12-16 12:57:35 68 [Warning] Access denied for user 'nc_app'@'localhost'
2025-12-16T12:57:35.452802+00:00 finalArenaServer mariadbd[866]: 2025-12-16 12:57:35 69 [Warning] Access denied for user 'nc_app'@'localhost'
2025-12-16T12:57:35.454154+00:00 finalArenaServer mariadbd[866]: 2025-12-16 12:57:35 70 [Warning] Access denied for user 'nc_app'@'localhost'
2025-12-16T12:57:35.454793+00:00 finalArenaServer mariadbd[866]: 2025-12-16 12:57:35 71 [Warning] Access denied for user 'nc_app'@'localhost'
2025-12-16T12:57:35.455160+00:00 finalArenaServer mariadbd[866]: 2025-12-16 12:57:35 72 [Warning] Access denied for user 'nc_app'@'localhost'
2025-12-16T12:57:35.455723+00:00 finalArenaServer mariadbd[866]: 2025-12-16 12:57:35 73 [Warning] Access denied for user 'nc_app'@'localhost'
2025-12-16T12:57:35.457402+00:00 finalArenaServer mariadbd[866]: 2025-12-16 12:57:35 74 [Warning] Access denied for user 'nc_app'@'localhost'
2025-12-16T12:57:35.457788+00:00 finalArenaServer mariadbd[866]: 2025-12-16 12:57:35 75 [Warning] Access denied for user 'nc_app'@'localhost'
2025-12-16T12:57:35.458957+00:00 finalArenaServer mariadbd[866]: 2025-12-16 12:57:35 76 [Warning] Access denied for user 'nc_app'@'localhost'
2025-12-16T12:57:35.459633+00:00 finalArenaServer mariadbd[866]: 2025-12-16 12:57:35 77 [Warning] Access denied for user 'nc_app'@'localhost'
2025-12-16T12:57:35.461902+00:00 finalArenaServer mariadbd[866]: 2025-12-16 12:57:35 78 [Warning] Access denied for user 'nc_app'@'localhost'
2025-12-16T12:57:35.464710+00:00 finalArenaServer mariadbd[866]: 2025-12-16 12:57:35 79 [Warning] Access denied for user 'nc_app'@'localhost'
2025-12-16T12:57:35.469686+00:00 finalArenaServer mariadbd[866]: 2025-12-16 12:57:35 80 [Warning] Access denied for user 'nc_app'@'localhost'
2025-12-16T12:57:35.471932+00:00 finalArenaServer mariadbd[866]: 2025-12-16 12:57:35 81 [Warning] Access denied for user 'nc_app'@'localhost'
2025-12-16T12:57:38.077938+00:00 finalArenaServer mariadbd[866]: 2025-12-16 12:57:38 82 [Warning] Access denied for user 'nc_app'@'localhost'
2025-12-16T12:57:38.078801+00:00 finalArenaServer mariadbd[866]: 2025-12-16 12:57:38 83 [Warning] Access denied for user 'nc_app'@'localhost'
2025-12-16T12:57:38.079848+00:00 finalArenaServer mariadbd[866]: 2025-12-16 12:57:38 84 [Warning] Access denied for user 'nc_app'@'localhost'
2025-12-16T12:57:38.080845+00:00 finalArenaServer mariadbd[866]: 2025-12-16 12:57:38 85 [Warning] Access denied for user 'nc_app'@'localhost'
2025-12-16T12:57:38.081723+00:00 finalArenaServer mariadbd[866]: 2025-12-16 12:57:38 86 [Warning] Access denied for user 'nc_app'@'localhost'
2025-12-16T12:57:38.082559+00:00 finalArenaServer mariadbd[866]: 2025-12-16 12:57:38 87 [Warning] Access denied for user 'nc_app'@'localhost'
2025-12-16T12:57:38.083845+00:00 finalArenaServer mariadbd[866]: 2025-12-16 12:57:38 88 [Warning] Access denied for user 'nc_app'@'localhost'
2025-12-16T12:57:38.084880+00:00 finalArenaServer mariadbd[866]: 2025-12-16 12:57:38 89 [Warning] Access denied for user 'nc_app'@'localhost'
2025-12-16T12:57:38.086703+00:00 finalArenaServer mariadbd[866]: 2025-12-16 12:57:38 90 [Warning] Access denied for user 'nc_app'@'localhost'
2025-12-16T12:57:38.087533+00:00 finalArenaServer mariadbd[866]: 2025-12-16 12:57:38 91 [Warning] Access denied for user 'nc_app'@'localhost'
2025-12-16T12:57:38.088051+00:00 finalArenaServer mariadbd[866]: 2025-12-16 12:57:38 92 [Warning] Access denied for user 'nc_app'@'localhost'
2025-12-16T12:57:38.089012+00:00 finalArenaServer mariadbd[866]: 2025-12-16 12:57:38 93 [Warning] Access denied for user 'nc_app'@'localhost'
2025-12-16T12:57:38.090643+00:00 finalArenaServer mariadbd[866]: 2025-12-16 12:57:38 94 [Warning] Access denied for user 'nc_app'@'localhost'
2025-12-16T12:57:38.091834+00:00 finalArenaServer mariadbd[866]: 2025-12-16 12:57:38 95 [Warning] Access denied for user 'nc_app'@'localhost'
2025-12-16T12:57:38.093207+00:00 finalArenaServer mariadbd[866]: 2025-12-16 12:57:38 96 [Warning] Access denied for user 'nc_app'@'localhost'
2025-12-16T12:57:38.093243+00:00 finalArenaServer mariadbd[866]: 2025-12-16 12:57:38 97 [Warning] Access denied for user 'nc_app'@'localhost'
2025-12-16T12:57:43.609258+00:00 finalArenaServer mariadbd[866]: 2025-12-16 12:57:43 98 [Warning] Access denied for user 'nc_app'@'localhost'
2025-12-16T12:57:43.610103+00:00 finalArenaServer mariadbd[866]: 2025-12-16 12:57:43 99 [Warning] Access denied for user 'nc_app'@'localhost'
2025-12-16T12:57:43.610188+00:00 finalArenaServer mariadbd[866]: 2025-12-16 12:57:43 100 [Warning] Access denied for user 'nc_app'@'localhost'
2025-12-16T12:57:43.610258+00:00 finalArenaServer mariadbd[866]: 2025-12-16 12:57:43 101 [Warning] Access denied for user 'nc_app'@'localhost'
2025-12-16T12:57:43.610323+00:00 finalArenaServer mariadbd[866]: 2025-12-16 12:57:43 102 [Warning] Access denied for user 'nc_app'@'localhost'
2025-12-16T12:57:43.610389+00:00 finalArenaServer mariadbd[866]: 2025-12-16 12:57:43 103 [Warning] Access denied for user 'nc_app'@'localhost'
2025-12-16T12:57:43.610481+00:00 finalArenaServer mariadbd[866]: 2025-12-16 12:57:43 104 [Warning] Access denied for user 'nc_app'@'localhost'
2025-12-16T12:57:43.610562+00:00 finalArenaServer mariadbd[866]: 2025-12-16 12:57:43 105 [Warning] Access denied for user 'nc_app'@'localhost'
2025-12-16T12:57:43.612009+00:00 finalArenaServer mariadbd[866]: 2025-12-16 12:57:43 106 [Warning] Access denied for user 'nc_app'@'localhost'
2025-12-16T12:57:43.612387+00:00 finalArenaServer mariadbd[866]: 2025-12-16 12:57:43 107 [Warning] Access denied for user 'nc_app'@'localhost'
2025-12-16T12:57:43.613207+00:00 finalArenaServer mariadbd[866]: 2025-12-16 12:57:43 108 [Warning] Access denied for user 'nc_app'@'localhost'
2025-12-16T12:57:43.613775+00:00 finalArenaServer mariadbd[866]: 2025-12-16 12:57:43 109 [Warning] Access denied for user 'nc_app'@'localhost'
2025-12-16T12:57:43.614884+00:00 finalArenaServer mariadbd[866]: 2025-12-16 12:57:43 110 [Warning] Access denied for user 'nc_app'@'localhost'
2025-12-16T12:57:43.615934+00:00 finalArenaServer mariadbd[866]: 2025-12-16 12:57:43 111 [Warning] Access denied for user 'nc_app'@'localhost'
2025-12-16T12:57:43.618553+00:00 finalArenaServer mariadbd[866]: 2025-12-16 12:57:43 112 [Warning] Access denied for user 'nc_app'@'localhost'
2025-12-16T12:57:43.619559+00:00 finalArenaServer mariadbd[866]: 2025-12-16 12:57:43 113 [Warning] Access denied for user 'nc_app'@'localhost'
2025-12-16T12:58:04.556912+00:00 finalArenaServer mariadbd[866]: 2025-12-16 12:58:04 114 [Warning] Access denied for user 'nc_app'@'localhost'
2025-12-16T12:58:04.557571+00:00 finalArenaServer mariadbd[866]: 2025-12-16 12:58:04 115 [Warning] Access denied for user 'nc_app'@'localhost'
2025-12-16T12:58:04.559126+00:00 finalArenaServer mariadbd[866]: 2025-12-16 12:58:04 116 [Warning] Access denied for user 'nc_app'@'localhost'
2025-12-16T12:58:04.560287+00:00 finalArenaServer mariadbd[866]: 2025-12-16 12:58:04 117 [Warning] Access denied for user 'nc_app'@'localhost'
2025-12-16T12:58:04.560735+00:00 finalArenaServer mariadbd[866]: 2025-12-16 12:58:04 118 [Warning] Access denied for user 'nc_app'@'localhost'
2025-12-16T12:58:04.561562+00:00 finalArenaServer mariadbd[866]: 2025-12-16 12:58:04 119 [Warning] Access denied for user 'nc_app'@'localhost'
2025-12-16T12:58:04.562588+00:00 finalArenaServer mariadbd[866]: 2025-12-16 12:58:04 120 [Warning] Access denied for user 'nc_app'@'localhost'
2025-12-16T12:58:04.562671+00:00 finalArenaServer mariadbd[866]: 2025-12-16 12:58:04 121 [Warning] Access denied for user 'nc_app'@'localhost'
2025-12-16T12:58:04.564537+00:00 finalArenaServer mariadbd[866]: 2025-12-16 12:58:04 122 [Warning] Access denied for user 'nc_app'@'localhost'
2025-12-16T12:58:04.565038+00:00 finalArenaServer mariadbd[866]: 2025-12-16 12:58:04 123 [Warning] Access denied for user 'nc_app'@'localhost'
2025-12-16T12:58:04.565803+00:00 finalArenaServer mariadbd[866]: 2025-12-16 12:58:04 124 [Warning] Access denied for user 'nc_app'@'localhost'
2025-12-16T12:58:04.566246+00:00 finalArenaServer mariadbd[866]: 2025-12-16 12:58:04 125 [Warning] Access denied for user 'nc_app'@'localhost'
2025-12-16T12:58:04.567921+00:00 finalArenaServer mariadbd[866]: 2025-12-16 12:58:04 126 [Warning] Access denied for user 'nc_app'@'localhost'
2025-12-16T12:58:04.568979+00:00 finalArenaServer mariadbd[866]: 2025-12-16 12:58:04 127 [Warning] Access denied for user 'nc_app'@'localhost'
2025-12-16T12:58:04.571345+00:00 finalArenaServer mariadbd[866]: 2025-12-16 12:58:04 128 [Warning] Access denied for user 'nc_app'@'localhost'
2025-12-16T12:58:04.572409+00:00 finalArenaServer mariadbd[866]: 2025-12-16 12:58:04 129 [Warning] Access denied for user 'nc_app'@'localhost'
2025-12-16T12:58:17.897258+00:00 finalArenaServer systemd[1]: Starting update-notifier-download.service - Download data for packages that failed at package install time...
2025-12-16T12:58:18.046562+00:00 finalArenaServer systemd[1]: update-notifier-download.service: Deactivated successfully.
2025-12-16T12:58:18.047014+00:00 finalArenaServer systemd[1]: Finished update-notifier-download.service - Download data for packages that failed at package install time.
2025-12-16T12:59:25.717905+00:00 finalArenaServer systemd[1100]: launchpadlib-cache-clean.service - Clean up old files in the Launchpadlib cache was skipped because of an unmet condition check (ConditionPathExists=/home/vboxuser/.launchpadlib/api.launchpad.net/cache).
2025-12-16T13:00:01.080381+00:00 finalArenaServer mariadbd[866]: 2025-12-16 13:00:01 130 [Warning] Access denied for user 'nc_app'@'localhost'
2025-12-16T13:00:01.082812+00:00 finalArenaServer mariadbd[866]: 2025-12-16 13:00:01 131 [Warning] Access denied for user 'nc_app'@'localhost'
2025-12-16T13:00:01.084788+00:00 finalArenaServer mariadbd[866]: 2025-12-16 13:00:01 132 [Warning] Access denied for user 'nc_app'@'localhost'
2025-12-16T13:00:01.086227+00:00 finalArenaServer mariadbd[866]: 2025-12-16 13:00:01 133 [Warning] Access denied for user 'nc_app'@'localhost'
2025-12-16T13:00:01.087399+00:00 finalArenaServer mariadbd[866]: 2025-12-16 13:00:01 134 [Warning] Access denied for user 'nc_app'@'localhost'
2025-12-16T13:00:01.087871+00:00 finalArenaServer mariadbd[866]: 2025-12-16 13:00:01 135 [Warning] Access denied for user 'nc_app'@'localhost'
2025-12-16T13:00:01.088689+00:00 finalArenaServer mariadbd[866]: 2025-12-16 13:00:01 136 [Warning] Access denied for user 'nc_app'@'localhost'
2025-12-16T13:00:01.089049+00:00 finalArenaServer mariadbd[866]: 2025-12-16 13:00:01 137 [Warning] Access denied for user 'nc_app'@'localhost'
2025-12-16T13:00:01.090254+00:00 finalArenaServer mariadbd[866]: 2025-12-16 13:00:01 138 [Warning] Access denied for user 'nc_app'@'localhost'
2025-12-16T13:00:01.090684+00:00 finalArenaServer mariadbd[866]: 2025-12-16 13:00:01 139 [Warning] Access denied for user 'nc_app'@'localhost'
2025-12-16T13:00:01.091576+00:00 finalArenaServer mariadbd[866]: 2025-12-16 13:00:01 140 [Warning] Access denied for user 'nc_app'@'localhost'
2025-12-16T13:00:01.091668+00:00 finalArenaServer mariadbd[866]: 2025-12-16 13:00:01 141 [Warning] Access denied for user 'nc_app'@'localhost'
2025-12-16T13:00:01.093934+00:00 finalArenaServer mariadbd[866]: 2025-12-16 13:00:01 142 [Warning] Access denied for user 'nc_app'@'localhost'
2025-12-16T13:00:01.094669+00:00 finalArenaServer mariadbd[866]: 2025-12-16 13:00:01 143 [Warning] Access denied for user 'nc_app'@'localhost'
2025-12-16T13:00:01.096794+00:00 finalArenaServer mariadbd[866]: 2025-12-16 13:00:01 144 [Warning] Access denied for user 'nc_app'@'localhost'
2025-12-16T13:00:01.097923+00:00 finalArenaServer mariadbd[866]: 2025-12-16 13:00:01 145 [Warning] Access denied for user 'nc_app'@'localhost'
2025-12-16T13:00:15.724903+00:00 finalArenaServer systemd[1]: Starting sysstat-collect.service - system activity accounting tool...
2025-12-16T13:00:15.746695+00:00 finalArenaServer systemd[1]: sysstat-collect.service: Deactivated successfully.
2025-12-16T13:00:15.746821+00:00 finalArenaServer systemd[1]: Finished sysstat-collect.service - system activity accounting tool.
2025-12-16T13:00:16.035422+00:00 finalArenaServer mariadbd[866]: 2025-12-16 13:00:16 146 [Warning] Access denied for user 'nc_app'@'localhost'
2025-12-16T13:00:16.037992+00:00 finalArenaServer mariadbd[866]: 2025-12-16 13:00:16 147 [Warning] Access denied for user 'nc_app'@'localhost'
2025-12-16T13:00:16.038586+00:00 finalArenaServer mariadbd[866]: 2025-12-16 13:00:16 148 [Warning] Access denied for user 'nc_app'@'localhost'
2025-12-16T13:00:16.039930+00:00 finalArenaServer mariadbd[866]: 2025-12-16 13:00:16 149 [Warning] Access denied for user 'nc_app'@'localhost'
2025-12-16T13:00:16.040784+00:00 finalArenaServer mariadbd[866]: 2025-12-16 13:00:16 150 [Warning] Access denied for user 'nc_app'@'localhost'
2025-12-16T13:00:16.041661+00:00 finalArenaServer mariadbd[866]: 2025-12-16 13:00:16 151 [Warning] Access denied for user 'nc_app'@'localhost'
2025-12-16T13:00:16.042601+00:00 finalArenaServer mariadbd[866]: 2025-12-16 13:00:16 152 [Warning] Access denied for user 'nc_app'@'localhost'
2025-12-16T13:00:16.043552+00:00 finalArenaServer mariadbd[866]: 2025-12-16 13:00:16 153 [Warning] Access denied for user 'nc_app'@'localhost'
2025-12-16T13:00:16.044833+00:00 finalArenaServer mariadbd[866]: 2025-12-16 13:00:16 154 [Warning] Access denied for user 'nc_app'@'localhost'
2025-12-16T13:00:16.045602+00:00 finalArenaServer mariadbd[866]: 2025-12-16 13:00:16 155 [Warning] Access denied for user 'nc_app'@'localhost'
2025-12-16T13:00:16.046649+00:00 finalArenaServer mariadbd[866]: 2025-12-16 13:00:16 156 [Warning] Access denied for user 'nc_app'@'localhost'
2025-12-16T13:00:16.047680+00:00 finalArenaServer mariadbd[866]: 2025-12-16 13:00:16 157 [Warning] Access denied for user 'nc_app'@'localhost'
2025-12-16T13:00:16.049131+00:00 finalArenaServer mariadbd[866]: 2025-12-16 13:00:16 158 [Warning] Access denied for user 'nc_app'@'localhost'
2025-12-16T13:00:16.050845+00:00 finalArenaServer mariadbd[866]: 2025-12-16 13:00:16 159 [Warning] Access denied for user 'nc_app'@'localhost'
2025-12-16T13:00:16.053260+00:00 finalArenaServer mariadbd[866]: 2025-12-16 13:00:16 160 [Warning] Access denied for user 'nc_app'@'localhost'
2025-12-16T13:00:16.054347+00:00 finalArenaServer mariadbd[866]: 2025-12-16 13:00:16 161 [Warning] Access denied for user 'nc_app'@'localhost'
2025-12-16T13:01:21.725055+00:00 finalArenaServer systemd[1]: Starting fwupd-refresh.service - Refresh fwupd metadata and update motd...
2025-12-16T13:01:21.813111+00:00 finalArenaServer dbus-daemon[620]: [system] Activating via systemd: service name='org.freedesktop.fwupd' unit='fwupd.service' requested by ':1.21' (uid=989 pid=1748 comm="/usr/bin/fwupdmgr refresh" label="unconfined")
2025-12-16T13:01:21.827251+00:00 finalArenaServer systemd[1]: Starting fwupd.service - Firmware update daemon...
2025-12-16T13:01:22.103587+00:00 finalArenaServer dbus-daemon[620]: [system] Activating via systemd: service name='org.freedesktop.UPower' unit='upower.service' requested by ':1.22' (uid=0 pid=1753 comm="/usr/libexec/fwupd/fwupd" label="unconfined")
2025-12-16T13:01:22.114565+00:00 finalArenaServer systemd[1]: Starting upower.service - Daemon for power management...
2025-12-16T13:01:22.259187+00:00 finalArenaServer dbus-daemon[620]: [system] Successfully activated service 'org.freedesktop.UPower'
2025-12-16T13:01:22.259252+00:00 finalArenaServer systemd[1]: Started upower.service - Daemon for power management.
2025-12-16T13:01:22.352889+00:00 finalArenaServer fwupd[1753]: 13:01:22.352 FuEngine             failed to add device /sys/devices/pci0000:00/0000:00:01.1/ata2/host1/target1:0:0/1:0:0:0/block/sr0: failed to open /dev/sr0: No medium found
2025-12-16T13:01:22.402096+00:00 finalArenaServer fwupd[1753]: 13:01:22.401 FuMain               fwupd 1.9.30 ready for requests (locale en_US.UTF-8)
2025-12-16T13:01:22.403052+00:00 finalArenaServer dbus-daemon[620]: [system] Successfully activated service 'org.freedesktop.fwupd'
2025-12-16T13:01:22.403798+00:00 finalArenaServer systemd[1]: Started fwupd.service - Firmware update daemon.
2025-12-16T13:01:22.414871+00:00 finalArenaServer fwupdmgr[1748]: Updating lvfs
2025-12-16T13:01:25.381241+00:00 finalArenaServer fwupdmgr[1748]: Successfully downloaded new metadata: 0 local devices supported
2025-12-16T13:01:25.385541+00:00 finalArenaServer systemd[1]: fwupd-refresh.service: Deactivated successfully.
2025-12-16T13:01:25.385609+00:00 finalArenaServer systemd[1]: Finished fwupd-refresh.service - Refresh fwupd metadata and update motd.
2025-12-16T13:01:50.567909+00:00 finalArenaServer mariadbd[866]: 2025-12-16 13:01:50 162 [Warning] Access denied for user 'nc_app'@'localhost'
2025-12-16T13:01:50.570420+00:00 finalArenaServer mariadbd[866]: 2025-12-16 13:01:50 163 [Warning] Access denied for user 'nc_app'@'localhost'
2025-12-16T13:01:50.571685+00:00 finalArenaServer mariadbd[866]: 2025-12-16 13:01:50 164 [Warning] Access denied for user 'nc_app'@'localhost'
2025-12-16T13:01:50.572451+00:00 finalArenaServer mariadbd[866]: 2025-12-16 13:01:50 165 [Warning] Access denied for user 'nc_app'@'localhost'
2025-12-16T13:01:50.573584+00:00 finalArenaServer mariadbd[866]: 2025-12-16 13:01:50 166 [Warning] Access denied for user 'nc_app'@'localhost'
2025-12-16T13:01:50.574551+00:00 finalArenaServer mariadbd[866]: 2025-12-16 13:01:50 167 [Warning] Access denied for user 'nc_app'@'localhost'
2025-12-16T13:01:50.574814+00:00 finalArenaServer mariadbd[866]: 2025-12-16 13:01:50 168 [Warning] Access denied for user 'nc_app'@'localhost'
2025-12-16T13:01:50.575124+00:00 finalArenaServer mariadbd[866]: 2025-12-16 13:01:50 169 [Warning] Access denied for user 'nc_app'@'localhost'
2025-12-16T13:01:50.576965+00:00 finalArenaServer mariadbd[866]: 2025-12-16 13:01:50 170 [Warning] Access denied for user 'nc_app'@'localhost'
2025-12-16T13:01:50.577788+00:00 finalArenaServer mariadbd[866]: 2025-12-16 13:01:50 171 [Warning] Access denied for user 'nc_app'@'localhost'
2025-12-16T13:01:50.578816+00:00 finalArenaServer mariadbd[866]: 2025-12-16 13:01:50 172 [Warning] Access denied for user 'nc_app'@'localhost'
2025-12-16T13:01:50.579045+00:00 finalArenaServer mariadbd[866]: 2025-12-16 13:01:50 173 [Warning] Access denied for user 'nc_app'@'localhost'
2025-12-16T13:01:50.581205+00:00 finalArenaServer mariadbd[866]: 2025-12-16 13:01:50 174 [Warning] Access denied for user 'nc_app'@'localhost'
2025-12-16T13:01:50.583021+00:00 finalArenaServer mariadbd[866]: 2025-12-16 13:01:50 175 [Warning] Access denied for user 'nc_app'@'localhost'
2025-12-16T13:01:50.586511+00:00 finalArenaServer mariadbd[866]: 2025-12-16 13:01:50 176 [Warning] Access denied for user 'nc_app'@'localhost'
2025-12-16T13:01:50.591528+00:00 finalArenaServer mariadbd[866]: 2025-12-16 13:01:50 177 [Warning] Access denied for user 'nc_app'@'localhost'
2025-12-16T13:01:53.269883+00:00 finalArenaServer mariadbd[866]: 2025-12-16 13:01:53 178 [Warning] Access denied for user 'nc_app'@'localhost'
2025-12-16T13:01:53.271009+00:00 finalArenaServer mariadbd[866]: 2025-12-16 13:01:53 179 [Warning] Access denied for user 'nc_app'@'localhost'
2025-12-16T13:01:53.271790+00:00 finalArenaServer mariadbd[866]: 2025-12-16 13:01:53 180 [Warning] Access denied for user 'nc_app'@'localhost'
2025-12-16T13:01:53.272771+00:00 finalArenaServer mariadbd[866]: 2025-12-16 13:01:53 181 [Warning] Access denied for user 'nc_app'@'localhost'
2025-12-16T13:01:53.273617+00:00 finalArenaServer mariadbd[866]: 2025-12-16 13:01:53 182 [Warning] Access denied for user 'nc_app'@'localhost'
2025-12-16T13:01:53.274638+00:00 finalArenaServer mariadbd[866]: 2025-12-16 13:01:53 183 [Warning] Access denied for user 'nc_app'@'localhost'
2025-12-16T13:01:53.275615+00:00 finalArenaServer mariadbd[866]: 2025-12-16 13:01:53 184 [Warning] Access denied for user 'nc_app'@'localhost'
2025-12-16T13:01:53.276937+00:00 finalArenaServer mariadbd[866]: 2025-12-16 13:01:53 185 [Warning] Access denied for user 'nc_app'@'localhost'
2025-12-16T13:01:53.280375+00:00 finalArenaServer mariadbd[866]: 2025-12-16 13:01:53 186 [Warning] Access denied for user 'nc_app'@'localhost'
2025-12-16T13:01:53.282987+00:00 finalArenaServer mariadbd[866]: 2025-12-16 13:01:53 187 [Warning] Access denied for user 'nc_app'@'localhost'
2025-12-16T13:01:53.284901+00:00 finalArenaServer mariadbd[866]: 2025-12-16 13:01:53 188 [Warning] Access denied for user 'nc_app'@'localhost'
2025-12-16T13:01:53.286949+00:00 finalArenaServer mariadbd[866]: 2025-12-16 13:01:53 189 [Warning] Access denied for user 'nc_app'@'localhost'
2025-12-16T13:01:53.289558+00:00 finalArenaServer mariadbd[866]: 2025-12-16 13:01:53 190 [Warning] Access denied for user 'nc_app'@'localhost'
2025-12-16T13:01:53.290190+00:00 finalArenaServer mariadbd[866]: 2025-12-16 13:01:53 191 [Warning] Access denied for user 'nc_app'@'localhost'
2025-12-16T13:01:53.293528+00:00 finalArenaServer mariadbd[866]: 2025-12-16 13:01:53 192 [Warning] Access denied for user 'nc_app'@'localhost'
2025-12-16T13:01:53.296922+00:00 finalArenaServer mariadbd[866]: 2025-12-16 13:01:53 193 [Warning] Access denied for user 'nc_app'@'localhost'
2025-12-16T13:05:01.901091+00:00 finalArenaServer CRON[1834]: (root) CMD (command -v debian-sa1 > /dev/null && debian-sa1 1 1)