2026-02-26T13:49:46.695253+00:00 arena-wp mariadbd[1001]: 2026-02-26 13:49:46 34 [Warning] Access denied for user 'wp_admin'@'localhost' (using password: YES)
2026-02-26T13:49:48.906377+00:00 arena-wp kernel: workqueue: blk_mq_run_work_fn hogged CPU for >10000us 32 times, consider switching to WQ_UNBOUND
2026-02-26T13:50:23.137370+00:00 arena-wp mariadbd[1001]: 2026-02-26 13:50:23 35 [Warning] Access denied for user 'wp_admin'@'localhost' (using password: YES)
2026-02-26T13:50:23.626741+00:00 arena-wp systemd[1]: Starting sysstat-collect.service - system activity accounting tool...
2026-02-26T13:50:23.688084+00:00 arena-wp systemd[1]: sysstat-collect.service: Deactivated successfully.
2026-02-26T13:50:23.688720+00:00 arena-wp systemd[1]: Finished sysstat-collect.service - system activity accounting tool.
2026-02-26T13:50:28.395054+00:00 arena-wp kernel: workqueue: e1000_watchdog [e1000] hogged CPU for >10000us 8 times, consider switching to WQ_UNBOUND
2026-02-26T13:50:46.238996+00:00 arena-wp kernel: workqueue: drm_fb_helper_damage_work hogged CPU for >10000us 16 times, consider switching to WQ_UNBOUND
2026-02-26T13:50:50.936746+00:00 arena-wp kernel: workqueue: e1000_watchdog [e1000] hogged CPU for >10000us 16 times, consider switching to WQ_UNBOUND
2026-02-26T13:53:24.804174+00:00 arena-wp systemd[1]: Starting update-notifier-download.service - Download data for packages that failed at package install time...
2026-02-26T13:53:25.227486+00:00 arena-wp systemd[1]: update-notifier-download.service: Deactivated successfully.
2026-02-26T13:53:25.235758+00:00 arena-wp systemd[1]: Finished update-notifier-download.service - Download data for packages that failed at package install time.
2026-02-26T13:53:43.488655+00:00 arena-wp mariadbd[1001]: 2026-02-26 13:53:43 36 [Warning] Access denied for user 'wp_admin'@'localhost' (using password: YES)
2026-02-26T13:54:15.917766+00:00 arena-wp kernel: workqueue: drm_fb_helper_damage_work hogged CPU for >10000us 32 times, consider switching to WQ_UNBOUND
2026-02-26T13:54:44.446499+00:00 arena-wp systemd[1035]: launchpadlib-cache-clean.service - Clean up old files in the Launchpadlib cache was skipped because of an unmet condition check (ConditionPathExists=/home/vboxuser/.launchpadlib/api.launchpad.net/cache).
2026-02-26T13:55:01.451120+00:00 arena-wp CRON[1612]: (root) CMD (command -v debian-sa1 > /dev/null && debian-sa1 1 1)
2026-02-26T13:57:36.753242+00:00 arena-wp kernel: workqueue: ata_sff_pio_task hogged CPU for >10000us 4 times, consider switching to WQ_UNBOUND
2026-02-26T13:59:33.415273+00:00 arena-wp kernel: hrtimer: interrupt took 13333563 ns
2026-02-26T13:59:33.415311+00:00 arena-wp kernel: workqueue: e1000_watchdog [e1000] hogged CPU for >10000us 32 times, consider switching to WQ_UNBOUND
2026-02-26T13:59:38.289634+00:00 arena-wp kernel: workqueue: drm_fb_helper_damage_work hogged CPU for >10000us 64 times, consider switching to WQ_UNBOUND
2026-02-26T13:59:44.142384+00:00 arena-wp systemd[1]: Starting fwupd-refresh.service - Refresh fwupd metadata and update motd...
2026-02-26T13:59:44.468409+00:00 arena-wp dbus-daemon[621]: [system] Activating via systemd: service name='org.freedesktop.fwupd' unit='fwupd.service' requested by ':1.21' (uid=989 pid=1623 comm="/usr/bin/fwupdmgr refresh" label="unconfined")
2026-02-26T13:59:44.493193+00:00 arena-wp systemd[1]: Starting fwupd.service - Firmware update daemon...
2026-02-26T13:59:45.979496+00:00 arena-wp dbus-daemon[621]: [system] Activating via systemd: service name='org.freedesktop.UPower' unit='upower.service' requested by ':1.22' (uid=0 pid=1628 comm="/usr/libexec/fwupd/fwupd" label="unconfined")
2026-02-26T13:59:46.059249+00:00 arena-wp systemd[1]: Starting upower.service - Daemon for power management...
2026-02-26T13:59:46.819166+00:00 arena-wp dbus-daemon[621]: [system] Successfully activated service 'org.freedesktop.UPower'
2026-02-26T13:59:46.820323+00:00 arena-wp systemd[1]: Started upower.service - Daemon for power management.
2026-02-26T13:59:47.088684+00:00 arena-wp fwupd[1628]: 13:59:47.086 FuEngine             failed to add device /sys/devices/pci0000:00/0000:00:01.1/ata2/host1/target1:0:0/1:0:0:0/block/sr0: failed to open /dev/sr0: No medium found
2026-02-26T13:59:47.270701+00:00 arena-wp fwupd[1628]: 13:59:47.270 FuMain               fwupd 1.9.30 ready for requests (locale en_US.UTF-8)
2026-02-26T13:59:47.277758+00:00 arena-wp dbus-daemon[621]: [system] Successfully activated service 'org.freedesktop.fwupd'
2026-02-26T13:59:47.278593+00:00 arena-wp systemd[1]: Started fwupd.service - Firmware update daemon.
2026-02-26T13:59:47.396617+00:00 arena-wp fwupdmgr[1623]: Updating lvfs
2026-02-26T13:59:47.409166+00:00 arena-wp systemd-resolved[455]: Grace period over, resuming full feature set (UDP+EDNS0) for DNS server 10.0.2.3.
2026-02-26T13:59:59.548630+00:00 arena-wp fwupdmgr[1623]: Successfully downloaded new metadata: 0 local devices supported
2026-02-26T13:59:59.566136+00:00 arena-wp systemd[1]: fwupd-refresh.service: Deactivated successfully.
2026-02-26T13:59:59.566285+00:00 arena-wp systemd[1]: Finished fwupd-refresh.service - Refresh fwupd metadata and update motd.
2026-02-26T13:59:59.567940+00:00 arena-wp systemd[1]: fwupd-refresh.service: Consumed 1.077s CPU time.
2026-02-26T14:00:23.944519+00:00 arena-wp systemd[1]: Starting sysstat-collect.service - system activity accounting tool...
2026-02-26T14:00:23.973958+00:00 arena-wp systemd[1]: sysstat-collect.service: Deactivated successfully.
2026-02-26T14:00:23.976390+00:00 arena-wp systemd[1]: Finished sysstat-collect.service - system activity accounting tool.
2026-02-26T14:00:29.969064+00:00 arena-wp mariadbd[1001]: 2026-02-26 14:00:29 38 [Warning] Access denied for user 'wp_admin'@'localhost' to database 'wordpress'
2026-02-26T14:01:03.193770+00:00 arena-wp mariadbd[1001]: 2026-02-26 14:01:03 40 [Warning] Access denied for user 'wp_admin'@'localhost' (using password: YES)
2026-02-26T14:01:20.195843+00:00 arena-wp mariadbd[1001]: 2026-02-26 14:01:20 41 [Warning] Access denied for user 'wp_admin'@'localhost' to database 'wordpress'
2026-02-26T14:01:32.920457+00:00 arena-wp systemd[1]: Stopping mariadb.service - MariaDB 10.11.13 database server...
2026-02-26T14:01:32.923275+00:00 arena-wp mariadbd[1001]: 2026-02-26 14:01:32 0 [Note] /usr/sbin/mariadbd (initiated by: unknown): Normal shutdown
2026-02-26T14:01:32.934847+00:00 arena-wp mariadbd[1001]: 2026-02-26 14:01:32 0 [Note] InnoDB: FTS optimize thread exiting.
2026-02-26T14:01:33.078270+00:00 arena-wp mariadbd[1001]: 2026-02-26 14:01:33 0 [Note] InnoDB: Starting shutdown...
2026-02-26T14:01:33.096587+00:00 arena-wp mariadbd[1001]: 2026-02-26 14:01:33 0 [Note] InnoDB: Dumping buffer pool(s) to /var/lib/mysql/ib_buffer_pool
2026-02-26T14:01:33.099789+00:00 arena-wp mariadbd[1001]: 2026-02-26 14:01:33 0 [Note] InnoDB: Buffer pool(s) dump completed at 260226 14:01:33
2026-02-26T14:01:36.928618+00:00 arena-wp kernel: workqueue: blk_mq_requeue_work hogged CPU for >10000us 4 times, consider switching to WQ_UNBOUND
2026-02-26T14:01:42.609612+00:00 arena-wp mariadbd[1001]: 2026-02-26 14:01:42 0 [Note] InnoDB: Removed temporary tablespace data file: "./ibtmp1"
2026-02-26T14:01:42.613035+00:00 arena-wp mariadbd[1001]: 2026-02-26 14:01:42 0 [Note] InnoDB: Shutdown completed; log sequence number 6373131; transaction id 10175
2026-02-26T14:01:42.653504+00:00 arena-wp mariadbd[1001]: 2026-02-26 14:01:42 0 [Note] /usr/sbin/mariadbd: Shutdown complete
2026-02-26T14:01:42.671990+00:00 arena-wp systemd[1]: mariadb.service: Deactivated successfully.
2026-02-26T14:01:42.677515+00:00 arena-wp systemd[1]: Stopped mariadb.service - MariaDB 10.11.13 database server.
2026-02-26T14:01:42.678534+00:00 arena-wp systemd[1]: mariadb.service: Consumed 11.238s CPU time.
2026-02-26T14:01:42.694493+00:00 arena-wp systemd[1]: Starting mariadb.service - MariaDB 10.11.13 database server...
2026-02-26T14:01:43.478881+00:00 arena-wp (mariadbd)[1763]: mariadb.service: Referenced but unset environment variable evaluates to an empty string: MYSQLD_OPTS, _WSREP_NEW_CLUSTER
2026-02-26T14:01:43.567987+00:00 arena-wp mariadbd[1763]: 2026-02-26 14:01:43 0 [Note] Starting MariaDB 10.11.13-MariaDB-0ubuntu0.24.04.1 source revision 8fb09426b98583916ccfd4f8c49741adc115bac3 server_uid BiDokP8Wy8d0UpRnvsvGX5sTbg0= as process 1763
2026-02-26T14:01:43.635276+00:00 arena-wp mariadbd[1763]: 2026-02-26 14:01:43 0 [Note] InnoDB: Compressed tables use zlib 1.3
2026-02-26T14:01:43.642712+00:00 arena-wp mariadbd[1763]: 2026-02-26 14:01:43 0 [Note] InnoDB: Number of transaction pools: 1
2026-02-26T14:01:43.644124+00:00 arena-wp mariadbd[1763]: 2026-02-26 14:01:43 0 [Note] InnoDB: Using crc32 + pclmulqdq instructions
2026-02-26T14:01:43.646438+00:00 arena-wp mariadbd[1763]: 2026-02-26 14:01:43 0 [Note] InnoDB: Using liburing
2026-02-26T14:01:43.647484+00:00 arena-wp mariadbd[1763]: 2026-02-26 14:01:43 0 [Note] InnoDB: innodb_buffer_pool_size_max=128m, innodb_buffer_pool_size=128m
2026-02-26T14:01:43.650527+00:00 arena-wp mariadbd[1763]: 2026-02-26 14:01:43 0 [Note] InnoDB: Initialized memory pressure event listener
2026-02-26T14:01:43.653049+00:00 arena-wp mariadbd[1763]: 2026-02-26 14:01:43 0 [Note] InnoDB: Completed initialization of buffer pool
2026-02-26T14:01:43.653426+00:00 arena-wp mariadbd[1763]: 2026-02-26 14:01:43 0 [Note] InnoDB: File system buffers for log disabled (block size=512 bytes)
2026-02-26T14:01:43.692409+00:00 arena-wp mariadbd[1763]: 2026-02-26 14:01:43 0 [Note] InnoDB: End of log at LSN=6373131
2026-02-26T14:01:43.971017+00:00 arena-wp mariadbd[1763]: 2026-02-26 14:01:43 0 [Note] InnoDB: 128 rollback segments are active.
2026-02-26T14:01:43.981923+00:00 arena-wp mariadbd[1763]: 2026-02-26 14:01:43 0 [Note] InnoDB: Setting file './ibtmp1' size to 12.000MiB. Physically writing the file full; Please wait ...
2026-02-26T14:01:43.982230+00:00 arena-wp mariadbd[1763]: 2026-02-26 14:01:43 0 [Note] InnoDB: File './ibtmp1' size is now 12.000MiB.
2026-02-26T14:01:43.984443+00:00 arena-wp mariadbd[1763]: 2026-02-26 14:01:43 0 [Note] InnoDB: log sequence number 6373131; transaction id 10172
2026-02-26T14:01:43.984976+00:00 arena-wp mariadbd[1763]: 2026-02-26 14:01:43 0 [Note] Plugin 'FEEDBACK' is disabled.
2026-02-26T14:01:43.987145+00:00 arena-wp mariadbd[1763]: 2026-02-26 14:01:43 0 [Note] InnoDB: Loading buffer pool(s) from /var/lib/mysql/ib_buffer_pool
2026-02-26T14:01:43.996991+00:00 arena-wp mariadbd[1763]: 2026-02-26 14:01:43 0 [Warning] You need to use --log-bin to make --expire-logs-days or --binlog-expire-logs-seconds work.
2026-02-26T14:01:44.008847+00:00 arena-wp mariadbd[1763]: 2026-02-26 14:01:44 0 [Note] Server socket created on IP: '127.0.0.1'.
2026-02-26T14:01:44.214354+00:00 arena-wp mariadbd[1763]: 2026-02-26 14:01:44 0 [Note] /usr/sbin/mariadbd: ready for connections.
2026-02-26T14:01:44.218483+00:00 arena-wp mariadbd[1763]: Version: '10.11.13-MariaDB-0ubuntu0.24.04.1'  socket: '/run/mysqld/mysqld.sock'  port: 3306  Ubuntu 24.04
2026-02-26T14:01:44.600621+00:00 arena-wp systemd[1]: Started mariadb.service - MariaDB 10.11.13 database server.
2026-02-26T14:01:44.626785+00:00 arena-wp /etc/mysql/debian-start[1782]: Upgrading MariaDB tables if necessary.
2026-02-26T14:01:44.901338+00:00 arena-wp /etc/mysql/debian-start[1793]: Checking for insecure root accounts.
2026-02-26T14:01:44.999540+00:00 arena-wp /etc/mysql/debian-start[1797]: Triggering myisam-recover for all MyISAM tables and aria-recover for all Aria tables
2026-02-26T14:01:46.658839+00:00 arena-wp mariadbd[1763]: 2026-02-26 14:01:46 0 [Note] InnoDB: Buffer pool(s) load completed at 260226 14:01:46
2026-02-26T14:02:17.260564+00:00 arena-wp mariadbd[1763]: 2026-02-26 14:02:17 32 [Warning] Access denied for user 'wp_admin'@'localhost' to database 'wordpress'
2026-02-26T14:02:45.409034+00:00 arena-wp systemd[1]: Starting fstrim.service - Discard unused blocks on filesystems from /etc/fstab...
2026-02-26T14:02:45.490463+00:00 arena-wp systemd[1]: fstrim.service: Deactivated successfully.
2026-02-26T14:02:45.492440+00:00 arena-wp systemd[1]: Finished fstrim.service - Discard unused blocks on filesystems from /etc/fstab.