2026-03-09T21:35:02.995269+00:00 arena-wp CRON[1405]: (root) CMD (command -v debian-sa1 > /dev/null && debian-sa1 1 1)
2026-03-09T21:39:01.193515+00:00 arena-wp CRON[1434]: (root) CMD (  [ -x /usr/lib/php/sessionclean ] && if [ ! -d /run/systemd/system ]; then /usr/lib/php/sessionclean; fi)
2026-03-09T21:39:01.198437+00:00 arena-wp systemd[1]: Starting phpsessionclean.service - Clean php session files...
2026-03-09T21:39:01.408481+00:00 arena-wp systemd[1]: phpsessionclean.service: Deactivated successfully.
2026-03-09T21:39:01.408580+00:00 arena-wp systemd[1]: Finished phpsessionclean.service - Clean php session files.
2026-03-09T21:39:11.742286+00:00 arena-wp systemd[1]: Starting update-notifier-download.service - Download data for packages that failed at package install time...
2026-03-09T21:39:11.918011+00:00 arena-wp systemd[1]: update-notifier-download.service: Deactivated successfully.
2026-03-09T21:39:11.918314+00:00 arena-wp systemd[1]: Finished update-notifier-download.service - Download data for packages that failed at package install time.
2026-03-09T21:40:01.704528+00:00 arena-wp systemd[1]: Starting sysstat-collect.service - system activity accounting tool...
2026-03-09T21:40:01.722204+00:00 arena-wp systemd[1]: sysstat-collect.service: Deactivated successfully.
2026-03-09T21:40:01.722401+00:00 arena-wp systemd[1]: Finished sysstat-collect.service - system activity accounting tool.
2026-03-09T21:40:02.669031+00:00 arena-wp systemd[1309]: launchpadlib-cache-clean.service - Clean up old files in the Launchpadlib cache was skipped because of an unmet condition check (ConditionPathExists=/home/vboxuser/.launchpadlib/api.launchpad.net/cache).
2026-03-09T21:40:38.701948+00:00 arena-wp kernel: workqueue: blk_mq_run_work_fn hogged CPU for >10000us 16 times, consider switching to WQ_UNBOUND
2026-03-09T21:45:01.234460+00:00 arena-wp CRON[1532]: (root) CMD (command -v debian-sa1 > /dev/null && debian-sa1 1 1)
2026-03-09T21:49:02.681123+00:00 arena-wp systemd[1]: Starting systemd-tmpfiles-clean.service - Cleanup of Temporary Directories...
2026-03-09T21:49:02.747794+00:00 arena-wp systemd[1]: systemd-tmpfiles-clean.service: Deactivated successfully.
2026-03-09T21:49:02.748649+00:00 arena-wp systemd[1]: Finished systemd-tmpfiles-clean.service - Cleanup of Temporary Directories.
2026-03-09T21:50:02.102194+00:00 arena-wp systemd[1]: Starting sysstat-collect.service - system activity accounting tool...
2026-03-09T21:50:02.129602+00:00 arena-wp systemd[1]: sysstat-collect.service: Deactivated successfully.
2026-03-09T21:50:02.129802+00:00 arena-wp systemd[1]: Finished sysstat-collect.service - system activity accounting tool.
2026-03-09T21:55:01.238450+00:00 arena-wp CRON[1588]: (root) CMD (command -v debian-sa1 > /dev/null && debian-sa1 1 1)
2026-03-09T22:00:02.100904+00:00 arena-wp systemd[1]: Starting sysstat-collect.service - system activity accounting tool...
2026-03-09T22:00:02.128883+00:00 arena-wp systemd[1]: sysstat-collect.service: Deactivated successfully.
2026-03-09T22:00:02.128963+00:00 arena-wp systemd[1]: Finished sysstat-collect.service - system activity accounting tool.
2026-03-09T22:00:36.342675+00:00 arena-wp systemd[1]: Stopping apache2.service - The Apache HTTP Server...
2026-03-09T22:00:36.422637+00:00 arena-wp apachectl[1618]: AH00558: apache2: Could not reliably determine the server's fully qualified domain name, using fd17:625c:f037:2:a00:27ff:fed8:540d. Set the 'ServerName' directive globally to suppress this message
2026-03-09T22:00:36.527083+00:00 arena-wp systemd[1]: apache2.service: Deactivated successfully.
2026-03-09T22:00:36.528085+00:00 arena-wp systemd[1]: Stopped apache2.service - The Apache HTTP Server.
2026-03-09T22:00:36.528218+00:00 arena-wp systemd[1]: apache2.service: Consumed 7.182s CPU time.
2026-03-09T22:00:36.549735+00:00 arena-wp systemd[1]: Starting apache2.service - The Apache HTTP Server...
2026-03-09T22:00:36.601390+00:00 arena-wp apachectl[1625]: AH00558: apache2: Could not reliably determine the server's fully qualified domain name, using fd17:625c:f037:2:a00:27ff:fed8:540d. Set the 'ServerName' directive globally to suppress this message
2026-03-09T22:00:36.611133+00:00 arena-wp systemd[1]: Started apache2.service - The Apache HTTP Server.
2026-03-09T22:03:52.678627+00:00 arena-wp systemd[1]: Starting apt-daily-upgrade.service - Daily apt upgrade and clean activities...
2026-03-09T22:03:52.855094+00:00 arena-wp systemd[1]: apt-daily-upgrade.service: Deactivated successfully.
2026-03-09T22:03:52.855167+00:00 arena-wp systemd[1]: Finished apt-daily-upgrade.service - Daily apt upgrade and clean activities.
2026-03-09T22:05:01.264697+00:00 arena-wp CRON[1683]: (root) CMD (command -v debian-sa1 > /dev/null && debian-sa1 1 1)
2026-03-09T22:09:01.312075+00:00 arena-wp CRON[1712]: (root) CMD (  [ -x /usr/lib/php/sessionclean ] && if [ ! -d /run/systemd/system ]; then /usr/lib/php/sessionclean; fi)
2026-03-09T22:09:01.312380+00:00 arena-wp systemd[1]: Starting phpsessionclean.service - Clean php session files...
2026-03-09T22:09:01.527170+00:00 arena-wp systemd[1]: phpsessionclean.service: Deactivated successfully.
2026-03-09T22:09:01.528455+00:00 arena-wp systemd[1]: Finished phpsessionclean.service - Clean php session files.
2026-03-09T22:10:02.103836+00:00 arena-wp systemd[1]: Starting sysstat-collect.service - system activity accounting tool...
2026-03-09T22:10:02.118065+00:00 arena-wp systemd[1]: sysstat-collect.service: Deactivated successfully.
2026-03-09T22:10:02.118387+00:00 arena-wp systemd[1]: Finished sysstat-collect.service - system activity accounting tool.