2025-12-18T13:40:47.101364+00:00 finalArenaServer systemd[1]: Starting sysstat-collect.service - system activity accounting tool...
2025-12-18T13:40:47.137160+00:00 finalArenaServer systemd[1]: sysstat-collect.service: Deactivated successfully.
2025-12-18T13:40:47.137348+00:00 finalArenaServer systemd[1]: Finished sysstat-collect.service - system activity accounting tool.
2025-12-18T13:41:22.378591+00:00 finalArenaServer mariadbd[1048]: 2025-12-18 13:41:22 33 [Warning] Access denied for user 'nc_user'@'localhost'
2025-12-18T13:41:22.403767+00:00 finalArenaServer mariadbd[1048]: 2025-12-18 13:41:22 34 [Warning] Access denied for user 'nc_user'@'localhost'
2025-12-18T13:41:22.413733+00:00 finalArenaServer mariadbd[1048]: 2025-12-18 13:41:22 35 [Warning] Access denied for user 'nc_user'@'localhost'
2025-12-18T13:41:22.415195+00:00 finalArenaServer mariadbd[1048]: 2025-12-18 13:41:22 36 [Warning] Access denied for user 'nc_user'@'localhost'
2025-12-18T13:41:22.419288+00:00 finalArenaServer mariadbd[1048]: 2025-12-18 13:41:22 37 [Warning] Access denied for user 'nc_user'@'localhost'
2025-12-18T13:41:22.421416+00:00 finalArenaServer mariadbd[1048]: 2025-12-18 13:41:22 38 [Warning] Access denied for user 'nc_user'@'localhost'
2025-12-18T13:41:22.426004+00:00 finalArenaServer mariadbd[1048]: 2025-12-18 13:41:22 39 [Warning] Access denied for user 'nc_user'@'localhost'
2025-12-18T13:41:22.429516+00:00 finalArenaServer mariadbd[1048]: 2025-12-18 13:41:22 40 [Warning] Access denied for user 'nc_user'@'localhost'
2025-12-18T13:41:22.467010+00:00 finalArenaServer mariadbd[1048]: 2025-12-18 13:41:22 41 [Warning] Access denied for user 'nc_user'@'localhost'
2025-12-18T13:41:22.470091+00:00 finalArenaServer mariadbd[1048]: 2025-12-18 13:41:22 42 [Warning] Access denied for user 'nc_user'@'localhost'
2025-12-18T13:41:22.473996+00:00 finalArenaServer mariadbd[1048]: 2025-12-18 13:41:22 43 [Warning] Access denied for user 'nc_user'@'localhost'
2025-12-18T13:41:22.476578+00:00 finalArenaServer mariadbd[1048]: 2025-12-18 13:41:22 44 [Warning] Access denied for user 'nc_user'@'localhost'
2025-12-18T13:41:22.490240+00:00 finalArenaServer mariadbd[1048]: 2025-12-18 13:41:22 45 [Warning] Access denied for user 'nc_user'@'localhost'
2025-12-18T13:41:22.492175+00:00 finalArenaServer mariadbd[1048]: 2025-12-18 13:41:22 46 [Warning] Access denied for user 'nc_user'@'localhost'
2025-12-18T13:41:22.528790+00:00 finalArenaServer mariadbd[1048]: 2025-12-18 13:41:22 47 [Warning] Access denied for user 'nc_user'@'localhost'
2025-12-18T13:41:22.530225+00:00 finalArenaServer mariadbd[1048]: 2025-12-18 13:41:22 48 [Warning] Access denied for user 'nc_user'@'localhost'
2025-12-18T13:41:22.722679+00:00 finalArenaServer mariadbd[1048]: 2025-12-18 13:41:22 49 [Warning] Access denied for user 'nc_user'@'localhost'
2025-12-18T13:41:22.724304+00:00 finalArenaServer mariadbd[1048]: 2025-12-18 13:41:22 50 [Warning] Access denied for user 'nc_user'@'localhost'
2025-12-18T13:41:22.726937+00:00 finalArenaServer mariadbd[1048]: 2025-12-18 13:41:22 51 [Warning] Access denied for user 'nc_user'@'localhost'
2025-12-18T13:41:22.729344+00:00 finalArenaServer mariadbd[1048]: 2025-12-18 13:41:22 52 [Warning] Access denied for user 'nc_user'@'localhost'
2025-12-18T13:41:22.731561+00:00 finalArenaServer mariadbd[1048]: 2025-12-18 13:41:22 53 [Warning] Access denied for user 'nc_user'@'localhost'
2025-12-18T13:41:22.731655+00:00 finalArenaServer mariadbd[1048]: 2025-12-18 13:41:22 54 [Warning] Access denied for user 'nc_user'@'localhost'
2025-12-18T13:41:22.735222+00:00 finalArenaServer mariadbd[1048]: 2025-12-18 13:41:22 55 [Warning] Access denied for user 'nc_user'@'localhost'
2025-12-18T13:41:22.737460+00:00 finalArenaServer mariadbd[1048]: 2025-12-18 13:41:22 56 [Warning] Access denied for user 'nc_user'@'localhost'
2025-12-18T13:41:22.742346+00:00 finalArenaServer mariadbd[1048]: 2025-12-18 13:41:22 57 [Warning] Access denied for user 'nc_user'@'localhost'
2025-12-18T13:41:22.744486+00:00 finalArenaServer mariadbd[1048]: 2025-12-18 13:41:22 58 [Warning] Access denied for user 'nc_user'@'localhost'
2025-12-18T13:41:22.753186+00:00 finalArenaServer mariadbd[1048]: 2025-12-18 13:41:22 59 [Warning] Access denied for user 'nc_user'@'localhost'
2025-12-18T13:41:22.755462+00:00 finalArenaServer mariadbd[1048]: 2025-12-18 13:41:22 60 [Warning] Access denied for user 'nc_user'@'localhost'
2025-12-18T13:41:22.759320+00:00 finalArenaServer mariadbd[1048]: 2025-12-18 13:41:22 61 [Warning] Access denied for user 'nc_user'@'localhost'
2025-12-18T13:41:22.762015+00:00 finalArenaServer mariadbd[1048]: 2025-12-18 13:41:22 62 [Warning] Access denied for user 'nc_user'@'localhost'
2025-12-18T13:41:22.766833+00:00 finalArenaServer mariadbd[1048]: 2025-12-18 13:41:22 63 [Warning] Access denied for user 'nc_user'@'localhost'
2025-12-18T13:41:22.770658+00:00 finalArenaServer mariadbd[1048]: 2025-12-18 13:41:22 64 [Warning] Access denied for user 'nc_user'@'localhost'
2025-12-18T13:41:31.678292+00:00 finalArenaServer mariadbd[1048]: 2025-12-18 13:41:31 65 [Warning] Access denied for user 'nc_user'@'localhost'
2025-12-18T13:41:31.679612+00:00 finalArenaServer mariadbd[1048]: 2025-12-18 13:41:31 66 [Warning] Access denied for user 'nc_user'@'localhost'
2025-12-18T13:41:31.681406+00:00 finalArenaServer mariadbd[1048]: 2025-12-18 13:41:31 67 [Warning] Access denied for user 'nc_user'@'localhost'
2025-12-18T13:41:31.683058+00:00 finalArenaServer mariadbd[1048]: 2025-12-18 13:41:31 68 [Warning] Access denied for user 'nc_user'@'localhost'
2025-12-18T13:41:31.689114+00:00 finalArenaServer mariadbd[1048]: 2025-12-18 13:41:31 69 [Warning] Access denied for user 'nc_user'@'localhost'
2025-12-18T13:41:31.691581+00:00 finalArenaServer mariadbd[1048]: 2025-12-18 13:41:31 70 [Warning] Access denied for user 'nc_user'@'localhost'
2025-12-18T13:41:31.691689+00:00 finalArenaServer mariadbd[1048]: 2025-12-18 13:41:31 71 [Warning] Access denied for user 'nc_user'@'localhost'
2025-12-18T13:41:31.691769+00:00 finalArenaServer mariadbd[1048]: 2025-12-18 13:41:31 72 [Warning] Access denied for user 'nc_user'@'localhost'
2025-12-18T13:41:31.694034+00:00 finalArenaServer mariadbd[1048]: 2025-12-18 13:41:31 73 [Warning] Access denied for user 'nc_user'@'localhost'
2025-12-18T13:41:31.694813+00:00 finalArenaServer mariadbd[1048]: 2025-12-18 13:41:31 74 [Warning] Access denied for user 'nc_user'@'localhost'
2025-12-18T13:41:31.696186+00:00 finalArenaServer mariadbd[1048]: 2025-12-18 13:41:31 75 [Warning] Access denied for user 'nc_user'@'localhost'
2025-12-18T13:41:31.696252+00:00 finalArenaServer mariadbd[1048]: 2025-12-18 13:41:31 76 [Warning] Access denied for user 'nc_user'@'localhost'
2025-12-18T13:41:31.699097+00:00 finalArenaServer mariadbd[1048]: 2025-12-18 13:41:31 77 [Warning] Access denied for user 'nc_user'@'localhost'
2025-12-18T13:41:31.702059+00:00 finalArenaServer mariadbd[1048]: 2025-12-18 13:41:31 78 [Warning] Access denied for user 'nc_user'@'localhost'
2025-12-18T13:41:31.706181+00:00 finalArenaServer mariadbd[1048]: 2025-12-18 13:41:31 79 [Warning] Access denied for user 'nc_user'@'localhost'
2025-12-18T13:41:31.707277+00:00 finalArenaServer mariadbd[1048]: 2025-12-18 13:41:31 80 [Warning] Access denied for user 'nc_user'@'localhost'
2025-12-18T13:41:31.957060+00:00 finalArenaServer mariadbd[1048]: 2025-12-18 13:41:31 81 [Warning] Access denied for user 'nc_user'@'localhost'
2025-12-18T13:41:31.960935+00:00 finalArenaServer mariadbd[1048]: 2025-12-18 13:41:31 82 [Warning] Access denied for user 'nc_user'@'localhost'
2025-12-18T13:41:31.963846+00:00 finalArenaServer mariadbd[1048]: 2025-12-18 13:41:31 83 [Warning] Access denied for user 'nc_user'@'localhost'
2025-12-18T13:41:31.966365+00:00 finalArenaServer mariadbd[1048]: 2025-12-18 13:41:31 84 [Warning] Access denied for user 'nc_user'@'localhost'
2025-12-18T13:41:31.970181+00:00 finalArenaServer mariadbd[1048]: 2025-12-18 13:41:31 85 [Warning] Access denied for user 'nc_user'@'localhost'
2025-12-18T13:41:31.972373+00:00 finalArenaServer mariadbd[1048]: 2025-12-18 13:41:31 86 [Warning] Access denied for user 'nc_user'@'localhost'
2025-12-18T13:41:31.974851+00:00 finalArenaServer mariadbd[1048]: 2025-12-18 13:41:31 87 [Warning] Access denied for user 'nc_user'@'localhost'
2025-12-18T13:41:31.976249+00:00 finalArenaServer mariadbd[1048]: 2025-12-18 13:41:31 88 [Warning] Access denied for user 'nc_user'@'localhost'
2025-12-18T13:41:31.978937+00:00 finalArenaServer mariadbd[1048]: 2025-12-18 13:41:31 89 [Warning] Access denied for user 'nc_user'@'localhost'
2025-12-18T13:41:31.984117+00:00 finalArenaServer mariadbd[1048]: 2025-12-18 13:41:31 90 [Warning] Access denied for user 'nc_user'@'localhost'
2025-12-18T13:41:31.987070+00:00 finalArenaServer mariadbd[1048]: 2025-12-18 13:41:31 91 [Warning] Access denied for user 'nc_user'@'localhost'
2025-12-18T13:41:31.988339+00:00 finalArenaServer mariadbd[1048]: 2025-12-18 13:41:31 92 [Warning] Access denied for user 'nc_user'@'localhost'
2025-12-18T13:41:31.992189+00:00 finalArenaServer mariadbd[1048]: 2025-12-18 13:41:31 93 [Warning] Access denied for user 'nc_user'@'localhost'
2025-12-18T13:41:31.996203+00:00 finalArenaServer mariadbd[1048]: 2025-12-18 13:41:31 94 [Warning] Access denied for user 'nc_user'@'localhost'
2025-12-18T13:41:32.001981+00:00 finalArenaServer mariadbd[1048]: 2025-12-18 13:41:32 95 [Warning] Access denied for user 'nc_user'@'localhost'
2025-12-18T13:41:32.003128+00:00 finalArenaServer mariadbd[1048]: 2025-12-18 13:41:32 96 [Warning] Access denied for user 'nc_user'@'localhost'
2025-12-18T13:42:07.101168+00:00 finalArenaServer systemd[1]: Starting apt-daily-upgrade.service - Daily apt upgrade and clean activities...
2025-12-18T13:42:07.426015+00:00 finalArenaServer systemd[1]: apt-daily-upgrade.service: Deactivated successfully.
2025-12-18T13:42:07.426278+00:00 finalArenaServer systemd[1]: Finished apt-daily-upgrade.service - Daily apt upgrade and clean activities.
2025-12-18T13:42:16.921946+00:00 finalArenaServer mariadbd[1048]: 2025-12-18 13:42:16 97 [Warning] Access denied for user 'nc_user'@'localhost'
2025-12-18T13:42:16.924802+00:00 finalArenaServer mariadbd[1048]: 2025-12-18 13:42:16 98 [Warning] Access denied for user 'nc_user'@'localhost'
2025-12-18T13:42:16.927383+00:00 finalArenaServer mariadbd[1048]: 2025-12-18 13:42:16 99 [Warning] Access denied for user 'nc_user'@'localhost'
2025-12-18T13:42:16.928548+00:00 finalArenaServer mariadbd[1048]: 2025-12-18 13:42:16 100 [Warning] Access denied for user 'nc_user'@'localhost'
2025-12-18T13:42:16.929898+00:00 finalArenaServer mariadbd[1048]: 2025-12-18 13:42:16 101 [Warning] Access denied for user 'nc_user'@'localhost'
2025-12-18T13:42:16.931236+00:00 finalArenaServer mariadbd[1048]: 2025-12-18 13:42:16 102 [Warning] Access denied for user 'nc_user'@'localhost'
2025-12-18T13:42:16.933344+00:00 finalArenaServer mariadbd[1048]: 2025-12-18 13:42:16 103 [Warning] Access denied for user 'nc_user'@'localhost'
2025-12-18T13:42:16.936922+00:00 finalArenaServer mariadbd[1048]: 2025-12-18 13:42:16 104 [Warning] Access denied for user 'nc_user'@'localhost'
2025-12-18T13:42:16.939329+00:00 finalArenaServer mariadbd[1048]: 2025-12-18 13:42:16 105 [Warning] Access denied for user 'nc_user'@'localhost'
2025-12-18T13:42:16.942281+00:00 finalArenaServer mariadbd[1048]: 2025-12-18 13:42:16 106 [Warning] Access denied for user 'nc_user'@'localhost'
2025-12-18T13:42:16.944219+00:00 finalArenaServer mariadbd[1048]: 2025-12-18 13:42:16 107 [Warning] Access denied for user 'nc_user'@'localhost'
2025-12-18T13:42:16.946154+00:00 finalArenaServer mariadbd[1048]: 2025-12-18 13:42:16 108 [Warning] Access denied for user 'nc_user'@'localhost'
2025-12-18T13:42:16.951488+00:00 finalArenaServer mariadbd[1048]: 2025-12-18 13:42:16 109 [Warning] Access denied for user 'nc_user'@'localhost'
2025-12-18T13:42:16.955364+00:00 finalArenaServer mariadbd[1048]: 2025-12-18 13:42:16 110 [Warning] Access denied for user 'nc_user'@'localhost'
2025-12-18T13:42:16.958862+00:00 finalArenaServer mariadbd[1048]: 2025-12-18 13:42:16 111 [Warning] Access denied for user 'nc_user'@'localhost'
2025-12-18T13:42:16.959333+00:00 finalArenaServer mariadbd[1048]: 2025-12-18 13:42:16 112 [Warning] Access denied for user 'nc_user'@'localhost'
2025-12-18T13:42:17.110700+00:00 finalArenaServer mariadbd[1048]: 2025-12-18 13:42:17 113 [Warning] Access denied for user 'nc_user'@'localhost'
2025-12-18T13:42:17.111319+00:00 finalArenaServer mariadbd[1048]: 2025-12-18 13:42:17 114 [Warning] Access denied for user 'nc_user'@'localhost'
2025-12-18T13:42:17.114038+00:00 finalArenaServer mariadbd[1048]: 2025-12-18 13:42:17 115 [Warning] Access denied for user 'nc_user'@'localhost'
2025-12-18T13:42:17.117360+00:00 finalArenaServer mariadbd[1048]: 2025-12-18 13:42:17 116 [Warning] Access denied for user 'nc_user'@'localhost'
2025-12-18T13:42:17.118931+00:00 finalArenaServer mariadbd[1048]: 2025-12-18 13:42:17 117 [Warning] Access denied for user 'nc_user'@'localhost'
2025-12-18T13:42:17.120029+00:00 finalArenaServer mariadbd[1048]: 2025-12-18 13:42:17 118 [Warning] Access denied for user 'nc_user'@'localhost'
2025-12-18T13:42:17.121502+00:00 finalArenaServer mariadbd[1048]: 2025-12-18 13:42:17 119 [Warning] Access denied for user 'nc_user'@'localhost'
2025-12-18T13:42:17.124970+00:00 finalArenaServer mariadbd[1048]: 2025-12-18 13:42:17 120 [Warning] Access denied for user 'nc_user'@'localhost'
2025-12-18T13:42:17.126941+00:00 finalArenaServer mariadbd[1048]: 2025-12-18 13:42:17 121 [Warning] Access denied for user 'nc_user'@'localhost'
2025-12-18T13:42:17.129048+00:00 finalArenaServer mariadbd[1048]: 2025-12-18 13:42:17 122 [Warning] Access denied for user 'nc_user'@'localhost'
2025-12-18T13:42:17.131985+00:00 finalArenaServer mariadbd[1048]: 2025-12-18 13:42:17 123 [Warning] Access denied for user 'nc_user'@'localhost'
2025-12-18T13:42:17.136213+00:00 finalArenaServer mariadbd[1048]: 2025-12-18 13:42:17 124 [Warning] Access denied for user 'nc_user'@'localhost'
2025-12-18T13:42:17.142448+00:00 finalArenaServer mariadbd[1048]: 2025-12-18 13:42:17 125 [Warning] Access denied for user 'nc_user'@'localhost'
2025-12-18T13:42:17.144780+00:00 finalArenaServer mariadbd[1048]: 2025-12-18 13:42:17 126 [Warning] Access denied for user 'nc_user'@'localhost'
2025-12-18T13:42:17.149396+00:00 finalArenaServer mariadbd[1048]: 2025-12-18 13:42:17 127 [Warning] Access denied for user 'nc_user'@'localhost'
2025-12-18T13:42:17.152978+00:00 finalArenaServer mariadbd[1048]: 2025-12-18 13:42:17 128 [Warning] Access denied for user 'nc_user'@'localhost'
2025-12-18T13:42:33.130816+00:00 finalArenaServer systemd[1]: Starting update-notifier-download.service - Download data for packages that failed at package install time...
2025-12-18T13:42:33.646857+00:00 finalArenaServer systemd[1]: update-notifier-download.service: Deactivated successfully.
2025-12-18T13:42:33.653285+00:00 finalArenaServer systemd[1]: Finished update-notifier-download.service - Download data for packages that failed at package install time.
2025-12-18T13:43:07.086415+00:00 finalArenaServer systemd[1185]: launchpadlib-cache-clean.service - Clean up old files in the Launchpadlib cache was skipped because of an unmet condition check (ConditionPathExists=/home/vboxuser/.launchpadlib/api.launchpad.net/cache).
2025-12-18T13:43:56.788280+00:00 finalArenaServer kernel: workqueue: drm_fb_helper_damage_work hogged CPU for >10000us 16 times, consider switching to WQ_UNBOUND
2025-12-18T13:44:12.619124+00:00 finalArenaServer kernel: workqueue: blk_mq_run_work_fn hogged CPU for >10000us 32 times, consider switching to WQ_UNBOUND
2025-12-18T13:44:19.560557+00:00 finalArenaServer kernel: workqueue: blk_mq_run_work_fn hogged CPU for >10000us 64 times, consider switching to WQ_UNBOUND
2025-12-18T13:45:01.989154+00:00 finalArenaServer CRON[1738]: (root) CMD (command -v debian-sa1 > /dev/null && debian-sa1 1 1)
2025-12-18T13:46:04.471138+00:00 finalArenaServer kernel: workqueue: e1000_watchdog [e1000] hogged CPU for >10000us 4 times, consider switching to WQ_UNBOUND
2025-12-18T13:48:10.873871+00:00 finalArenaServer systemd[1]: Stopping apache2.service - The Apache HTTP Server...
2025-12-18T13:48:10.978438+00:00 finalArenaServer apachectl[1928]: AH00558: apache2: Could not reliably determine the server's fully qualified domain name, using fd17:625c:f037:2:a00:27ff:fe3f:3739. Set the 'ServerName' directive globally to suppress this message
2025-12-18T13:48:11.142344+00:00 finalArenaServer systemd[1]: apache2.service: Deactivated successfully.
2025-12-18T13:48:11.143558+00:00 finalArenaServer systemd[1]: Stopped apache2.service - The Apache HTTP Server.
2025-12-18T13:48:11.144856+00:00 finalArenaServer systemd[1]: apache2.service: Consumed 5.522s CPU time.
2025-12-18T13:48:11.175951+00:00 finalArenaServer systemd[1]: Starting apache2.service - The Apache HTTP Server...
2025-12-18T13:48:11.236155+00:00 finalArenaServer apachectl[1935]: AH00558: apache2: Could not reliably determine the server's fully qualified domain name, using fd17:625c:f037:2:a00:27ff:fe3f:3739. Set the 'ServerName' directive globally to suppress this message
2025-12-18T13:48:11.255655+00:00 finalArenaServer systemd[1]: Started apache2.service - The Apache HTTP Server.
2025-12-18T13:48:14.265048+00:00 finalArenaServer mariadbd[1048]: 2025-12-18 13:48:14 129 [Warning] Access denied for user 'nc_app'@'localhost'
2025-12-18T13:48:14.270698+00:00 finalArenaServer mariadbd[1048]: 2025-12-18 13:48:14 130 [Warning] Access denied for user 'nc_app'@'localhost'
2025-12-18T13:48:14.277650+00:00 finalArenaServer mariadbd[1048]: 2025-12-18 13:48:14 131 [Warning] Access denied for user 'nc_app'@'localhost'
2025-12-18T13:48:14.278241+00:00 finalArenaServer mariadbd[1048]: 2025-12-18 13:48:14 132 [Warning] Access denied for user 'nc_app'@'localhost'
2025-12-18T13:48:14.279844+00:00 finalArenaServer mariadbd[1048]: 2025-12-18 13:48:14 133 [Warning] Access denied for user 'nc_app'@'localhost'
2025-12-18T13:48:14.280779+00:00 finalArenaServer mariadbd[1048]: 2025-12-18 13:48:14 134 [Warning] Access denied for user 'nc_app'@'localhost'
2025-12-18T13:48:14.285363+00:00 finalArenaServer mariadbd[1048]: 2025-12-18 13:48:14 135 [Warning] Access denied for user 'nc_app'@'localhost'
2025-12-18T13:48:14.286967+00:00 finalArenaServer mariadbd[1048]: 2025-12-18 13:48:14 136 [Warning] Access denied for user 'nc_app'@'localhost'
2025-12-18T13:48:14.309099+00:00 finalArenaServer mariadbd[1048]: 2025-12-18 13:48:14 137 [Warning] Access denied for user 'nc_app'@'localhost'
2025-12-18T13:48:14.312360+00:00 finalArenaServer mariadbd[1048]: 2025-12-18 13:48:14 138 [Warning] Access denied for user 'nc_app'@'localhost'
2025-12-18T13:48:14.316197+00:00 finalArenaServer mariadbd[1048]: 2025-12-18 13:48:14 139 [Warning] Access denied for user 'nc_app'@'localhost'
2025-12-18T13:48:14.319505+00:00 finalArenaServer mariadbd[1048]: 2025-12-18 13:48:14 140 [Warning] Access denied for user 'nc_app'@'localhost'
2025-12-18T13:48:14.328730+00:00 finalArenaServer mariadbd[1048]: 2025-12-18 13:48:14 141 [Warning] Access denied for user 'nc_app'@'localhost'
2025-12-18T13:48:14.330674+00:00 finalArenaServer mariadbd[1048]: 2025-12-18 13:48:14 142 [Warning] Access denied for user 'nc_app'@'localhost'
2025-12-18T13:48:14.357160+00:00 finalArenaServer mariadbd[1048]: 2025-12-18 13:48:14 143 [Warning] Access denied for user 'nc_app'@'localhost'
2025-12-18T13:48:14.359170+00:00 finalArenaServer mariadbd[1048]: 2025-12-18 13:48:14 144 [Warning] Access denied for user 'nc_app'@'localhost'
2025-12-18T13:48:14.515651+00:00 finalArenaServer mariadbd[1048]: 2025-12-18 13:48:14 145 [Warning] Access denied for user 'nc_app'@'localhost'
2025-12-18T13:48:14.515891+00:00 finalArenaServer mariadbd[1048]: 2025-12-18 13:48:14 146 [Warning] Access denied for user 'nc_app'@'localhost'
2025-12-18T13:48:14.518096+00:00 finalArenaServer mariadbd[1048]: 2025-12-18 13:48:14 147 [Warning] Access denied for user 'nc_app'@'localhost'
2025-12-18T13:48:14.520043+00:00 finalArenaServer mariadbd[1048]: 2025-12-18 13:48:14 148 [Warning] Access denied for user 'nc_app'@'localhost'
2025-12-18T13:48:14.521087+00:00 finalArenaServer mariadbd[1048]: 2025-12-18 13:48:14 149 [Warning] Access denied for user 'nc_app'@'localhost'
2025-12-18T13:48:14.522366+00:00 finalArenaServer mariadbd[1048]: 2025-12-18 13:48:14 150 [Warning] Access denied for user 'nc_app'@'localhost'
2025-12-18T13:48:14.524059+00:00 finalArenaServer mariadbd[1048]: 2025-12-18 13:48:14 151 [Warning] Access denied for user 'nc_app'@'localhost'
2025-12-18T13:48:14.526472+00:00 finalArenaServer mariadbd[1048]: 2025-12-18 13:48:14 152 [Warning] Access denied for user 'nc_app'@'localhost'
2025-12-18T13:48:14.530339+00:00 finalArenaServer mariadbd[1048]: 2025-12-18 13:48:14 153 [Warning] Access denied for user 'nc_app'@'localhost'
2025-12-18T13:48:14.532050+00:00 finalArenaServer mariadbd[1048]: 2025-12-18 13:48:14 154 [Warning] Access denied for user 'nc_app'@'localhost'
2025-12-18T13:48:14.535606+00:00 finalArenaServer mariadbd[1048]: 2025-12-18 13:48:14 155 [Warning] Access denied for user 'nc_app'@'localhost'
2025-12-18T13:48:14.537937+00:00 finalArenaServer mariadbd[1048]: 2025-12-18 13:48:14 156 [Warning] Access denied for user 'nc_app'@'localhost'
2025-12-18T13:48:14.540545+00:00 finalArenaServer mariadbd[1048]: 2025-12-18 13:48:14 157 [Warning] Access denied for user 'nc_app'@'localhost'
2025-12-18T13:48:14.541912+00:00 finalArenaServer mariadbd[1048]: 2025-12-18 13:48:14 158 [Warning] Access denied for user 'nc_app'@'localhost'
2025-12-18T13:48:14.545242+00:00 finalArenaServer mariadbd[1048]: 2025-12-18 13:48:14 159 [Warning] Access denied for user 'nc_app'@'localhost'
2025-12-18T13:48:14.547216+00:00 finalArenaServer mariadbd[1048]: 2025-12-18 13:48:14 160 [Warning] Access denied for user 'nc_app'@'localhost'
2025-12-18T13:49:44.221301+00:00 finalArenaServer mariadbd[1048]: 2025-12-18 13:49:44 161 [Warning] Access denied for user 'nc_app'@'localhost'
2025-12-18T13:50:07.105528+00:00 finalArenaServer systemd[1]: Starting sysstat-collect.service - system activity accounting tool...
2025-12-18T13:50:07.127489+00:00 finalArenaServer systemd[1]: sysstat-collect.service: Deactivated successfully.
2025-12-18T13:50:07.127725+00:00 finalArenaServer systemd[1]: Finished sysstat-collect.service - system activity accounting tool.
2025-12-18T13:51:07.968584+00:00 finalArenaServer systemd[1]: Stopping mariadb.service - MariaDB 10.11.13 database server...
2025-12-18T13:51:07.969131+00:00 finalArenaServer mariadbd[1048]: 2025-12-18 13:51:07 0 [Note] /usr/sbin/mariadbd (initiated by: unknown): Normal shutdown
2025-12-18T13:51:07.973830+00:00 finalArenaServer mariadbd[1048]: 2025-12-18 13:51:07 0 [Note] InnoDB: FTS optimize thread exiting.
2025-12-18T13:51:08.044587+00:00 finalArenaServer mariadbd[1048]: 2025-12-18 13:51:08 0 [Note] InnoDB: Starting shutdown...
2025-12-18T13:51:08.059427+00:00 finalArenaServer mariadbd[1048]: 2025-12-18 13:51:08 0 [Note] InnoDB: Dumping buffer pool(s) to /var/lib/mysql/ib_buffer_pool
2025-12-18T13:51:08.060686+00:00 finalArenaServer mariadbd[1048]: 2025-12-18 13:51:08 0 [Note] InnoDB: Buffer pool(s) dump completed at 251218 13:51:08
2025-12-18T13:51:08.707541+00:00 finalArenaServer kernel: workqueue: drm_fb_helper_damage_work hogged CPU for >10000us 32 times, consider switching to WQ_UNBOUND
2025-12-18T13:51:11.281645+00:00 finalArenaServer mariadbd[1048]: 2025-12-18 13:51:11 0 [Note] InnoDB: Removed temporary tablespace data file: "./ibtmp1"
2025-12-18T13:51:11.283665+00:00 finalArenaServer mariadbd[1048]: 2025-12-18 13:51:11 0 [Note] InnoDB: Shutdown completed; log sequence number 5187311; transaction id 9864
2025-12-18T13:51:11.308134+00:00 finalArenaServer mariadbd[1048]: 2025-12-18 13:51:11 0 [Note] /usr/sbin/mariadbd: Shutdown complete
2025-12-18T13:51:11.322868+00:00 finalArenaServer systemd[1]: mariadb.service: Deactivated successfully.
2025-12-18T13:51:11.323234+00:00 finalArenaServer systemd[1]: Stopped mariadb.service - MariaDB 10.11.13 database server.
2025-12-18T13:51:11.323443+00:00 finalArenaServer systemd[1]: mariadb.service: Consumed 5.651s CPU time, 160.5M memory peak, 0B memory swap peak.
2025-12-18T13:51:11.346390+00:00 finalArenaServer systemd[1]: Starting mariadb.service - MariaDB 10.11.13 database server...
2025-12-18T13:51:11.927394+00:00 finalArenaServer (mariadbd)[2071]: mariadb.service: Referenced but unset environment variable evaluates to an empty string: MYSQLD_OPTS, _WSREP_NEW_CLUSTER
2025-12-18T13:51:11.973128+00:00 finalArenaServer mariadbd[2071]: 2025-12-18 13:51:11 0 [Note] Starting MariaDB 10.11.13-MariaDB-0ubuntu0.24.04.1 source revision 8fb09426b98583916ccfd4f8c49741adc115bac3 server_uid 1tpEPRMvrFOMwgAHBvLlsqwq+is= as process 2071
2025-12-18T13:51:12.032200+00:00 finalArenaServer mariadbd[2071]: 2025-12-18 13:51:12 0 [Note] InnoDB: Compressed tables use zlib 1.3
2025-12-18T13:51:12.039028+00:00 finalArenaServer mariadbd[2071]: 2025-12-18 13:51:12 0 [Note] InnoDB: Number of transaction pools: 1
2025-12-18T13:51:12.039123+00:00 finalArenaServer mariadbd[2071]: 2025-12-18 13:51:12 0 [Note] InnoDB: Using crc32 + pclmulqdq instructions
2025-12-18T13:51:12.040831+00:00 finalArenaServer mariadbd[2071]: 2025-12-18 13:51:12 0 [Note] InnoDB: Using liburing
2025-12-18T13:51:12.041321+00:00 finalArenaServer mariadbd[2071]: 2025-12-18 13:51:12 0 [Note] InnoDB: innodb_buffer_pool_size_max=128m, innodb_buffer_pool_size=128m
2025-12-18T13:51:12.043663+00:00 finalArenaServer mariadbd[2071]: 2025-12-18 13:51:12 0 [Note] InnoDB: Initialized memory pressure event listener
2025-12-18T13:51:12.043750+00:00 finalArenaServer mariadbd[2071]: 2025-12-18 13:51:12 0 [Note] InnoDB: Completed initialization of buffer pool
2025-12-18T13:51:12.046414+00:00 finalArenaServer mariadbd[2071]: 2025-12-18 13:51:12 0 [Note] InnoDB: File system buffers for log disabled (block size=512 bytes)
2025-12-18T13:51:12.078002+00:00 finalArenaServer mariadbd[2071]: 2025-12-18 13:51:12 0 [Note] InnoDB: End of log at LSN=5187311
2025-12-18T13:51:12.313547+00:00 finalArenaServer mariadbd[2071]: 2025-12-18 13:51:12 0 [Note] InnoDB: 128 rollback segments are active.
2025-12-18T13:51:12.322358+00:00 finalArenaServer mariadbd[2071]: 2025-12-18 13:51:12 0 [Note] InnoDB: Setting file './ibtmp1' size to 12.000MiB. Physically writing the file full; Please wait ...
2025-12-18T13:51:12.322570+00:00 finalArenaServer mariadbd[2071]: 2025-12-18 13:51:12 0 [Note] InnoDB: File './ibtmp1' size is now 12.000MiB.
2025-12-18T13:51:12.326050+00:00 finalArenaServer mariadbd[2071]: 2025-12-18 13:51:12 0 [Note] InnoDB: log sequence number 5187311; transaction id 9844
2025-12-18T13:51:12.327318+00:00 finalArenaServer mariadbd[2071]: 2025-12-18 13:51:12 0 [Note] Plugin 'FEEDBACK' is disabled.
2025-12-18T13:51:12.327358+00:00 finalArenaServer mariadbd[2071]: 2025-12-18 13:51:12 0 [Note] InnoDB: Loading buffer pool(s) from /var/lib/mysql/ib_buffer_pool
2025-12-18T13:51:12.337106+00:00 finalArenaServer mariadbd[2071]: 2025-12-18 13:51:12 0 [Warning] You need to use --log-bin to make --expire-logs-days or --binlog-expire-logs-seconds work.
2025-12-18T13:51:12.351453+00:00 finalArenaServer mariadbd[2071]: 2025-12-18 13:51:12 0 [Note] Server socket created on IP: '127.0.0.1'.
2025-12-18T13:51:12.476875+00:00 finalArenaServer mariadbd[2071]: 2025-12-18 13:51:12 0 [Note] /usr/sbin/mariadbd: ready for connections.
2025-12-18T13:51:12.478035+00:00 finalArenaServer mariadbd[2071]: Version: '10.11.13-MariaDB-0ubuntu0.24.04.1'  socket: '/run/mysqld/mysqld.sock'  port: 3306  Ubuntu 24.04
2025-12-18T13:51:13.202653+00:00 finalArenaServer systemd[1]: Started mariadb.service - MariaDB 10.11.13 database server.
2025-12-18T13:51:13.229466+00:00 finalArenaServer /etc/mysql/debian-start[2090]: Upgrading MariaDB tables if necessary.
2025-12-18T13:51:13.540598+00:00 finalArenaServer mariadbd[2071]: 2025-12-18 13:51:13 0 [Note] InnoDB: Buffer pool(s) load completed at 251218 13:51:13
2025-12-18T13:51:13.606079+00:00 finalArenaServer /etc/mysql/debian-start[2101]: Checking for insecure root accounts.
2025-12-18T13:51:13.651048+00:00 finalArenaServer /etc/mysql/debian-start[2105]: Triggering myisam-recover for all MyISAM tables and aria-recover for all Aria tables
2025-12-18T13:51:28.914183+00:00 finalArenaServer mariadbd[2071]: 2025-12-18 13:51:28 32 [Warning] Access denied for user 'nc_app'@'localhost' to database 'nextclouddb'
2025-12-18T13:51:28.926762+00:00 finalArenaServer mariadbd[2071]: 2025-12-18 13:51:28 33 [Warning] Access denied for user 'nc_app'@'localhost' to database 'nextclouddb'
2025-12-18T13:51:28.928303+00:00 finalArenaServer mariadbd[2071]: 2025-12-18 13:51:28 34 [Warning] Access denied for user 'nc_app'@'localhost' to database 'nextclouddb'
2025-12-18T13:51:28.929160+00:00 finalArenaServer mariadbd[2071]: 2025-12-18 13:51:28 35 [Warning] Access denied for user 'nc_app'@'localhost' to database 'nextclouddb'
2025-12-18T13:51:28.930285+00:00 finalArenaServer mariadbd[2071]: 2025-12-18 13:51:28 36 [Warning] Access denied for user 'nc_app'@'localhost' to database 'nextclouddb'
2025-12-18T13:51:28.931203+00:00 finalArenaServer mariadbd[2071]: 2025-12-18 13:51:28 37 [Warning] Access denied for user 'nc_app'@'localhost' to database 'nextclouddb'
2025-12-18T13:51:28.932448+00:00 finalArenaServer mariadbd[2071]: 2025-12-18 13:51:28 38 [Warning] Access denied for user 'nc_app'@'localhost' to database 'nextclouddb'
2025-12-18T13:51:28.933919+00:00 finalArenaServer mariadbd[2071]: 2025-12-18 13:51:28 39 [Warning] Access denied for user 'nc_app'@'localhost' to database 'nextclouddb'
2025-12-18T13:51:28.938228+00:00 finalArenaServer mariadbd[2071]: 2025-12-18 13:51:28 40 [Warning] Access denied for user 'nc_app'@'localhost' to database 'nextclouddb'
2025-12-18T13:51:28.939221+00:00 finalArenaServer mariadbd[2071]: 2025-12-18 13:51:28 41 [Warning] Access denied for user 'nc_app'@'localhost' to database 'nextclouddb'
2025-12-18T13:51:28.942884+00:00 finalArenaServer mariadbd[2071]: 2025-12-18 13:51:28 42 [Warning] Access denied for user 'nc_app'@'localhost' to database 'nextclouddb'
2025-12-18T13:51:28.945810+00:00 finalArenaServer mariadbd[2071]: 2025-12-18 13:51:28 43 [Warning] Access denied for user 'nc_app'@'localhost' to database 'nextclouddb'
2025-12-18T13:51:28.948210+00:00 finalArenaServer mariadbd[2071]: 2025-12-18 13:51:28 44 [Warning] Access denied for user 'nc_app'@'localhost' to database 'nextclouddb'
2025-12-18T13:51:28.952376+00:00 finalArenaServer mariadbd[2071]: 2025-12-18 13:51:28 45 [Warning] Access denied for user 'nc_app'@'localhost' to database 'nextclouddb'
2025-12-18T13:51:28.958069+00:00 finalArenaServer mariadbd[2071]: 2025-12-18 13:51:28 46 [Warning] Access denied for user 'nc_app'@'localhost' to database 'nextclouddb'
2025-12-18T13:51:28.959207+00:00 finalArenaServer mariadbd[2071]: 2025-12-18 13:51:28 47 [Warning] Access denied for user 'nc_app'@'localhost' to database 'nextclouddb'
2025-12-18T13:51:29.205633+00:00 finalArenaServer mariadbd[2071]: 2025-12-18 13:51:29 48 [Warning] Access denied for user 'nc_app'@'localhost' to database 'nextclouddb'
2025-12-18T13:51:29.207448+00:00 finalArenaServer mariadbd[2071]: 2025-12-18 13:51:29 49 [Warning] Access denied for user 'nc_app'@'localhost' to database 'nextclouddb'
2025-12-18T13:51:29.209540+00:00 finalArenaServer mariadbd[2071]: 2025-12-18 13:51:29 50 [Warning] Access denied for user 'nc_app'@'localhost' to database 'nextclouddb'
2025-12-18T13:51:29.212307+00:00 finalArenaServer mariadbd[2071]: 2025-12-18 13:51:29 51 [Warning] Access denied for user 'nc_app'@'localhost' to database 'nextclouddb'
2025-12-18T13:51:29.215110+00:00 finalArenaServer mariadbd[2071]: 2025-12-18 13:51:29 52 [Warning] Access denied for user 'nc_app'@'localhost' to database 'nextclouddb'
2025-12-18T13:51:29.220332+00:00 finalArenaServer mariadbd[2071]: 2025-12-18 13:51:29 53 [Warning] Access denied for user 'nc_app'@'localhost' to database 'nextclouddb'
2025-12-18T13:51:29.223263+00:00 finalArenaServer mariadbd[2071]: 2025-12-18 13:51:29 54 [Warning] Access denied for user 'nc_app'@'localhost' to database 'nextclouddb'
2025-12-18T13:51:29.226643+00:00 finalArenaServer mariadbd[2071]: 2025-12-18 13:51:29 55 [Warning] Access denied for user 'nc_app'@'localhost' to database 'nextclouddb'
2025-12-18T13:51:29.230285+00:00 finalArenaServer mariadbd[2071]: 2025-12-18 13:51:29 56 [Warning] Access denied for user 'nc_app'@'localhost' to database 'nextclouddb'
2025-12-18T13:51:29.231442+00:00 finalArenaServer mariadbd[2071]: 2025-12-18 13:51:29 57 [Warning] Access denied for user 'nc_app'@'localhost' to database 'nextclouddb'
2025-12-18T13:51:29.232888+00:00 finalArenaServer mariadbd[2071]: 2025-12-18 13:51:29 58 [Warning] Access denied for user 'nc_app'@'localhost' to database 'nextclouddb'
2025-12-18T13:51:29.234004+00:00 finalArenaServer mariadbd[2071]: 2025-12-18 13:51:29 59 [Warning] Access denied for user 'nc_app'@'localhost' to database 'nextclouddb'
2025-12-18T13:51:29.240209+00:00 finalArenaServer mariadbd[2071]: 2025-12-18 13:51:29 60 [Warning] Access denied for user 'nc_app'@'localhost' to database 'nextclouddb'
2025-12-18T13:51:29.241486+00:00 finalArenaServer mariadbd[2071]: 2025-12-18 13:51:29 61 [Warning] Access denied for user 'nc_app'@'localhost' to database 'nextclouddb'
2025-12-18T13:51:29.247121+00:00 finalArenaServer mariadbd[2071]: 2025-12-18 13:51:29 62 [Warning] Access denied for user 'nc_app'@'localhost' to database 'nextclouddb'
2025-12-18T13:51:29.247319+00:00 finalArenaServer mariadbd[2071]: 2025-12-18 13:51:29 63 [Warning] Access denied for user 'nc_app'@'localhost' to database 'nextclouddb'
2025-12-18T13:51:33.522425+00:00 finalArenaServer mariadbd[2071]: 2025-12-18 13:51:33 64 [Warning] Access denied for user 'nc_app'@'localhost' to database 'nextclouddb'
2025-12-18T13:51:33.524484+00:00 finalArenaServer mariadbd[2071]: 2025-12-18 13:51:33 65 [Warning] Access denied for user 'nc_app'@'localhost' to database 'nextclouddb'
2025-12-18T13:51:33.527407+00:00 finalArenaServer mariadbd[2071]: 2025-12-18 13:51:33 66 [Warning] Access denied for user 'nc_app'@'localhost' to database 'nextclouddb'
2025-12-18T13:51:33.530839+00:00 finalArenaServer mariadbd[2071]: 2025-12-18 13:51:33 67 [Warning] Access denied for user 'nc_app'@'localhost' to database 'nextclouddb'
2025-12-18T13:51:33.531542+00:00 finalArenaServer mariadbd[2071]: 2025-12-18 13:51:33 68 [Warning] Access denied for user 'nc_app'@'localhost' to database 'nextclouddb'
2025-12-18T13:51:33.531591+00:00 finalArenaServer mariadbd[2071]: 2025-12-18 13:51:33 69 [Warning] Access denied for user 'nc_app'@'localhost' to database 'nextclouddb'
2025-12-18T13:51:33.535266+00:00 finalArenaServer mariadbd[2071]: 2025-12-18 13:51:33 70 [Warning] Access denied for user 'nc_app'@'localhost' to database 'nextclouddb'
2025-12-18T13:51:33.535744+00:00 finalArenaServer mariadbd[2071]: 2025-12-18 13:51:33 71 [Warning] Access denied for user 'nc_app'@'localhost' to database 'nextclouddb'
2025-12-18T13:51:33.540308+00:00 finalArenaServer mariadbd[2071]: 2025-12-18 13:51:33 72 [Warning] Access denied for user 'nc_app'@'localhost' to database 'nextclouddb'
2025-12-18T13:51:33.542234+00:00 finalArenaServer mariadbd[2071]: 2025-12-18 13:51:33 73 [Warning] Access denied for user 'nc_app'@'localhost' to database 'nextclouddb'
2025-12-18T13:51:33.544219+00:00 finalArenaServer mariadbd[2071]: 2025-12-18 13:51:33 74 [Warning] Access denied for user 'nc_app'@'localhost' to database 'nextclouddb'
2025-12-18T13:51:33.548571+00:00 finalArenaServer mariadbd[2071]: 2025-12-18 13:51:33 75 [Warning] Access denied for user 'nc_app'@'localhost' to database 'nextclouddb'
2025-12-18T13:51:33.549368+00:00 finalArenaServer mariadbd[2071]: 2025-12-18 13:51:33 76 [Warning] Access denied for user 'nc_app'@'localhost' to database 'nextclouddb'
2025-12-18T13:51:33.551656+00:00 finalArenaServer mariadbd[2071]: 2025-12-18 13:51:33 77 [Warning] Access denied for user 'nc_app'@'localhost' to database 'nextclouddb'
2025-12-18T13:51:33.557063+00:00 finalArenaServer mariadbd[2071]: 2025-12-18 13:51:33 78 [Warning] Access denied for user 'nc_app'@'localhost' to database 'nextclouddb'
2025-12-18T13:51:33.558391+00:00 finalArenaServer mariadbd[2071]: 2025-12-18 13:51:33 79 [Warning] Access denied for user 'nc_app'@'localhost' to database 'nextclouddb'
2025-12-18T13:51:38.190543+00:00 finalArenaServer mariadbd[2071]: 2025-12-18 13:51:38 80 [Warning] Access denied for user 'nc_app'@'localhost' to database 'nextclouddb'
2025-12-18T13:51:38.192766+00:00 finalArenaServer mariadbd[2071]: 2025-12-18 13:51:38 81 [Warning] Access denied for user 'nc_app'@'localhost' to database 'nextclouddb'
2025-12-18T13:51:38.196191+00:00 finalArenaServer mariadbd[2071]: 2025-12-18 13:51:38 82 [Warning] Access denied for user 'nc_app'@'localhost' to database 'nextclouddb'
2025-12-18T13:51:38.197434+00:00 finalArenaServer mariadbd[2071]: 2025-12-18 13:51:38 83 [Warning] Access denied for user 'nc_app'@'localhost' to database 'nextclouddb'
2025-12-18T13:51:38.197582+00:00 finalArenaServer mariadbd[2071]: 2025-12-18 13:51:38 84 [Warning] Access denied for user 'nc_app'@'localhost' to database 'nextclouddb'
2025-12-18T13:51:38.199192+00:00 finalArenaServer mariadbd[2071]: 2025-12-18 13:51:38 85 [Warning] Access denied for user 'nc_app'@'localhost' to database 'nextclouddb'
2025-12-18T13:51:38.202932+00:00 finalArenaServer mariadbd[2071]: 2025-12-18 13:51:38 86 [Warning] Access denied for user 'nc_app'@'localhost' to database 'nextclouddb'
2025-12-18T13:51:38.203021+00:00 finalArenaServer mariadbd[2071]: 2025-12-18 13:51:38 87 [Warning] Access denied for user 'nc_app'@'localhost' to database 'nextclouddb'
2025-12-18T13:51:38.209021+00:00 finalArenaServer mariadbd[2071]: 2025-12-18 13:51:38 88 [Warning] Access denied for user 'nc_app'@'localhost' to database 'nextclouddb'
2025-12-18T13:51:38.212263+00:00 finalArenaServer mariadbd[2071]: 2025-12-18 13:51:38 89 [Warning] Access denied for user 'nc_app'@'localhost' to database 'nextclouddb'
2025-12-18T13:51:38.213844+00:00 finalArenaServer mariadbd[2071]: 2025-12-18 13:51:38 90 [Warning] Access denied for user 'nc_app'@'localhost' to database 'nextclouddb'
2025-12-18T13:51:38.215016+00:00 finalArenaServer mariadbd[2071]: 2025-12-18 13:51:38 91 [Warning] Access denied for user 'nc_app'@'localhost' to database 'nextclouddb'
2025-12-18T13:51:38.223467+00:00 finalArenaServer mariadbd[2071]: 2025-12-18 13:51:38 92 [Warning] Access denied for user 'nc_app'@'localhost' to database 'nextclouddb'
2025-12-18T13:51:38.227010+00:00 finalArenaServer mariadbd[2071]: 2025-12-18 13:51:38 93 [Warning] Access denied for user 'nc_app'@'localhost' to database 'nextclouddb'
2025-12-18T13:51:38.233407+00:00 finalArenaServer mariadbd[2071]: 2025-12-18 13:51:38 94 [Warning] Access denied for user 'nc_app'@'localhost' to database 'nextclouddb'
2025-12-18T13:51:38.239950+00:00 finalArenaServer mariadbd[2071]: 2025-12-18 13:51:38 95 [Warning] Access denied for user 'nc_app'@'localhost' to database 'nextclouddb'
2025-12-18T13:52:34.277996+00:00 finalArenaServer systemd[1]: Starting systemd-tmpfiles-clean.service - Cleanup of Temporary Directories...
2025-12-18T13:52:34.331510+00:00 finalArenaServer systemd[1]: systemd-tmpfiles-clean.service: Deactivated successfully.
2025-12-18T13:52:34.332181+00:00 finalArenaServer systemd[1]: Finished systemd-tmpfiles-clean.service - Cleanup of Temporary Directories.
2025-12-18T13:53:23.699934+00:00 finalArenaServer mariadbd[2071]: 2025-12-18 13:53:23 0 [Note] /usr/sbin/mariadbd (initiated by: unknown): Normal shutdown
2025-12-18T13:53:23.718233+00:00 finalArenaServer mariadbd[2071]: 2025-12-18 13:53:23 0 [Note] InnoDB: FTS optimize thread exiting.
2025-12-18T13:53:23.718630+00:00 finalArenaServer systemd[1]: Stopping mariadb.service - MariaDB 10.11.13 database server...
2025-12-18T13:53:23.782451+00:00 finalArenaServer mariadbd[2071]: 2025-12-18 13:53:23 0 [Note] InnoDB: Starting shutdown...
2025-12-18T13:53:23.795874+00:00 finalArenaServer mariadbd[2071]: 2025-12-18 13:53:23 0 [Note] InnoDB: Dumping buffer pool(s) to /var/lib/mysql/ib_buffer_pool
2025-12-18T13:53:23.797123+00:00 finalArenaServer mariadbd[2071]: 2025-12-18 13:53:23 0 [Note] InnoDB: Buffer pool(s) dump completed at 251218 13:53:23
2025-12-18T13:53:24.043710+00:00 finalArenaServer mariadbd[2071]: 2025-12-18 13:53:24 0 [Note] InnoDB: Removed temporary tablespace data file: "./ibtmp1"
2025-12-18T13:53:24.043937+00:00 finalArenaServer mariadbd[2071]: 2025-12-18 13:53:24 0 [Note] InnoDB: Shutdown completed; log sequence number 5198388; transaction id 10017
2025-12-18T13:53:24.057964+00:00 finalArenaServer mariadbd[2071]: 2025-12-18 13:53:24 0 [Note] /usr/sbin/mariadbd: Shutdown complete
2025-12-18T13:53:24.064957+00:00 finalArenaServer systemd[1]: mariadb.service: Deactivated successfully.
2025-12-18T13:53:24.065179+00:00 finalArenaServer systemd[1]: Stopped mariadb.service - MariaDB 10.11.13 database server.
2025-12-18T13:53:24.065678+00:00 finalArenaServer systemd[1]: mariadb.service: Consumed 3.633s CPU time, 100.7M memory peak, 0B memory swap peak.
2025-12-18T13:53:24.075215+00:00 finalArenaServer systemd[1]: Starting mariadb.service - MariaDB 10.11.13 database server...
2025-12-18T13:53:24.427042+00:00 finalArenaServer (mariadbd)[2228]: mariadb.service: Referenced but unset environment variable evaluates to an empty string: MYSQLD_OPTS, _WSREP_NEW_CLUSTER
2025-12-18T13:53:24.483052+00:00 finalArenaServer mariadbd[2228]: 2025-12-18 13:53:24 0 [Note] Starting MariaDB 10.11.13-MariaDB-0ubuntu0.24.04.1 source revision 8fb09426b98583916ccfd4f8c49741adc115bac3 server_uid 1tpEPRMvrFOMwgAHBvLlsqwq+is= as process 2228
2025-12-18T13:53:24.524283+00:00 finalArenaServer mariadbd[2228]: 2025-12-18 13:53:24 0 [Note] InnoDB: Compressed tables use zlib 1.3
2025-12-18T13:53:24.526716+00:00 finalArenaServer mariadbd[2228]: 2025-12-18 13:53:24 0 [Note] InnoDB: Number of transaction pools: 1
2025-12-18T13:53:24.527400+00:00 finalArenaServer mariadbd[2228]: 2025-12-18 13:53:24 0 [Note] InnoDB: Using crc32 + pclmulqdq instructions
2025-12-18T13:53:24.528868+00:00 finalArenaServer mariadbd[2228]: 2025-12-18 13:53:24 0 [Note] InnoDB: Using liburing
2025-12-18T13:53:24.529373+00:00 finalArenaServer mariadbd[2228]: 2025-12-18 13:53:24 0 [Note] InnoDB: innodb_buffer_pool_size_max=128m, innodb_buffer_pool_size=128m
2025-12-18T13:53:24.531221+00:00 finalArenaServer mariadbd[2228]: 2025-12-18 13:53:24 0 [Note] InnoDB: Initialized memory pressure event listener
2025-12-18T13:53:24.531269+00:00 finalArenaServer mariadbd[2228]: 2025-12-18 13:53:24 0 [Note] InnoDB: Completed initialization of buffer pool
2025-12-18T13:53:24.532832+00:00 finalArenaServer mariadbd[2228]: 2025-12-18 13:53:24 0 [Note] InnoDB: File system buffers for log disabled (block size=512 bytes)
2025-12-18T13:53:24.560785+00:00 finalArenaServer mariadbd[2228]: 2025-12-18 13:53:24 0 [Note] InnoDB: End of log at LSN=5198388
2025-12-18T13:53:24.684385+00:00 finalArenaServer mariadbd[2228]: 2025-12-18 13:53:24 0 [Note] InnoDB: 128 rollback segments are active.
2025-12-18T13:53:24.690012+00:00 finalArenaServer mariadbd[2228]: 2025-12-18 13:53:24 0 [Note] InnoDB: Setting file './ibtmp1' size to 12.000MiB. Physically writing the file full; Please wait ...
2025-12-18T13:53:24.690084+00:00 finalArenaServer mariadbd[2228]: 2025-12-18 13:53:24 0 [Note] InnoDB: File './ibtmp1' size is now 12.000MiB.
2025-12-18T13:53:24.691502+00:00 finalArenaServer mariadbd[2228]: 2025-12-18 13:53:24 0 [Note] InnoDB: log sequence number 5198388; transaction id 10018
2025-12-18T13:53:24.692095+00:00 finalArenaServer mariadbd[2228]: 2025-12-18 13:53:24 0 [Note] Plugin 'FEEDBACK' is disabled.
2025-12-18T13:53:24.693008+00:00 finalArenaServer mariadbd[2228]: 2025-12-18 13:53:24 0 [Note] InnoDB: Loading buffer pool(s) from /var/lib/mysql/ib_buffer_pool
2025-12-18T13:53:24.698176+00:00 finalArenaServer mariadbd[2228]: 2025-12-18 13:53:24 0 [Warning] You need to use --log-bin to make --expire-logs-days or --binlog-expire-logs-seconds work.
2025-12-18T13:53:24.699012+00:00 finalArenaServer mariadbd[2228]: 2025-12-18 13:53:24 0 [Note] Server socket created on IP: '127.0.0.1'.
2025-12-18T13:53:24.749087+00:00 finalArenaServer mariadbd[2228]: 2025-12-18 13:53:24 0 [Note] /usr/sbin/mariadbd: ready for connections.
2025-12-18T13:53:24.749403+00:00 finalArenaServer mariadbd[2228]: Version: '10.11.13-MariaDB-0ubuntu0.24.04.1'  socket: '/run/mysqld/mysqld.sock'  port: 3306  Ubuntu 24.04
2025-12-18T13:53:24.856353+00:00 finalArenaServer systemd[1]: Started mariadb.service - MariaDB 10.11.13 database server.
2025-12-18T13:53:24.873208+00:00 finalArenaServer /etc/mysql/debian-start[2247]: Upgrading MariaDB tables if necessary.
2025-12-18T13:53:24.972126+00:00 finalArenaServer /etc/mysql/debian-start[2258]: Checking for insecure root accounts.
2025-12-18T13:53:25.020860+00:00 finalArenaServer /etc/mysql/debian-start[2262]: Triggering myisam-recover for all MyISAM tables and aria-recover for all Aria tables
2025-12-18T13:53:25.697945+00:00 finalArenaServer mariadbd[2228]: 2025-12-18 13:53:25 0 [Note] InnoDB: Buffer pool(s) load completed at 251218 13:53:25