2026-02-26T11:38:00.645988+00:00 arena-wp kernel: workqueue: drm_fb_helper_damage_work hogged CPU for >10000us 8 times, consider switching to WQ_UNBOUND
2026-02-26T11:38:20.629864+00:00 arena-wp kernel: clocksource: Long readout interval, skipping watchdog check: cs_nsec: 4521446183 wd_nsec: 4521445804
2026-02-26T11:39:01.336200+00:00 arena-wp CRON[1537]: (root) CMD (  [ -x /usr/lib/php/sessionclean ] && if [ ! -d /run/systemd/system ]; then /usr/lib/php/sessionclean; fi)
2026-02-26T11:39:10.849069+00:00 arena-wp systemd[1]: Starting phpsessionclean.service - Clean php session files...
2026-02-26T11:39:11.545258+00:00 arena-wp systemd[1]: phpsessionclean.service: Deactivated successfully.
2026-02-26T11:39:11.546008+00:00 arena-wp systemd[1]: Finished phpsessionclean.service - Clean php session files.
2026-02-26T11:39:33.671368+00:00 arena-wp kernel: workqueue: e1000_watchdog [e1000] hogged CPU for >10000us 8 times, consider switching to WQ_UNBOUND
2026-02-26T11:40:16.049072+00:00 arena-wp systemd[1]: Starting sysstat-collect.service - system activity accounting tool...
2026-02-26T11:40:16.093135+00:00 arena-wp systemd[1]: sysstat-collect.service: Deactivated successfully.
2026-02-26T11:40:16.093969+00:00 arena-wp systemd[1]: Finished sysstat-collect.service - system activity accounting tool.
2026-02-26T11:40:22.941600+00:00 arena-wp kernel: workqueue: drm_fb_helper_damage_work hogged CPU for >10000us 16 times, consider switching to WQ_UNBOUND
2026-02-26T11:40:26.980103+00:00 arena-wp kernel: workqueue: e1000_watchdog [e1000] hogged CPU for >10000us 16 times, consider switching to WQ_UNBOUND
2026-02-24T11:47:50.719208+00:00 arena-wp kernel: workqueue: drm_fb_helper_damage_work hogged CPU for >10000us 4 times, consider switching to WQ_UNBOUND
2026-02-24T11:47:54.031070+00:00 arena-wp kernel: workqueue: e1000_watchdog [e1000] hogged CPU for >10000us 8 times, consider switching to WQ_UNBOUND
2026-02-24T11:48:07.708181+00:00 arena-wp kernel: workqueue: drm_fb_helper_damage_work hogged CPU for >10000us 8 times, consider switching to WQ_UNBOUND
2026-02-24T11:48:22.865674+00:00 arena-wp kernel: workqueue: e1000_watchdog [e1000] hogged CPU for >10000us 16 times, consider switching to WQ_UNBOUND
2026-02-24T11:48:28.991974+00:00 arena-wp systemd[1]: Starting fwupd-refresh.service - Refresh fwupd metadata and update motd...
2026-02-24T11:48:29.255804+00:00 arena-wp dbus-daemon[619]: [system] Activating via systemd: service name='org.freedesktop.fwupd' unit='fwupd.service' requested by ':1.21' (uid=989 pid=1513 comm="/usr/bin/fwupdmgr refresh" label="unconfined")
2026-02-24T11:48:29.279400+00:00 arena-wp systemd[1]: Starting fwupd.service - Firmware update daemon...
2026-02-24T11:48:30.203028+00:00 arena-wp dbus-daemon[619]: [system] Activating via systemd: service name='org.freedesktop.UPower' unit='upower.service' requested by ':1.22' (uid=0 pid=1518 comm="/usr/libexec/fwupd/fwupd" label="unconfined")
2026-02-24T11:48:30.263259+00:00 arena-wp systemd[1]: Starting upower.service - Daemon for power management...
2026-02-24T11:48:30.727802+00:00 arena-wp dbus-daemon[619]: [system] Successfully activated service 'org.freedesktop.UPower'
2026-02-24T11:48:30.728035+00:00 arena-wp systemd[1]: Started upower.service - Daemon for power management.
2026-02-24T11:48:30.923467+00:00 arena-wp fwupd[1518]: 11:48:30.920 FuEngine             failed to add device /sys/devices/pci0000:00/0000:00:01.1/ata2/host1/target1:0:0/1:0:0:0/block/sr0: failed to open /dev/sr0: No medium found
2026-02-24T11:48:31.059962+00:00 arena-wp fwupd[1518]: 11:48:31.058 FuMain               fwupd 1.9.30 ready for requests (locale en_US.UTF-8)
2026-02-24T11:48:31.066787+00:00 arena-wp dbus-daemon[619]: [system] Successfully activated service 'org.freedesktop.fwupd'
2026-02-24T11:48:31.068373+00:00 arena-wp systemd[1]: Started fwupd.service - Firmware update daemon.
2026-02-24T11:48:31.157647+00:00 arena-wp fwupdmgr[1513]: Updating lvfs
2026-02-24T11:48:36.734424+00:00 arena-wp kernel: workqueue: drm_fb_helper_damage_work hogged CPU for >10000us 16 times, consider switching to WQ_UNBOUND
2026-02-24T11:48:39.890867+00:00 arena-wp fwupdmgr[1513]: Successfully downloaded new metadata: 0 local devices supported
2026-02-24T11:48:39.915110+00:00 arena-wp systemd[1]: fwupd-refresh.service: Deactivated successfully.
2026-02-24T11:48:39.916151+00:00 arena-wp systemd[1]: Finished fwupd-refresh.service - Refresh fwupd metadata and update motd.
2026-02-24T11:48:45.553091+00:00 arena-wp kernel: clocksource: Long readout interval, skipping watchdog check: cs_nsec: 4488327858 wd_nsec: 4488327470
2026-02-24T11:49:40.454778+00:00 arena-wp kernel: workqueue: e1000_watchdog [e1000] hogged CPU for >10000us 32 times, consider switching to WQ_UNBOUND
2026-02-24T11:50:28.967306+00:00 arena-wp systemd[1]: Starting sysstat-collect.service - system activity accounting tool...
2026-02-24T11:50:29.092550+00:00 arena-wp systemd[1]: sysstat-collect.service: Deactivated successfully.
2026-02-24T11:50:29.100338+00:00 arena-wp systemd[1]: Finished sysstat-collect.service - system activity accounting tool.
2026-03-05T11:10:03.774551+00:00 arena-wp systemd[1]: Starting sysstat-collect.service - system activity accounting tool...
2026-03-05T11:10:03.789174+00:00 arena-wp systemd[1]: sysstat-collect.service: Deactivated successfully.
2026-03-05T11:10:03.790165+00:00 arena-wp systemd[1]: Finished sysstat-collect.service - system activity accounting tool.
2026-03-05T11:10:12.341594+00:00 arena-wp systemd[1152]: launchpadlib-cache-clean.service - Clean up old files in the Launchpadlib cache was skipped because of an unmet condition check (ConditionPathExists=/home/vboxuser/.launchpadlib/api.launchpad.net/cache).
2026-03-05T11:15:01.589309+00:00 arena-wp CRON[1652]: (root) CMD (command -v debian-sa1 > /dev/null && debian-sa1 1 1)
2026-03-05T11:17:01.604684+00:00 arena-wp CRON[1657]: (root) CMD (cd / && run-parts --report /etc/cron.hourly)
2026-03-05T11:17:01.621688+00:00 arena-wp systemd[1]: Starting fwupd-refresh.service - Refresh fwupd metadata and update motd...
2026-03-05T11:17:01.696984+00:00 arena-wp dbus-daemon[622]: [system] Activating via systemd: service name='org.freedesktop.fwupd' unit='fwupd.service' requested by ':1.24' (uid=989 pid=1658 comm="/usr/bin/fwupdmgr refresh" label="unconfined")
2026-03-05T11:17:01.709608+00:00 arena-wp systemd[1]: Starting fwupd.service - Firmware update daemon...
2026-03-05T11:17:02.035370+00:00 arena-wp dbus-daemon[622]: [system] Activating via systemd: service name='org.freedesktop.UPower' unit='upower.service' requested by ':1.25' (uid=0 pid=1664 comm="/usr/libexec/fwupd/fwupd" label="unconfined")
2026-03-05T11:17:02.051542+00:00 arena-wp systemd[1]: Starting upower.service - Daemon for power management...
2026-03-05T11:17:02.218063+00:00 arena-wp dbus-daemon[622]: [system] Successfully activated service 'org.freedesktop.UPower'
2026-03-05T11:17:02.218956+00:00 arena-wp systemd[1]: Started upower.service - Daemon for power management.
2026-03-05T11:17:02.310391+00:00 arena-wp fwupd[1664]: 11:17:02.309 FuEngine             failed to add device /sys/devices/pci0000:00/0000:00:01.1/ata2/host1/target1:0:0/1:0:0:0/block/sr0: failed to open /dev/sr0: No medium found
2026-03-05T11:17:02.374218+00:00 arena-wp fwupd[1664]: 11:17:02.374 FuMain               fwupd 1.9.30 ready for requests (locale en_US.UTF-8)
2026-03-05T11:17:02.377054+00:00 arena-wp dbus-daemon[622]: [system] Successfully activated service 'org.freedesktop.fwupd'
2026-03-05T11:17:02.377223+00:00 arena-wp systemd[1]: Started fwupd.service - Firmware update daemon.
2026-03-05T11:17:02.424188+00:00 arena-wp fwupdmgr[1658]: Updating lvfs
2026-03-05T11:17:07.377701+00:00 arena-wp fwupdmgr[1658]: Successfully downloaded new metadata: 0 local devices supported
2026-03-05T11:17:07.386399+00:00 arena-wp systemd[1]: fwupd-refresh.service: Deactivated successfully.
2026-03-05T11:17:07.386504+00:00 arena-wp systemd[1]: Finished fwupd-refresh.service - Refresh fwupd metadata and update motd.
2026-03-05T11:19:13.239530+00:00 arena-wp systemd[1]: Starting systemd-tmpfiles-clean.service - Cleanup of Temporary Directories...
2026-03-05T11:19:13.263812+00:00 arena-wp systemd[1]: systemd-tmpfiles-clean.service: Deactivated successfully.
2026-03-05T11:19:13.264184+00:00 arena-wp systemd[1]: Finished systemd-tmpfiles-clean.service - Cleanup of Temporary Directories.
2026-03-05T11:20:03.897439+00:00 arena-wp systemd[1]: Starting sysstat-collect.service - system activity accounting tool...
2026-03-05T11:20:03.919504+00:00 arena-wp systemd[1]: sysstat-collect.service: Deactivated successfully.
2026-03-05T11:20:03.919687+00:00 arena-wp systemd[1]: Finished sysstat-collect.service - system activity accounting tool.
2026-03-05T11:23:24.195376+00:00 arena-wp kernel: clocksource: Long readout interval, skipping watchdog check: cs_nsec: 12777447212 wd_nsec: 12777436885
2026-03-05T11:25:01.673787+00:00 arena-wp CRON[1719]: (root) CMD (command -v debian-sa1 > /dev/null && debian-sa1 1 1)
2026-02-26T14:18:04.769528+00:00 arena-wp kernel: workqueue: e1000_watchdog [e1000] hogged CPU for >10000us 32 times, consider switching to WQ_UNBOUND
2026-02-26T14:18:09.529545+00:00 arena-wp kernel: workqueue: blk_mq_requeue_work hogged CPU for >10000us 8 times, consider switching to WQ_UNBOUND
2026-02-26T14:19:13.067013+00:00 arena-wp systemd[1]: Stopping apache2.service - The Apache HTTP Server...
2026-02-26T14:19:13.486978+00:00 arena-wp apachectl[1625]: AH00558: apache2: Could not reliably determine the server's fully qualified domain name, using fd17:625c:f037:2:a00:27ff:fed8:540d. Set the 'ServerName' directive globally to suppress this message
2026-02-26T14:19:13.697805+00:00 arena-wp systemd[1]: apache2.service: Deactivated successfully.
2026-02-26T14:19:13.699463+00:00 arena-wp systemd[1]: Stopped apache2.service - The Apache HTTP Server.
2026-02-26T14:19:13.699761+00:00 arena-wp systemd[1]: apache2.service: Consumed 3.232s CPU time, 38.3M memory peak, 0B memory swap peak.
2026-02-26T14:19:13.732286+00:00 arena-wp systemd[1]: Starting apache2.service - The Apache HTTP Server...
2026-02-26T14:19:14.074296+00:00 arena-wp apachectl[1631]: AH00558: apache2: Could not reliably determine the server's fully qualified domain name, using fd17:625c:f037:2:a00:27ff:fed8:540d. Set the 'ServerName' directive globally to suppress this message
2026-02-26T14:19:14.128064+00:00 arena-wp systemd[1]: Started apache2.service - The Apache HTTP Server.
2026-02-26T14:19:16.191743+00:00 arena-wp kernel: workqueue: drm_fb_helper_damage_work hogged CPU for >10000us 64 times, consider switching to WQ_UNBOUND
2026-02-26T14:19:16.391749+00:00 arena-wp kernel: workqueue: ata_sff_pio_task hogged CPU for >10000us 4 times, consider switching to WQ_UNBOUND
2026-02-26T14:19:44.332711+00:00 arena-wp systemd[1]: Stopping apache2.service - The Apache HTTP Server...
2026-02-26T14:19:44.660876+00:00 arena-wp apachectl[1653]: AH00558: apache2: Could not reliably determine the server's fully qualified domain name, using fd17:625c:f037:2:a00:27ff:fed8:540d. Set the 'ServerName' directive globally to suppress this message
2026-02-26T14:19:44.820645+00:00 arena-wp systemd[1]: apache2.service: Deactivated successfully.
2026-02-26T14:19:44.834026+00:00 arena-wp systemd[1]: Stopped apache2.service - The Apache HTTP Server.
2026-02-26T14:19:44.834289+00:00 arena-wp systemd[1]: apache2.service: Consumed 1.191s CPU time.
2026-02-26T14:19:44.860501+00:00 arena-wp systemd[1]: Starting apache2.service - The Apache HTTP Server...
2026-02-26T14:19:45.132606+00:00 arena-wp apachectl[1659]: AH00558: apache2: Could not reliably determine the server's fully qualified domain name, using fd17:625c:f037:2:a00:27ff:fed8:540d. Set the 'ServerName' directive globally to suppress this message
2026-02-26T14:19:45.206231+00:00 arena-wp systemd[1]: Started apache2.service - The Apache HTTP Server.
2026-02-26T14:19:47.221596+00:00 arena-wp kernel: workqueue: e1000_watchdog [e1000] hogged CPU for >10000us 64 times, consider switching to WQ_UNBOUND
