2026-01-11T22:26:00.851227+00:00 finalArenaServer systemd[1]: systemd-hostnamed.service: Deactivated successfully.
2026-01-11T22:26:02.581527+00:00 finalArenaServer systemd-timesyncd[450]: Contacted time server 193.171.23.163:123 (2.ubuntu.pool.ntp.org).
2026-01-11T22:26:02.581577+00:00 finalArenaServer systemd-timesyncd[450]: Initial clock synchronization to Sun 2026-01-11 22:26:02.580990 UTC.
2026-01-11T22:26:02.581713+00:00 finalArenaServer systemd-resolved[445]: Clock change detected. Flushing caches.
2026-01-11T22:26:03.975854+00:00 finalArenaServer systemd[1]: systemd-timedated.service: Deactivated successfully.
2026-01-11T22:26:10.607563+00:00 finalArenaServer kernel: workqueue: blk_mq_run_work_fn hogged CPU for >10000us 8 times, consider switching to WQ_UNBOUND
2026-01-11T22:28:30.612696+00:00 finalArenaServer mariadbd[957]: 2026-01-11 22:28:30 31 [Warning] Access denied for user 'nc_user'@'localhost'
2026-01-11T22:28:30.621919+00:00 finalArenaServer mariadbd[957]: 2026-01-11 22:28:30 32 [Warning] Access denied for user 'nc_user'@'localhost'
2026-01-11T22:28:30.636698+00:00 finalArenaServer mariadbd[957]: 2026-01-11 22:28:30 33 [Warning] Access denied for user 'nc_user'@'localhost'
2026-01-11T22:28:30.637407+00:00 finalArenaServer mariadbd[957]: 2026-01-11 22:28:30 34 [Warning] Access denied for user 'nc_user'@'localhost'
2026-01-11T22:28:30.638562+00:00 finalArenaServer mariadbd[957]: 2026-01-11 22:28:30 35 [Warning] Access denied for user 'nc_user'@'localhost'
2026-01-11T22:28:30.639335+00:00 finalArenaServer mariadbd[957]: 2026-01-11 22:28:30 36 [Warning] Access denied for user 'nc_user'@'localhost'
2026-01-11T22:28:30.642925+00:00 finalArenaServer mariadbd[957]: 2026-01-11 22:28:30 37 [Warning] Access denied for user 'nc_user'@'localhost'
2026-01-11T22:28:30.643598+00:00 finalArenaServer mariadbd[957]: 2026-01-11 22:28:30 38 [Warning] Access denied for user 'nc_user'@'localhost'
2026-01-11T22:28:30.715615+00:00 finalArenaServer mariadbd[957]: 2026-01-11 22:28:30 39 [Warning] Access denied for user 'nc_user'@'localhost'
2026-01-11T22:28:30.716578+00:00 finalArenaServer mariadbd[957]: 2026-01-11 22:28:30 40 [Warning] Access denied for user 'nc_user'@'localhost'
2026-01-11T22:28:30.718911+00:00 finalArenaServer mariadbd[957]: 2026-01-11 22:28:30 41 [Warning] Access denied for user 'nc_user'@'localhost'
2026-01-11T22:28:30.720118+00:00 finalArenaServer mariadbd[957]: 2026-01-11 22:28:30 42 [Warning] Access denied for user 'nc_user'@'localhost'
2026-01-11T22:28:30.776650+00:00 finalArenaServer mariadbd[957]: 2026-01-11 22:28:30 43 [Warning] Access denied for user 'nc_user'@'localhost'
2026-01-11T22:28:30.778569+00:00 finalArenaServer mariadbd[957]: 2026-01-11 22:28:30 44 [Warning] Access denied for user 'nc_user'@'localhost'
2026-01-11T22:28:30.824160+00:00 finalArenaServer mariadbd[957]: 2026-01-11 22:28:30 45 [Warning] Access denied for user 'nc_user'@'localhost'
2026-01-11T22:28:30.825041+00:00 finalArenaServer mariadbd[957]: 2026-01-11 22:28:30 46 [Warning] Access denied for user 'nc_user'@'localhost'
2026-01-11T22:29:16.680081+00:00 finalArenaServer mariadbd[957]: 2026-01-11 22:29:16 47 [Warning] Access denied for user 'nc_user'@'localhost'
2026-01-11T22:29:16.684041+00:00 finalArenaServer mariadbd[957]: 2026-01-11 22:29:16 48 [Warning] Access denied for user 'nc_user'@'localhost'
2026-01-11T22:29:16.687101+00:00 finalArenaServer mariadbd[957]: 2026-01-11 22:29:16 49 [Warning] Access denied for user 'nc_user'@'localhost'
2026-01-11T22:29:16.687412+00:00 finalArenaServer mariadbd[957]: 2026-01-11 22:29:16 50 [Warning] Access denied for user 'nc_user'@'localhost'
2026-01-11T22:29:16.688473+00:00 finalArenaServer mariadbd[957]: 2026-01-11 22:29:16 51 [Warning] Access denied for user 'nc_user'@'localhost'
2026-01-11T22:29:16.689163+00:00 finalArenaServer mariadbd[957]: 2026-01-11 22:29:16 52 [Warning] Access denied for user 'nc_user'@'localhost'
2026-01-11T22:29:16.691351+00:00 finalArenaServer mariadbd[957]: 2026-01-11 22:29:16 53 [Warning] Access denied for user 'nc_user'@'localhost'
2026-01-11T22:29:16.691743+00:00 finalArenaServer mariadbd[957]: 2026-01-11 22:29:16 54 [Warning] Access denied for user 'nc_user'@'localhost'
2026-01-11T22:29:16.711166+00:00 finalArenaServer mariadbd[957]: 2026-01-11 22:29:16 55 [Warning] Access denied for user 'nc_user'@'localhost'
2026-01-11T22:29:16.712341+00:00 finalArenaServer mariadbd[957]: 2026-01-11 22:29:16 56 [Warning] Access denied for user 'nc_user'@'localhost'
2026-01-11T22:29:16.713133+00:00 finalArenaServer mariadbd[957]: 2026-01-11 22:29:16 57 [Warning] Access denied for user 'nc_user'@'localhost'
2026-01-11T22:29:16.713409+00:00 finalArenaServer mariadbd[957]: 2026-01-11 22:29:16 58 [Warning] Access denied for user 'nc_user'@'localhost'
2026-01-11T22:29:16.720596+00:00 finalArenaServer mariadbd[957]: 2026-01-11 22:29:16 59 [Warning] Access denied for user 'nc_user'@'localhost'
2026-01-11T22:29:16.721411+00:00 finalArenaServer mariadbd[957]: 2026-01-11 22:29:16 60 [Warning] Access denied for user 'nc_user'@'localhost'
2026-01-11T22:29:16.732004+00:00 finalArenaServer mariadbd[957]: 2026-01-11 22:29:16 61 [Warning] Access denied for user 'nc_user'@'localhost'
2026-01-11T22:29:16.732616+00:00 finalArenaServer mariadbd[957]: 2026-01-11 22:29:16 62 [Warning] Access denied for user 'nc_user'@'localhost'
2026-01-11T22:29:27.957664+00:00 finalArenaServer mariadbd[957]: 2026-01-11 22:29:27 63 [Warning] Access denied for user 'nc_user'@'localhost'
2026-01-11T22:29:32.528759+00:00 finalArenaServer kernel: workqueue: e1000_watchdog [e1000] hogged CPU for >10000us 4 times, consider switching to WQ_UNBOUND
2026-01-11T22:30:09.316623+00:00 finalArenaServer systemd[1]: Starting sysstat-collect.service - system activity accounting tool...
2026-01-11T22:30:09.339613+00:00 finalArenaServer systemd[1]: sysstat-collect.service: Deactivated successfully.
2026-01-11T22:30:09.339850+00:00 finalArenaServer systemd[1]: Finished sysstat-collect.service - system activity accounting tool.
2026-01-11T22:30:28.372964+00:00 finalArenaServer systemd[1]: Starting update-notifier-download.service - Download data for packages that failed at package install time...
2026-01-11T22:30:28.526594+00:00 finalArenaServer systemd[1]: update-notifier-download.service: Deactivated successfully.
2026-01-11T22:30:28.527297+00:00 finalArenaServer systemd[1]: Finished update-notifier-download.service - Download data for packages that failed at package install time.
2026-01-11T22:30:59.372650+00:00 finalArenaServer systemd[1]: Reloading apache2.service - The Apache HTTP Server...
2026-01-11T22:30:59.610232+00:00 finalArenaServer apachectl[1489]: AH00558: apache2: Could not reliably determine the server's fully qualified domain name, using fd17:625c:f037:2:a00:27ff:fe3f:3739. Set the 'ServerName' directive globally to suppress this message
2026-01-11T22:30:59.651059+00:00 finalArenaServer systemd[1]: Reloaded apache2.service - The Apache HTTP Server.