2026-02-24T11:28:59.550119+00:00 arena-wp kernel: workqueue: ata_sff_pio_task hogged CPU for >10000us 4 times, consider switching to WQ_UNBOUND
2026-02-24T11:29:01.284203+00:00 arena-wp kernel: workqueue: drm_fb_helper_damage_work hogged CPU for >10000us 16 times, consider switching to WQ_UNBOUND
2026-02-24T11:29:24.496666+00:00 arena-wp kernel: workqueue: drm_fb_helper_damage_work hogged CPU for >10000us 32 times, consider switching to WQ_UNBOUND
2026-02-24T11:29:41.202548+00:00 arena-wp kernel: workqueue: blk_mq_run_work_fn hogged CPU for >10000us 32 times, consider switching to WQ_UNBOUND
2026-02-24T11:29:42.673123+00:00 arena-wp kernel: workqueue: e1000_watchdog [e1000] hogged CPU for >10000us 16 times, consider switching to WQ_UNBOUND
2026-02-24T11:29:48.086755+00:00 arena-wp kernel: workqueue: blk_mq_requeue_work hogged CPU for >10000us 4 times, consider switching to WQ_UNBOUND
2026-02-24T11:30:04.559151+00:00 arena-wp systemd[1]: Starting sysstat-collect.service - system activity accounting tool...
2026-02-24T11:30:04.949131+00:00 arena-wp systemd[1]: sysstat-collect.service: Deactivated successfully.
2026-02-24T11:30:04.954029+00:00 arena-wp systemd[1]: Finished sysstat-collect.service - system activity accounting tool.
2026-02-24T11:30:26.575487+00:00 arena-wp kernel: workqueue: drm_fb_helper_damage_work hogged CPU for >10000us 64 times, consider switching to WQ_UNBOUND
2026-02-24T11:31:03.301526+00:00 arena-wp kernel: clocksource: Long readout interval, skipping watchdog check: cs_nsec: 2900143841 wd_nsec: 2900143599
2026-02-24T11:31:30.339164+00:00 arena-wp kernel: clocksource: Long readout interval, skipping watchdog check: cs_nsec: 7133609056 wd_nsec: 7133608448
2026-02-24T11:32:05.263194+00:00 arena-wp kernel: workqueue: e1000_watchdog [e1000] hogged CPU for >10000us 32 times, consider switching to WQ_UNBOUND
2026-02-24T11:32:36.962547+00:00 arena-wp systemd[1]: Starting update-notifier-download.service - Download data for packages that failed at package install time...
2026-02-24T11:32:37.466825+00:00 arena-wp systemd[1]: update-notifier-download.service: Deactivated successfully.
2026-02-24T11:32:37.468198+00:00 arena-wp systemd[1]: Finished update-notifier-download.service - Download data for packages that failed at package install time.
2026-02-24T11:34:04.501231+00:00 arena-wp systemd[1131]: launchpadlib-cache-clean.service - Clean up old files in the Launchpadlib cache was skipped because of an unmet condition check (ConditionPathExists=/home/vboxuser/.launchpadlib/api.launchpad.net/cache).
2026-02-24T11:35:01.195769+00:00 arena-wp CRON[1618]: (root) CMD (command -v debian-sa1 > /dev/null && debian-sa1 1 1)
2026-03-05T11:36:28.060402+00:00 arena-wp systemd[1]: systemd-timedated.service: Deactivated successfully.
2026-03-05T11:36:35.994057+00:00 arena-wp kernel: clocksource: Long readout interval, skipping watchdog check: cs_nsec: 4523303803 wd_nsec: 4523300275
2026-02-26T14:05:51.978273+00:00 arena-wp kernel: workqueue: e1000_watchdog [e1000] hogged CPU for >10000us 32 times, consider switching to WQ_UNBOUND
2026-02-26T14:05:53.050064+00:00 arena-wp kernel: clocksource: Long readout interval, skipping watchdog check: cs_nsec: 1057885142 wd_nsec: 1057885124
2026-02-26T14:06:00.902616+00:00 arena-wp kernel: workqueue: ata_sff_pio_task hogged CPU for >10000us 4 times, consider switching to WQ_UNBOUND
2026-02-26T14:06:05.804663+00:00 arena-wp kernel: clocksource: Long readout interval, skipping watchdog check: cs_nsec: 3597264574 wd_nsec: 3597264281
2026-02-26T14:06:22.504049+00:00 arena-wp kernel: workqueue: drm_fb_helper_damage_work hogged CPU for >10000us 64 times, consider switching to WQ_UNBOUND
2026-02-26T14:06:39.281548+00:00 arena-wp kernel: workqueue: blk_mq_requeue_work hogged CPU for >10000us 8 times, consider switching to WQ_UNBOUND
2026-02-26T14:06:42.007054+00:00 arena-wp kernel: workqueue: e1000_watchdog [e1000] hogged CPU for >10000us 64 times, consider switching to WQ_UNBOUND
