2026-02-27T17:30:02.039704+00:00 arena-wp systemd[1]: Starting sysstat-collect.service - system activity accounting tool...
2026-02-27T17:30:02.091330+00:00 arena-wp systemd[1]: sysstat-collect.service: Deactivated successfully.
2026-02-27T17:30:02.091829+00:00 arena-wp systemd[1]: Finished sysstat-collect.service - system activity accounting tool.
2026-02-27T17:30:45.186677+00:00 arena-wp systemd[1]: Starting update-notifier-download.service - Download data for packages that failed at package install time...
2026-02-27T17:30:45.374329+00:00 arena-wp systemd[1]: update-notifier-download.service: Deactivated successfully.
2026-02-27T17:30:45.374782+00:00 arena-wp systemd[1]: Finished update-notifier-download.service - Download data for packages that failed at package install time.
2026-02-27T17:32:03.568949+00:00 arena-wp kernel: workqueue: drm_fb_helper_damage_work hogged CPU for >10000us 4 times, consider switching to WQ_UNBOUND
2026-02-27T17:32:30.555734+00:00 arena-wp systemd[1]: Stopping apache2.service - The Apache HTTP Server...
2026-02-27T17:32:30.626772+00:00 arena-wp apachectl[1443]: AH00558: apache2: Could not reliably determine the server's fully qualified domain name, using fd17:625c:f037:2:a00:27ff:fed8:540d. Set the 'ServerName' directive globally to suppress this message
2026-02-27T17:32:30.691947+00:00 arena-wp systemd[1]: apache2.service: Deactivated successfully.
2026-02-27T17:32:30.692261+00:00 arena-wp systemd[1]: Stopped apache2.service - The Apache HTTP Server.
2026-02-27T17:32:30.693414+00:00 arena-wp systemd[1]: apache2.service: Consumed 2.802s CPU time.
2026-02-27T17:32:30.706416+00:00 arena-wp systemd[1]: Starting apache2.service - The Apache HTTP Server...
2026-02-27T17:32:30.753591+00:00 arena-wp apachectl[1450]: AH00558: apache2: Could not reliably determine the server's fully qualified domain name, using fd17:625c:f037:2:a00:27ff:fed8:540d. Set the 'ServerName' directive globally to suppress this message
2026-02-27T17:32:30.763800+00:00 arena-wp systemd[1]: Started apache2.service - The Apache HTTP Server.
2026-02-27T17:35:01.632719+00:00 arena-wp CRON[1492]: (root) CMD (command -v debian-sa1 > /dev/null && debian-sa1 1 1)
2026-02-27T17:35:45.199679+00:00 arena-wp systemd[1325]: launchpadlib-cache-clean.service - Clean up old files in the Launchpadlib cache was skipped because of an unmet condition check (ConditionPathExists=/home/vboxuser/.launchpadlib/api.launchpad.net/cache).
2026-02-27T17:36:24.474811+00:00 arena-wp systemd[1]: Stopping apache2.service - The Apache HTTP Server...
2026-02-27T17:36:24.543685+00:00 arena-wp apachectl[1513]: AH00558: apache2: Could not reliably determine the server's fully qualified domain name, using fd17:625c:f037:2:a00:27ff:fed8:540d. Set the 'ServerName' directive globally to suppress this message
2026-02-27T17:36:24.637283+00:00 arena-wp systemd[1]: apache2.service: Killing process 1461 (apache2) with signal SIGKILL.
2026-02-27T17:36:24.644695+00:00 arena-wp systemd[1]: apache2.service: Deactivated successfully.
2026-02-27T17:36:24.646778+00:00 arena-wp systemd[1]: Stopped apache2.service - The Apache HTTP Server.
2026-02-27T17:36:24.646883+00:00 arena-wp systemd[1]: apache2.service: Consumed 2.691s CPU time.
2026-02-27T17:36:24.660560+00:00 arena-wp systemd[1]: Starting apache2.service - The Apache HTTP Server...
2026-02-27T17:36:24.711589+00:00 arena-wp apachectl[1520]: AH00558: apache2: Could not reliably determine the server's fully qualified domain name, using fd17:625c:f037:2:a00:27ff:fed8:540d. Set the 'ServerName' directive globally to suppress this message
2026-02-27T17:36:24.723415+00:00 arena-wp systemd[1]: Started apache2.service - The Apache HTTP Server.
2026-02-27T17:39:01.699068+00:00 arena-wp CRON[1547]: (root) CMD (  [ -x /usr/lib/php/sessionclean ] && if [ ! -d /run/systemd/system ]; then /usr/lib/php/sessionclean; fi)
2026-02-27T17:39:01.707874+00:00 arena-wp systemd[1]: Starting phpsessionclean.service - Clean php session files...
2026-02-27T17:39:01.947024+00:00 arena-wp systemd[1]: phpsessionclean.service: Deactivated successfully.
2026-02-27T17:39:01.947232+00:00 arena-wp systemd[1]: Finished phpsessionclean.service - Clean php session files.
2026-02-27T17:40:24.999546+00:00 arena-wp systemd[1]: Starting sysstat-collect.service - system activity accounting tool...
2026-02-27T17:40:25.002864+00:00 arena-wp systemd[1]: Starting systemd-tmpfiles-clean.service - Cleanup of Temporary Directories...
2026-02-27T17:40:25.012626+00:00 arena-wp systemd[1]: sysstat-collect.service: Deactivated successfully.
2026-02-27T17:40:25.013044+00:00 arena-wp systemd[1]: Finished sysstat-collect.service - system activity accounting tool.
2026-02-27T17:40:25.039898+00:00 arena-wp systemd[1]: systemd-tmpfiles-clean.service: Deactivated successfully.
2026-02-27T17:40:25.040688+00:00 arena-wp systemd[1]: Finished systemd-tmpfiles-clean.service - Cleanup of Temporary Directories.
2026-02-27T17:42:18.070025+00:00 arena-wp systemd[1]: Reloading apache2.service - The Apache HTTP Server...
2026-02-27T17:42:18.239945+00:00 arena-wp apachectl[1645]: AH00558: apache2: Could not reliably determine the server's fully qualified domain name, using fd17:625c:f037:2:a00:27ff:fed8:540d. Set the 'ServerName' directive globally to suppress this message
2026-02-27T17:42:18.289856+00:00 arena-wp systemd[1]: Reloaded apache2.service - The Apache HTTP Server.
2026-02-27T17:43:02.025558+00:00 arena-wp systemd[1]: Reloading apache2.service - The Apache HTTP Server...
2026-02-27T17:43:02.154917+00:00 arena-wp apachectl[1667]: AH00558: apache2: Could not reliably determine the server's fully qualified domain name, using fd17:625c:f037:2:a00:27ff:fed8:540d. Set the 'ServerName' directive globally to suppress this message
2026-02-27T17:43:02.194626+00:00 arena-wp systemd[1]: Reloaded apache2.service - The Apache HTTP Server.