2026-02-27T17:35:01.630757+00:00 arena-wp CRON[1491]: pam_unix(cron:session): session opened for user root(uid=0) by root(uid=0)
2026-02-27T17:35:01.649987+00:00 arena-wp CRON[1491]: pam_unix(cron:session): session closed for user root
2026-02-27T17:36:10.764138+00:00 arena-wp sudo:     root : TTY=pts/1 ; PWD=/root ; USER=root ; COMMAND=/usr/bin/vim /etc/apache2/apache2.conf
2026-02-27T17:36:10.777613+00:00 arena-wp sudo: pam_unix(sudo:session): session opened for user root(uid=0) by vboxuser(uid=0)
2026-02-27T17:36:15.866866+00:00 arena-wp sudo: pam_unix(sudo:session): session closed for user root
2026-02-27T17:39:01.697625+00:00 arena-wp CRON[1546]: pam_unix(cron:session): session opened for user root(uid=0) by root(uid=0)
2026-02-27T17:39:01.706595+00:00 arena-wp CRON[1546]: pam_unix(cron:session): session closed for user root
2026-02-27T17:42:46.485549+00:00 arena-wp sudo:     root : TTY=pts/1 ; PWD=/root ; USER=root ; COMMAND=/usr/bin/vim /var/www/wordpress/.htaccess
2026-02-27T17:42:46.485774+00:00 arena-wp sudo: pam_unix(sudo:session): session opened for user root(uid=0) by vboxuser(uid=0)
2026-02-27T17:42:51.671027+00:00 arena-wp sudo: pam_unix(sudo:session): session closed for user root
2026-03-05T13:39:01.174670+00:00 arena-wp CRON[1721]: pam_unix(cron:session): session opened for user root(uid=0) by root(uid=0)
2026-03-05T13:39:01.178917+00:00 arena-wp CRON[1721]: pam_unix(cron:session): session closed for user root
2026-03-05T13:45:01.224877+00:00 arena-wp CRON[1876]: pam_unix(cron:session): session opened for user root(uid=0) by root(uid=0)
2026-03-05T13:45:01.242354+00:00 arena-wp CRON[1876]: pam_unix(cron:session): session closed for user root
2026-03-09T13:39:01.120353+00:00 arena-wp CRON[1431]: pam_unix(cron:session): session opened for user root(uid=0) by root(uid=0)
2026-03-09T13:39:01.130859+00:00 arena-wp CRON[1431]: pam_unix(cron:session): session closed for user root
2026-03-09T13:40:36.001403+00:00 arena-wp sudo:     root : TTY=pts/1 ; PWD=/root ; USER=root ; COMMAND=/usr/bin/vim /var/www/wordpress/.htaccess
2026-03-09T13:40:36.003051+00:00 arena-wp sudo: pam_unix(sudo:session): session opened for user root(uid=0) by vboxuser(uid=0)
2026-03-09T13:40:41.192609+00:00 arena-wp sudo: pam_unix(sudo:session): session closed for user root
2026-03-09T13:44:57.598182+00:00 arena-wp sudo:     root : TTY=pts/1 ; PWD=/root ; USER=root ; COMMAND=/usr/bin/vim /var/www/wordpress/.htaccess
2026-03-09T13:44:57.599340+00:00 arena-wp sudo: pam_unix(sudo:session): session opened for user root(uid=0) by vboxuser(uid=0)
2026-03-09T13:45:01.228459+00:00 arena-wp CRON[1554]: pam_unix(cron:session): session opened for user root(uid=0) by root(uid=0)
2026-03-09T13:45:01.258446+00:00 arena-wp CRON[1554]: pam_unix(cron:session): session closed for user root
2026-03-09T13:45:03.333516+00:00 arena-wp sudo: pam_unix(sudo:session): session closed for user root
2026-03-09T21:15:01.688400+00:00 arena-wp CRON[1454]: pam_unix(cron:session): session opened for user root(uid=0) by root(uid=0)
2026-03-09T21:15:01.698386+00:00 arena-wp CRON[1454]: pam_unix(cron:session): session closed for user root
2026-03-09T21:16:37.454641+00:00 arena-wp sudo:     root : TTY=pts/1 ; PWD=/root ; USER=root ; COMMAND=/usr/bin/vim /var/www/wordpress/wp-config.php
2026-03-09T21:16:37.456574+00:00 arena-wp sudo: pam_unix(sudo:session): session opened for user root(uid=0) by vboxuser(uid=0)
2026-03-09T21:16:49.926581+00:00 arena-wp sudo: pam_unix(sudo:session): session closed for user root
2026-03-09T21:17:01.704456+00:00 arena-wp CRON[1480]: pam_unix(cron:session): session opened for user root(uid=0) by root(uid=0)
2026-03-09T21:17:01.732803+00:00 arena-wp CRON[1480]: pam_unix(cron:session): session closed for user root
2026-03-09T21:18:08.785409+00:00 arena-wp sudo:     root : TTY=pts/1 ; PWD=/root ; USER=root ; COMMAND=/usr/bin/vim /var/www/wordpress/wp-config.php
2026-03-09T21:18:08.787354+00:00 arena-wp sudo: pam_unix(sudo:session): session opened for user root(uid=0) by vboxuser(uid=0)
2026-03-09T21:18:14.546233+00:00 arena-wp sudo: pam_unix(sudo:session): session closed for user root
2026-03-09T21:21:26.096838+00:00 arena-wp sudo:     root : TTY=pts/1 ; PWD=/root ; USER=root ; COMMAND=/usr/bin/vim /var/www/wordpress/.htaccess
2026-03-09T21:21:26.098330+00:00 arena-wp sudo: pam_unix(sudo:session): session opened for user root(uid=0) by vboxuser(uid=0)
2026-03-09T21:21:32.931712+00:00 arena-wp sudo: pam_unix(sudo:session): session closed for user root
2026-03-09T21:25:01.745539+00:00 arena-wp CRON[1552]: pam_unix(cron:session): session opened for user root(uid=0) by root(uid=0)
2026-03-09T21:25:01.765557+00:00 arena-wp CRON[1552]: pam_unix(cron:session): session closed for user root
