2026-02-27T17:30:02.039704+00:00 arena-wp systemd[1]: Starting sysstat-collect.service - system activity accounting tool...
2026-02-27T17:30:02.091330+00:00 arena-wp systemd[1]: sysstat-collect.service: Deactivated successfully.
2026-02-27T17:30:02.091829+00:00 arena-wp systemd[1]: Finished sysstat-collect.service - system activity accounting tool.
2026-02-27T17:30:45.186677+00:00 arena-wp systemd[1]: Starting update-notifier-download.service - Download data for packages that failed at package install time...
2026-02-27T17:30:45.374329+00:00 arena-wp systemd[1]: update-notifier-download.service: Deactivated successfully.
2026-02-27T17:30:45.374782+00:00 arena-wp systemd[1]: Finished update-notifier-download.service - Download data for packages that failed at package install time.
2026-02-27T17:32:03.568949+00:00 arena-wp kernel: workqueue: drm_fb_helper_damage_work hogged CPU for >10000us 4 times, consider switching to WQ_UNBOUND
2026-02-27T17:32:30.555734+00:00 arena-wp systemd[1]: Stopping apache2.service - The Apache HTTP Server...
2026-02-27T17:32:30.626772+00:00 arena-wp apachectl[1443]: AH00558: apache2: Could not reliably determine the server's fully qualified domain name, using fd17:625c:f037:2:a00:27ff:fed8:540d. Set the 'ServerName' directive globally to suppress this message
2026-02-27T17:32:30.691947+00:00 arena-wp systemd[1]: apache2.service: Deactivated successfully.
2026-02-27T17:32:30.692261+00:00 arena-wp systemd[1]: Stopped apache2.service - The Apache HTTP Server.
2026-02-27T17:32:30.693414+00:00 arena-wp systemd[1]: apache2.service: Consumed 2.802s CPU time.
2026-02-27T17:32:30.706416+00:00 arena-wp systemd[1]: Starting apache2.service - The Apache HTTP Server...
2026-02-27T17:32:30.753591+00:00 arena-wp apachectl[1450]: AH00558: apache2: Could not reliably determine the server's fully qualified domain name, using fd17:625c:f037:2:a00:27ff:fed8:540d. Set the 'ServerName' directive globally to suppress this message
2026-02-27T17:32:30.763800+00:00 arena-wp systemd[1]: Started apache2.service - The Apache HTTP Server.
2026-02-27T17:35:01.632719+00:00 arena-wp CRON[1492]: (root) CMD (command -v debian-sa1 > /dev/null && debian-sa1 1 1)
2026-02-27T17:35:45.199679+00:00 arena-wp systemd[1325]: launchpadlib-cache-clean.service - Clean up old files in the Launchpadlib cache was skipped because of an unmet condition check (ConditionPathExists=/home/vboxuser/.launchpadlib/api.launchpad.net/cache).
2026-02-27T17:36:24.474811+00:00 arena-wp systemd[1]: Stopping apache2.service - The Apache HTTP Server...
2026-02-27T17:36:24.543685+00:00 arena-wp apachectl[1513]: AH00558: apache2: Could not reliably determine the server's fully qualified domain name, using fd17:625c:f037:2:a00:27ff:fed8:540d. Set the 'ServerName' directive globally to suppress this message
2026-02-27T17:36:24.637283+00:00 arena-wp systemd[1]: apache2.service: Killing process 1461 (apache2) with signal SIGKILL.
2026-02-27T17:36:24.644695+00:00 arena-wp systemd[1]: apache2.service: Deactivated successfully.
2026-02-27T17:36:24.646778+00:00 arena-wp systemd[1]: Stopped apache2.service - The Apache HTTP Server.
2026-02-27T17:36:24.646883+00:00 arena-wp systemd[1]: apache2.service: Consumed 2.691s CPU time.
2026-02-27T17:36:24.660560+00:00 arena-wp systemd[1]: Starting apache2.service - The Apache HTTP Server...
2026-02-27T17:36:24.711589+00:00 arena-wp apachectl[1520]: AH00558: apache2: Could not reliably determine the server's fully qualified domain name, using fd17:625c:f037:2:a00:27ff:fed8:540d. Set the 'ServerName' directive globally to suppress this message
2026-02-27T17:36:24.723415+00:00 arena-wp systemd[1]: Started apache2.service - The Apache HTTP Server.
2026-02-27T17:39:01.699068+00:00 arena-wp CRON[1547]: (root) CMD (  [ -x /usr/lib/php/sessionclean ] && if [ ! -d /run/systemd/system ]; then /usr/lib/php/sessionclean; fi)
2026-02-27T17:39:01.707874+00:00 arena-wp systemd[1]: Starting phpsessionclean.service - Clean php session files...
2026-02-27T17:39:01.947024+00:00 arena-wp systemd[1]: phpsessionclean.service: Deactivated successfully.
2026-02-27T17:39:01.947232+00:00 arena-wp systemd[1]: Finished phpsessionclean.service - Clean php session files.
2026-02-27T17:40:24.999546+00:00 arena-wp systemd[1]: Starting sysstat-collect.service - system activity accounting tool...
2026-02-27T17:40:25.002864+00:00 arena-wp systemd[1]: Starting systemd-tmpfiles-clean.service - Cleanup of Temporary Directories...
2026-02-27T17:40:25.012626+00:00 arena-wp systemd[1]: sysstat-collect.service: Deactivated successfully.
2026-02-27T17:40:25.013044+00:00 arena-wp systemd[1]: Finished sysstat-collect.service - system activity accounting tool.
2026-02-27T17:40:25.039898+00:00 arena-wp systemd[1]: systemd-tmpfiles-clean.service: Deactivated successfully.
2026-02-27T17:40:25.040688+00:00 arena-wp systemd[1]: Finished systemd-tmpfiles-clean.service - Cleanup of Temporary Directories.
2026-02-27T17:42:18.070025+00:00 arena-wp systemd[1]: Reloading apache2.service - The Apache HTTP Server...
2026-02-27T17:42:18.239945+00:00 arena-wp apachectl[1645]: AH00558: apache2: Could not reliably determine the server's fully qualified domain name, using fd17:625c:f037:2:a00:27ff:fed8:540d. Set the 'ServerName' directive globally to suppress this message
2026-02-27T17:42:18.289856+00:00 arena-wp systemd[1]: Reloaded apache2.service - The Apache HTTP Server.
2026-02-27T17:43:02.025558+00:00 arena-wp systemd[1]: Reloading apache2.service - The Apache HTTP Server...
2026-02-27T17:43:02.154917+00:00 arena-wp apachectl[1667]: AH00558: apache2: Could not reliably determine the server's fully qualified domain name, using fd17:625c:f037:2:a00:27ff:fed8:540d. Set the 'ServerName' directive globally to suppress this message
2026-02-27T17:43:02.194626+00:00 arena-wp systemd[1]: Reloaded apache2.service - The Apache HTTP Server.
2026-03-05T13:39:01.175560+00:00 arena-wp CRON[1722]: (root) CMD (  [ -x /usr/lib/php/sessionclean ] && if [ ! -d /run/systemd/system ]; then /usr/lib/php/sessionclean; fi)
2026-03-05T13:39:01.185218+00:00 arena-wp systemd[1]: Starting phpsessionclean.service - Clean php session files...
2026-03-05T13:39:01.397467+00:00 arena-wp systemd[1]: phpsessionclean.service: Deactivated successfully.
2026-03-05T13:39:01.398022+00:00 arena-wp systemd[1]: Finished phpsessionclean.service - Clean php session files.
2026-03-05T13:39:20.211902+00:00 arena-wp systemd[1]: Reloading apache2.service - The Apache HTTP Server...
2026-03-05T13:39:20.311429+00:00 arena-wp apachectl[1778]: AH00558: apache2: Could not reliably determine the server's fully qualified domain name, using fd17:625c:f037:2:a00:27ff:fed8:540d. Set the 'ServerName' directive globally to suppress this message
2026-03-05T13:39:20.345635+00:00 arena-wp systemd[1]: Reloaded apache2.service - The Apache HTTP Server.
2026-03-05T13:40:25.490682+00:00 arena-wp systemd[1]: Starting sysstat-collect.service - system activity accounting tool...
2026-03-05T13:40:25.501631+00:00 arena-wp systemd[1]: sysstat-collect.service: Deactivated successfully.
2026-03-05T13:40:25.501787+00:00 arena-wp systemd[1]: Finished sysstat-collect.service - system activity accounting tool.
2026-03-05T13:41:46.875549+00:00 arena-wp systemd[1]: Stopping apache2.service - The Apache HTTP Server...
2026-03-05T13:41:46.922103+00:00 arena-wp apachectl[1825]: AH00558: apache2: Could not reliably determine the server's fully qualified domain name, using fd17:625c:f037:2:a00:27ff:fed8:540d. Set the 'ServerName' directive globally to suppress this message
2026-03-05T13:41:46.997438+00:00 arena-wp systemd[1]: apache2.service: Deactivated successfully.
2026-03-05T13:41:46.997792+00:00 arena-wp systemd[1]: Stopped apache2.service - The Apache HTTP Server.
2026-03-05T13:41:46.999574+00:00 arena-wp systemd[1]: apache2.service: Consumed 4.500s CPU time.
2026-03-05T13:41:47.008506+00:00 arena-wp systemd[1]: Starting apache2.service - The Apache HTTP Server...
2026-03-05T13:41:47.046363+00:00 arena-wp apachectl[1831]: AH00558: apache2: Could not reliably determine the server's fully qualified domain name, using fd17:625c:f037:2:a00:27ff:fed8:540d. Set the 'ServerName' directive globally to suppress this message
2026-03-05T13:41:47.058758+00:00 arena-wp systemd[1]: Started apache2.service - The Apache HTTP Server.
2026-03-05T13:42:25.335454+00:00 arena-wp systemd[1610]: launchpadlib-cache-clean.service - Clean up old files in the Launchpadlib cache was skipped because of an unmet condition check (ConditionPathExists=/home/vboxuser/.launchpadlib/api.launchpad.net/cache).
2026-03-05T13:45:01.240826+00:00 arena-wp CRON[1877]: (root) CMD (command -v debian-sa1 > /dev/null && debian-sa1 1 1)
2026-03-05T13:50:25.729831+00:00 arena-wp systemd[1]: Starting sysstat-collect.service - system activity accounting tool...
2026-03-05T13:50:25.768342+00:00 arena-wp systemd[1]: sysstat-collect.service: Deactivated successfully.
2026-03-05T13:50:25.768468+00:00 arena-wp systemd[1]: Finished sysstat-collect.service - system activity accounting tool.
2026-03-05T13:50:36.462403+00:00 arena-wp kernel: workqueue: blk_mq_run_work_fn hogged CPU for >10000us 8 times, consider switching to WQ_UNBOUND
2026-03-09T13:38:12.909248+00:00 arena-wp kernel: clocksource: Long readout interval, skipping watchdog check: cs_nsec: 5002896273 wd_nsec: 5002896179
2026-03-09T13:38:59.086553+00:00 arena-wp systemd[1]: Stopping apache2.service - The Apache HTTP Server...
2026-03-09T13:38:59.138025+00:00 arena-wp apachectl[1417]: AH00558: apache2: Could not reliably determine the server's fully qualified domain name, using fd17:625c:f037:2:a00:27ff:fed8:540d. Set the 'ServerName' directive globally to suppress this message
2026-03-09T13:38:59.528304+00:00 arena-wp systemd[1]: apache2.service: Deactivated successfully.
2026-03-09T13:38:59.528504+00:00 arena-wp systemd[1]: Stopped apache2.service - The Apache HTTP Server.
2026-03-09T13:38:59.528610+00:00 arena-wp systemd[1]: apache2.service: Consumed 2.398s CPU time.
2026-03-09T13:38:59.538837+00:00 arena-wp systemd[1]: Starting apache2.service - The Apache HTTP Server...
2026-03-09T13:38:59.585887+00:00 arena-wp apachectl[1423]: AH00558: apache2: Could not reliably determine the server's fully qualified domain name, using fd17:625c:f037:2:a00:27ff:fed8:540d. Set the 'ServerName' directive globally to suppress this message
2026-03-09T13:38:59.595509+00:00 arena-wp systemd[1]: Started apache2.service - The Apache HTTP Server.
2026-03-09T13:39:01.120904+00:00 arena-wp CRON[1432]: (root) CMD (  [ -x /usr/lib/php/sessionclean ] && if [ ! -d /run/systemd/system ]; then /usr/lib/php/sessionclean; fi)
2026-03-09T13:39:05.742098+00:00 arena-wp systemd[1]: Starting phpsessionclean.service - Clean php session files...
2026-03-09T13:39:05.946820+00:00 arena-wp systemd[1]: phpsessionclean.service: Deactivated successfully.
2026-03-09T13:39:05.946917+00:00 arena-wp systemd[1]: Finished phpsessionclean.service - Clean php session files.
2026-03-09T13:40:03.283261+00:00 arena-wp systemd[1]: Starting sysstat-collect.service - system activity accounting tool...
2026-03-09T13:40:03.301160+00:00 arena-wp systemd[1]: sysstat-collect.service: Deactivated successfully.
2026-03-09T13:40:03.301488+00:00 arena-wp systemd[1]: Finished sysstat-collect.service - system activity accounting tool.
2026-03-09T13:40:49.688640+00:00 arena-wp systemd[1]: Reloading apache2.service - The Apache HTTP Server...
2026-03-09T13:40:49.806906+00:00 arena-wp apachectl[1515]: AH00558: apache2: Could not reliably determine the server's fully qualified domain name, using fd17:625c:f037:2:a00:27ff:fed8:540d. Set the 'ServerName' directive globally to suppress this message
2026-03-09T13:40:49.877485+00:00 arena-wp systemd[1]: Reloaded apache2.service - The Apache HTTP Server.
2026-03-09T13:41:28.579860+00:00 arena-wp systemd[1]: Starting update-notifier-download.service - Download data for packages that failed at package install time...
2026-03-09T13:41:28.757183+00:00 arena-wp systemd[1]: update-notifier-download.service: Deactivated successfully.
2026-03-09T13:41:28.757402+00:00 arena-wp systemd[1]: Finished update-notifier-download.service - Download data for packages that failed at package install time.
2026-03-09T13:43:03.269523+00:00 arena-wp systemd[1302]: launchpadlib-cache-clean.service - Clean up old files in the Launchpadlib cache was skipped because of an unmet condition check (ConditionPathExists=/home/vboxuser/.launchpadlib/api.launchpad.net/cache).
2026-03-09T13:45:01.231414+00:00 arena-wp CRON[1555]: (root) CMD (command -v debian-sa1 > /dev/null && debian-sa1 1 1)
2026-03-09T13:45:13.314960+00:00 arena-wp systemd[1]: Reloading apache2.service - The Apache HTTP Server...
2026-03-09T13:45:13.445656+00:00 arena-wp apachectl[1563]: AH00558: apache2: Could not reliably determine the server's fully qualified domain name, using fd17:625c:f037:2:a00:27ff:fed8:540d. Set the 'ServerName' directive globally to suppress this message
2026-03-09T13:45:13.488412+00:00 arena-wp systemd[1]: Reloaded apache2.service - The Apache HTTP Server.
2026-03-09T21:13:40.327577+00:00 arena-wp kernel: workqueue: e1000_watchdog [e1000] hogged CPU for >10000us 4 times, consider switching to WQ_UNBOUND
2026-03-09T21:14:50.271273+00:00 arena-wp systemd[1]: Stopping apache2.service - The Apache HTTP Server...
2026-03-09T21:14:50.345333+00:00 arena-wp apachectl[1435]: AH00558: apache2: Could not reliably determine the server's fully qualified domain name, using fd17:625c:f037:2:a00:27ff:fed8:540d. Set the 'ServerName' directive globally to suppress this message
2026-03-09T21:14:50.384502+00:00 arena-wp systemd[1]: apache2.service: Deactivated successfully.
2026-03-09T21:14:50.385975+00:00 arena-wp systemd[1]: Stopped apache2.service - The Apache HTTP Server.
2026-03-09T21:14:50.386073+00:00 arena-wp systemd[1]: apache2.service: Consumed 1.501s CPU time.
2026-03-09T21:14:50.396368+00:00 arena-wp systemd[1]: Starting apache2.service - The Apache HTTP Server...
2026-03-09T21:14:50.451360+00:00 arena-wp apachectl[1441]: AH00558: apache2: Could not reliably determine the server's fully qualified domain name, using fd17:625c:f037:2:a00:27ff:fed8:540d. Set the 'ServerName' directive globally to suppress this message
2026-03-09T21:14:50.463384+00:00 arena-wp systemd[1]: Started apache2.service - The Apache HTTP Server.
2026-03-09T21:15:01.689747+00:00 arena-wp CRON[1455]: (root) CMD (command -v debian-sa1 > /dev/null && debian-sa1 1 1)
2026-03-09T21:16:49.942822+00:00 arena-wp systemd[1]: Starting update-notifier-download.service - Download data for packages that failed at package install time...
2026-03-09T21:16:50.231747+00:00 arena-wp systemd[1]: update-notifier-download.service: Deactivated successfully.
2026-03-09T21:16:50.231841+00:00 arena-wp systemd[1]: Finished update-notifier-download.service - Download data for packages that failed at package install time.
2026-03-09T21:17:00.212747+00:00 arena-wp systemd[1]: Reloading apache2.service - The Apache HTTP Server...
2026-03-09T21:17:00.332923+00:00 arena-wp apachectl[1473]: AH00558: apache2: Could not reliably determine the server's fully qualified domain name, using fd17:625c:f037:2:a00:27ff:fed8:540d. Set the 'ServerName' directive globally to suppress this message
2026-03-09T21:17:00.395431+00:00 arena-wp systemd[1]: Reloaded apache2.service - The Apache HTTP Server.
2026-03-09T21:17:01.705527+00:00 arena-wp CRON[1481]: (root) CMD (cd / && run-parts --report /etc/cron.hourly)
2026-03-09T21:18:32.541196+00:00 arena-wp systemd[1]: Reloading apache2.service - The Apache HTTP Server...
2026-03-09T21:18:32.786323+00:00 arena-wp apachectl[1498]: AH00558: apache2: Could not reliably determine the server's fully qualified domain name, using fd17:625c:f037:2:a00:27ff:fed8:540d. Set the 'ServerName' directive globally to suppress this message
2026-03-09T21:18:32.831204+00:00 arena-wp systemd[1]: Reloaded apache2.service - The Apache HTTP Server.
2026-03-09T21:18:35.177904+00:00 arena-wp systemd[1322]: launchpadlib-cache-clean.service - Clean up old files in the Launchpadlib cache was skipped because of an unmet condition check (ConditionPathExists=/home/vboxuser/.launchpadlib/api.launchpad.net/cache).
2026-03-09T21:20:02.594213+00:00 arena-wp systemd[1]: Starting sysstat-collect.service - system activity accounting tool...
2026-03-09T21:20:02.612232+00:00 arena-wp systemd[1]: sysstat-collect.service: Deactivated successfully.
2026-03-09T21:20:02.612435+00:00 arena-wp systemd[1]: Finished sysstat-collect.service - system activity accounting tool.
2026-03-09T21:24:31.589397+00:00 arena-wp kernel: workqueue: blk_mq_run_work_fn hogged CPU for >10000us 16 times, consider switching to WQ_UNBOUND
2026-03-09T21:25:01.746130+00:00 arena-wp CRON[1553]: (root) CMD (command -v debian-sa1 > /dev/null && debian-sa1 1 1)
