2026-03-12T18:45:27.247980+00:00 arena-wp systemd[1]: systemd-timedated.service: Deactivated successfully.
2026-03-12T18:45:30.424148+00:00 arena-wp systemd-timesyncd[463]: Contacted time server 83.137.41.14:123 (2.ubuntu.pool.ntp.org).
2026-03-12T18:45:30.424558+00:00 arena-wp systemd-resolved[457]: Clock change detected. Flushing caches.
2026-03-12T18:45:30.424633+00:00 arena-wp systemd-timesyncd[463]: Initial clock synchronization to Thu 2026-03-12 18:45:30.421331 UTC.
2026-03-12T18:45:30.457966+00:00 arena-wp systemd[1]: Starting e2scrub_all.service - Online ext4 Metadata Check for All Filesystems...
2026-03-12T18:45:30.465125+00:00 arena-wp systemd[1]: e2scrub_all.service: Deactivated successfully.
2026-03-12T18:45:30.465766+00:00 arena-wp systemd[1]: Finished e2scrub_all.service - Online ext4 Metadata Check for All Filesystems.
2026-03-12T18:45:42.126869+00:00 arena-wp kernel: clocksource: Long readout interval, skipping watchdog check: cs_nsec: 4146432593 wd_nsec: 4146429892
2026-03-12T18:46:18.148494+00:00 arena-wp systemd[1]: Starting man-db.service - Daily man-db regeneration...
2026-03-12T18:46:27.576327+00:00 arena-wp systemd[1]: man-db.service: Deactivated successfully.
2026-03-12T18:46:27.576813+00:00 arena-wp systemd[1]: Finished man-db.service - Daily man-db regeneration.
2026-03-12T18:46:27.577463+00:00 arena-wp systemd[1]: man-db.service: Consumed 4.063s CPU time.
2026-03-12T18:49:52.967268+00:00 arena-wp systemd[1]: Starting update-notifier-download.service - Download data for packages that failed at package install time...
2026-03-12T18:49:53.222058+00:00 arena-wp systemd[1]: update-notifier-download.service: Deactivated successfully.
2026-03-12T18:49:53.222254+00:00 arena-wp systemd[1]: Finished update-notifier-download.service - Download data for packages that failed at package install time.
2026-03-12T18:50:01.111842+00:00 arena-wp systemd[1]: Starting sysstat-collect.service - system activity accounting tool...
2026-03-12T18:50:01.115675+00:00 arena-wp systemd[1]: Reloading apache2.service - The Apache HTTP Server...
2026-03-12T18:50:01.123482+00:00 arena-wp systemd[1]: sysstat-collect.service: Deactivated successfully.
2026-03-12T18:50:01.130156+00:00 arena-wp systemd[1]: Finished sysstat-collect.service - system activity accounting tool.
2026-03-12T18:50:01.242987+00:00 arena-wp apachectl[1432]: AH00558: apache2: Could not reliably determine the server's fully qualified domain name, using fd17:625c:f037:2:a00:27ff:fed8:540d. Set the 'ServerName' directive globally to suppress this message
2026-03-12T18:50:01.284317+00:00 arena-wp systemd[1]: Reloaded apache2.service - The Apache HTTP Server.
2026-03-12T18:50:41.135628+00:00 arena-wp kernel: workqueue: e1000_watchdog [e1000] hogged CPU for >10000us 8 times, consider switching to WQ_UNBOUND
2026-03-12T18:51:00.602661+00:00 arena-wp systemd[1095]: launchpadlib-cache-clean.service - Clean up old files in the Launchpadlib cache was skipped because of an unmet condition check (ConditionPathExists=/home/vboxuser/.launchpadlib/api.launchpad.net/cache).
2026-03-12T18:52:04.381006+00:00 arena-wp kernel: workqueue: e1000_watchdog [e1000] hogged CPU for >10000us 16 times, consider switching to WQ_UNBOUND
2026-03-12T18:52:11.919491+00:00 arena-wp kernel: workqueue: drm_fb_helper_damage_work hogged CPU for >10000us 4 times, consider switching to WQ_UNBOUND
2026-03-12T18:52:25.498906+00:00 arena-wp systemd[1]: Reloading apache2.service - The Apache HTTP Server...
2026-03-12T18:52:25.651329+00:00 arena-wp apachectl[1463]: AH00558: apache2: Could not reliably determine the server's fully qualified domain name, using fd17:625c:f037:2:a00:27ff:fed8:540d. Set the 'ServerName' directive globally to suppress this message
2026-03-12T18:52:25.697464+00:00 arena-wp systemd[1]: Reloaded apache2.service - The Apache HTTP Server.
2026-03-12T18:53:50.299418+00:00 arena-wp kernel: workqueue: e1000_watchdog [e1000] hogged CPU for >10000us 32 times, consider switching to WQ_UNBOUND
2026-03-12T18:54:25.986893+00:00 arena-wp systemd[1]: Reloading apache2.service - The Apache HTTP Server...
2026-03-12T18:54:26.145004+00:00 arena-wp apachectl[1492]: AH00558: apache2: Could not reliably determine the server's fully qualified domain name, using fd17:625c:f037:2:a00:27ff:fed8:540d. Set the 'ServerName' directive globally to suppress this message
2026-03-12T18:54:26.196861+00:00 arena-wp systemd[1]: Reloaded apache2.service - The Apache HTTP Server.
2026-03-12T18:55:01.782231+00:00 arena-wp CRON[1507]: (root) CMD (command -v debian-sa1 > /dev/null && debian-sa1 1 1)
2026-03-12T18:56:22.055588+00:00 arena-wp systemd[1]: Reloading apache2.service - The Apache HTTP Server...
2026-03-12T18:56:22.301605+00:00 arena-wp apachectl[1527]: AH00558: apache2: Could not reliably determine the server's fully qualified domain name, using fd17:625c:f037:2:a00:27ff:fed8:540d. Set the 'ServerName' directive globally to suppress this message
2026-03-12T18:56:22.346123+00:00 arena-wp systemd[1]: Reloaded apache2.service - The Apache HTTP Server.
2026-03-12T18:56:22.885645+00:00 arena-wp kernel: workqueue: drm_fb_helper_damage_work hogged CPU for >10000us 8 times, consider switching to WQ_UNBOUND
2026-03-05T16:37:28.916310+00:00 arena-wp systemd[1]: Starting update-notifier-download.service - Download data for packages that failed at package install time...
2026-03-05T16:37:29.077592+00:00 arena-wp systemd[1]: update-notifier-download.service: Deactivated successfully.
2026-03-05T16:37:29.077832+00:00 arena-wp systemd[1]: Finished update-notifier-download.service - Download data for packages that failed at package install time.
2026-03-09T14:07:09.921514+00:00 arena-wp kernel: workqueue: drm_fb_helper_damage_work hogged CPU for >10000us 4 times, consider switching to WQ_UNBOUND
2026-03-09T14:08:27.757554+00:00 arena-wp kernel: workqueue: drm_fb_helper_damage_work hogged CPU for >10000us 8 times, consider switching to WQ_UNBOUND
2026-03-09T14:09:01.827056+00:00 arena-wp CRON[1405]: (root) CMD (  [ -x /usr/lib/php/sessionclean ] && if [ ! -d /run/systemd/system ]; then /usr/lib/php/sessionclean; fi)
2026-03-09T14:09:01.831478+00:00 arena-wp systemd[1]: Starting phpsessionclean.service - Clean php session files...
2026-03-09T14:09:02.113826+00:00 arena-wp systemd[1]: phpsessionclean.service: Deactivated successfully.
2026-03-09T14:09:02.113960+00:00 arena-wp systemd[1]: Finished phpsessionclean.service - Clean php session files.
2026-03-09T14:10:03.983092+00:00 arena-wp systemd[1]: Starting sysstat-collect.service - system activity accounting tool...
2026-03-09T14:10:04.029165+00:00 arena-wp systemd[1]: sysstat-collect.service: Deactivated successfully.
2026-03-09T14:10:04.030745+00:00 arena-wp systemd[1]: Finished sysstat-collect.service - system activity accounting tool.
2026-03-09T22:17:03.920386+00:00 arena-wp CRON[1370]: (root) CMD (cd / && run-parts --report /etc/cron.hourly)
2026-03-09T22:17:09.396801+00:00 arena-wp kernel: clocksource: Long readout interval, skipping watchdog check: cs_nsec: 2996329279 wd_nsec: 2996327129
2026-03-09T22:17:46.072928+00:00 arena-wp systemd[1]: Starting apt-daily.service - Daily apt download activities...
2026-03-09T22:17:46.207895+00:00 arena-wp systemd[1]: apt-daily.service: Deactivated successfully.
2026-03-09T22:17:46.208147+00:00 arena-wp systemd[1]: Finished apt-daily.service - Daily apt download activities.
2026-03-09T22:18:44.992609+00:00 arena-wp kernel: workqueue: e1000_watchdog [e1000] hogged CPU for >10000us 4 times, consider switching to WQ_UNBOUND
2026-03-09T22:20:27.737020+00:00 arena-wp systemd[1]: Starting sysstat-collect.service - system activity accounting tool...
2026-03-09T22:20:27.766883+00:00 arena-wp systemd[1]: sysstat-collect.service: Deactivated successfully.
2026-03-09T22:20:27.767235+00:00 arena-wp systemd[1]: Finished sysstat-collect.service - system activity accounting tool.
2026-03-09T22:21:10.276324+00:00 arena-wp systemd[1]: Starting update-notifier-download.service - Download data for packages that failed at package install time...
2026-03-09T22:21:10.476814+00:00 arena-wp systemd[1]: update-notifier-download.service: Deactivated successfully.
2026-03-09T22:21:10.477135+00:00 arena-wp systemd[1]: Finished update-notifier-download.service - Download data for packages that failed at package install time.
2026-03-09T22:22:47.729302+00:00 arena-wp systemd[1283]: launchpadlib-cache-clean.service - Clean up old files in the Launchpadlib cache was skipped because of an unmet condition check (ConditionPathExists=/home/vboxuser/.launchpadlib/api.launchpad.net/cache).
