2026-03-09T21:13:40.327577+00:00 arena-wp kernel: workqueue: e1000_watchdog [e1000] hogged CPU for >10000us 4 times, consider switching to WQ_UNBOUND
2026-03-09T21:14:50.271273+00:00 arena-wp systemd[1]: Stopping apache2.service - The Apache HTTP Server...
2026-03-09T21:14:50.345333+00:00 arena-wp apachectl[1435]: AH00558: apache2: Could not reliably determine the server's fully qualified domain name, using fd17:625c:f037:2:a00:27ff:fed8:540d. Set the 'ServerName' directive globally to suppress this message
2026-03-09T21:14:50.384502+00:00 arena-wp systemd[1]: apache2.service: Deactivated successfully.
2026-03-09T21:14:50.385975+00:00 arena-wp systemd[1]: Stopped apache2.service - The Apache HTTP Server.
2026-03-09T21:14:50.386073+00:00 arena-wp systemd[1]: apache2.service: Consumed 1.501s CPU time.
2026-03-09T21:14:50.396368+00:00 arena-wp systemd[1]: Starting apache2.service - The Apache HTTP Server...
2026-03-09T21:14:50.451360+00:00 arena-wp apachectl[1441]: AH00558: apache2: Could not reliably determine the server's fully qualified domain name, using fd17:625c:f037:2:a00:27ff:fed8:540d. Set the 'ServerName' directive globally to suppress this message
2026-03-09T21:14:50.463384+00:00 arena-wp systemd[1]: Started apache2.service - The Apache HTTP Server.
2026-03-09T21:15:01.689747+00:00 arena-wp CRON[1455]: (root) CMD (command -v debian-sa1 > /dev/null && debian-sa1 1 1)
2026-03-09T21:16:49.942822+00:00 arena-wp systemd[1]: Starting update-notifier-download.service - Download data for packages that failed at package install time...
2026-03-09T21:16:50.231747+00:00 arena-wp systemd[1]: update-notifier-download.service: Deactivated successfully.
2026-03-09T21:16:50.231841+00:00 arena-wp systemd[1]: Finished update-notifier-download.service - Download data for packages that failed at package install time.
2026-03-09T21:17:00.212747+00:00 arena-wp systemd[1]: Reloading apache2.service - The Apache HTTP Server...
2026-03-09T21:17:00.332923+00:00 arena-wp apachectl[1473]: AH00558: apache2: Could not reliably determine the server's fully qualified domain name, using fd17:625c:f037:2:a00:27ff:fed8:540d. Set the 'ServerName' directive globally to suppress this message
2026-03-09T21:17:00.395431+00:00 arena-wp systemd[1]: Reloaded apache2.service - The Apache HTTP Server.
2026-03-09T21:17:01.705527+00:00 arena-wp CRON[1481]: (root) CMD (cd / && run-parts --report /etc/cron.hourly)
2026-03-09T21:18:32.541196+00:00 arena-wp systemd[1]: Reloading apache2.service - The Apache HTTP Server...
2026-03-09T21:18:32.786323+00:00 arena-wp apachectl[1498]: AH00558: apache2: Could not reliably determine the server's fully qualified domain name, using fd17:625c:f037:2:a00:27ff:fed8:540d. Set the 'ServerName' directive globally to suppress this message
2026-03-09T21:18:32.831204+00:00 arena-wp systemd[1]: Reloaded apache2.service - The Apache HTTP Server.
2026-03-09T21:18:35.177904+00:00 arena-wp systemd[1322]: launchpadlib-cache-clean.service - Clean up old files in the Launchpadlib cache was skipped because of an unmet condition check (ConditionPathExists=/home/vboxuser/.launchpadlib/api.launchpad.net/cache).
2026-03-09T21:20:02.594213+00:00 arena-wp systemd[1]: Starting sysstat-collect.service - system activity accounting tool...
2026-03-09T21:20:02.612232+00:00 arena-wp systemd[1]: sysstat-collect.service: Deactivated successfully.
2026-03-09T21:20:02.612435+00:00 arena-wp systemd[1]: Finished sysstat-collect.service - system activity accounting tool.
2026-03-09T21:24:31.589397+00:00 arena-wp kernel: workqueue: blk_mq_run_work_fn hogged CPU for >10000us 16 times, consider switching to WQ_UNBOUND
2026-03-09T21:25:01.746130+00:00 arena-wp CRON[1553]: (root) CMD (command -v debian-sa1 > /dev/null && debian-sa1 1 1)