2025-12-16T11:30:31.009961+00:00 finalArenaServer mariadbd[927]: 2025-12-16 11:30:31 34 [Warning] Access denied for user 'nc_user'@'localhost'
2025-12-16T11:30:31.029745+00:00 finalArenaServer mariadbd[927]: 2025-12-16 11:30:31 35 [Warning] Access denied for user 'nc_user'@'localhost'
2025-12-16T11:30:31.034650+00:00 finalArenaServer mariadbd[927]: 2025-12-16 11:30:31 36 [Warning] Access denied for user 'nc_user'@'localhost'
2025-12-16T11:30:31.037225+00:00 finalArenaServer mariadbd[927]: 2025-12-16 11:30:31 37 [Warning] Access denied for user 'nc_user'@'localhost'
2025-12-16T11:30:31.039121+00:00 finalArenaServer mariadbd[927]: 2025-12-16 11:30:31 38 [Warning] Access denied for user 'nc_user'@'localhost'
2025-12-16T11:30:31.039984+00:00 finalArenaServer mariadbd[927]: 2025-12-16 11:30:31 39 [Warning] Access denied for user 'nc_user'@'localhost'
2025-12-16T11:30:31.042922+00:00 finalArenaServer mariadbd[927]: 2025-12-16 11:30:31 40 [Warning] Access denied for user 'nc_user'@'localhost'
2025-12-16T11:30:31.044169+00:00 finalArenaServer mariadbd[927]: 2025-12-16 11:30:31 41 [Warning] Access denied for user 'nc_user'@'localhost'
2025-12-16T11:30:31.069660+00:00 finalArenaServer mariadbd[927]: 2025-12-16 11:30:31 42 [Warning] Access denied for user 'nc_user'@'localhost'
2025-12-16T11:30:31.070977+00:00 finalArenaServer mariadbd[927]: 2025-12-16 11:30:31 43 [Warning] Access denied for user 'nc_user'@'localhost'
2025-12-16T11:30:31.072714+00:00 finalArenaServer mariadbd[927]: 2025-12-16 11:30:31 44 [Warning] Access denied for user 'nc_user'@'localhost'
2025-12-16T11:30:31.073646+00:00 finalArenaServer mariadbd[927]: 2025-12-16 11:30:31 45 [Warning] Access denied for user 'nc_user'@'localhost'
2025-12-16T11:30:31.078892+00:00 finalArenaServer mariadbd[927]: 2025-12-16 11:30:31 46 [Warning] Access denied for user 'nc_user'@'localhost'
2025-12-16T11:30:31.079698+00:00 finalArenaServer mariadbd[927]: 2025-12-16 11:30:31 47 [Warning] Access denied for user 'nc_user'@'localhost'
2025-12-16T11:30:31.092451+00:00 finalArenaServer mariadbd[927]: 2025-12-16 11:30:31 48 [Warning] Access denied for user 'nc_user'@'localhost'
2025-12-16T11:30:31.094374+00:00 finalArenaServer mariadbd[927]: 2025-12-16 11:30:31 49 [Warning] Access denied for user 'nc_user'@'localhost'
2025-12-16T11:30:31.193326+00:00 finalArenaServer mariadbd[927]: 2025-12-16 11:30:31 50 [Warning] Access denied for user 'nc_user'@'localhost'
2025-12-16T11:30:31.194500+00:00 finalArenaServer mariadbd[927]: 2025-12-16 11:30:31 51 [Warning] Access denied for user 'nc_user'@'localhost'
2025-12-16T11:30:31.195685+00:00 finalArenaServer mariadbd[927]: 2025-12-16 11:30:31 52 [Warning] Access denied for user 'nc_user'@'localhost'
2025-12-16T11:30:31.196938+00:00 finalArenaServer mariadbd[927]: 2025-12-16 11:30:31 53 [Warning] Access denied for user 'nc_user'@'localhost'
2025-12-16T11:30:31.197877+00:00 finalArenaServer mariadbd[927]: 2025-12-16 11:30:31 54 [Warning] Access denied for user 'nc_user'@'localhost'
2025-12-16T11:30:31.198749+00:00 finalArenaServer mariadbd[927]: 2025-12-16 11:30:31 55 [Warning] Access denied for user 'nc_user'@'localhost'
2025-12-16T11:30:31.199632+00:00 finalArenaServer mariadbd[927]: 2025-12-16 11:30:31 56 [Warning] Access denied for user 'nc_user'@'localhost'
2025-12-16T11:30:31.200631+00:00 finalArenaServer mariadbd[927]: 2025-12-16 11:30:31 57 [Warning] Access denied for user 'nc_user'@'localhost'
2025-12-16T11:30:31.202972+00:00 finalArenaServer mariadbd[927]: 2025-12-16 11:30:31 58 [Warning] Access denied for user 'nc_user'@'localhost'
2025-12-16T11:30:31.204546+00:00 finalArenaServer mariadbd[927]: 2025-12-16 11:30:31 59 [Warning] Access denied for user 'nc_user'@'localhost'
2025-12-16T11:30:31.205036+00:00 finalArenaServer mariadbd[927]: 2025-12-16 11:30:31 60 [Warning] Access denied for user 'nc_user'@'localhost'
2025-12-16T11:30:31.206511+00:00 finalArenaServer mariadbd[927]: 2025-12-16 11:30:31 61 [Warning] Access denied for user 'nc_user'@'localhost'
2025-12-16T11:30:31.209353+00:00 finalArenaServer mariadbd[927]: 2025-12-16 11:30:31 62 [Warning] Access denied for user 'nc_user'@'localhost'
2025-12-16T11:30:31.210536+00:00 finalArenaServer mariadbd[927]: 2025-12-16 11:30:31 63 [Warning] Access denied for user 'nc_user'@'localhost'
2025-12-16T11:30:31.212749+00:00 finalArenaServer mariadbd[927]: 2025-12-16 11:30:31 64 [Warning] Access denied for user 'nc_user'@'localhost'
2025-12-16T11:30:31.213171+00:00 finalArenaServer mariadbd[927]: 2025-12-16 11:30:31 65 [Warning] Access denied for user 'nc_user'@'localhost'
2025-12-16T11:32:47.375694+00:00 finalArenaServer mariadbd[927]: 2025-12-16 11:32:47 66 [Warning] Access denied for user 'nc_user'@'localhost'
2025-12-16T11:32:50.549622+00:00 finalArenaServer mariadbd[927]: 2025-12-16 11:32:50 67 [Warning] Access denied for user 'nc_user'@'localhost'
2025-12-16T11:32:55.517659+00:00 finalArenaServer mariadbd[927]: 2025-12-16 11:32:55 68 [Warning] Access denied for user 'nc_user'@'localhost'
2025-12-16T11:33:35.147325+00:00 finalArenaServer mariadbd[927]: 2025-12-16 11:33:35 70 [Warning] Access denied for user 'nc_user'@'localhost'
2025-12-16T11:33:35.148906+00:00 finalArenaServer mariadbd[927]: 2025-12-16 11:33:35 71 [Warning] Access denied for user 'nc_user'@'localhost'
2025-12-16T11:33:35.150782+00:00 finalArenaServer mariadbd[927]: 2025-12-16 11:33:35 72 [Warning] Access denied for user 'nc_user'@'localhost'
2025-12-16T11:33:35.151701+00:00 finalArenaServer mariadbd[927]: 2025-12-16 11:33:35 73 [Warning] Access denied for user 'nc_user'@'localhost'
2025-12-16T11:33:35.152245+00:00 finalArenaServer mariadbd[927]: 2025-12-16 11:33:35 74 [Warning] Access denied for user 'nc_user'@'localhost'
2025-12-16T11:33:35.153232+00:00 finalArenaServer mariadbd[927]: 2025-12-16 11:33:35 75 [Warning] Access denied for user 'nc_user'@'localhost'
2025-12-16T11:33:35.153601+00:00 finalArenaServer mariadbd[927]: 2025-12-16 11:33:35 76 [Warning] Access denied for user 'nc_user'@'localhost'
2025-12-16T11:33:35.153808+00:00 finalArenaServer mariadbd[927]: 2025-12-16 11:33:35 77 [Warning] Access denied for user 'nc_user'@'localhost'
2025-12-16T11:33:35.155380+00:00 finalArenaServer mariadbd[927]: 2025-12-16 11:33:35 78 [Warning] Access denied for user 'nc_user'@'localhost'
2025-12-16T11:33:35.156397+00:00 finalArenaServer mariadbd[927]: 2025-12-16 11:33:35 79 [Warning] Access denied for user 'nc_user'@'localhost'
2025-12-16T11:33:35.156669+00:00 finalArenaServer mariadbd[927]: 2025-12-16 11:33:35 80 [Warning] Access denied for user 'nc_user'@'localhost'
2025-12-16T11:33:35.156716+00:00 finalArenaServer mariadbd[927]: 2025-12-16 11:33:35 81 [Warning] Access denied for user 'nc_user'@'localhost'
2025-12-16T11:33:35.158291+00:00 finalArenaServer mariadbd[927]: 2025-12-16 11:33:35 82 [Warning] Access denied for user 'nc_user'@'localhost'
2025-12-16T11:33:35.158684+00:00 finalArenaServer mariadbd[927]: 2025-12-16 11:33:35 83 [Warning] Access denied for user 'nc_user'@'localhost'
2025-12-16T11:33:35.160772+00:00 finalArenaServer mariadbd[927]: 2025-12-16 11:33:35 84 [Warning] Access denied for user 'nc_user'@'localhost'
2025-12-16T11:33:35.160942+00:00 finalArenaServer mariadbd[927]: 2025-12-16 11:33:35 85 [Warning] Access denied for user 'nc_user'@'localhost'
2025-12-16T11:33:42.200696+00:00 finalArenaServer mariadbd[927]: 2025-12-16 11:33:42 86 [Warning] Access denied for user 'nc_user'@'localhost'
2025-12-16T11:34:14.138798+00:00 finalArenaServer mariadbd[927]: 2025-12-16 11:34:14 88 [Warning] Access denied for user 'nc_user'@'localhost'
2025-12-16T11:34:27.362854+00:00 finalArenaServer systemd[1]: Starting update-notifier-download.service - Download data for packages that failed at package install time...
2025-12-16T11:34:27.524258+00:00 finalArenaServer systemd[1]: update-notifier-download.service: Deactivated successfully.
2025-12-16T11:34:27.524503+00:00 finalArenaServer systemd[1]: Finished update-notifier-download.service - Download data for packages that failed at package install time.
2025-12-16T11:34:49.109780+00:00 finalArenaServer mariadbd[927]: 2025-12-16 11:34:49 89 [Warning] Access denied for user 'nextcloud'@'localhost' (using password: YES)
2025-12-16T11:35:01.645837+00:00 finalArenaServer CRON[1592]: (root) CMD (command -v debian-sa1 > /dev/null && debian-sa1 1 1)