2025-12-17T16:13:58.073204+00:00 finalArenaServer kernel: workqueue: e1000_watchdog [e1000] hogged CPU for >10000us 4 times, consider switching to WQ_UNBOUND
2025-12-17T16:15:01.481536+00:00 finalArenaServer CRON[1532]: (root) CMD (command -v debian-sa1 > /dev/null && debian-sa1 1 1)
2025-12-17T16:17:01.514729+00:00 finalArenaServer CRON[1623]: (root) CMD (cd / && run-parts --report /etc/cron.hourly)
2025-12-17T16:17:12.409293+00:00 finalArenaServer systemd[1]: Starting update-notifier-download.service - Download data for packages that failed at package install time...
2025-12-17T16:17:13.095556+00:00 finalArenaServer systemd[1]: update-notifier-download.service: Deactivated successfully.
2025-12-17T16:17:13.143618+00:00 finalArenaServer systemd[1]: Finished update-notifier-download.service - Download data for packages that failed at package install time.
2025-12-17T16:18:12.390581+00:00 finalArenaServer systemd[1176]: launchpadlib-cache-clean.service - Clean up old files in the Launchpadlib cache was skipped because of an unmet condition check (ConditionPathExists=/home/vboxuser/.launchpadlib/api.launchpad.net/cache).
2025-12-17T16:18:28.410314+00:00 finalArenaServer kernel: workqueue: e1000_watchdog [e1000] hogged CPU for >10000us 8 times, consider switching to WQ_UNBOUND
2025-12-17T16:20:02.404500+00:00 finalArenaServer systemd[1]: Starting sysstat-collect.service - system activity accounting tool...
2025-12-17T16:20:02.416450+00:00 finalArenaServer systemd[1]: sysstat-collect.service: Deactivated successfully.
2025-12-17T16:20:02.416530+00:00 finalArenaServer systemd[1]: Finished sysstat-collect.service - system activity accounting tool.
2025-12-17T16:21:30.130616+00:00 finalArenaServer kernel: workqueue: drm_fb_helper_damage_work hogged CPU for >10000us 4 times, consider switching to WQ_UNBOUND
2025-12-17T16:25:01.570149+00:00 finalArenaServer CRON[1906]: (root) CMD (command -v debian-sa1 > /dev/null && debian-sa1 1 1)
2025-12-17T16:26:00.400539+00:00 finalArenaServer kernel: workqueue: drm_fb_helper_damage_work hogged CPU for >10000us 8 times, consider switching to WQ_UNBOUND
2025-12-17T16:26:00.446545+00:00 finalArenaServer systemd[1]: Starting man-db.service - Daily man-db regeneration...
2025-12-17T16:26:03.609586+00:00 finalArenaServer systemd[1]: man-db.service: Deactivated successfully.
2025-12-17T16:26:03.614395+00:00 finalArenaServer systemd[1]: Finished man-db.service - Daily man-db regeneration.
2025-12-17T16:26:03.614615+00:00 finalArenaServer systemd[1]: man-db.service: Consumed 1.383s CPU time.
2025-12-17T16:27:12.414551+00:00 finalArenaServer systemd[1]: Starting systemd-tmpfiles-clean.service - Cleanup of Temporary Directories...
2025-12-17T16:27:12.478187+00:00 finalArenaServer systemd[1]: systemd-tmpfiles-clean.service: Deactivated successfully.
2025-12-17T16:27:12.478377+00:00 finalArenaServer systemd[1]: Finished systemd-tmpfiles-clean.service - Cleanup of Temporary Directories.
2025-12-17T16:28:06.909968+00:00 finalArenaServer kernel: workqueue: drm_fb_helper_damage_work hogged CPU for >10000us 16 times, consider switching to WQ_UNBOUND
2025-12-17T16:28:59.866797+00:00 finalArenaServer kernel: workqueue: blk_mq_run_work_fn hogged CPU for >10000us 32 times, consider switching to WQ_UNBOUND
2025-12-17T16:29:03.298172+00:00 finalArenaServer kernel: workqueue: drm_fb_helper_damage_work hogged CPU for >10000us 32 times, consider switching to WQ_UNBOUND
2025-12-17T16:29:15.137828+00:00 finalArenaServer systemd[1]: Stopping apache2.service - The Apache HTTP Server...
2025-12-17T16:29:15.513044+00:00 finalArenaServer apachectl[2075]: AH00558: apache2: Could not reliably determine the server's fully qualified domain name, using fd17:625c:f037:2:a00:27ff:fe3f:3739. Set the 'ServerName' directive globally to suppress this message
2025-12-17T16:29:16.140324+00:00 finalArenaServer systemd[1]: apache2.service: Killing process 1428 (apache2) with signal SIGKILL.
2025-12-17T16:29:16.189360+00:00 finalArenaServer systemd[1]: apache2.service: Deactivated successfully.
2025-12-17T16:29:16.192380+00:00 finalArenaServer systemd[1]: Stopped apache2.service - The Apache HTTP Server.
2025-12-17T16:29:16.193382+00:00 finalArenaServer systemd[1]: apache2.service: Consumed 10.250s CPU time, 147.2M memory peak, 0B memory swap peak.
2025-12-17T16:29:16.217419+00:00 finalArenaServer systemd[1]: Starting apache2.service - The Apache HTTP Server...
2025-12-17T16:29:16.370590+00:00 finalArenaServer apachectl[2081]: AH00558: apache2: Could not reliably determine the server's fully qualified domain name, using fd17:625c:f037:2:a00:27ff:fe3f:3739. Set the 'ServerName' directive globally to suppress this message
2025-12-17T16:29:16.433347+00:00 finalArenaServer systemd[1]: Started apache2.service - The Apache HTTP Server.