2026-02-27T17:35:01.630757+00:00 arena-wp CRON[1491]: pam_unix(cron:session): session opened for user root(uid=0) by root(uid=0)
2026-02-27T17:35:01.649987+00:00 arena-wp CRON[1491]: pam_unix(cron:session): session closed for user root
2026-02-27T17:36:10.764138+00:00 arena-wp sudo:     root : TTY=pts/1 ; PWD=/root ; USER=root ; COMMAND=/usr/bin/vim /etc/apache2/apache2.conf
2026-02-27T17:36:10.777613+00:00 arena-wp sudo: pam_unix(sudo:session): session opened for user root(uid=0) by vboxuser(uid=0)
2026-02-27T17:36:15.866866+00:00 arena-wp sudo: pam_unix(sudo:session): session closed for user root
2026-02-27T17:39:01.697625+00:00 arena-wp CRON[1546]: pam_unix(cron:session): session opened for user root(uid=0) by root(uid=0)
2026-02-27T17:39:01.706595+00:00 arena-wp CRON[1546]: pam_unix(cron:session): session closed for user root
2026-02-27T17:42:46.485549+00:00 arena-wp sudo:     root : TTY=pts/1 ; PWD=/root ; USER=root ; COMMAND=/usr/bin/vim /var/www/wordpress/.htaccess
2026-02-27T17:42:46.485774+00:00 arena-wp sudo: pam_unix(sudo:session): session opened for user root(uid=0) by vboxuser(uid=0)
2026-02-27T17:42:51.671027+00:00 arena-wp sudo: pam_unix(sudo:session): session closed for user root
2026-02-27T18:55:01.527946+00:00 arena-wp CRON[1447]: pam_unix(cron:session): session opened for user root(uid=0) by root(uid=0)
2026-02-27T18:55:01.612123+00:00 arena-wp CRON[1447]: pam_unix(cron:session): session closed for user root
2026-03-12T18:49:47.883394+00:00 arena-wp sudo:     root : TTY=pts/1 ; PWD=/root ; USER=root ; COMMAND=/usr/bin/vim /var/www/wordpress/wp-config.php
2026-03-12T18:49:47.885373+00:00 arena-wp sudo: pam_unix(sudo:session): session opened for user root(uid=0) by vboxuser(uid=0)
2026-03-12T18:49:52.952970+00:00 arena-wp sudo: pam_unix(sudo:session): session closed for user root
2026-03-12T18:52:09.998877+00:00 arena-wp sudo:     root : TTY=pts/1 ; PWD=/root ; USER=root ; COMMAND=/usr/bin/vim /etc/hosts
2026-03-12T18:52:10.002696+00:00 arena-wp sudo: pam_unix(sudo:session): session opened for user root(uid=0) by vboxuser(uid=0)
2026-03-12T18:52:16.283598+00:00 arena-wp sudo: pam_unix(sudo:session): session closed for user root
2026-03-12T18:54:12.566941+00:00 arena-wp sudo:     root : TTY=pts/1 ; PWD=/root ; USER=root ; COMMAND=/usr/bin/vim /var/www/wordpress/wp-config.php
2026-03-12T18:54:12.572170+00:00 arena-wp sudo: pam_unix(sudo:session): session opened for user root(uid=0) by vboxuser(uid=0)
2026-03-12T18:54:18.593849+00:00 arena-wp sudo: pam_unix(sudo:session): session closed for user root
2026-03-12T18:55:01.751555+00:00 arena-wp CRON[1506]: pam_unix(cron:session): session opened for user root(uid=0) by root(uid=0)
2026-03-12T18:55:01.782430+00:00 arena-wp CRON[1506]: pam_unix(cron:session): session closed for user root
2026-03-12T18:55:58.697286+00:00 arena-wp sudo:     root : TTY=pts/1 ; PWD=/root ; USER=root ; COMMAND=/usr/bin/vim /var/www/wordpress/wp-config.php
2026-03-12T18:55:58.700916+00:00 arena-wp sudo: pam_unix(sudo:session): session opened for user root(uid=0) by vboxuser(uid=0)
2026-03-12T18:56:04.467634+00:00 arena-wp sudo: pam_unix(sudo:session): session closed for user root
2026-02-27T19:35:05.739250+00:00 arena-wp CRON[1470]: pam_unix(cron:session): session opened for user root(uid=0) by root(uid=0)
2026-02-27T19:35:05.755371+00:00 arena-wp CRON[1470]: pam_unix(cron:session): session closed for user root
2026-02-27T19:37:38.952161+00:00 arena-wp sudo:     root : TTY=pts/1 ; PWD=/root ; USER=root ; COMMAND=/usr/bin/vim /var/www/wordpress/wp-config.php
2026-02-27T19:37:38.963671+00:00 arena-wp sudo: pam_unix(sudo:session): session opened for user root(uid=0) by vboxuser(uid=0)
2026-02-27T19:37:43.492592+00:00 arena-wp sudo: pam_unix(sudo:session): session closed for user root
2026-02-27T19:38:11.352343+00:00 arena-wp sudo:     root : TTY=pts/1 ; PWD=/root ; USER=root ; COMMAND=/usr/bin/vim /var/www/wordpress/wp-config.php
2026-02-27T19:38:11.354602+00:00 arena-wp sudo: pam_unix(sudo:session): session opened for user root(uid=0) by vboxuser(uid=0)
2026-02-27T19:38:16.757650+00:00 arena-wp sudo: pam_unix(sudo:session): session closed for user root
