2026-02-27T17:30:02.039704+00:00 arena-wp systemd[1]: Starting sysstat-collect.service - system activity accounting tool...
2026-02-27T17:30:02.091330+00:00 arena-wp systemd[1]: sysstat-collect.service: Deactivated successfully.
2026-02-27T17:30:02.091829+00:00 arena-wp systemd[1]: Finished sysstat-collect.service - system activity accounting tool.
2026-02-27T17:30:45.186677+00:00 arena-wp systemd[1]: Starting update-notifier-download.service - Download data for packages that failed at package install time...
2026-02-27T17:30:45.374329+00:00 arena-wp systemd[1]: update-notifier-download.service: Deactivated successfully.
2026-02-27T17:30:45.374782+00:00 arena-wp systemd[1]: Finished update-notifier-download.service - Download data for packages that failed at package install time.
2026-02-27T17:32:03.568949+00:00 arena-wp kernel: workqueue: drm_fb_helper_damage_work hogged CPU for >10000us 4 times, consider switching to WQ_UNBOUND
2026-02-27T17:32:30.555734+00:00 arena-wp systemd[1]: Stopping apache2.service - The Apache HTTP Server...
2026-02-27T17:32:30.626772+00:00 arena-wp apachectl[1443]: AH00558: apache2: Could not reliably determine the server's fully qualified domain name, using fd17:625c:f037:2:a00:27ff:fed8:540d. Set the 'ServerName' directive globally to suppress this message
2026-02-27T17:32:30.691947+00:00 arena-wp systemd[1]: apache2.service: Deactivated successfully.
2026-02-27T17:32:30.692261+00:00 arena-wp systemd[1]: Stopped apache2.service - The Apache HTTP Server.
2026-02-27T17:32:30.693414+00:00 arena-wp systemd[1]: apache2.service: Consumed 2.802s CPU time.
2026-02-27T17:32:30.706416+00:00 arena-wp systemd[1]: Starting apache2.service - The Apache HTTP Server...
2026-02-27T17:32:30.753591+00:00 arena-wp apachectl[1450]: AH00558: apache2: Could not reliably determine the server's fully qualified domain name, using fd17:625c:f037:2:a00:27ff:fed8:540d. Set the 'ServerName' directive globally to suppress this message
2026-02-27T17:32:30.763800+00:00 arena-wp systemd[1]: Started apache2.service - The Apache HTTP Server.
2026-02-27T17:35:01.632719+00:00 arena-wp CRON[1492]: (root) CMD (command -v debian-sa1 > /dev/null && debian-sa1 1 1)
2026-02-27T17:35:45.199679+00:00 arena-wp systemd[1325]: launchpadlib-cache-clean.service - Clean up old files in the Launchpadlib cache was skipped because of an unmet condition check (ConditionPathExists=/home/vboxuser/.launchpadlib/api.launchpad.net/cache).
2026-02-27T17:36:24.474811+00:00 arena-wp systemd[1]: Stopping apache2.service - The Apache HTTP Server...
2026-02-27T17:36:24.543685+00:00 arena-wp apachectl[1513]: AH00558: apache2: Could not reliably determine the server's fully qualified domain name, using fd17:625c:f037:2:a00:27ff:fed8:540d. Set the 'ServerName' directive globally to suppress this message
2026-02-27T17:36:24.637283+00:00 arena-wp systemd[1]: apache2.service: Killing process 1461 (apache2) with signal SIGKILL.
2026-02-27T17:36:24.644695+00:00 arena-wp systemd[1]: apache2.service: Deactivated successfully.
2026-02-27T17:36:24.646778+00:00 arena-wp systemd[1]: Stopped apache2.service - The Apache HTTP Server.
2026-02-27T17:36:24.646883+00:00 arena-wp systemd[1]: apache2.service: Consumed 2.691s CPU time.
2026-02-27T17:36:24.660560+00:00 arena-wp systemd[1]: Starting apache2.service - The Apache HTTP Server...
2026-02-27T17:36:24.711589+00:00 arena-wp apachectl[1520]: AH00558: apache2: Could not reliably determine the server's fully qualified domain name, using fd17:625c:f037:2:a00:27ff:fed8:540d. Set the 'ServerName' directive globally to suppress this message
2026-02-27T17:36:24.723415+00:00 arena-wp systemd[1]: Started apache2.service - The Apache HTTP Server.
2026-02-27T17:39:01.699068+00:00 arena-wp CRON[1547]: (root) CMD (  [ -x /usr/lib/php/sessionclean ] && if [ ! -d /run/systemd/system ]; then /usr/lib/php/sessionclean; fi)
2026-02-27T17:39:01.707874+00:00 arena-wp systemd[1]: Starting phpsessionclean.service - Clean php session files...
2026-02-27T17:39:01.947024+00:00 arena-wp systemd[1]: phpsessionclean.service: Deactivated successfully.
2026-02-27T17:39:01.947232+00:00 arena-wp systemd[1]: Finished phpsessionclean.service - Clean php session files.
2026-02-27T17:40:24.999546+00:00 arena-wp systemd[1]: Starting sysstat-collect.service - system activity accounting tool...
2026-02-27T17:40:25.002864+00:00 arena-wp systemd[1]: Starting systemd-tmpfiles-clean.service - Cleanup of Temporary Directories...
2026-02-27T17:40:25.012626+00:00 arena-wp systemd[1]: sysstat-collect.service: Deactivated successfully.
2026-02-27T17:40:25.013044+00:00 arena-wp systemd[1]: Finished sysstat-collect.service - system activity accounting tool.
2026-02-27T17:40:25.039898+00:00 arena-wp systemd[1]: systemd-tmpfiles-clean.service: Deactivated successfully.
2026-02-27T17:40:25.040688+00:00 arena-wp systemd[1]: Finished systemd-tmpfiles-clean.service - Cleanup of Temporary Directories.
2026-02-27T17:42:18.070025+00:00 arena-wp systemd[1]: Reloading apache2.service - The Apache HTTP Server...
2026-02-27T17:42:18.239945+00:00 arena-wp apachectl[1645]: AH00558: apache2: Could not reliably determine the server's fully qualified domain name, using fd17:625c:f037:2:a00:27ff:fed8:540d. Set the 'ServerName' directive globally to suppress this message
2026-02-27T17:42:18.289856+00:00 arena-wp systemd[1]: Reloaded apache2.service - The Apache HTTP Server.
2026-02-27T17:43:02.025558+00:00 arena-wp systemd[1]: Reloading apache2.service - The Apache HTTP Server...
2026-02-27T17:43:02.154917+00:00 arena-wp apachectl[1667]: AH00558: apache2: Could not reliably determine the server's fully qualified domain name, using fd17:625c:f037:2:a00:27ff:fed8:540d. Set the 'ServerName' directive globally to suppress this message
2026-02-27T17:43:02.194626+00:00 arena-wp systemd[1]: Reloaded apache2.service - The Apache HTTP Server.
2026-02-27T18:12:00.891899+00:00 arena-wp kernel: workqueue: drm_fb_helper_damage_work hogged CPU for >10000us 4 times, consider switching to WQ_UNBOUND
2026-02-27T18:12:06.343112+00:00 arena-wp kernel: workqueue: blk_mq_run_work_fn hogged CPU for >10000us 16 times, consider switching to WQ_UNBOUND
2026-02-27T18:12:07.102643+00:00 arena-wp kernel: workqueue: drm_fb_helper_damage_work hogged CPU for >10000us 8 times, consider switching to WQ_UNBOUND
2026-02-27T18:12:48.132274+00:00 arena-wp kernel: clocksource: Long readout interval, skipping watchdog check: cs_nsec: 5193872785 wd_nsec: 5193872761
2026-02-27T18:13:01.686851+00:00 arena-wp kernel: workqueue: e1000_watchdog [e1000] hogged CPU for >10000us 4 times, consider switching to WQ_UNBOUND
2026-02-27T18:13:07.071326+00:00 arena-wp mariadbd[928]: 2026-02-27 18:13:07 32 [Warning] Access denied for user 'wp_admin'@'localhost' (using password: YES)
2026-02-27T18:13:36.576664+00:00 arena-wp kernel: workqueue: e1000_watchdog [e1000] hogged CPU for >10000us 8 times, consider switching to WQ_UNBOUND
2026-02-27T18:49:48.965096+00:00 arena-wp kernel: clocksource: Long readout interval, skipping watchdog check: cs_nsec: 3991196439 wd_nsec: 3991196373
2026-02-27T18:50:02.386348+00:00 arena-wp kernel: workqueue: drm_fb_helper_damage_work hogged CPU for >10000us 4 times, consider switching to WQ_UNBOUND
2026-02-27T18:50:14.151539+00:00 arena-wp systemd[1]: Starting sysstat-collect.service - system activity accounting tool...
2026-02-27T18:50:14.210780+00:00 arena-wp systemd[1]: sysstat-collect.service: Deactivated successfully.
2026-02-27T18:50:14.212971+00:00 arena-wp systemd[1]: Finished sysstat-collect.service - system activity accounting tool.
2026-02-27T18:50:20.421482+00:00 arena-wp kernel: workqueue: blk_mq_run_work_fn hogged CPU for >10000us 8 times, consider switching to WQ_UNBOUND
2026-02-27T18:50:35.122725+00:00 arena-wp kernel: workqueue: e1000_watchdog [e1000] hogged CPU for >10000us 8 times, consider switching to WQ_UNBOUND
2026-02-27T18:51:09.201664+00:00 arena-wp kernel: workqueue: drm_fb_helper_damage_work hogged CPU for >10000us 8 times, consider switching to WQ_UNBOUND
2026-02-27T18:51:30.406671+00:00 arena-wp kernel: workqueue: e1000_watchdog [e1000] hogged CPU for >10000us 16 times, consider switching to WQ_UNBOUND
2026-02-27T18:52:40.599814+00:00 arena-wp kernel: workqueue: drm_fb_helper_damage_work hogged CPU for >10000us 16 times, consider switching to WQ_UNBOUND
2026-02-27T18:53:36.625150+00:00 arena-wp systemd[1]: Starting update-notifier-download.service - Download data for packages that failed at package install time...
2026-02-27T18:53:36.813657+00:00 arena-wp systemd[1]: update-notifier-download.service: Deactivated successfully.
2026-02-27T18:53:36.813740+00:00 arena-wp systemd[1]: Finished update-notifier-download.service - Download data for packages that failed at package install time.
2026-02-27T18:55:01.583619+00:00 arena-wp CRON[1448]: (root) CMD (command -v debian-sa1 > /dev/null && debian-sa1 1 1)
2026-02-27T18:55:03.188593+00:00 arena-wp kernel: workqueue: e1000_watchdog [e1000] hogged CPU for >10000us 32 times, consider switching to WQ_UNBOUND
2026-02-27T18:55:36.443792+00:00 arena-wp systemd[1303]: launchpadlib-cache-clean.service - Clean up old files in the Launchpadlib cache was skipped because of an unmet condition check (ConditionPathExists=/home/vboxuser/.launchpadlib/api.launchpad.net/cache).
2026-02-27T19:00:13.536282+00:00 arena-wp systemd[1]: Starting sysstat-collect.service - system activity accounting tool...
2026-02-27T19:00:13.557715+00:00 arena-wp systemd[1]: sysstat-collect.service: Deactivated successfully.
2026-02-27T19:00:13.558049+00:00 arena-wp systemd[1]: Finished sysstat-collect.service - system activity accounting tool.
2026-03-12T18:45:27.247980+00:00 arena-wp systemd[1]: systemd-timedated.service: Deactivated successfully.
2026-03-12T18:45:30.424148+00:00 arena-wp systemd-timesyncd[463]: Contacted time server 83.137.41.14:123 (2.ubuntu.pool.ntp.org).
2026-03-12T18:45:30.424558+00:00 arena-wp systemd-resolved[457]: Clock change detected. Flushing caches.
2026-03-12T18:45:30.424633+00:00 arena-wp systemd-timesyncd[463]: Initial clock synchronization to Thu 2026-03-12 18:45:30.421331 UTC.
2026-03-12T18:45:30.457966+00:00 arena-wp systemd[1]: Starting e2scrub_all.service - Online ext4 Metadata Check for All Filesystems...
2026-03-12T18:45:30.465125+00:00 arena-wp systemd[1]: e2scrub_all.service: Deactivated successfully.
2026-03-12T18:45:30.465766+00:00 arena-wp systemd[1]: Finished e2scrub_all.service - Online ext4 Metadata Check for All Filesystems.
2026-03-12T18:45:42.126869+00:00 arena-wp kernel: clocksource: Long readout interval, skipping watchdog check: cs_nsec: 4146432593 wd_nsec: 4146429892
2026-03-12T18:46:18.148494+00:00 arena-wp systemd[1]: Starting man-db.service - Daily man-db regeneration...
2026-03-12T18:46:27.576327+00:00 arena-wp systemd[1]: man-db.service: Deactivated successfully.
2026-03-12T18:46:27.576813+00:00 arena-wp systemd[1]: Finished man-db.service - Daily man-db regeneration.
2026-03-12T18:46:27.577463+00:00 arena-wp systemd[1]: man-db.service: Consumed 4.063s CPU time.
2026-03-12T18:49:52.967268+00:00 arena-wp systemd[1]: Starting update-notifier-download.service - Download data for packages that failed at package install time...
2026-03-12T18:49:53.222058+00:00 arena-wp systemd[1]: update-notifier-download.service: Deactivated successfully.
2026-03-12T18:49:53.222254+00:00 arena-wp systemd[1]: Finished update-notifier-download.service - Download data for packages that failed at package install time.
2026-03-12T18:50:01.111842+00:00 arena-wp systemd[1]: Starting sysstat-collect.service - system activity accounting tool...
2026-03-12T18:50:01.115675+00:00 arena-wp systemd[1]: Reloading apache2.service - The Apache HTTP Server...
2026-03-12T18:50:01.123482+00:00 arena-wp systemd[1]: sysstat-collect.service: Deactivated successfully.
2026-03-12T18:50:01.130156+00:00 arena-wp systemd[1]: Finished sysstat-collect.service - system activity accounting tool.
2026-03-12T18:50:01.242987+00:00 arena-wp apachectl[1432]: AH00558: apache2: Could not reliably determine the server's fully qualified domain name, using fd17:625c:f037:2:a00:27ff:fed8:540d. Set the 'ServerName' directive globally to suppress this message
2026-03-12T18:50:01.284317+00:00 arena-wp systemd[1]: Reloaded apache2.service - The Apache HTTP Server.
2026-03-12T18:50:41.135628+00:00 arena-wp kernel: workqueue: e1000_watchdog [e1000] hogged CPU for >10000us 8 times, consider switching to WQ_UNBOUND
2026-03-12T18:51:00.602661+00:00 arena-wp systemd[1095]: launchpadlib-cache-clean.service - Clean up old files in the Launchpadlib cache was skipped because of an unmet condition check (ConditionPathExists=/home/vboxuser/.launchpadlib/api.launchpad.net/cache).
2026-03-12T18:52:04.381006+00:00 arena-wp kernel: workqueue: e1000_watchdog [e1000] hogged CPU for >10000us 16 times, consider switching to WQ_UNBOUND
2026-03-12T18:52:11.919491+00:00 arena-wp kernel: workqueue: drm_fb_helper_damage_work hogged CPU for >10000us 4 times, consider switching to WQ_UNBOUND
2026-03-12T18:52:25.498906+00:00 arena-wp systemd[1]: Reloading apache2.service - The Apache HTTP Server...
2026-03-12T18:52:25.651329+00:00 arena-wp apachectl[1463]: AH00558: apache2: Could not reliably determine the server's fully qualified domain name, using fd17:625c:f037:2:a00:27ff:fed8:540d. Set the 'ServerName' directive globally to suppress this message
2026-03-12T18:52:25.697464+00:00 arena-wp systemd[1]: Reloaded apache2.service - The Apache HTTP Server.
2026-03-12T18:53:50.299418+00:00 arena-wp kernel: workqueue: e1000_watchdog [e1000] hogged CPU for >10000us 32 times, consider switching to WQ_UNBOUND
2026-03-12T18:54:25.986893+00:00 arena-wp systemd[1]: Reloading apache2.service - The Apache HTTP Server...
2026-03-12T18:54:26.145004+00:00 arena-wp apachectl[1492]: AH00558: apache2: Could not reliably determine the server's fully qualified domain name, using fd17:625c:f037:2:a00:27ff:fed8:540d. Set the 'ServerName' directive globally to suppress this message
2026-03-12T18:54:26.196861+00:00 arena-wp systemd[1]: Reloaded apache2.service - The Apache HTTP Server.
2026-03-12T18:55:01.782231+00:00 arena-wp CRON[1507]: (root) CMD (command -v debian-sa1 > /dev/null && debian-sa1 1 1)
2026-03-12T18:56:22.055588+00:00 arena-wp systemd[1]: Reloading apache2.service - The Apache HTTP Server...
2026-03-12T18:56:22.301605+00:00 arena-wp apachectl[1527]: AH00558: apache2: Could not reliably determine the server's fully qualified domain name, using fd17:625c:f037:2:a00:27ff:fed8:540d. Set the 'ServerName' directive globally to suppress this message
2026-03-12T18:56:22.346123+00:00 arena-wp systemd[1]: Reloaded apache2.service - The Apache HTTP Server.
2026-03-12T18:56:22.885645+00:00 arena-wp kernel: workqueue: drm_fb_helper_damage_work hogged CPU for >10000us 8 times, consider switching to WQ_UNBOUND
2026-02-27T19:28:20.352283+00:00 arena-wp systemd[1]: Starting e2scrub_all.service - Online ext4 Metadata Check for All Filesystems...
2026-02-27T19:28:20.372832+00:00 arena-wp systemd[1]: e2scrub_all.service: Deactivated successfully.
2026-02-27T19:28:20.373002+00:00 arena-wp systemd[1]: Finished e2scrub_all.service - Online ext4 Metadata Check for All Filesystems.
2026-02-27T19:30:03.723797+00:00 arena-wp systemd[1]: Starting sysstat-collect.service - system activity accounting tool...
2026-02-27T19:30:03.761473+00:00 arena-wp systemd[1]: sysstat-collect.service: Deactivated successfully.
2026-02-27T19:30:03.761542+00:00 arena-wp systemd[1]: Finished sysstat-collect.service - system activity accounting tool.
2026-02-27T19:30:39.695974+00:00 arena-wp kernel: workqueue: e1000_watchdog [e1000] hogged CPU for >10000us 4 times, consider switching to WQ_UNBOUND
2026-02-27T19:31:17.366213+00:00 arena-wp kernel: workqueue: blk_mq_run_work_fn hogged CPU for >10000us 16 times, consider switching to WQ_UNBOUND
2026-02-27T19:32:31.381983+00:00 arena-wp systemd[1]: Starting update-notifier-download.service - Download data for packages that failed at package install time...
2026-02-27T19:32:31.661367+00:00 arena-wp systemd[1]: update-notifier-download.service: Deactivated successfully.
2026-02-27T19:32:31.661594+00:00 arena-wp systemd[1]: Finished update-notifier-download.service - Download data for packages that failed at package install time.
2026-02-27T19:33:36.429188+00:00 arena-wp systemd[1317]: launchpadlib-cache-clean.service - Clean up old files in the Launchpadlib cache was skipped because of an unmet condition check (ConditionPathExists=/home/vboxuser/.launchpadlib/api.launchpad.net/cache).
2026-02-27T19:35:05.741035+00:00 arena-wp CRON[1471]: (root) CMD (command -v debian-sa1 > /dev/null && debian-sa1 1 1)
2026-02-27T19:35:58.891201+00:00 arena-wp mariadbd[959]: 2026-02-27 19:35:58 37 [Warning] Access denied for user 'wordpress'@'localhost'
2026-02-27T19:36:19.044086+00:00 arena-wp mariadbd[959]: 2026-02-27 19:36:19 38 [Warning] Access denied for user 'wordpress'@'localhost'
