2026-03-09T21:13:40.327577+00:00 arena-wp kernel: workqueue: e1000_watchdog [e1000] hogged CPU for >10000us 4 times, consider switching to WQ_UNBOUND
2026-03-09T21:14:50.271273+00:00 arena-wp systemd[1]: Stopping apache2.service - The Apache HTTP Server...
2026-03-09T21:14:50.345333+00:00 arena-wp apachectl[1435]: AH00558: apache2: Could not reliably determine the server's fully qualified domain name, using fd17:625c:f037:2:a00:27ff:fed8:540d. Set the 'ServerName' directive globally to suppress this message
2026-03-09T21:14:50.384502+00:00 arena-wp systemd[1]: apache2.service: Deactivated successfully.
2026-03-09T21:14:50.385975+00:00 arena-wp systemd[1]: Stopped apache2.service - The Apache HTTP Server.
2026-03-09T21:14:50.386073+00:00 arena-wp systemd[1]: apache2.service: Consumed 1.501s CPU time.
2026-03-09T21:14:50.396368+00:00 arena-wp systemd[1]: Starting apache2.service - The Apache HTTP Server...
2026-03-09T21:14:50.451360+00:00 arena-wp apachectl[1441]: AH00558: apache2: Could not reliably determine the server's fully qualified domain name, using fd17:625c:f037:2:a00:27ff:fed8:540d. Set the 'ServerName' directive globally to suppress this message
2026-03-09T21:14:50.463384+00:00 arena-wp systemd[1]: Started apache2.service - The Apache HTTP Server.
2026-03-09T21:15:01.689747+00:00 arena-wp CRON[1455]: (root) CMD (command -v debian-sa1 > /dev/null && debian-sa1 1 1)
2026-03-09T21:16:49.942822+00:00 arena-wp systemd[1]: Starting update-notifier-download.service - Download data for packages that failed at package install time...
2026-03-09T21:16:50.231747+00:00 arena-wp systemd[1]: update-notifier-download.service: Deactivated successfully.
2026-03-09T21:16:50.231841+00:00 arena-wp systemd[1]: Finished update-notifier-download.service - Download data for packages that failed at package install time.
2026-03-09T21:17:00.212747+00:00 arena-wp systemd[1]: Reloading apache2.service - The Apache HTTP Server...
2026-03-09T21:17:00.332923+00:00 arena-wp apachectl[1473]: AH00558: apache2: Could not reliably determine the server's fully qualified domain name, using fd17:625c:f037:2:a00:27ff:fed8:540d. Set the 'ServerName' directive globally to suppress this message
2026-03-09T21:17:00.395431+00:00 arena-wp systemd[1]: Reloaded apache2.service - The Apache HTTP Server.
2026-03-09T21:17:01.705527+00:00 arena-wp CRON[1481]: (root) CMD (cd / && run-parts --report /etc/cron.hourly)
2026-03-09T21:18:32.541196+00:00 arena-wp systemd[1]: Reloading apache2.service - The Apache HTTP Server...
2026-03-09T21:18:32.786323+00:00 arena-wp apachectl[1498]: AH00558: apache2: Could not reliably determine the server's fully qualified domain name, using fd17:625c:f037:2:a00:27ff:fed8:540d. Set the 'ServerName' directive globally to suppress this message
2026-03-09T21:18:32.831204+00:00 arena-wp systemd[1]: Reloaded apache2.service - The Apache HTTP Server.
2026-03-09T21:18:35.177904+00:00 arena-wp systemd[1322]: launchpadlib-cache-clean.service - Clean up old files in the Launchpadlib cache was skipped because of an unmet condition check (ConditionPathExists=/home/vboxuser/.launchpadlib/api.launchpad.net/cache).
2026-03-09T21:20:02.594213+00:00 arena-wp systemd[1]: Starting sysstat-collect.service - system activity accounting tool...
2026-03-09T21:20:02.612232+00:00 arena-wp systemd[1]: sysstat-collect.service: Deactivated successfully.
2026-03-09T21:20:02.612435+00:00 arena-wp systemd[1]: Finished sysstat-collect.service - system activity accounting tool.
2026-03-09T21:24:31.589397+00:00 arena-wp kernel: workqueue: blk_mq_run_work_fn hogged CPU for >10000us 16 times, consider switching to WQ_UNBOUND
2026-03-09T21:25:01.746130+00:00 arena-wp CRON[1553]: (root) CMD (command -v debian-sa1 > /dev/null && debian-sa1 1 1)
2026-03-09T21:29:15.949357+00:00 arena-wp systemd[1]: systemd-hostnamed.service: Deactivated successfully.
2026-03-09T21:29:18.288511+00:00 arena-wp systemd-timesyncd[458]: Contacted time server 162.159.200.1:123 (2.ubuntu.pool.ntp.org).
2026-03-09T21:29:18.288577+00:00 arena-wp systemd-timesyncd[458]: Initial clock synchronization to Mon 2026-03-09 21:29:18.287970 UTC.
2026-03-09T21:29:18.289257+00:00 arena-wp systemd-resolved[455]: Clock change detected. Flushing caches.
2026-03-09T21:29:20.192753+00:00 arena-wp systemd[1]: systemd-timedated.service: Deactivated successfully.
2026-03-09T21:29:30.940855+00:00 arena-wp mariadbd[936]: 2026-03-09 21:29:30 31 [Warning] Access denied for user 'wp_admin'@'localhost' (using password: YES)
2026-03-09T21:30:09.816651+00:00 arena-wp systemd[1]: Starting sysstat-collect.service - system activity accounting tool...
2026-03-09T21:30:09.845612+00:00 arena-wp systemd[1]: sysstat-collect.service: Deactivated successfully.
2026-03-09T21:30:09.845695+00:00 arena-wp systemd[1]: Finished sysstat-collect.service - system activity accounting tool.
2026-03-09T21:31:15.922267+00:00 arena-wp mariadbd[936]: 2026-03-09 21:31:15 32 [Warning] Access denied for user 'wp_admin'@'localhost' (using password: YES)
2026-03-09T21:32:43.428395+00:00 arena-wp systemd[1]: Reloading apache2.service - The Apache HTTP Server...
2026-03-09T21:32:43.543542+00:00 arena-wp apachectl[1374]: AH00558: apache2: Could not reliably determine the server's fully qualified domain name, using fd17:625c:f037:2:a00:27ff:fed8:540d. Set the 'ServerName' directive globally to suppress this message
2026-03-09T21:32:43.590145+00:00 arena-wp systemd[1]: Reloaded apache2.service - The Apache HTTP Server.
2026-03-09T21:35:02.995269+00:00 arena-wp CRON[1405]: (root) CMD (command -v debian-sa1 > /dev/null && debian-sa1 1 1)
2026-03-09T21:39:01.193515+00:00 arena-wp CRON[1434]: (root) CMD (  [ -x /usr/lib/php/sessionclean ] && if [ ! -d /run/systemd/system ]; then /usr/lib/php/sessionclean; fi)
2026-03-09T21:39:01.198437+00:00 arena-wp systemd[1]: Starting phpsessionclean.service - Clean php session files...
2026-03-09T21:39:01.408481+00:00 arena-wp systemd[1]: phpsessionclean.service: Deactivated successfully.
2026-03-09T21:39:01.408580+00:00 arena-wp systemd[1]: Finished phpsessionclean.service - Clean php session files.
2026-03-09T21:39:11.742286+00:00 arena-wp systemd[1]: Starting update-notifier-download.service - Download data for packages that failed at package install time...
2026-03-09T21:39:11.918011+00:00 arena-wp systemd[1]: update-notifier-download.service: Deactivated successfully.
2026-03-09T21:39:11.918314+00:00 arena-wp systemd[1]: Finished update-notifier-download.service - Download data for packages that failed at package install time.
2026-03-09T21:40:01.704528+00:00 arena-wp systemd[1]: Starting sysstat-collect.service - system activity accounting tool...
2026-03-09T21:40:01.722204+00:00 arena-wp systemd[1]: sysstat-collect.service: Deactivated successfully.
2026-03-09T21:40:01.722401+00:00 arena-wp systemd[1]: Finished sysstat-collect.service - system activity accounting tool.
2026-03-09T21:40:02.669031+00:00 arena-wp systemd[1309]: launchpadlib-cache-clean.service - Clean up old files in the Launchpadlib cache was skipped because of an unmet condition check (ConditionPathExists=/home/vboxuser/.launchpadlib/api.launchpad.net/cache).
2026-03-09T21:40:38.701948+00:00 arena-wp kernel: workqueue: blk_mq_run_work_fn hogged CPU for >10000us 16 times, consider switching to WQ_UNBOUND
2026-03-09T21:45:01.234460+00:00 arena-wp CRON[1532]: (root) CMD (command -v debian-sa1 > /dev/null && debian-sa1 1 1)
2026-03-09T21:49:02.681123+00:00 arena-wp systemd[1]: Starting systemd-tmpfiles-clean.service - Cleanup of Temporary Directories...
2026-03-09T21:49:02.747794+00:00 arena-wp systemd[1]: systemd-tmpfiles-clean.service: Deactivated successfully.
2026-03-09T21:49:02.748649+00:00 arena-wp systemd[1]: Finished systemd-tmpfiles-clean.service - Cleanup of Temporary Directories.
2026-03-09T21:50:02.102194+00:00 arena-wp systemd[1]: Starting sysstat-collect.service - system activity accounting tool...
2026-03-09T21:50:02.129602+00:00 arena-wp systemd[1]: sysstat-collect.service: Deactivated successfully.
2026-03-09T21:50:02.129802+00:00 arena-wp systemd[1]: Finished sysstat-collect.service - system activity accounting tool.
2026-03-09T21:55:01.238450+00:00 arena-wp CRON[1588]: (root) CMD (command -v debian-sa1 > /dev/null && debian-sa1 1 1)
2026-03-09T22:00:02.100904+00:00 arena-wp systemd[1]: Starting sysstat-collect.service - system activity accounting tool...
2026-03-09T22:00:02.128883+00:00 arena-wp systemd[1]: sysstat-collect.service: Deactivated successfully.
2026-03-09T22:00:02.128963+00:00 arena-wp systemd[1]: Finished sysstat-collect.service - system activity accounting tool.
2026-03-09T22:00:36.342675+00:00 arena-wp systemd[1]: Stopping apache2.service - The Apache HTTP Server...
2026-03-09T22:00:36.422637+00:00 arena-wp apachectl[1618]: AH00558: apache2: Could not reliably determine the server's fully qualified domain name, using fd17:625c:f037:2:a00:27ff:fed8:540d. Set the 'ServerName' directive globally to suppress this message
2026-03-09T22:00:36.527083+00:00 arena-wp systemd[1]: apache2.service: Deactivated successfully.
2026-03-09T22:00:36.528085+00:00 arena-wp systemd[1]: Stopped apache2.service - The Apache HTTP Server.
2026-03-09T22:00:36.528218+00:00 arena-wp systemd[1]: apache2.service: Consumed 7.182s CPU time.
2026-03-09T22:00:36.549735+00:00 arena-wp systemd[1]: Starting apache2.service - The Apache HTTP Server...
2026-03-09T22:00:36.601390+00:00 arena-wp apachectl[1625]: AH00558: apache2: Could not reliably determine the server's fully qualified domain name, using fd17:625c:f037:2:a00:27ff:fed8:540d. Set the 'ServerName' directive globally to suppress this message
2026-03-09T22:00:36.611133+00:00 arena-wp systemd[1]: Started apache2.service - The Apache HTTP Server.
2026-03-09T22:03:52.678627+00:00 arena-wp systemd[1]: Starting apt-daily-upgrade.service - Daily apt upgrade and clean activities...
2026-03-09T22:03:52.855094+00:00 arena-wp systemd[1]: apt-daily-upgrade.service: Deactivated successfully.
2026-03-09T22:03:52.855167+00:00 arena-wp systemd[1]: Finished apt-daily-upgrade.service - Daily apt upgrade and clean activities.
2026-03-09T22:05:01.264697+00:00 arena-wp CRON[1683]: (root) CMD (command -v debian-sa1 > /dev/null && debian-sa1 1 1)
2026-03-09T22:09:01.312075+00:00 arena-wp CRON[1712]: (root) CMD (  [ -x /usr/lib/php/sessionclean ] && if [ ! -d /run/systemd/system ]; then /usr/lib/php/sessionclean; fi)
2026-03-09T22:09:01.312380+00:00 arena-wp systemd[1]: Starting phpsessionclean.service - Clean php session files...
2026-03-09T22:09:01.527170+00:00 arena-wp systemd[1]: phpsessionclean.service: Deactivated successfully.
2026-03-09T22:09:01.528455+00:00 arena-wp systemd[1]: Finished phpsessionclean.service - Clean php session files.
2026-03-09T22:10:02.103836+00:00 arena-wp systemd[1]: Starting sysstat-collect.service - system activity accounting tool...
2026-03-09T22:10:02.118065+00:00 arena-wp systemd[1]: sysstat-collect.service: Deactivated successfully.
2026-03-09T22:10:02.118387+00:00 arena-wp systemd[1]: Finished sysstat-collect.service - system activity accounting tool.
2026-03-09T22:17:03.920386+00:00 arena-wp CRON[1370]: (root) CMD (cd / && run-parts --report /etc/cron.hourly)
2026-03-09T22:17:09.396801+00:00 arena-wp kernel: clocksource: Long readout interval, skipping watchdog check: cs_nsec: 2996329279 wd_nsec: 2996327129
2026-03-09T22:17:46.072928+00:00 arena-wp systemd[1]: Starting apt-daily.service - Daily apt download activities...
2026-03-09T22:17:46.207895+00:00 arena-wp systemd[1]: apt-daily.service: Deactivated successfully.
2026-03-09T22:17:46.208147+00:00 arena-wp systemd[1]: Finished apt-daily.service - Daily apt download activities.
2026-03-09T22:18:44.992609+00:00 arena-wp kernel: workqueue: e1000_watchdog [e1000] hogged CPU for >10000us 4 times, consider switching to WQ_UNBOUND
2026-03-09T22:20:27.737020+00:00 arena-wp systemd[1]: Starting sysstat-collect.service - system activity accounting tool...
2026-03-09T22:20:27.766883+00:00 arena-wp systemd[1]: sysstat-collect.service: Deactivated successfully.
2026-03-09T22:20:27.767235+00:00 arena-wp systemd[1]: Finished sysstat-collect.service - system activity accounting tool.
2026-03-09T22:21:10.276324+00:00 arena-wp systemd[1]: Starting update-notifier-download.service - Download data for packages that failed at package install time...
2026-03-09T22:21:10.476814+00:00 arena-wp systemd[1]: update-notifier-download.service: Deactivated successfully.
2026-03-09T22:21:10.477135+00:00 arena-wp systemd[1]: Finished update-notifier-download.service - Download data for packages that failed at package install time.
2026-03-09T22:22:47.729302+00:00 arena-wp systemd[1283]: launchpadlib-cache-clean.service - Clean up old files in the Launchpadlib cache was skipped because of an unmet condition check (ConditionPathExists=/home/vboxuser/.launchpadlib/api.launchpad.net/cache).
2026-03-09T22:29:58.181403+00:00 arena-wp systemd[1]: Reloading apache2.service - The Apache HTTP Server...
2026-03-09T22:29:58.290344+00:00 arena-wp apachectl[1424]: AH00558: apache2: Could not reliably determine the server's fully qualified domain name, using fd17:625c:f037:2:a00:27ff:fed8:540d. Set the 'ServerName' directive globally to suppress this message
2026-03-09T22:29:58.330075+00:00 arena-wp systemd[1]: Reloaded apache2.service - The Apache HTTP Server.
2026-03-09T22:30:04.428752+00:00 arena-wp systemd[1]: Starting sysstat-collect.service - system activity accounting tool...
2026-03-09T22:30:04.442505+00:00 arena-wp systemd[1]: sysstat-collect.service: Deactivated successfully.
2026-03-09T22:30:04.442668+00:00 arena-wp systemd[1]: Finished sysstat-collect.service - system activity accounting tool.
2026-03-09T22:30:53.802982+00:00 arena-wp systemd[1]: Starting update-notifier-download.service - Download data for packages that failed at package install time...
2026-03-09T22:30:53.964669+00:00 arena-wp systemd[1]: update-notifier-download.service: Deactivated successfully.
2026-03-09T22:30:53.965431+00:00 arena-wp systemd[1]: Finished update-notifier-download.service - Download data for packages that failed at package install time.
2026-03-09T22:32:05.460778+00:00 arena-wp systemd[1]: Starting fwupd-refresh.service - Refresh fwupd metadata and update motd...
2026-03-09T22:32:05.550689+00:00 arena-wp dbus-daemon[622]: [system] Activating via systemd: service name='org.freedesktop.fwupd' unit='fwupd.service' requested by ':1.21' (uid=989 pid=1447 comm="/usr/bin/fwupdmgr refresh" label="unconfined")
2026-03-09T22:32:05.563720+00:00 arena-wp systemd[1]: Starting fwupd.service - Firmware update daemon...
2026-03-09T22:32:05.854364+00:00 arena-wp dbus-daemon[622]: [system] Activating via systemd: service name='org.freedesktop.UPower' unit='upower.service' requested by ':1.22' (uid=0 pid=1452 comm="/usr/libexec/fwupd/fwupd" label="unconfined")
2026-03-09T22:32:05.863897+00:00 arena-wp systemd[1]: Starting upower.service - Daemon for power management...
2026-03-09T22:32:06.051505+00:00 arena-wp dbus-daemon[622]: [system] Successfully activated service 'org.freedesktop.UPower'
2026-03-09T22:32:06.052253+00:00 arena-wp systemd[1]: Started upower.service - Daemon for power management.
2026-03-09T22:32:06.152988+00:00 arena-wp fwupd[1452]: 22:32:06.150 FuEngine             failed to add device /sys/devices/pci0000:00/0000:00:01.1/ata2/host1/target1:0:0/1:0:0:0/block/sr0: failed to open /dev/sr0: No medium found
2026-03-09T22:32:06.201455+00:00 arena-wp fwupd[1452]: 22:32:06.201 FuMain               fwupd 1.9.30 ready for requests (locale en_US.UTF-8)
2026-03-09T22:32:06.203266+00:00 arena-wp dbus-daemon[622]: [system] Successfully activated service 'org.freedesktop.fwupd'
2026-03-09T22:32:06.203990+00:00 arena-wp systemd[1]: Started fwupd.service - Firmware update daemon.
2026-03-09T22:32:06.241980+00:00 arena-wp fwupdmgr[1447]: Updating lvfs
2026-03-09T22:32:10.173420+00:00 arena-wp fwupdmgr[1447]: Successfully downloaded new metadata: 0 local devices supported
2026-03-09T22:32:10.177299+00:00 arena-wp systemd[1]: fwupd-refresh.service: Deactivated successfully.
2026-03-09T22:32:10.177448+00:00 arena-wp systemd[1]: Finished fwupd-refresh.service - Refresh fwupd metadata and update motd.
2026-03-09T22:33:05.449195+00:00 arena-wp systemd[1317]: launchpadlib-cache-clean.service - Clean up old files in the Launchpadlib cache was skipped because of an unmet condition check (ConditionPathExists=/home/vboxuser/.launchpadlib/api.launchpad.net/cache).
2026-03-09T22:34:13.555993+00:00 arena-wp mariadbd[951]: 2026-03-09 22:34:13 31 [Warning] Access denied for user ''@'localhost'
2026-03-09T22:35:01.129864+00:00 arena-wp CRON[1500]: (root) CMD (command -v debian-sa1 > /dev/null && debian-sa1 1 1)
2026-03-09T22:39:01.182710+00:00 arena-wp CRON[1517]: (root) CMD (  [ -x /usr/lib/php/sessionclean ] && if [ ! -d /run/systemd/system ]; then /usr/lib/php/sessionclean; fi)
2026-03-09T22:39:05.464165+00:00 arena-wp systemd[1]: Starting phpsessionclean.service - Clean php session files...
2026-03-09T22:39:05.657325+00:00 arena-wp systemd[1]: phpsessionclean.service: Deactivated successfully.
2026-03-09T22:39:05.657409+00:00 arena-wp systemd[1]: Finished phpsessionclean.service - Clean php session files.
2026-03-09T22:40:05.458152+00:00 arena-wp systemd[1]: Starting sysstat-collect.service - system activity accounting tool...
2026-03-09T22:40:05.472672+00:00 arena-wp systemd[1]: sysstat-collect.service: Deactivated successfully.
2026-03-09T22:40:05.473058+00:00 arena-wp systemd[1]: Finished sysstat-collect.service - system activity accounting tool.
2026-03-09T22:40:53.170040+00:00 arena-wp systemd[1]: Starting systemd-tmpfiles-clean.service - Cleanup of Temporary Directories...
2026-03-09T22:40:53.193050+00:00 arena-wp systemd[1]: systemd-tmpfiles-clean.service: Deactivated successfully.
2026-03-09T22:40:53.193345+00:00 arena-wp systemd[1]: Finished systemd-tmpfiles-clean.service - Cleanup of Temporary Directories.
2026-03-09T22:45:01.208905+00:00 arena-wp CRON[1592]: (root) CMD (command -v debian-sa1 > /dev/null && debian-sa1 1 1)
2026-03-09T22:50:05.458495+00:00 arena-wp systemd[1]: Starting sysstat-collect.service - system activity accounting tool...
2026-03-09T22:50:05.490494+00:00 arena-wp systemd[1]: sysstat-collect.service: Deactivated successfully.
2026-03-09T22:50:05.490572+00:00 arena-wp systemd[1]: Finished sysstat-collect.service - system activity accounting tool.
2026-03-09T22:55:01.235789+00:00 arena-wp CRON[1621]: (root) CMD (command -v debian-sa1 > /dev/null && debian-sa1 1 1)
