2026-01-12T00:55:01.323485+00:00 finalArenaServer CRON[1643]: pam_unix(cron:session): session opened for user root(uid=0) by root(uid=0)
2026-01-12T00:55:01.333782+00:00 finalArenaServer CRON[1643]: pam_unix(cron:session): session closed for user root
2026-01-12T00:56:04.119482+00:00 finalArenaServer sudo:     root : TTY=pts/1 ; PWD=/root ; USER=www-data ; COMMAND=/usr/bin/php /var/www/nextcloud/occ app:list
2026-01-12T00:56:04.126738+00:00 finalArenaServer sudo: pam_unix(sudo:session): session opened for user www-data(uid=33) by vboxuser(uid=0)
2026-01-12T00:56:04.728588+00:00 finalArenaServer sudo: pam_unix(sudo:session): session closed for user www-data
2026-01-12T00:56:16.185386+00:00 finalArenaServer sudo:     root : TTY=pts/1 ; PWD=/root ; USER=www-data ; COMMAND=/usr/bin/php /var/www/nextcloud/occ maintenance:repair
2026-01-12T00:56:16.188662+00:00 finalArenaServer sudo: pam_unix(sudo:session): session opened for user www-data(uid=33) by vboxuser(uid=0)
2026-01-12T00:56:17.923915+00:00 finalArenaServer sudo: pam_unix(sudo:session): session closed for user www-data
2026-01-12T00:56:39.126291+00:00 finalArenaServer sudo:     root : TTY=pts/1 ; PWD=/root ; USER=www-data ; COMMAND=/usr/bin/php /var/www/nextcloud/occ app:disable firstrunwizard
2026-01-12T00:56:39.128027+00:00 finalArenaServer sudo: pam_unix(sudo:session): session opened for user www-data(uid=33) by vboxuser(uid=0)
2026-01-12T00:56:39.669048+00:00 finalArenaServer sudo: pam_unix(sudo:session): session closed for user www-data
2026-01-12T00:56:51.129855+00:00 finalArenaServer sudo:     root : TTY=pts/1 ; PWD=/root ; USER=www-data ; COMMAND=/usr/bin/php /var/www/nextcloud/occ maintenance:repair
2026-01-12T00:56:51.131882+00:00 finalArenaServer sudo: pam_unix(sudo:session): session opened for user www-data(uid=33) by vboxuser(uid=0)
2026-01-12T00:56:52.537241+00:00 finalArenaServer sudo: pam_unix(sudo:session): session closed for user www-data
2026-01-12T00:57:20.792027+00:00 finalArenaServer sudo:     root : TTY=pts/1 ; PWD=/root ; USER=www-data ; COMMAND=/usr/bin/php /var/www/nextcloud/occ upgrade
2026-01-12T00:57:20.796792+00:00 finalArenaServer sudo: pam_unix(sudo:session): session opened for user www-data(uid=33) by vboxuser(uid=0)
2026-01-12T00:57:21.340892+00:00 finalArenaServer sudo: pam_unix(sudo:session): session closed for user www-data
2026-01-12T00:57:31.907751+00:00 finalArenaServer sudo:     root : TTY=pts/1 ; PWD=/root ; USER=www-data ; COMMAND=/usr/bin/php /var/www/nextcloud/occ status
2026-01-12T00:57:31.911435+00:00 finalArenaServer sudo: pam_unix(sudo:session): session opened for user www-data(uid=33) by vboxuser(uid=0)
2026-01-12T00:57:32.317650+00:00 finalArenaServer sudo: pam_unix(sudo:session): session closed for user www-data
2026-01-12T00:58:15.007288+00:00 finalArenaServer sudo:     root : TTY=pts/1 ; PWD=/root ; USER=www-data ; COMMAND=/usr/bin/php /var/www/nextcloud/occ app:remove firstrunwizard
2026-01-12T00:58:15.011219+00:00 finalArenaServer sudo: pam_unix(sudo:session): session opened for user www-data(uid=33) by vboxuser(uid=0)
2026-01-12T00:58:15.585919+00:00 finalArenaServer sudo: pam_unix(sudo:session): session closed for user www-data
2026-01-12T00:58:49.935300+00:00 finalArenaServer sudo:     root : TTY=pts/1 ; PWD=/root ; USER=www-data ; COMMAND=/usr/bin/php /var/www/nextcloud/occ maintenance:repair
2026-01-12T00:58:49.936705+00:00 finalArenaServer sudo: pam_unix(sudo:session): session opened for user www-data(uid=33) by vboxuser(uid=0)
2026-01-12T00:58:51.200828+00:00 finalArenaServer sudo: pam_unix(sudo:session): session closed for user www-data
2026-01-12T01:01:02.787347+00:00 finalArenaServer sudo:     root : TTY=pts/1 ; PWD=/root ; USER=www-data ; COMMAND=/usr/bin/php /var/www/nextcloud/occ maintenance:mode --on
2026-01-12T01:01:02.790777+00:00 finalArenaServer sudo: pam_unix(sudo:session): session opened for user www-data(uid=33) by vboxuser(uid=0)
2026-01-12T01:01:03.197043+00:00 finalArenaServer sudo: pam_unix(sudo:session): session closed for user www-data
2026-01-12T01:01:14.288348+00:00 finalArenaServer sudo:     root : TTY=pts/1 ; PWD=/root ; USER=www-data ; COMMAND=/usr/bin/php /var/www/nextcloud/occ maintenance:repair
2026-01-12T01:01:14.290209+00:00 finalArenaServer sudo: pam_unix(sudo:session): session opened for user www-data(uid=33) by vboxuser(uid=0)
2026-01-12T01:01:15.498171+00:00 finalArenaServer sudo: pam_unix(sudo:session): session closed for user www-data
2026-01-12T01:01:27.227449+00:00 finalArenaServer sudo:     root : TTY=pts/1 ; PWD=/root ; USER=www-data ; COMMAND=/usr/bin/php /var/www/nextcloud/occ maintenance:mode --off
2026-01-12T01:01:27.231845+00:00 finalArenaServer sudo: pam_unix(sudo:session): session opened for user www-data(uid=33) by vboxuser(uid=0)
2026-01-12T01:01:27.484156+00:00 finalArenaServer sudo: pam_unix(sudo:session): session closed for user www-data
2026-01-12T01:01:45.602432+00:00 finalArenaServer sudo:     root : TTY=pts/1 ; PWD=/root ; USER=www-data ; COMMAND=/usr/bin/php /var/www/nextcloud/occ check
2026-01-12T01:01:45.607864+00:00 finalArenaServer sudo: pam_unix(sudo:session): session opened for user www-data(uid=33) by vboxuser(uid=0)
2026-01-12T01:01:46.083356+00:00 finalArenaServer sudo: pam_unix(sudo:session): session closed for user www-data
2026-01-12T01:01:57.302087+00:00 finalArenaServer sudo:     root : TTY=pts/1 ; PWD=/root ; USER=www-data ; COMMAND=/usr/bin/php /var/www/nextcloud/occ status
2026-01-12T01:01:57.305757+00:00 finalArenaServer sudo: pam_unix(sudo:session): session opened for user www-data(uid=33) by vboxuser(uid=0)
2026-01-12T01:01:57.786693+00:00 finalArenaServer sudo: pam_unix(sudo:session): session closed for user www-data
2026-01-12T01:02:09.075898+00:00 finalArenaServer sudo:     root : TTY=pts/1 ; PWD=/root ; USER=www-data ; COMMAND=/usr/bin/php /var/www/nextcloud/occ app:list
2026-01-12T01:02:09.079249+00:00 finalArenaServer sudo: pam_unix(sudo:session): session opened for user www-data(uid=33) by vboxuser(uid=0)
2026-01-12T01:02:09.651097+00:00 finalArenaServer sudo: pam_unix(sudo:session): session closed for user www-data
2026-01-12T01:02:21.403010+00:00 finalArenaServer sudo:     root : TTY=pts/1 ; PWD=/root ; USER=www-data ; COMMAND=/usr/bin/php /var/www/nextcloud/occ config:system:get loglevel
2026-01-12T01:02:21.409030+00:00 finalArenaServer sudo: pam_unix(sudo:session): session opened for user www-data(uid=33) by vboxuser(uid=0)
2026-01-12T01:02:21.866982+00:00 finalArenaServer sudo: pam_unix(sudo:session): session closed for user www-data
2026-01-12T01:02:33.617105+00:00 finalArenaServer sudo:     root : TTY=pts/1 ; PWD=/root ; USER=www-data ; COMMAND=/usr/bin/php /var/www/nextcloud/occ config:system:get logfile
2026-01-12T01:02:33.622703+00:00 finalArenaServer sudo: pam_unix(sudo:session): session opened for user www-data(uid=33) by vboxuser(uid=0)
2026-01-12T01:02:34.077826+00:00 finalArenaServer sudo: pam_unix(sudo:session): session closed for user www-data
2026-01-12T01:02:56.563517+00:00 finalArenaServer sudo:     root : TTY=pts/1 ; PWD=/root ; USER=www-data ; COMMAND=/usr/bin/php /var/www/nextcloud/occ db:integrity:check-core
2026-01-12T01:02:56.572091+00:00 finalArenaServer sudo: pam_unix(sudo:session): session opened for user www-data(uid=33) by vboxuser(uid=0)
2026-01-12T01:02:57.146642+00:00 finalArenaServer sudo: pam_unix(sudo:session): session closed for user www-data
2026-01-12T01:03:08.506601+00:00 finalArenaServer sudo:     root : TTY=pts/1 ; PWD=/root ; USER=www-data ; COMMAND=/usr/bin/php /var/www/nextcloud/occ integrity:check-core
2026-01-12T01:03:08.509588+00:00 finalArenaServer sudo: pam_unix(sudo:session): session opened for user www-data(uid=33) by vboxuser(uid=0)
2026-01-12T01:03:22.479805+00:00 finalArenaServer sudo: pam_unix(sudo:session): session closed for user www-data
2026-01-12T01:03:33.883371+00:00 finalArenaServer sudo:     root : TTY=pts/1 ; PWD=/root ; USER=www-data ; COMMAND=/usr/bin/php /var/www/nextcloud/occ upgrade
2026-01-12T01:03:33.888912+00:00 finalArenaServer sudo: pam_unix(sudo:session): session opened for user www-data(uid=33) by vboxuser(uid=0)
2026-01-12T01:03:34.292393+00:00 finalArenaServer sudo: pam_unix(sudo:session): session closed for user www-data
2026-01-12T01:03:50.980301+00:00 finalArenaServer sudo:     root : TTY=pts/1 ; PWD=/root ; USER=www-data ; COMMAND=/usr/bin/php /var/www/nextcloud/occ log:tail --lines=30
2026-01-12T01:03:50.984022+00:00 finalArenaServer sudo: pam_unix(sudo:session): session opened for user www-data(uid=33) by vboxuser(uid=0)
2026-01-12T01:03:51.390860+00:00 finalArenaServer sudo: pam_unix(sudo:session): session closed for user www-data
2026-01-12T01:04:01.418796+00:00 finalArenaServer sudo:     root : TTY=pts/1 ; PWD=/root ; USER=www-data ; COMMAND=/usr/bin/php /var/www/nextcloud/occ log:tail 40
2026-01-12T01:04:01.422892+00:00 finalArenaServer sudo: pam_unix(sudo:session): session opened for user www-data(uid=33) by vboxuser(uid=0)
2026-01-12T01:04:02.185926+00:00 finalArenaServer sudo: pam_unix(sudo:session): session closed for user www-data
2026-01-12T01:05:01.412971+00:00 finalArenaServer CRON[1787]: pam_unix(cron:session): session opened for user root(uid=0) by root(uid=0)
2026-01-12T01:05:01.474082+00:00 finalArenaServer CRON[1787]: pam_unix(cron:session): session closed for user root2026-01-12T02:09:01.799976+00:00 finalArenaServer CRON[1513]: pam_unix(cron:session): session opened for user root(uid=0) by root(uid=0)
2026-01-12T02:09:01.874187+00:00 finalArenaServer CRON[1513]: pam_unix(cron:session): session closed for user root
2026-01-12T02:15:01.023797+00:00 finalArenaServer CRON[1643]: pam_unix(cron:session): session opened for user root(uid=0) by root(uid=0)
2026-01-12T02:15:01.043801+00:00 finalArenaServer CRON[1643]: pam_unix(cron:session): session closed for user root
2026-01-12T02:17:01.079241+00:00 finalArenaServer CRON[1665]: pam_unix(cron:session): session opened for user root(uid=0) by root(uid=0)
2026-01-12T02:17:01.162408+00:00 finalArenaServer CRON[1665]: pam_unix(cron:session): session closed for user root2026-01-12T01:08:56.626863+00:00 finalArenaServer sudo:     root : TTY=pts/1 ; PWD=/root ; USER=root ; COMMAND=/usr/bin/vim /etc/apache2/apache2.conf
2026-01-12T01:08:56.628115+00:00 finalArenaServer sudo: pam_unix(sudo:session): session opened for user root(uid=0) by vboxuser(uid=0)
2026-01-12T01:09:03.388337+00:00 finalArenaServer CRON[1510]: pam_unix(cron:session): session opened for user root(uid=0) by root(uid=0)
2026-01-12T01:09:03.398659+00:00 finalArenaServer CRON[1510]: pam_unix(cron:session): session closed for user root
2026-01-12T01:09:08.448011+00:00 finalArenaServer sudo: pam_unix(sudo:session): session closed for user root2026-01-12T00:35:01.152342+00:00 finalArenaServer CRON[1526]: pam_unix(cron:session): session opened for user root(uid=0) by root(uid=0)
2026-01-12T00:35:01.162218+00:00 finalArenaServer CRON[1526]: pam_unix(cron:session): session closed for user root
2026-01-12T00:39:01.379478+00:00 finalArenaServer CRON[1588]: pam_unix(cron:session): session opened for user root(uid=0) by root(uid=0)
2026-01-12T00:39:01.389557+00:00 finalArenaServer CRON[1588]: pam_unix(cron:session): session closed for user root
2026-01-12T00:41:01.256481+00:00 finalArenaServer sudo:     root : TTY=pts/1 ; PWD=/root ; USER=www-data ; COMMAND=/usr/bin/php -d display_errors=1 /var/www/nextcloud/occ status
2026-01-12T00:41:01.260064+00:00 finalArenaServer sudo: pam_unix(sudo:session): session opened for user www-data(uid=33) by vboxuser(uid=0)
2026-01-12T00:41:01.668107+00:00 finalArenaServer sudo: pam_unix(sudo:session): session closed for user www-data