2026-02-24T11:09:01.224676+00:00 arena-wp CRON[1634]: (root) CMD (  [ -x /usr/lib/php/sessionclean ] && if [ ! -d /run/systemd/system ]; then /usr/lib/php/sessionclean; fi)
2026-02-24T11:09:06.508837+00:00 arena-wp systemd[1]: Starting phpsessionclean.service - Clean php session files...
2026-02-24T11:09:07.615830+00:00 arena-wp systemd[1]: phpsessionclean.service: Deactivated successfully.
2026-02-24T11:09:07.619486+00:00 arena-wp systemd[1]: Finished phpsessionclean.service - Clean php session files.
2026-02-24T11:09:07.623250+00:00 arena-wp systemd[1]: phpsessionclean.service: Consumed 1.033s CPU time.
2026-02-24T11:10:13.986118+00:00 arena-wp systemd[1]: Starting sysstat-collect.service - system activity accounting tool...
2026-02-24T11:10:14.080146+00:00 arena-wp systemd[1]: sysstat-collect.service: Deactivated successfully.
2026-02-24T11:10:14.081131+00:00 arena-wp systemd[1]: Finished sysstat-collect.service - system activity accounting tool.
2026-02-24T11:12:18.153077+00:00 arena-wp kernel: workqueue: blk_mq_requeue_work hogged CPU for >10000us 8 times, consider switching to WQ_UNBOUND
2026-02-24T11:14:18.845974+00:00 arena-wp systemd[1]: Starting apt-daily-upgrade.service - Daily apt upgrade and clean activities...
2026-02-24T11:14:19.594404+00:00 arena-wp systemd[1]: apt-daily-upgrade.service: Deactivated successfully.
2026-02-24T11:14:19.596344+00:00 arena-wp systemd[1]: Finished apt-daily-upgrade.service - Daily apt upgrade and clean activities.
2026-02-24T11:15:01.295450+00:00 arena-wp CRON[1865]: (root) CMD (command -v debian-sa1 > /dev/null && debian-sa1 1 1)
2026-02-24T11:17:01.357287+00:00 arena-wp CRON[1876]: (root) CMD (cd / && run-parts --report /etc/cron.hourly)
2026-02-24T11:20:56.521089+00:00 arena-wp systemd-resolved[454]: Clock change detected. Flushing caches.
2026-02-24T11:20:56.521765+00:00 arena-wp systemd-timesyncd[457]: Contacted time server 162.159.200.123:123 (2.ubuntu.pool.ntp.org).
2026-02-24T11:20:56.521875+00:00 arena-wp systemd-timesyncd[457]: Initial clock synchronization to Tue 2026-02-24 11:20:56.516898 UTC.
2026-02-24T11:20:59.331504+00:00 arena-wp systemd[1]: systemd-hostnamed.service: Deactivated successfully.
2026-02-24T11:21:03.847268+00:00 arena-wp systemd[1]: systemd-timedated.service: Deactivated successfully.
2026-02-24T11:21:04.215593+00:00 arena-wp mariadbd[1034]: 2026-02-24 11:21:04 31 [Warning] Access denied for user 'wp_admin'@'localhost' (using password: YES)
2026-02-24T11:21:15.891460+00:00 arena-wp kernel: hrtimer: interrupt took 2879621 ns
2026-02-24T11:21:24.299376+00:00 arena-wp kernel: workqueue: drm_fb_helper_damage_work hogged CPU for >10000us 4 times, consider switching to WQ_UNBOUND
2026-02-24T11:21:30.396894+00:00 arena-wp systemd[1]: Started session-4.scope - Session 4 of User vboxuser.
2026-02-24T11:21:40.570681+00:00 arena-wp kernel: workqueue: e1000_watchdog [e1000] hogged CPU for >10000us 4 times, consider switching to WQ_UNBOUND
2026-02-24T11:21:41.922911+00:00 arena-wp kernel: workqueue: blk_mq_run_work_fn hogged CPU for >10000us 16 times, consider switching to WQ_UNBOUND
2026-02-24T11:22:02.372506+00:00 arena-wp kernel: workqueue: drm_fb_helper_damage_work hogged CPU for >10000us 8 times, consider switching to WQ_UNBOUND
2026-02-24T11:22:05.036905+00:00 arena-wp kernel: workqueue: e1000_watchdog [e1000] hogged CPU for >10000us 8 times, consider switching to WQ_UNBOUND
2026-02-24T11:23:52.384021+00:00 arena-wp mariadbd[1034]: 2026-02-24 11:23:52 32 [Warning] Access denied for user 'wp_admin'@'localhost' (using password: YES)
2026-02-24T11:24:45.377927+00:00 arena-wp mariadbd[1034]: 2026-02-24 11:24:45 34 [Warning] Access denied for user 'wp_user'@'localhost' (using password: YES)
2026-02-24T11:25:01.405544+00:00 arena-wp CRON[1534]: (root) CMD (command -v debian-sa1 > /dev/null && debian-sa1 1 1)
2026-02-24T11:25:23.135061+00:00 arena-wp systemd[1]: Starting update-notifier-download.service - Download data for packages that failed at package install time...
2026-02-24T11:25:23.526431+00:00 arena-wp systemd[1]: update-notifier-download.service: Deactivated successfully.
2026-02-24T11:25:23.527090+00:00 arena-wp systemd[1]: Finished update-notifier-download.service - Download data for packages that failed at package install time.
2026-02-24T11:25:48.719391+00:00 arena-wp kernel: workqueue: drm_fb_helper_damage_work hogged CPU for >10000us 16 times, consider switching to WQ_UNBOUND
2026-02-24T11:28:59.550119+00:00 arena-wp kernel: workqueue: ata_sff_pio_task hogged CPU for >10000us 4 times, consider switching to WQ_UNBOUND
2026-02-24T11:29:01.284203+00:00 arena-wp kernel: workqueue: drm_fb_helper_damage_work hogged CPU for >10000us 16 times, consider switching to WQ_UNBOUND
2026-02-24T11:29:24.496666+00:00 arena-wp kernel: workqueue: drm_fb_helper_damage_work hogged CPU for >10000us 32 times, consider switching to WQ_UNBOUND
2026-02-24T11:29:41.202548+00:00 arena-wp kernel: workqueue: blk_mq_run_work_fn hogged CPU for >10000us 32 times, consider switching to WQ_UNBOUND
2026-02-24T11:29:42.673123+00:00 arena-wp kernel: workqueue: e1000_watchdog [e1000] hogged CPU for >10000us 16 times, consider switching to WQ_UNBOUND
2026-02-24T11:29:48.086755+00:00 arena-wp kernel: workqueue: blk_mq_requeue_work hogged CPU for >10000us 4 times, consider switching to WQ_UNBOUND
2026-02-24T11:30:04.559151+00:00 arena-wp systemd[1]: Starting sysstat-collect.service - system activity accounting tool...
2026-02-24T11:30:04.949131+00:00 arena-wp systemd[1]: sysstat-collect.service: Deactivated successfully.
2026-02-24T11:30:04.954029+00:00 arena-wp systemd[1]: Finished sysstat-collect.service - system activity accounting tool.
2026-02-24T11:30:26.575487+00:00 arena-wp kernel: workqueue: drm_fb_helper_damage_work hogged CPU for >10000us 64 times, consider switching to WQ_UNBOUND
2026-02-24T11:31:03.301526+00:00 arena-wp kernel: clocksource: Long readout interval, skipping watchdog check: cs_nsec: 2900143841 wd_nsec: 2900143599
2026-02-24T11:31:30.339164+00:00 arena-wp kernel: clocksource: Long readout interval, skipping watchdog check: cs_nsec: 7133609056 wd_nsec: 7133608448
2026-02-24T11:32:05.263194+00:00 arena-wp kernel: workqueue: e1000_watchdog [e1000] hogged CPU for >10000us 32 times, consider switching to WQ_UNBOUND
2026-02-24T11:32:36.962547+00:00 arena-wp systemd[1]: Starting update-notifier-download.service - Download data for packages that failed at package install time...
2026-02-24T11:32:37.466825+00:00 arena-wp systemd[1]: update-notifier-download.service: Deactivated successfully.
2026-02-24T11:32:37.468198+00:00 arena-wp systemd[1]: Finished update-notifier-download.service - Download data for packages that failed at package install time.
2026-02-24T11:34:04.501231+00:00 arena-wp systemd[1131]: launchpadlib-cache-clean.service - Clean up old files in the Launchpadlib cache was skipped because of an unmet condition check (ConditionPathExists=/home/vboxuser/.launchpadlib/api.launchpad.net/cache).
2026-02-24T11:35:01.195769+00:00 arena-wp CRON[1618]: (root) CMD (command -v debian-sa1 > /dev/null && debian-sa1 1 1)
2026-02-24T11:43:22.796218+00:00 arena-wp kernel: clocksource: Long readout interval, skipping watchdog check: cs_nsec: 5520896671 wd_nsec: 5520896284
2026-02-24T11:44:51.396275+00:00 arena-wp kernel: workqueue: e1000_watchdog [e1000] hogged CPU for >10000us 32 times, consider switching to WQ_UNBOUND
2026-02-24T11:45:02.015883+00:00 arena-wp CRON[1524]: (root) CMD (command -v debian-sa1 > /dev/null && debian-sa1 1 1)
2026-02-24T11:47:50.719208+00:00 arena-wp kernel: workqueue: drm_fb_helper_damage_work hogged CPU for >10000us 4 times, consider switching to WQ_UNBOUND
2026-02-24T11:47:54.031070+00:00 arena-wp kernel: workqueue: e1000_watchdog [e1000] hogged CPU for >10000us 8 times, consider switching to WQ_UNBOUND
2026-02-24T11:48:07.708181+00:00 arena-wp kernel: workqueue: drm_fb_helper_damage_work hogged CPU for >10000us 8 times, consider switching to WQ_UNBOUND
2026-02-24T11:48:22.865674+00:00 arena-wp kernel: workqueue: e1000_watchdog [e1000] hogged CPU for >10000us 16 times, consider switching to WQ_UNBOUND
2026-02-24T11:48:28.991974+00:00 arena-wp systemd[1]: Starting fwupd-refresh.service - Refresh fwupd metadata and update motd...
2026-02-24T11:48:29.255804+00:00 arena-wp dbus-daemon[619]: [system] Activating via systemd: service name='org.freedesktop.fwupd' unit='fwupd.service' requested by ':1.21' (uid=989 pid=1513 comm="/usr/bin/fwupdmgr refresh" label="unconfined")
2026-02-24T11:48:29.279400+00:00 arena-wp systemd[1]: Starting fwupd.service - Firmware update daemon...
2026-02-24T11:48:30.203028+00:00 arena-wp dbus-daemon[619]: [system] Activating via systemd: service name='org.freedesktop.UPower' unit='upower.service' requested by ':1.22' (uid=0 pid=1518 comm="/usr/libexec/fwupd/fwupd" label="unconfined")
2026-02-24T11:48:30.263259+00:00 arena-wp systemd[1]: Starting upower.service - Daemon for power management...
2026-02-24T11:48:30.727802+00:00 arena-wp dbus-daemon[619]: [system] Successfully activated service 'org.freedesktop.UPower'
2026-02-24T11:48:30.728035+00:00 arena-wp systemd[1]: Started upower.service - Daemon for power management.
2026-02-24T11:48:30.923467+00:00 arena-wp fwupd[1518]: 11:48:30.920 FuEngine             failed to add device /sys/devices/pci0000:00/0000:00:01.1/ata2/host1/target1:0:0/1:0:0:0/block/sr0: failed to open /dev/sr0: No medium found
2026-02-24T11:48:31.059962+00:00 arena-wp fwupd[1518]: 11:48:31.058 FuMain               fwupd 1.9.30 ready for requests (locale en_US.UTF-8)
2026-02-24T11:48:31.066787+00:00 arena-wp dbus-daemon[619]: [system] Successfully activated service 'org.freedesktop.fwupd'
2026-02-24T11:48:31.068373+00:00 arena-wp systemd[1]: Started fwupd.service - Firmware update daemon.
2026-02-24T11:48:31.157647+00:00 arena-wp fwupdmgr[1513]: Updating lvfs
2026-02-24T11:48:36.734424+00:00 arena-wp kernel: workqueue: drm_fb_helper_damage_work hogged CPU for >10000us 16 times, consider switching to WQ_UNBOUND
2026-02-24T11:48:39.890867+00:00 arena-wp fwupdmgr[1513]: Successfully downloaded new metadata: 0 local devices supported
2026-02-24T11:48:39.915110+00:00 arena-wp systemd[1]: fwupd-refresh.service: Deactivated successfully.
2026-02-24T11:48:39.916151+00:00 arena-wp systemd[1]: Finished fwupd-refresh.service - Refresh fwupd metadata and update motd.
2026-02-24T11:48:45.553091+00:00 arena-wp kernel: clocksource: Long readout interval, skipping watchdog check: cs_nsec: 4488327858 wd_nsec: 4488327470
2026-02-24T11:49:40.454778+00:00 arena-wp kernel: workqueue: e1000_watchdog [e1000] hogged CPU for >10000us 32 times, consider switching to WQ_UNBOUND
2026-02-24T11:50:28.967306+00:00 arena-wp systemd[1]: Starting sysstat-collect.service - system activity accounting tool...
2026-02-24T11:50:29.092550+00:00 arena-wp systemd[1]: sysstat-collect.service: Deactivated successfully.
2026-02-24T11:50:29.100338+00:00 arena-wp systemd[1]: Finished sysstat-collect.service - system activity accounting tool.
