type=SYSCALL msg=audit(1765978160.336:1866): arch=c000003e syscall=42 success=yes exit=0 a0=e a1=7ffd97842240 a2=1d a3=1 items=1 ppid=926 pid=1411 auid=4294967295 uid=33 gid=33 euid=33 suid=33 fsuid=33 egid=33 sgid=33 fsgid=33 tty=(none) ses=4294967295 comm="apache2" exe="/usr/sbin/apache2" subj=unconfined key="T1043_Commonly_Used_Port"ARCH=x86_64 SYSCALL=connect AUID="unset" UID="www-data" GID="www-data" EUID="www-data" SUID="www-data" FSUID="www-data" EGID="www-data" SGID="www-data" FSGID="www-data"
type=SOCKADDR msg=audit(1765978160.336:1866): saddr=01002F7661722F72756E2F6D7973716C642F6D7973716C642E736F636BSADDR={ saddr_fam=local path=/var/run/mysqld/mysqld.sock }
type=PATH msg=audit(1765978160.336:1866): item=0 name="/var/run/mysqld/mysqld.sock" inode=1359 dev=00:18 mode=0140777 ouid=111 ogid=111 rdev=00:00 nametype=NORMAL cap_fp=0 cap_fi=0 cap_fe=0 cap_fver=0 cap_frootid=0OUID="mysql" OGID="mysql"
type=PROCTITLE msg=audit(1765978160.336:1866): proctitle=2F7573722F7362696E2F61706163686532002D6B007374617274
type=SYSCALL msg=audit(1765978160.367:1867): arch=c000003e syscall=106 success=yes exit=0 a0=21 a1=760ae0c144a0 a2=0 a3=22 items=0 ppid=926 pid=1496 auid=4294967295 uid=0 gid=33 euid=0 suid=0 fsuid=0 egid=33 sgid=33 fsgid=33 tty=(none) ses=4294967295 comm="apache2" exe="/usr/sbin/apache2" subj=unconfined key="T1166_Seuid_and_Setgid"ARCH=x86_64 SYSCALL=setgid AUID="unset" UID="root" GID="www-data" EUID="root" SUID="root" FSUID="root" EGID="www-data" SGID="www-data" FSGID="www-data"
type=PROCTITLE msg=audit(1765978160.367:1867): proctitle=2F7573722F7362696E2F61706163686532002D6B007374617274
type=SYSCALL msg=audit(1765978160.370:1868): arch=c000003e syscall=42 success=yes exit=0 a0=c a1=7ffd97845710 a2=2d a3=5a2c5fc462d0 items=1 ppid=926 pid=1496 auid=4294967295 uid=0 gid=33 euid=0 suid=0 fsuid=0 egid=33 sgid=33 fsgid=33 tty=(none) ses=4294967295 comm="apache2" exe="/usr/sbin/apache2" subj=unconfined key="T1043_Commonly_Used_Port"ARCH=x86_64 SYSCALL=connect AUID="unset" UID="root" GID="www-data" EUID="root" SUID="root" FSUID="root" EGID="www-data" SGID="www-data" FSGID="www-data"
type=SOCKADDR msg=audit(1765978160.370:1868): saddr=01002F72756E2F73797374656D642F7573657264622F696F2E73797374656D642E44796E616D69635573657200SADDR={ saddr_fam=local path=/run/systemd/userdb/io.systemd.DynamicUser }
type=PATH msg=audit(1765978160.370:1868): item=0 name="/run/systemd/userdb/io.systemd.DynamicUser" inode=444 dev=00:18 mode=0140666 ouid=0 ogid=0 rdev=00:00 nametype=NORMAL cap_fp=0 cap_fi=0 cap_fe=0 cap_fver=0 cap_frootid=0OUID="root" OGID="root"
type=PROCTITLE msg=audit(1765978160.370:1868): proctitle=2F7573722F7362696E2F61706163686532002D6B007374617274
type=SYSCALL msg=audit(1765978160.370:1869): arch=c000003e syscall=105 success=yes exit=0 a0=21 a1=5a2c5fabde00 a2=5a29fd01932d a3=5a2c5fabde10 items=0 ppid=926 pid=1496 auid=4294967295 uid=33 gid=33 euid=33 suid=33 fsuid=33 egid=33 sgid=33 fsgid=33 tty=(none) ses=4294967295 comm="apache2" exe="/usr/sbin/apache2" subj=unconfined key="T1166_Seuid_and_Setgid"ARCH=x86_64 SYSCALL=setuid AUID="unset" UID="www-data" GID="www-data" EUID="www-data" SUID="www-data" FSUID="www-data" EGID="www-data" SGID="www-data" FSGID="www-data"
type=PROCTITLE msg=audit(1765978160.370:1869): proctitle=2F7573722F7362696E2F61706163686532002D6B007374617274
type=SYSCALL msg=audit(1765978165.571:1870): arch=c000003e syscall=42 success=yes exit=0 a0=d a1=7ffd97842240 a2=1d a3=1 items=1 ppid=926 pid=1411 auid=4294967295 uid=33 gid=33 euid=33 suid=33 fsuid=33 egid=33 sgid=33 fsgid=33 tty=(none) ses=4294967295 comm="apache2" exe="/usr/sbin/apache2" subj=unconfined key="T1043_Commonly_Used_Port"ARCH=x86_64 SYSCALL=connect AUID="unset" UID="www-data" GID="www-data" EUID="www-data" SUID="www-data" FSUID="www-data" EGID="www-data" SGID="www-data" FSGID="www-data"
type=SOCKADDR msg=audit(1765978165.571:1870): saddr=01002F7661722F72756E2F6D7973716C642F6D7973716C642E736F636BSADDR={ saddr_fam=local path=/var/run/mysqld/mysqld.sock }
type=PATH msg=audit(1765978165.571:1870): item=0 name="/var/run/mysqld/mysqld.sock" inode=1359 dev=00:18 mode=0140777 ouid=111 ogid=111 rdev=00:00 nametype=NORMAL cap_fp=0 cap_fi=0 cap_fe=0 cap_fver=0 cap_frootid=0OUID="mysql" OGID="mysql"
type=PROCTITLE msg=audit(1765978165.571:1870): proctitle=2F7573722F7362696E2F61706163686532002D6B007374617274
type=SYSCALL msg=audit(1765978208.959:1871): arch=c000003e syscall=59 success=yes exit=0 a0=7ffff14f6da0 a1=7ffff14f6dc0 a2=7ffff14f78c8 a3=8 items=2 ppid=1 pid=1497 auid=4294967295 uid=0 gid=0 euid=0 suid=0 fsuid=0 egid=0 sgid=0 fsgid=0 tty=(none) ses=4294967295 comm="9" exe="/usr/lib/systemd/systemd-executor" subj=unconfined key="T1078_Valid_Accounts"ARCH=x86_64 SYSCALL=execve AUID="unset" UID="root" GID="root" EUID="root" SUID="root" FSUID="root" EGID="root" SGID="root" FSGID="root"
type=EXECVE msg=audit(1765978208.959:1871): argc=7 a0="/usr/lib/systemd/systemd-executor" a1="--deserialize" a2="98" a3="--log-level" a4="info" a5="--log-target" a6="journal-or-kmsg"
type=PATH msg=audit(1765978208.959:1871): item=0 name="/proc/self/fd/9" inode=1463834 dev=08:02 mode=0100755 ouid=0 ogid=0 rdev=00:00 nametype=NORMAL cap_fp=0 cap_fi=0 cap_fe=0 cap_fver=0 cap_frootid=0OUID="root" OGID="root"
type=PATH msg=audit(1765978208.959:1871): item=1 name="/lib64/ld-linux-x86-64.so.2" inode=1481429 dev=08:02 mode=0100755 ouid=0 ogid=0 rdev=00:00 nametype=NORMAL cap_fp=0 cap_fi=0 cap_fe=0 cap_fver=0 cap_frootid=0OUID="root" OGID="root"
type=PROCTITLE msg=audit(1765978208.959:1871): proctitle=2F7573722F6C69622F73797374656D642F73797374656D642D6578656375746F72002D2D646573657269616C697A65003938002D2D6C6F672D6C6576656C00696E666F002D2D6C6F672D746172676574006A6F75726E616C2D6F722D6B6D7367
type=SYSCALL msg=audit(1765978209.077:1872): arch=c000003e syscall=42 success=yes exit=0 a0=4 a1=7ffc15dbfb20 a2=1e a3=7ffc15dbfbd0 items=1 ppid=1 pid=1497 auid=4294967295 uid=0 gid=0 euid=0 suid=0 fsuid=0 egid=0 sgid=0 fsgid=0 tty=(none) ses=4294967295 comm="9" exe="/usr/lib/systemd/systemd-executor" subj=unconfined key="T1043_Commonly_Used_Port"ARCH=x86_64 SYSCALL=connect AUID="unset" UID="root" GID="root" EUID="root" SUID="root" FSUID="root" EGID="root" SGID="root" FSGID="root"
type=SOCKADDR msg=audit(1765978209.077:1872): saddr=01002F72756E2F73797374656D642F6A6F75726E616C2F736F636B657400SADDR={ saddr_fam=local path=/run/systemd/journal/socket }
type=PATH msg=audit(1765978209.077:1872): item=0 name="/run/systemd/journal/socket" inode=457 dev=00:18 mode=0140666 ouid=0 ogid=0 rdev=00:00 nametype=NORMAL cap_fp=0 cap_fi=0 cap_fe=0 cap_fver=0 cap_frootid=0OUID="root" OGID="root"
type=PROCTITLE msg=audit(1765978209.077:1872): proctitle=2F7573722F6C69622F73797374656D642F73797374656D642D6578656375746F72002D2D646573657269616C697A65003938002D2D6C6F672D6C6576656C00696E666F002D2D6C6F672D746172676574006A6F75726E616C2D6F722D6B6D7367
type=SYSCALL msg=audit(1765978209.093:1873): arch=c000003e syscall=42 success=yes exit=0 a0=3 a1=7ffc15dbf6a0 a2=1e a3=fffffff7 items=1 ppid=1 pid=1497 auid=4294967295 uid=0 gid=0 euid=0 suid=0 fsuid=0 egid=0 sgid=0 fsgid=0 tty=(none) ses=4294967295 comm="(sa1)" exe="/usr/lib/systemd/systemd-executor" subj=unconfined key="T1043_Commonly_Used_Port"ARCH=x86_64 SYSCALL=connect AUID="unset" UID="root" GID="root" EUID="root" SUID="root" FSUID="root" EGID="root" SGID="root" FSGID="root"
type=SOCKADDR msg=audit(1765978209.093:1873): saddr=01002F72756E2F73797374656D642F6A6F75726E616C2F7374646F757400SADDR={ saddr_fam=local path=/run/systemd/journal/stdout }
type=PATH msg=audit(1765978209.093:1873): item=0 name="/run/systemd/journal/stdout" inode=458 dev=00:18 mode=0140666 ouid=0 ogid=0 rdev=00:00 nametype=NORMAL cap_fp=0 cap_fi=0 cap_fe=0 cap_fver=0 cap_frootid=0OUID="root" OGID="root"
type=PROCTITLE msg=audit(1765978209.093:1873): proctitle=2F7573722F6C69622F73797374656D642F73797374656D642D6578656375746F72002D2D646573657269616C697A65003938002D2D6C6F672D6C6576656C00696E666F002D2D6C6F672D746172676574006A6F75726E616C2D6F722D6B6D7367
type=SYSCALL msg=audit(1765978209.098:1874): arch=c000003e syscall=59 success=yes exit=0 a0=5bdc968a50c0 a1=5bdc968a51c0 a2=5bdc968a44b0 a3=5bdc968a5990 items=3 ppid=1 pid=1497 auid=4294967295 uid=0 gid=0 euid=0 suid=0 fsuid=0 egid=0 sgid=0 fsgid=0 tty=(none) ses=4294967295 comm="sa1" exe="/usr/bin/dash" subj=unconfined key="T1078_Valid_Accounts"ARCH=x86_64 SYSCALL=execve AUID="unset" UID="root" GID="root" EUID="root" SUID="root" FSUID="root" EGID="root" SGID="root" FSGID="root"
type=EXECVE msg=audit(1765978209.098:1874): argc=4 a0="/bin/sh" a1="/usr/lib/sysstat/sa1" a2="1" a3="1"
type=PATH msg=audit(1765978209.098:1874): item=0 name="/usr/lib/sysstat/sa1" inode=1456137 dev=08:02 mode=0100755 ouid=0 ogid=0 rdev=00:00 nametype=NORMAL cap_fp=0 cap_fi=0 cap_fe=0 cap_fver=0 cap_frootid=0OUID="root" OGID="root"
type=PATH msg=audit(1765978209.098:1874): item=1 name="/bin/sh" inode=1442345 dev=08:02 mode=0100755 ouid=0 ogid=0 rdev=00:00 nametype=NORMAL cap_fp=0 cap_fi=0 cap_fe=0 cap_fver=0 cap_frootid=0OUID="root" OGID="root"
type=PATH msg=audit(1765978209.098:1874): item=2 name="/lib64/ld-linux-x86-64.so.2" inode=1481429 dev=08:02 mode=0100755 ouid=0 ogid=0 rdev=00:00 nametype=NORMAL cap_fp=0 cap_fi=0 cap_fe=0 cap_fver=0 cap_frootid=0OUID="root" OGID="root"
type=PROCTITLE msg=audit(1765978209.098:1874): proctitle=2F7573722F6C69622F73797374656D642F73797374656D642D6578656375746F72002D2D646573657269616C697A65003938002D2D6C6F672D6C6576656C00696E666F002D2D6C6F672D746172676574006A6F75726E616C2D6F722D6B6D7367
type=SYSCALL msg=audit(1765978209.113:1875): arch=c000003e syscall=59 success=yes exit=0 a0=6286da454148 a1=6286da454228 a2=6286da454270 a3=0 items=2 ppid=1 pid=1497 auid=4294967295 uid=0 gid=0 euid=0 suid=0 fsuid=0 egid=0 sgid=0 fsgid=0 tty=(none) ses=4294967295 comm="sadc" exe="/usr/lib/sysstat/sadc" subj=unconfined key="T1078_Valid_Accounts"ARCH=x86_64 SYSCALL=execve AUID="unset" UID="root" GID="root" EUID="root" SUID="root" FSUID="root" EGID="root" SGID="root" FSGID="root"
type=EXECVE msg=audit(1765978209.113:1875): argc=8 a0="/usr/lib/sysstat/sadc" a1="-F" a2="-L" a3="-S" a4="DISK" a5="1" a6="1" a7="/var/log/sysstat"
type=PATH msg=audit(1765978209.113:1875): item=0 name="/usr/lib/sysstat/sadc" inode=1456139 dev=08:02 mode=0100755 ouid=0 ogid=0 rdev=00:00 nametype=NORMAL cap_fp=0 cap_fi=0 cap_fe=0 cap_fver=0 cap_frootid=0OUID="root" OGID="root"
type=PATH msg=audit(1765978209.113:1875): item=1 name="/lib64/ld-linux-x86-64.so.2" inode=1481429 dev=08:02 mode=0100755 ouid=0 ogid=0 rdev=00:00 nametype=NORMAL cap_fp=0 cap_fi=0 cap_fe=0 cap_fver=0 cap_frootid=0OUID="root" OGID="root"
type=PROCTITLE msg=audit(1765978209.113:1875): proctitle=2F7573722F6C69622F73797374656D642F73797374656D642D6578656375746F72002D2D646573657269616C697A65003938002D2D6C6F672D6C6576656C00696E666F002D2D6C6F672D746172676574006A6F75726E616C2D6F722D6B6D7367
type=SERVICE_START msg=audit(1765978209.186:1876): pid=1 uid=0 auid=4294967295 ses=4294967295 subj=unconfined msg='unit=sysstat-collect comm="systemd" exe="/usr/lib/systemd/systemd" hostname=? addr=? terminal=? res=success'UID="root" AUID="unset"
type=SERVICE_STOP msg=audit(1765978209.186:1877): pid=1 uid=0 auid=4294967295 ses=4294967295 subj=unconfined msg='unit=sysstat-collect comm="systemd" exe="/usr/lib/systemd/systemd" hostname=? addr=? terminal=? res=success'UID="root" AUID="unset"
type=SYSCALL msg=audit(1765978271.083:1878): arch=c000003e syscall=59 success=yes exit=0 a0=55bdbd9d6790 a1=55bdbd9d0020 a2=55bdbd9b6960 a3=55bdbd9d6840 items=2 ppid=1263 pid=1499 auid=1000 uid=0 gid=0 euid=0 suid=0 fsuid=0 egid=0 sgid=0 fsgid=0 tty=pts1 ses=1 comm="tail" exe="/usr/bin/tail" subj=unconfined key="T1078_Valid_Accounts"ARCH=x86_64 SYSCALL=execve AUID="vboxuser" UID="root" GID="root" EUID="root" SUID="root" FSUID="root" EGID="root" SGID="root" FSGID="root"
type=EXECVE msg=audit(1765978271.083:1878): argc=2 a0="tail" a1="/var/log/http/error.log"
type=PATH msg=audit(1765978271.083:1878): item=0 name="/usr/bin/tail" inode=1442904 dev=08:02 mode=0100755 ouid=0 ogid=0 rdev=00:00 nametype=NORMAL cap_fp=0 cap_fi=0 cap_fe=0 cap_fver=0 cap_frootid=0OUID="root" OGID="root"
type=PATH msg=audit(1765978271.083:1878): item=1 name="/lib64/ld-linux-x86-64.so.2" inode=1481429 dev=08:02 mode=0100755 ouid=0 ogid=0 rdev=00:00 nametype=NORMAL cap_fp=0 cap_fi=0 cap_fe=0 cap_fver=0 cap_frootid=0OUID="root" OGID="root"
type=PROCTITLE msg=audit(1765978271.083:1878): proctitle=7461696C002F7661722F6C6F672F687474702F6572726F722E6C6F67
type=SYSCALL msg=audit(1765978308.212:1879): arch=c000003e syscall=59 success=no exit=-2 a0=55bdbd9d0020 a1=55bdbd9d6820 a2=55bdbd9b6960 a3=55bdbd9d6820 items=1 ppid=1263 pid=1500 auid=1000 uid=0 gid=0 euid=0 suid=0 fsuid=0 egid=0 sgid=0 fsgid=0 tty=pts1 ses=1 comm="bash" exe="/usr/bin/bash" subj=unconfined key="T1078_Valid_Accounts"ARCH=x86_64 SYSCALL=execve AUID="vboxuser" UID="root" GID="root" EUID="root" SUID="root" FSUID="root" EGID="root" SGID="root" FSGID="root"
type=PATH msg=audit(1765978308.212:1879): item=0 name="/car/www/nextcloud/data" nametype=UNKNOWN cap_fp=0 cap_fi=0 cap_fe=0 cap_fver=0 cap_frootid=0
type=PROCTITLE msg=audit(1765978308.212:1879): proctitle="-bash"
type=SYSCALL msg=audit(1765978319.178:1880): arch=c000003e syscall=59 success=yes exit=0 a0=55bdbda1ce20 a1=55bdbda1cea0 a2=55bdbd9b6960 a3=55bdbda1cea0 items=2 ppid=1263 pid=1501 auid=1000 uid=0 gid=0 euid=0 suid=0 fsuid=0 egid=0 sgid=0 fsgid=0 tty=pts1 ses=1 comm="ls" exe="/usr/bin/ls" subj=unconfined key="T1078_Valid_Accounts"ARCH=x86_64 SYSCALL=execve AUID="vboxuser" UID="root" GID="root" EUID="root" SUID="root" FSUID="root" EGID="root" SGID="root" FSGID="root"
type=EXECVE msg=audit(1765978319.178:1880): argc=2 a0="ls" a1="--color=auto"
type=PATH msg=audit(1765978319.178:1880): item=0 name="/usr/bin/ls" inode=1442533 dev=08:02 mode=0100755 ouid=0 ogid=0 rdev=00:00 nametype=NORMAL cap_fp=0 cap_fi=0 cap_fe=0 cap_fver=0 cap_frootid=0OUID="root" OGID="root"
type=PATH msg=audit(1765978319.178:1880): item=1 name="/lib64/ld-linux-x86-64.so.2" inode=1481429 dev=08:02 mode=0100755 ouid=0 ogid=0 rdev=00:00 nametype=NORMAL cap_fp=0 cap_fi=0 cap_fe=0 cap_fver=0 cap_frootid=0OUID="root" OGID="root"
type=PROCTITLE msg=audit(1765978319.178:1880): proctitle=6C73002D2D636F6C6F723D6175746F
type=SYSCALL msg=audit(1765978328.868:1881): arch=c000003e syscall=59 success=yes exit=0 a0=55bdbda1cea0 a1=55bdbda1ce80 a2=55bdbd9b6960 a3=55bdbda1ce80 items=2 ppid=1263 pid=1504 auid=1000 uid=0 gid=0 euid=0 suid=0 fsuid=0 egid=0 sgid=0 fsgid=0 tty=pts1 ses=1 comm="tail" exe="/usr/bin/tail" subj=unconfined key="T1078_Valid_Accounts"ARCH=x86_64 SYSCALL=execve AUID="vboxuser" UID="root" GID="root" EUID="root" SUID="root" FSUID="root" EGID="root" SGID="root" FSGID="root"
type=EXECVE msg=audit(1765978328.868:1881): argc=2 a0="tail" a1="nextcloud.log"
type=PATH msg=audit(1765978328.868:1881): item=0 name="/usr/bin/tail" inode=1442904 dev=08:02 mode=0100755 ouid=0 ogid=0 rdev=00:00 nametype=NORMAL cap_fp=0 cap_fi=0 cap_fe=0 cap_fver=0 cap_frootid=0OUID="root" OGID="root"
type=PATH msg=audit(1765978328.868:1881): item=1 name="/lib64/ld-linux-x86-64.so.2" inode=1481429 dev=08:02 mode=0100755 ouid=0 ogid=0 rdev=00:00 nametype=NORMAL cap_fp=0 cap_fi=0 cap_fe=0 cap_fver=0 cap_frootid=0OUID="root" OGID="root"
type=PROCTITLE msg=audit(1765978328.868:1881): proctitle=7461696C006E657874636C6F75642E6C6F67
type=SYSCALL msg=audit(1765978391.093:1882): arch=c000003e syscall=59 success=yes exit=0 a0=55bdbda251d0 a1=55bdbd9d0020 a2=55bdbd9b6960 a3=55bdbd9d0020 items=2 ppid=1263 pid=1505 auid=1000 uid=0 gid=0 euid=0 suid=0 fsuid=0 egid=0 sgid=0 fsgid=0 tty=pts1 ses=1 comm="ls" exe="/usr/bin/ls" subj=unconfined key="T1078_Valid_Accounts"ARCH=x86_64 SYSCALL=execve AUID="vboxuser" UID="root" GID="root" EUID="root" SUID="root" FSUID="root" EGID="root" SGID="root" FSGID="root"
type=EXECVE msg=audit(1765978391.093:1882): argc=2 a0="ls" a1="--color=auto"
type=PATH msg=audit(1765978391.093:1882): item=0 name="/usr/bin/ls" inode=1442533 dev=08:02 mode=0100755 ouid=0 ogid=0 rdev=00:00 nametype=NORMAL cap_fp=0 cap_fi=0 cap_fe=0 cap_fver=0 cap_frootid=0OUID="root" OGID="root"
type=PATH msg=audit(1765978391.093:1882): item=1 name="/lib64/ld-linux-x86-64.so.2" inode=1481429 dev=08:02 mode=0100755 ouid=0 ogid=0 rdev=00:00 nametype=NORMAL cap_fp=0 cap_fi=0 cap_fe=0 cap_fver=0 cap_frootid=0OUID="root" OGID="root"
type=PROCTITLE msg=audit(1765978391.093:1882): proctitle=6C73002D2D636F6C6F723D6175746F
type=SYSCALL msg=audit(1765978398.797:1883): arch=c000003e syscall=59 success=yes exit=0 a0=7ffff14f6da0 a1=7ffff14f6dc0 a2=7ffff14f78c8 a3=8 items=2 ppid=1 pid=1508 auid=4294967295 uid=0 gid=0 euid=0 suid=0 fsuid=0 egid=0 sgid=0 fsgid=0 tty=(none) ses=4294967295 comm="9" exe="/usr/lib/systemd/systemd-executor" subj=unconfined key="T1078_Valid_Accounts"ARCH=x86_64 SYSCALL=execve AUID="unset" UID="root" GID="root" EUID="root" SUID="root" FSUID="root" EGID="root" SGID="root" FSGID="root"
type=EXECVE msg=audit(1765978398.797:1883): argc=7 a0="/usr/lib/systemd/systemd-executor" a1="--deserialize" a2="98" a3="--log-level" a4="info" a5="--log-target" a6="journal-or-kmsg"
type=PATH msg=audit(1765978398.797:1883): item=0 name="/proc/self/fd/9" inode=1463834 dev=08:02 mode=0100755 ouid=0 ogid=0 rdev=00:00 nametype=NORMAL cap_fp=0 cap_fi=0 cap_fe=0 cap_fver=0 cap_frootid=0OUID="root" OGID="root"
type=PATH msg=audit(1765978398.797:1883): item=1 name="/lib64/ld-linux-x86-64.so.2" inode=1481429 dev=08:02 mode=0100755 ouid=0 ogid=0 rdev=00:00 nametype=NORMAL cap_fp=0 cap_fi=0 cap_fe=0 cap_fver=0 cap_frootid=0OUID="root" OGID="root"
type=PROCTITLE msg=audit(1765978398.797:1883): proctitle=2F7573722F6C69622F73797374656D642F73797374656D642D6578656375746F72002D2D646573657269616C697A65003938002D2D6C6F672D6C6576656C00696E666F002D2D6C6F672D746172676574006A6F75726E616C2D6F722D6B6D7367
type=SYSCALL msg=audit(1765978398.810:1884): arch=c000003e syscall=42 success=yes exit=0 a0=4 a1=7ffc99937370 a2=1e a3=7ffc99937420 items=1 ppid=1 pid=1508 auid=4294967295 uid=0 gid=0 euid=0 suid=0 fsuid=0 egid=0 sgid=0 fsgid=0 tty=(none) ses=4294967295 comm="9" exe="/usr/lib/systemd/systemd-executor" subj=unconfined key="T1043_Commonly_Used_Port"ARCH=x86_64 SYSCALL=connect AUID="unset" UID="root" GID="root" EUID="root" SUID="root" FSUID="root" EGID="root" SGID="root" FSGID="root"
type=SOCKADDR msg=audit(1765978398.810:1884): saddr=01002F72756E2F73797374656D642F6A6F75726E616C2F736F636B657400SADDR={ saddr_fam=local path=/run/systemd/journal/socket }
type=PATH msg=audit(1765978398.810:1884): item=0 name="/run/systemd/journal/socket" inode=457 dev=00:18 mode=0140666 ouid=0 ogid=0 rdev=00:00 nametype=NORMAL cap_fp=0 cap_fi=0 cap_fe=0 cap_fver=0 cap_frootid=0OUID="root" OGID="root"
type=PROCTITLE msg=audit(1765978398.810:1884): proctitle=2F7573722F6C69622F73797374656D642F73797374656D642D6578656375746F72002D2D646573657269616C697A65003938002D2D6C6F672D6C6576656C00696E666F002D2D6C6F672D746172676574006A6F75726E616C2D6F722D6B6D7367
type=SYSCALL msg=audit(1765978398.819:1885): arch=c000003e syscall=42 success=yes exit=0 a0=3 a1=7ffc99936ef0 a2=1e a3=fffffff7 items=1 ppid=1 pid=1508 auid=4294967295 uid=0 gid=0 euid=0 suid=0 fsuid=0 egid=0 sgid=0 fsgid=0 tty=(none) ses=4294967295 comm="(wnloader)" exe="/usr/lib/systemd/systemd-executor" subj=unconfined key="T1043_Commonly_Used_Port"ARCH=x86_64 SYSCALL=connect AUID="unset" UID="root" GID="root" EUID="root" SUID="root" FSUID="root" EGID="root" SGID="root" FSGID="root"
type=SOCKADDR msg=audit(1765978398.819:1885): saddr=01002F72756E2F73797374656D642F6A6F75726E616C2F7374646F757400SADDR={ saddr_fam=local path=/run/systemd/journal/stdout }
type=PATH msg=audit(1765978398.819:1885): item=0 name="/run/systemd/journal/stdout" inode=458 dev=00:18 mode=0140666 ouid=0 ogid=0 rdev=00:00 nametype=NORMAL cap_fp=0 cap_fi=0 cap_fe=0 cap_fver=0 cap_frootid=0OUID="root" OGID="root"
type=PROCTITLE msg=audit(1765978398.819:1885): proctitle=2F7573722F6C69622F73797374656D642F73797374656D642D6578656375746F72002D2D646573657269616C697A65003938002D2D6C6F672D6C6576656C00696E666F002D2D6C6F672D746172676574006A6F75726E616C2D6F722D6B6D7367
type=SYSCALL msg=audit(1765978398.820:1886): arch=c000003e syscall=59 success=yes exit=0 a0=58fac014d090 a1=58fac014d070 a2=58fac014cd90 a3=58fac014d990 items=3 ppid=1 pid=1508 auid=4294967295 uid=0 gid=0 euid=0 suid=0 fsuid=0 egid=0 sgid=0 fsgid=0 tty=(none) ses=4294967295 comm="package-data-do" exe="/usr/bin/python3.12" subj=unconfined key="T1078_Valid_Accounts"ARCH=x86_64 SYSCALL=execve AUID="unset" UID="root" GID="root" EUID="root" SUID="root" FSUID="root" EGID="root" SGID="root" FSGID="root"
type=EXECVE msg=audit(1765978398.820:1886): argc=2 a0="/usr/bin/python3" a1="/usr/lib/update-notifier/package-data-downloader"
type=PATH msg=audit(1765978398.820:1886): item=0 name="/usr/lib/update-notifier/package-data-downloader" inode=1455128 dev=08:02 mode=0100755 ouid=0 ogid=0 rdev=00:00 nametype=NORMAL cap_fp=0 cap_fi=0 cap_fe=0 cap_fver=0 cap_frootid=0OUID="root" OGID="root"
type=PATH msg=audit(1765978398.820:1886): item=1 name="/usr/bin/python3" inode=1441874 dev=08:02 mode=0100755 ouid=0 ogid=0 rdev=00:00 nametype=NORMAL cap_fp=0 cap_fi=0 cap_fe=0 cap_fver=0 cap_frootid=0OUID="root" OGID="root"
type=PATH msg=audit(1765978398.820:1886): item=2 name="/lib64/ld-linux-x86-64.so.2" inode=1481429 dev=08:02 mode=0100755 ouid=0 ogid=0 rdev=00:00 nametype=NORMAL cap_fp=0 cap_fi=0 cap_fe=0 cap_fver=0 cap_frootid=0OUID="root" OGID="root"
type=PROCTITLE msg=audit(1765978398.820:1886): proctitle=2F7573722F6C69622F73797374656D642F73797374656D642D6578656375746F72002D2D646573657269616C697A65003938002D2D6C6F672D6C6576656C00696E666F002D2D6C6F672D746172676574006A6F75726E616C2D6F722D6B6D7367
type=SERVICE_START msg=audit(1765978399.362:1887): pid=1 uid=0 auid=4294967295 ses=4294967295 subj=unconfined msg='unit=update-notifier-download comm="systemd" exe="/usr/lib/systemd/systemd" hostname=? addr=? terminal=? res=success'UID="root" AUID="unset"
type=SERVICE_STOP msg=audit(1765978399.363:1888): pid=1 uid=0 auid=4294967295 ses=4294967295 subj=unconfined msg='unit=update-notifier-download comm="systemd" exe="/usr/lib/systemd/systemd" hostname=? addr=? terminal=? res=success'UID="root" AUID="unset"
type=SYSCALL msg=audit(1765978438.030:1889): arch=c000003e syscall=42 success=yes exit=0 a0=d a1=7ffd97842240 a2=1d a3=1 items=1 ppid=926 pid=1414 auid=4294967295 uid=33 gid=33 euid=33 suid=33 fsuid=33 egid=33 sgid=33 fsgid=33 tty=(none) ses=4294967295 comm="apache2" exe="/usr/sbin/apache2" subj=unconfined key="T1043_Commonly_Used_Port"ARCH=x86_64 SYSCALL=connect AUID="unset" UID="www-data" GID="www-data" EUID="www-data" SUID="www-data" FSUID="www-data" EGID="www-data" SGID="www-data" FSGID="www-data"
type=SOCKADDR msg=audit(1765978438.030:1889): saddr=01002F7661722F72756E2F6D7973716C642F6D7973716C642E736F636BSADDR={ saddr_fam=local path=/var/run/mysqld/mysqld.sock }
type=PATH msg=audit(1765978438.030:1889): item=0 name="/var/run/mysqld/mysqld.sock" inode=1359 dev=00:18 mode=0140777 ouid=111 ogid=111 rdev=00:00 nametype=NORMAL cap_fp=0 cap_fi=0 cap_fe=0 cap_fver=0 cap_frootid=0OUID="mysql" OGID="mysql"
type=PROCTITLE msg=audit(1765978438.030:1889): proctitle=2F7573722F7362696E2F61706163686532002D6B007374617274
type=SYSCALL msg=audit(1765978438.682:1890): arch=c000003e syscall=42 success=yes exit=0 a0=d a1=7ffd97842240 a2=1d a3=1 items=1 ppid=926 pid=1414 auid=4294967295 uid=33 gid=33 euid=33 suid=33 fsuid=33 egid=33 sgid=33 fsgid=33 tty=(none) ses=4294967295 comm="apache2" exe="/usr/sbin/apache2" subj=unconfined key="T1043_Commonly_Used_Port"ARCH=x86_64 SYSCALL=connect AUID="unset" UID="www-data" GID="www-data" EUID="www-data" SUID="www-data" FSUID="www-data" EGID="www-data" SGID="www-data" FSGID="www-data"
type=SOCKADDR msg=audit(1765978438.682:1890): saddr=01002F7661722F72756E2F6D7973716C642F6D7973716C642E736F636BSADDR={ saddr_fam=local path=/var/run/mysqld/mysqld.sock }
type=PATH msg=audit(1765978438.682:1890): item=0 name="/var/run/mysqld/mysqld.sock" inode=1359 dev=00:18 mode=0140777 ouid=111 ogid=111 rdev=00:00 nametype=NORMAL cap_fp=0 cap_fi=0 cap_fe=0 cap_fver=0 cap_frootid=0OUID="mysql" OGID="mysql"
type=PROCTITLE msg=audit(1765978438.682:1890): proctitle=2F7573722F7362696E2F61706163686532002D6B007374617274
type=SYSCALL msg=audit(1765978484.876:1891): arch=c000003e syscall=59 success=yes exit=0 a0=55bdbd8e9f20 a1=55bdbda248a0 a2=55bdbd9b6960 a3=55bdbda2d590 items=2 ppid=1263 pid=1513 auid=1000 uid=0 gid=0 euid=0 suid=0 fsuid=0 egid=0 sgid=0 fsgid=0 tty=pts1 ses=1 comm="tail" exe="/usr/bin/tail" subj=unconfined key="T1078_Valid_Accounts"ARCH=x86_64 SYSCALL=execve AUID="vboxuser" UID="root" GID="root" EUID="root" SUID="root" FSUID="root" EGID="root" SGID="root" FSGID="root"
type=EXECVE msg=audit(1765978484.876:1891): argc=2 a0="tail" a1="/var/log/apache2/error.log"
type=PATH msg=audit(1765978484.876:1891): item=0 name="/usr/bin/tail" inode=1442904 dev=08:02 mode=0100755 ouid=0 ogid=0 rdev=00:00 nametype=NORMAL cap_fp=0 cap_fi=0 cap_fe=0 cap_fver=0 cap_frootid=0OUID="root" OGID="root"
type=PATH msg=audit(1765978484.876:1891): item=1 name="/lib64/ld-linux-x86-64.so.2" inode=1481429 dev=08:02 mode=0100755 ouid=0 ogid=0 rdev=00:00 nametype=NORMAL cap_fp=0 cap_fi=0 cap_fe=0 cap_fver=0 cap_frootid=0OUID="root" OGID="root"
type=PROCTITLE msg=audit(1765978484.876:1891): proctitle=7461696C002F7661722F6C6F672F617061636865322F6572726F722E6C6F67
type=SYSCALL msg=audit(1765978501.980:1892): arch=c000003e syscall=257 success=yes exit=7 a0=ffffff9c a1=7c77369cf347 a2=80000 a3=0 items=1 ppid=740 pid=1514 auid=4294967295 uid=0 gid=0 euid=0 suid=0 fsuid=0 egid=0 sgid=0 fsgid=0 tty=(none) ses=4294967295 comm="cron" exe="/usr/sbin/cron" subj=unconfined key="T1087_Account_Discovery"ARCH=x86_64 SYSCALL=openat AUID="unset" UID="root" GID="root" EUID="root" SUID="root" FSUID="root" EGID="root" SGID="root" FSGID="root"
type=PATH msg=audit(1765978501.980:1892): item=0 name="/etc/shadow" inode=1050300 dev=08:02 mode=0100640 ouid=0 ogid=42 rdev=00:00 nametype=NORMAL cap_fp=0 cap_fi=0 cap_fe=0 cap_fver=0 cap_frootid=0OUID="root" OGID="shadow"
type=PROCTITLE msg=audit(1765978501.980:1892): proctitle=2F7573722F7362696E2F43524F4E002D66002D50
type=USER_ACCT msg=audit(1765978501.981:1893): pid=1514 uid=0 auid=4294967295 ses=4294967295 subj=unconfined msg='op=PAM:accounting grantors=pam_permit acct="root" exe="/usr/sbin/cron" hostname=? addr=? terminal=cron res=success'UID="root" AUID="unset"
type=CRED_ACQ msg=audit(1765978501.987:1894): pid=1514 uid=0 auid=4294967295 ses=4294967295 subj=unconfined msg='op=PAM:setcred grantors=pam_permit,pam_cap acct="root" exe="/usr/sbin/cron" hostname=? addr=? terminal=cron res=success'UID="root" AUID="unset"
type=LOGIN msg=audit(1765978501.989:1895): pid=1514 uid=0 subj=unconfined old-auid=4294967295 auid=0 tty=(none) old-ses=4294967295 ses=5 res=1UID="root" OLD-AUID="unset" AUID="root"
type=SYSCALL msg=audit(1765978501.989:1895): arch=c000003e syscall=1 success=yes exit=1 a0=7 a1=7ffc6ab63670 a2=1 a3=0 items=0 ppid=740 pid=1514 auid=0 uid=0 gid=0 euid=0 suid=0 fsuid=0 egid=0 sgid=0 fsgid=0 tty=(none) ses=5 comm="cron" exe="/usr/sbin/cron" subj=unconfined key=(null)ARCH=x86_64 SYSCALL=write AUID="root" UID="root" GID="root" EUID="root" SUID="root" FSUID="root" EGID="root" SGID="root" FSGID="root"
type=PROCTITLE msg=audit(1765978501.989:1895): proctitle=2F7573722F7362696E2F43524F4E002D66002D50
type=USER_START msg=audit(1765978501.991:1896): pid=1514 uid=0 auid=0 ses=5 subj=unconfined msg='op=PAM:session_open grantors=pam_loginuid,pam_env,pam_env,pam_permit,pam_umask,pam_unix,pam_limits acct="root" exe="/usr/sbin/cron" hostname=? addr=? terminal=cron res=success'UID="root" AUID="root"
type=SYSCALL msg=audit(1765978501.993:1897): arch=c000003e syscall=106 success=yes exit=0 a0=0 a1=6015fa46d900 a2=6013fb17b21d a3=6015fa46d910 items=0 ppid=1514 pid=1515 auid=0 uid=0 gid=0 euid=0 suid=0 fsuid=0 egid=0 sgid=0 fsgid=0 tty=(none) ses=5 comm="cron" exe="/usr/sbin/cron" subj=unconfined key="T1166_Seuid_and_Setgid"ARCH=x86_64 SYSCALL=setgid AUID="root" UID="root" GID="root" EUID="root" SUID="root" FSUID="root" EGID="root" SGID="root" FSGID="root"
type=PROCTITLE msg=audit(1765978501.993:1897): proctitle=2F7573722F7362696E2F43524F4E002D66002D50
type=CRED_REFR msg=audit(1765978501.995:1898): pid=1515 uid=0 auid=0 ses=5 subj=unconfined msg='op=PAM:setcred grantors=pam_permit,pam_cap acct="root" exe="/usr/sbin/cron" hostname=? addr=? terminal=cron res=success'UID="root" AUID="root"
type=SYSCALL msg=audit(1765978501.997:1899): arch=c000003e syscall=105 success=yes exit=0 a0=0 a1=6015fa4795e0 a2=6013fb1831a9 a3=6015fa4795f0 items=0 ppid=1514 pid=1515 auid=0 uid=0 gid=0 euid=0 suid=0 fsuid=0 egid=0 sgid=0 fsgid=0 tty=(none) ses=5 comm="cron" exe="/usr/sbin/cron" subj=unconfined key="T1166_Seuid_and_Setgid"ARCH=x86_64 SYSCALL=setuid AUID="root" UID="root" GID="root" EUID="root" SUID="root" FSUID="root" EGID="root" SGID="root" FSGID="root"
type=PROCTITLE msg=audit(1765978501.997:1899): proctitle=2F7573722F7362696E2F43524F4E002D66002D50
type=SYSCALL msg=audit(1765978501.997:1900): arch=c000003e syscall=59 success=yes exit=0 a0=6015fa4795d6 a1=7ffc6ab63720 a2=6015fa4870b0 a3=6015fa4795d6 items=2 ppid=1514 pid=1515 auid=0 uid=0 gid=0 euid=0 suid=0 fsuid=0 egid=0 sgid=0 fsgid=0 tty=(none) ses=5 comm="sh" exe="/usr/bin/dash" subj=unconfined key="T1078_Valid_Accounts"ARCH=x86_64 SYSCALL=execve AUID="root" UID="root" GID="root" EUID="root" SUID="root" FSUID="root" EGID="root" SGID="root" FSGID="root"
type=EXECVE msg=audit(1765978501.997:1900): argc=3 a0="/bin/sh" a1="-c" a2=636F6D6D616E64202D762064656269616E2D736131203E202F6465762F6E756C6C2026262064656269616E2D73613120312031
type=PATH msg=audit(1765978501.997:1900): item=0 name="/bin/sh" inode=1442345 dev=08:02 mode=0100755 ouid=0 ogid=0 rdev=00:00 nametype=NORMAL cap_fp=0 cap_fi=0 cap_fe=0 cap_fver=0 cap_frootid=0OUID="root" OGID="root"
type=PATH msg=audit(1765978501.997:1900): item=1 name="/lib64/ld-linux-x86-64.so.2" inode=1481429 dev=08:02 mode=0100755 ouid=0 ogid=0 rdev=00:00 nametype=NORMAL cap_fp=0 cap_fi=0 cap_fe=0 cap_fver=0 cap_frootid=0OUID="root" OGID="root"
type=PROCTITLE msg=audit(1765978501.997:1900): proctitle=2F7573722F7362696E2F43524F4E002D66002D50
type=SYSCALL msg=audit(1765978502.001:1901): arch=c000003e syscall=59 success=yes exit=0 a0=5a18c701f538 a1=5a18c701f4e0 a2=5a18c701f500 a3=8 items=3 ppid=1515 pid=1516 auid=0 uid=0 gid=0 euid=0 suid=0 fsuid=0 egid=0 sgid=0 fsgid=0 tty=(none) ses=5 comm="debian-sa1" exe="/usr/bin/dash" subj=unconfined key="T1078_Valid_Accounts"ARCH=x86_64 SYSCALL=execve AUID="root" UID="root" GID="root" EUID="root" SUID="root" FSUID="root" EGID="root" SGID="root" FSGID="root"
type=EXECVE msg=audit(1765978502.001:1901): argc=4 a0="/bin/sh" a1="/usr/lib/sysstat/debian-sa1" a2="1" a3="1"
type=PATH msg=audit(1765978502.001:1901): item=0 name="/usr/lib/sysstat/debian-sa1" inode=1456136 dev=08:02 mode=0100755 ouid=0 ogid=0 rdev=00:00 nametype=NORMAL cap_fp=0 cap_fi=0 cap_fe=0 cap_fver=0 cap_frootid=0OUID="root" OGID="root"
type=PATH msg=audit(1765978502.001:1901): item=1 name="/bin/sh" inode=1442345 dev=08:02 mode=0100755 ouid=0 ogid=0 rdev=00:00 nametype=NORMAL cap_fp=0 cap_fi=0 cap_fe=0 cap_fver=0 cap_frootid=0OUID="root" OGID="root"
type=PATH msg=audit(1765978502.001:1901): item=2 name="/lib64/ld-linux-x86-64.so.2" inode=1481429 dev=08:02 mode=0100755 ouid=0 ogid=0 rdev=00:00 nametype=NORMAL cap_fp=0 cap_fi=0 cap_fe=0 cap_fver=0 cap_frootid=0OUID="root" OGID="root"
type=PROCTITLE msg=audit(1765978502.001:1901): proctitle=2F62696E2F7368002F7573722F6C69622F737973737461742F64656269616E2D73613100310031
type=CRED_DISP msg=audit(1765978502.018:1902): pid=1514 uid=0 auid=0 ses=5 subj=unconfined msg='op=PAM:setcred grantors=pam_permit acct="root" exe="/usr/sbin/cron" hostname=? addr=? terminal=cron res=success'UID="root" AUID="root"
type=USER_END msg=audit(1765978502.018:1903): pid=1514 uid=0 auid=0 ses=5 subj=unconfined msg='op=PAM:session_close grantors=pam_loginuid,pam_env,pam_env,pam_permit,pam_umask,pam_unix,pam_limits acct="root" exe="/usr/sbin/cron" hostname=? addr=? terminal=cron res=success'UID="root" AUID="root"
type=SYSCALL msg=audit(1765978559.665:1904): arch=c000003e syscall=59 success=yes exit=0 a0=55bdbd8b49c0 a1=55bdbda1e330 a2=55bdbd9b6960 a3=55bdbda1e4f0 items=2 ppid=1263 pid=1517 auid=1000 uid=0 gid=0 euid=0 suid=0 fsuid=0 egid=0 sgid=0 fsgid=0 tty=pts1 ses=1 comm="tail" exe="/usr/bin/tail" subj=unconfined key="T1078_Valid_Accounts"ARCH=x86_64 SYSCALL=execve AUID="vboxuser" UID="root" GID="root" EUID="root" SUID="root" FSUID="root" EGID="root" SGID="root" FSGID="root"
type=EXECVE msg=audit(1765978559.665:1904): argc=2 a0="tail" a1="/var/log/apache/access.log"
type=PATH msg=audit(1765978559.665:1904): item=0 name="/usr/bin/tail" inode=1442904 dev=08:02 mode=0100755 ouid=0 ogid=0 rdev=00:00 nametype=NORMAL cap_fp=0 cap_fi=0 cap_fe=0 cap_fver=0 cap_frootid=0OUID="root" OGID="root"
type=PATH msg=audit(1765978559.665:1904): item=1 name="/lib64/ld-linux-x86-64.so.2" inode=1481429 dev=08:02 mode=0100755 ouid=0 ogid=0 rdev=00:00 nametype=NORMAL cap_fp=0 cap_fi=0 cap_fe=0 cap_fver=0 cap_frootid=0OUID="root" OGID="root"
type=PROCTITLE msg=audit(1765978559.665:1904): proctitle=7461696C002F7661722F6C6F672F6170616368652F6163636573732E6C6F67
type=SYSCALL msg=audit(1765978572.395:1905): arch=c000003e syscall=59 success=yes exit=0 a0=55bdbd8b49c0 a1=55bdbd9d6b30 a2=55bdbd9b6960 a3=55bdbda2bb30 items=2 ppid=1263 pid=1518 auid=1000 uid=0 gid=0 euid=0 suid=0 fsuid=0 egid=0 sgid=0 fsgid=0 tty=pts1 ses=1 comm="tail" exe="/usr/bin/tail" subj=unconfined key="T1078_Valid_Accounts"ARCH=x86_64 SYSCALL=execve AUID="vboxuser" UID="root" GID="root" EUID="root" SUID="root" FSUID="root" EGID="root" SGID="root" FSGID="root"
type=EXECVE msg=audit(1765978572.395:1905): argc=2 a0="tail" a1="/var/log/apache2/access.log"
type=PATH msg=audit(1765978572.395:1905): item=0 name="/usr/bin/tail" inode=1442904 dev=08:02 mode=0100755 ouid=0 ogid=0 rdev=00:00 nametype=NORMAL cap_fp=0 cap_fi=0 cap_fe=0 cap_fver=0 cap_frootid=0OUID="root" OGID="root"
type=PATH msg=audit(1765978572.395:1905): item=1 name="/lib64/ld-linux-x86-64.so.2" inode=1481429 dev=08:02 mode=0100755 ouid=0 ogid=0 rdev=00:00 nametype=NORMAL cap_fp=0 cap_fi=0 cap_fe=0 cap_fver=0 cap_frootid=0OUID="root" OGID="root"
type=PROCTITLE msg=audit(1765978572.395:1905): proctitle=7461696C002F7661722F6C6F672F617061636865322F6163636573732E6C6F67
type=SYSCALL msg=audit(1765978582.117:1906): arch=c000003e syscall=59 success=yes exit=0 a0=55bdbda1e6a0 a1=55bdbda25360 a2=55bdbd9b6960 a3=55bdbda1e5c0 items=2 ppid=1263 pid=1519 auid=1000 uid=0 gid=0 euid=0 suid=0 fsuid=0 egid=0 sgid=0 fsgid=0 tty=pts1 ses=1 comm="cat" exe="/usr/bin/cat" subj=unconfined key="T1078_Valid_Accounts"ARCH=x86_64 SYSCALL=execve AUID="vboxuser" UID="root" GID="root" EUID="root" SUID="root" FSUID="root" EGID="root" SGID="root" FSGID="root"
type=EXECVE msg=audit(1765978582.117:1906): argc=2 a0="cat" a1="/var/log/apache2/access.log"
type=PATH msg=audit(1765978582.117:1906): item=0 name="/usr/bin/cat" inode=1442301 dev=08:02 mode=0100755 ouid=0 ogid=0 rdev=00:00 nametype=NORMAL cap_fp=0 cap_fi=0 cap_fe=0 cap_fver=0 cap_frootid=0OUID="root" OGID="root"
type=PATH msg=audit(1765978582.117:1906): item=1 name="/lib64/ld-linux-x86-64.so.2" inode=1481429 dev=08:02 mode=0100755 ouid=0 ogid=0 rdev=00:00 nametype=NORMAL cap_fp=0 cap_fi=0 cap_fe=0 cap_fver=0 cap_frootid=0OUID="root" OGID="root"
type=PROCTITLE msg=audit(1765978582.117:1906): proctitle=636174002F7661722F6C6F672F617061636865322F6163636573732E6C6F67
type=SYSCALL msg=audit(1765978729.914:1907): arch=c000003e syscall=59 success=yes exit=0 a0=55bdbda274a0 a1=55bdbda2aed0 a2=55bdbd9b6960 a3=8 items=2 ppid=1263 pid=1528 auid=1000 uid=0 gid=0 euid=0 suid=0 fsuid=0 egid=0 sgid=0 fsgid=0 tty=pts1 ses=1 comm="grep" exe="/usr/bin/grep" subj=unconfined key="T1078_Valid_Accounts"ARCH=x86_64 SYSCALL=execve AUID="vboxuser" UID="root" GID="root" EUID="root" SUID="root" FSUID="root" EGID="root" SGID="root" FSGID="root"
type=EXECVE msg=audit(1765978729.914:1907): argc=3 a0="grep" a1="-q" a2="function"
type=PATH msg=audit(1765978729.914:1907): item=0 name="/usr/bin/grep" inode=1442450 dev=08:02 mode=0100755 ouid=0 ogid=0 rdev=00:00 nametype=NORMAL cap_fp=0 cap_fi=0 cap_fe=0 cap_fver=0 cap_frootid=0OUID="root" OGID="root"
type=PATH msg=audit(1765978729.914:1907): item=1 name="/lib64/ld-linux-x86-64.so.2" inode=1481429 dev=08:02 mode=0100755 ouid=0 ogid=0 rdev=00:00 nametype=NORMAL cap_fp=0 cap_fi=0 cap_fe=0 cap_fver=0 cap_frootid=0OUID="root" OGID="root"
type=PROCTITLE msg=audit(1765978729.914:1907): proctitle=67726570002D710066756E6374696F6E
type=SYSCALL msg=audit(1765978738.222:1908): arch=c000003e syscall=59 success=yes exit=0 a0=55bdbda1e3d0 a1=55bdbda1cc50 a2=55bdbd9b6960 a3=55bdbda1cc50 items=2 ppid=1263 pid=1545 auid=1000 uid=0 gid=0 euid=0 suid=0 fsuid=0 egid=0 sgid=0 fsgid=0 tty=pts1 ses=1 comm="vim" exe="/usr/bin/vim.basic" subj=unconfined key="T1078_Valid_Accounts"ARCH=x86_64 SYSCALL=execve AUID="vboxuser" UID="root" GID="root" EUID="root" SUID="root" FSUID="root" EGID="root" SGID="root" FSGID="root"
type=EXECVE msg=audit(1765978738.222:1908): argc=2 a0="vim" a1="config/config.php"
type=PATH msg=audit(1765978738.222:1908): item=0 name="/usr/bin/vim" inode=1483710 dev=08:02 mode=0100755 ouid=0 ogid=0 rdev=00:00 nametype=NORMAL cap_fp=0 cap_fi=0 cap_fe=0 cap_fver=0 cap_frootid=0OUID="root" OGID="root"
type=PATH msg=audit(1765978738.222:1908): item=1 name="/lib64/ld-linux-x86-64.so.2" inode=1481429 dev=08:02 mode=0100755 ouid=0 ogid=0 rdev=00:00 nametype=NORMAL cap_fp=0 cap_fi=0 cap_fe=0 cap_fver=0 cap_frootid=0OUID="root" OGID="root"
type=PROCTITLE msg=audit(1765978738.222:1908): proctitle=76696D00636F6E6669672F636F6E6669672E706870
type=SYSCALL msg=audit(1765978738.907:1909): arch=c000003e syscall=87 success=yes exit=0 a0=56407205c5f0 a1=7ffe89b70600 a2=5 a3=180 items=2 ppid=1263 pid=1545 auid=1000 uid=0 gid=0 euid=0 suid=0 fsuid=0 egid=0 sgid=0 fsgid=0 tty=pts1 ses=1 comm="vim" exe="/usr/bin/vim.basic" subj=unconfined key="T1107_File_Deletion"ARCH=x86_64 SYSCALL=unlink AUID="vboxuser" UID="root" GID="root" EUID="root" SUID="root" FSUID="root" EGID="root" SGID="root" FSGID="root"
type=PATH msg=audit(1765978738.907:1909): item=0 name="config/" inode=696342 dev=08:02 mode=040755 ouid=33 ogid=33 rdev=00:00 nametype=PARENT cap_fp=0 cap_fi=0 cap_fe=0 cap_fver=0 cap_frootid=0OUID="www-data" OGID="www-data"
type=PATH msg=audit(1765978738.907:1909): item=1 name="config/.config.php.swx" inode=706894 dev=08:02 mode=0100600 ouid=0 ogid=0 rdev=00:00 nametype=DELETE cap_fp=0 cap_fi=0 cap_fe=0 cap_fver=0 cap_frootid=0OUID="root" OGID="root"
type=PROCTITLE msg=audit(1765978738.907:1909): proctitle=76696D00636F6E6669672F636F6E6669672E706870
type=SYSCALL msg=audit(1765978738.907:1910): arch=c000003e syscall=87 success=yes exit=0 a0=56407252e130 a1=7ffe89b70600 a2=5 a3=180 items=2 ppid=1263 pid=1545 auid=1000 uid=0 gid=0 euid=0 suid=0 fsuid=0 egid=0 sgid=0 fsgid=0 tty=pts1 ses=1 comm="vim" exe="/usr/bin/vim.basic" subj=unconfined key="T1107_File_Deletion"ARCH=x86_64 SYSCALL=unlink AUID="vboxuser" UID="root" GID="root" EUID="root" SUID="root" FSUID="root" EGID="root" SGID="root" FSGID="root"
type=PATH msg=audit(1765978738.907:1910): item=0 name="config/" inode=696342 dev=08:02 mode=040755 ouid=33 ogid=33 rdev=00:00 nametype=PARENT cap_fp=0 cap_fi=0 cap_fe=0 cap_fver=0 cap_frootid=0OUID="www-data" OGID="www-data"
type=PATH msg=audit(1765978738.907:1910): item=1 name="config/.config.php.swp" inode=706893 dev=08:02 mode=0100600 ouid=0 ogid=0 rdev=00:00 nametype=DELETE cap_fp=0 cap_fi=0 cap_fe=0 cap_fver=0 cap_frootid=0OUID="root" OGID="root"
type=PROCTITLE msg=audit(1765978738.907:1910): proctitle=76696D00636F6E6669672F636F6E6669672E706870
type=SYSCALL msg=audit(1765978738.909:1911): arch=c000003e syscall=93 success=yes exit=0 a0=4 a1=ffffffff a2=21 a3=0 items=1 ppid=1263 pid=1545 auid=1000 uid=0 gid=0 euid=0 suid=0 fsuid=0 egid=0 sgid=0 fsgid=0 tty=pts1 ses=1 comm="vim" exe="/usr/bin/vim.basic" subj=unconfined key="T1166_Seuid_and_Setgid"ARCH=x86_64 SYSCALL=fchown AUID="vboxuser" UID="root" GID="root" EUID="root" SUID="root" FSUID="root" EGID="root" SGID="root" FSGID="root"
type=PATH msg=audit(1765978738.909:1911): item=0 name=(null) inode=706893 dev=08:02 mode=0100600 ouid=0 ogid=0 rdev=00:00 nametype=NORMAL cap_fp=0 cap_fi=0 cap_fe=0 cap_fver=0 cap_frootid=0OUID="root" OGID="root"
type=PROCTITLE msg=audit(1765978738.909:1911): proctitle=76696D00636F6E6669672F636F6E6669672E706870
type=SYSCALL msg=audit(1765978738.909:1912): arch=c000003e syscall=90 success=yes exit=0 a0=56407252e130 a1=1a0 a2=21 a3=0 items=1 ppid=1263 pid=1545 auid=1000 uid=0 gid=0 euid=0 suid=0 fsuid=0 egid=0 sgid=0 fsgid=0 tty=pts1 ses=1 comm="vim" exe="/usr/bin/vim.basic" subj=unconfined key="T1166_Seuid_and_Setgid"ARCH=x86_64 SYSCALL=chmod AUID="vboxuser" UID="root" GID="root" EUID="root" SUID="root" FSUID="root" EGID="root" SGID="root" FSGID="root"
type=PATH msg=audit(1765978738.909:1912): item=0 name="config/.config.php.swp" inode=706893 dev=08:02 mode=0100600 ouid=0 ogid=33 rdev=00:00 nametype=NORMAL cap_fp=0 cap_fi=0 cap_fe=0 cap_fver=0 cap_frootid=0OUID="root" OGID="www-data"
type=PROCTITLE msg=audit(1765978738.909:1912): proctitle=76696D00636F6E6669672F636F6E6669672E706870
type=SYSCALL msg=audit(1765978741.033:1913): arch=c000003e syscall=257 success=yes exit=7 a0=ffffff9c a1=7c77369cf347 a2=80000 a3=0 items=1 ppid=740 pid=1547 auid=4294967295 uid=0 gid=0 euid=0 suid=0 fsuid=0 egid=0 sgid=0 fsgid=0 tty=(none) ses=4294967295 comm="cron" exe="/usr/sbin/cron" subj=unconfined key="T1087_Account_Discovery"ARCH=x86_64 SYSCALL=openat AUID="unset" UID="root" GID="root" EUID="root" SUID="root" FSUID="root" EGID="root" SGID="root" FSGID="root"
type=PATH msg=audit(1765978741.033:1913): item=0 name="/etc/shadow" inode=1050300 dev=08:02 mode=0100640 ouid=0 ogid=42 rdev=00:00 nametype=NORMAL cap_fp=0 cap_fi=0 cap_fe=0 cap_fver=0 cap_frootid=0OUID="root" OGID="shadow"
type=PROCTITLE msg=audit(1765978741.033:1913): proctitle=2F7573722F7362696E2F43524F4E002D66002D50
type=USER_ACCT msg=audit(1765978741.034:1914): pid=1547 uid=0 auid=4294967295 ses=4294967295 subj=unconfined msg='op=PAM:accounting grantors=pam_permit acct="root" exe="/usr/sbin/cron" hostname=? addr=? terminal=cron res=success'UID="root" AUID="unset"
type=CRED_ACQ msg=audit(1765978741.039:1915): pid=1547 uid=0 auid=4294967295 ses=4294967295 subj=unconfined msg='op=PAM:setcred grantors=pam_permit,pam_cap acct="root" exe="/usr/sbin/cron" hostname=? addr=? terminal=cron res=success'UID="root" AUID="unset"
type=LOGIN msg=audit(1765978741.041:1916): pid=1547 uid=0 subj=unconfined old-auid=4294967295 auid=0 tty=(none) old-ses=4294967295 ses=6 res=1UID="root" OLD-AUID="unset" AUID="root"
type=SYSCALL msg=audit(1765978741.041:1916): arch=c000003e syscall=1 success=yes exit=1 a0=7 a1=7ffc6ab63670 a2=1 a3=0 items=0 ppid=740 pid=1547 auid=0 uid=0 gid=0 euid=0 suid=0 fsuid=0 egid=0 sgid=0 fsgid=0 tty=(none) ses=6 comm="cron" exe="/usr/sbin/cron" subj=unconfined key=(null)ARCH=x86_64 SYSCALL=write AUID="root" UID="root" GID="root" EUID="root" SUID="root" FSUID="root" EGID="root" SGID="root" FSGID="root"
type=PROCTITLE msg=audit(1765978741.041:1916): proctitle=2F7573722F7362696E2F43524F4E002D66002D50
type=USER_START msg=audit(1765978741.045:1917): pid=1547 uid=0 auid=0 ses=6 subj=unconfined msg='op=PAM:session_open grantors=pam_loginuid,pam_env,pam_env,pam_permit,pam_umask,pam_unix,pam_limits acct="root" exe="/usr/sbin/cron" hostname=? addr=? terminal=cron res=success'UID="root" AUID="root"
type=SYSCALL msg=audit(1765978741.054:1918): arch=c000003e syscall=106 success=yes exit=0 a0=0 a1=6015fa46d900 a2=6013fb17b21d a3=6015fa46d910 items=0 ppid=1547 pid=1548 auid=0 uid=0 gid=0 euid=0 suid=0 fsuid=0 egid=0 sgid=0 fsgid=0 tty=(none) ses=6 comm="cron" exe="/usr/sbin/cron" subj=unconfined key="T1166_Seuid_and_Setgid"ARCH=x86_64 SYSCALL=setgid AUID="root" UID="root" GID="root" EUID="root" SUID="root" FSUID="root" EGID="root" SGID="root" FSGID="root"
type=PROCTITLE msg=audit(1765978741.054:1918): proctitle=2F7573722F7362696E2F43524F4E002D66002D50
type=CRED_REFR msg=audit(1765978741.060:1919): pid=1548 uid=0 auid=0 ses=6 subj=unconfined msg='op=PAM:setcred grantors=pam_permit,pam_cap acct="root" exe="/usr/sbin/cron" hostname=? addr=? terminal=cron res=success'UID="root" AUID="root"
type=SYSCALL msg=audit(1765978741.060:1920): arch=c000003e syscall=105 success=yes exit=0 a0=0 a1=6015fa4880f0 a2=6013fb17d458 a3=6015fa488100 items=0 ppid=1547 pid=1548 auid=0 uid=0 gid=0 euid=0 suid=0 fsuid=0 egid=0 sgid=0 fsgid=0 tty=(none) ses=6 comm="cron" exe="/usr/sbin/cron" subj=unconfined key="T1166_Seuid_and_Setgid"ARCH=x86_64 SYSCALL=setuid AUID="root" UID="root" GID="root" EUID="root" SUID="root" FSUID="root" EGID="root" SGID="root" FSGID="root"
type=PROCTITLE msg=audit(1765978741.060:1920): proctitle=2F7573722F7362696E2F43524F4E002D66002D50
type=SYSCALL msg=audit(1765978741.061:1921): arch=c000003e syscall=59 success=yes exit=0 a0=6015fa4870d6 a1=7ffc6ab63720 a2=6015fa487160 a3=6015fa4870d6 items=2 ppid=1547 pid=1548 auid=0 uid=0 gid=0 euid=0 suid=0 fsuid=0 egid=0 sgid=0 fsgid=0 tty=(none) ses=6 comm="sh" exe="/usr/bin/dash" subj=unconfined key="T1078_Valid_Accounts"ARCH=x86_64 SYSCALL=execve AUID="root" UID="root" GID="root" EUID="root" SUID="root" FSUID="root" EGID="root" SGID="root" FSGID="root"
type=EXECVE msg=audit(1765978741.061:1921): argc=3 a0="/bin/sh" a1="-c" a2=20205B202D78202F7573722F6C69622F7068702F73657373696F6E636C65616E205D202626206966205B2021202D64202F72756E2F73797374656D642F73797374656D205D3B207468656E202F7573722F6C69622F7068702F73657373696F6E636C65616E3B206669
type=PATH msg=audit(1765978741.061:1921): item=0 name="/bin/sh" inode=1442345 dev=08:02 mode=0100755 ouid=0 ogid=0 rdev=00:00 nametype=NORMAL cap_fp=0 cap_fi=0 cap_fe=0 cap_fver=0 cap_frootid=0OUID="root" OGID="root"
type=PATH msg=audit(1765978741.061:1921): item=1 name="/lib64/ld-linux-x86-64.so.2" inode=1481429 dev=08:02 mode=0100755 ouid=0 ogid=0 rdev=00:00 nametype=NORMAL cap_fp=0 cap_fi=0 cap_fe=0 cap_fver=0 cap_frootid=0OUID="root" OGID="root"
type=PROCTITLE msg=audit(1765978741.061:1921): proctitle=2F7573722F7362696E2F43524F4E002D66002D50
type=CRED_DISP msg=audit(1765978741.071:1922): pid=1547 uid=0 auid=0 ses=6 subj=unconfined msg='op=PAM:setcred grantors=pam_permit acct="root" exe="/usr/sbin/cron" hostname=? addr=? terminal=cron res=success'UID="root" AUID="root"
type=USER_END msg=audit(1765978741.071:1923): pid=1547 uid=0 auid=0 ses=6 subj=unconfined msg='op=PAM:session_close grantors=pam_loginuid,pam_env,pam_env,pam_permit,pam_umask,pam_unix,pam_limits acct="root" exe="/usr/sbin/cron" hostname=? addr=? terminal=cron res=success'UID="root" AUID="root"
type=SYSCALL msg=audit(1765978745.499:1924): arch=c000003e syscall=59 success=yes exit=0 a0=7ffff14f6da0 a1=7ffff14f6dc0 a2=7ffff14f78c8 a3=8 items=2 ppid=1 pid=1549 auid=4294967295 uid=0 gid=0 euid=0 suid=0 fsuid=0 egid=0 sgid=0 fsgid=0 tty=(none) ses=4294967295 comm="9" exe="/usr/lib/systemd/systemd-executor" subj=unconfined key="T1078_Valid_Accounts"ARCH=x86_64 SYSCALL=execve AUID="unset" UID="root" GID="root" EUID="root" SUID="root" FSUID="root" EGID="root" SGID="root" FSGID="root"
type=EXECVE msg=audit(1765978745.499:1924): argc=7 a0="/usr/lib/systemd/systemd-executor" a1="--deserialize" a2="98" a3="--log-level" a4="info" a5="--log-target" a6="journal-or-kmsg"
type=PATH msg=audit(1765978745.499:1924): item=0 name="/proc/self/fd/9" inode=1463834 dev=08:02 mode=0100755 ouid=0 ogid=0 rdev=00:00 nametype=NORMAL cap_fp=0 cap_fi=0 cap_fe=0 cap_fver=0 cap_frootid=0OUID="root" OGID="root"
type=PATH msg=audit(1765978745.499:1924): item=1 name="/lib64/ld-linux-x86-64.so.2" inode=1481429 dev=08:02 mode=0100755 ouid=0 ogid=0 rdev=00:00 nametype=NORMAL cap_fp=0 cap_fi=0 cap_fe=0 cap_fver=0 cap_frootid=0OUID="root" OGID="root"
type=PROCTITLE msg=audit(1765978745.499:1924): proctitle=2F7573722F6C69622F73797374656D642F73797374656D642D6578656375746F72002D2D646573657269616C697A65003938002D2D6C6F672D6C6576656C00696E666F002D2D6C6F672D746172676574006A6F75726E616C2D6F722D6B6D7367
type=SYSCALL msg=audit(1765978745.517:1925): arch=c000003e syscall=42 success=yes exit=0 a0=4 a1=7fff99ade0a0 a2=1e a3=7fff99ade150 items=1 ppid=1 pid=1549 auid=4294967295 uid=0 gid=0 euid=0 suid=0 fsuid=0 egid=0 sgid=0 fsgid=0 tty=(none) ses=4294967295 comm="9" exe="/usr/lib/systemd/systemd-executor" subj=unconfined key="T1043_Commonly_Used_Port"ARCH=x86_64 SYSCALL=connect AUID="unset" UID="root" GID="root" EUID="root" SUID="root" FSUID="root" EGID="root" SGID="root" FSGID="root"
type=SOCKADDR msg=audit(1765978745.517:1925): saddr=01002F72756E2F73797374656D642F6A6F75726E616C2F736F636B657400SADDR={ saddr_fam=local path=/run/systemd/journal/socket }
type=PATH msg=audit(1765978745.517:1925): item=0 name="/run/systemd/journal/socket" inode=457 dev=00:18 mode=0140666 ouid=0 ogid=0 rdev=00:00 nametype=NORMAL cap_fp=0 cap_fi=0 cap_fe=0 cap_fver=0 cap_frootid=0OUID="root" OGID="root"
type=PROCTITLE msg=audit(1765978745.517:1925): proctitle=2F7573722F6C69622F73797374656D642F73797374656D642D6578656375746F72002D2D646573657269616C697A65003938002D2D6C6F672D6C6576656C00696E666F002D2D6C6F672D746172676574006A6F75726E616C2D6F722D6B6D7367
type=SYSCALL msg=audit(1765978745.528:1926): arch=c000003e syscall=42 success=yes exit=0 a0=3 a1=7fff99addc20 a2=1e a3=fffffff7 items=1 ppid=1 pid=1549 auid=4294967295 uid=0 gid=0 euid=0 suid=0 fsuid=0 egid=0 sgid=0 fsgid=0 tty=(none) ses=4294967295 comm="(ionclean)" exe="/usr/lib/systemd/systemd-executor" subj=unconfined key="T1043_Commonly_Used_Port"ARCH=x86_64 SYSCALL=connect AUID="unset" UID="root" GID="root" EUID="root" SUID="root" FSUID="root" EGID="root" SGID="root" FSGID="root"
type=SOCKADDR msg=audit(1765978745.528:1926): saddr=01002F72756E2F73797374656D642F6A6F75726E616C2F7374646F757400SADDR={ saddr_fam=local path=/run/systemd/journal/stdout }
type=PATH msg=audit(1765978745.528:1926): item=0 name="/run/systemd/journal/stdout" inode=458 dev=00:18 mode=0140666 ouid=0 ogid=0 rdev=00:00 nametype=NORMAL cap_fp=0 cap_fi=0 cap_fe=0 cap_fver=0 cap_frootid=0OUID="root" OGID="root"
type=PROCTITLE msg=audit(1765978745.528:1926): proctitle=2F7573722F6C69622F73797374656D642F73797374656D642D6578656375746F72002D2D646573657269616C697A65003938002D2D6C6F672D6C6576656C00696E666F002D2D6C6F672D746172676574006A6F75726E616C2D6F722D6B6D7367
type=SYSCALL msg=audit(1765978745.543:1927): arch=c000003e syscall=59 success=yes exit=0 a0=652488f3c2f0 a1=652488f435b0 a2=652488f38da0 a3=652488f39b00 items=3 ppid=1 pid=1549 auid=4294967295 uid=0 gid=0 euid=0 suid=0 fsuid=0 egid=0 sgid=0 fsgid=0 tty=(none) ses=4294967295 comm="sessionclean" exe="/usr/bin/dash" subj=unconfined key="T1078_Valid_Accounts"ARCH=x86_64 SYSCALL=execve AUID="unset" UID="root" GID="root" EUID="root" SUID="root" FSUID="root" EGID="root" SGID="root" FSGID="root"
type=EXECVE msg=audit(1765978745.543:1927): argc=3 a0="/bin/sh" a1="-e" a2="/usr/lib/php/sessionclean"
type=PATH msg=audit(1765978745.543:1927): item=0 name="/usr/lib/php/sessionclean" inode=171792 dev=08:02 mode=0100755 ouid=0 ogid=0 rdev=00:00 nametype=NORMAL cap_fp=0 cap_fi=0 cap_fe=0 cap_fver=0 cap_frootid=0OUID="root" OGID="root"
type=PATH msg=audit(1765978745.543:1927): item=1 name="/bin/sh" inode=1442345 dev=08:02 mode=0100755 ouid=0 ogid=0 rdev=00:00 nametype=NORMAL cap_fp=0 cap_fi=0 cap_fe=0 cap_fver=0 cap_frootid=0OUID="root" OGID="root"
type=PATH msg=audit(1765978745.543:1927): item=2 name="/lib64/ld-linux-x86-64.so.2" inode=1481429 dev=08:02 mode=0100755 ouid=0 ogid=0 rdev=00:00 nametype=NORMAL cap_fp=0 cap_fi=0 cap_fe=0 cap_fver=0 cap_frootid=0OUID="root" OGID="root"
type=PROCTITLE msg=audit(1765978745.543:1927): proctitle=2F7573722F6C69622F73797374656D642F73797374656D642D6578656375746F72002D2D646573657269616C697A65003938002D2D6C6F672D6C6576656C00696E666F002D2D6C6F672D746172676574006A6F75726E616C2D6F722D6B6D7367
type=SYSCALL msg=audit(1765978745.550:1928): arch=c000003e syscall=59 success=yes exit=0 a0=5565764c5270 a1=5565764c51e0 a2=5565764c5208 a3=79b45f7a7b00 items=2 ppid=1549 pid=1551 auid=4294967295 uid=0 gid=0 euid=0 suid=0 fsuid=0 egid=0 sgid=0 fsgid=0 tty=(none) ses=4294967295 comm="sort" exe="/usr/bin/sort" subj=unconfined key="T1078_Valid_Accounts"ARCH=x86_64 SYSCALL=execve AUID="unset" UID="root" GID="root" EUID="root" SUID="root" FSUID="root" EGID="root" SGID="root" FSGID="root"
type=SYSCALL msg=audit(1765978745.551:1929): arch=c000003e syscall=59 success=yes exit=0 a0=5565764c5290 a1=5565764c51f8 a2=5565764c5228 a3=79b45f7a7b00 items=2 ppid=1549 pid=1552 auid=4294967295 uid=0 gid=0 euid=0 suid=0 fsuid=0 egid=0 sgid=0 fsgid=0 tty=(none) ses=4294967295 comm="sort" exe="/usr/bin/sort" subj=unconfined key="T1078_Valid_Accounts"ARCH=x86_64 SYSCALL=execve AUID="unset" UID="root" GID="root" EUID="root" SUID="root" FSUID="root" EGID="root" SGID="root" FSGID="root"
type=EXECVE msg=audit(1765978745.550:1928): argc=4 a0="sort" a1="-rn" a2="-t:" a3="-k2,2"
type=PATH msg=audit(1765978745.550:1928): item=0 name="/usr/bin/sort" inode=1442847 dev=08:02 mode=0100755 ouid=0 ogid=0 rdev=00:00 nametype=NORMAL cap_fp=0 cap_fi=0 cap_fe=0 cap_fver=0 cap_frootid=0OUID="root" OGID="root"
type=PATH msg=audit(1765978745.550:1928): item=1 name="/lib64/ld-linux-x86-64.so.2" inode=1481429 dev=08:02 mode=0100755 ouid=0 ogid=0 rdev=00:00 nametype=NORMAL cap_fp=0 cap_fi=0 cap_fe=0 cap_fver=0 cap_frootid=0OUID="root" OGID="root"
type=PROCTITLE msg=audit(1765978745.550:1928): proctitle=736F7274002D726E002D743A002D6B322C32
type=SYSCALL msg=audit(1765978745.552:1930): arch=c000003e syscall=59 success=yes exit=0 a0=5565764c5178 a1=5565764c51c0 a2=5565764c51d8 a3=1 items=3 ppid=1550 pid=1554 auid=4294967295 uid=0 gid=0 euid=0 suid=0 fsuid=0 egid=0 sgid=0 fsgid=0 tty=(none) ses=4294967295 comm="phpquery" exe="/usr/bin/dash" subj=unconfined key="T1078_Valid_Accounts"ARCH=x86_64 SYSCALL=execve AUID="unset" UID="root" GID="root" EUID="root" SUID="root" FSUID="root" EGID="root" SGID="root" FSGID="root"
type=EXECVE msg=audit(1765978745.551:1929): argc=5 a0="sort" a1="-u" a2="-t:" a3="-k" a4="1,1"
type=PATH msg=audit(1765978745.551:1929): item=0 name="/usr/bin/sort" inode=1442847 dev=08:02 mode=0100755 ouid=0 ogid=0 rdev=00:00 nametype=NORMAL cap_fp=0 cap_fi=0 cap_fe=0 cap_fver=0 cap_frootid=0OUID="root" OGID="root"
type=PATH msg=audit(1765978745.551:1929): item=1 name="/lib64/ld-linux-x86-64.so.2" inode=1481429 dev=08:02 mode=0100755 ouid=0 ogid=0 rdev=00:00 nametype=NORMAL cap_fp=0 cap_fi=0 cap_fe=0 cap_fver=0 cap_frootid=0OUID="root" OGID="root"
type=PROCTITLE msg=audit(1765978745.551:1929): proctitle=736F7274002D75002D743A002D6B00312C31
type=EXECVE msg=audit(1765978745.552:1930): argc=3 a0="/bin/sh" a1="/usr/sbin/phpquery" a2="-V"
type=PATH msg=audit(1765978745.552:1930): item=0 name="/usr/sbin/phpquery" inode=1499175 dev=08:02 mode=0100755 ouid=0 ogid=0 rdev=00:00 nametype=NORMAL cap_fp=0 cap_fi=0 cap_fe=0 cap_fver=0 cap_frootid=0OUID="root" OGID="root"
type=PATH msg=audit(1765978745.552:1930): item=1 name="/bin/sh" inode=1442345 dev=08:02 mode=0100755 ouid=0 ogid=0 rdev=00:00 nametype=NORMAL cap_fp=0 cap_fi=0 cap_fe=0 cap_fver=0 cap_frootid=0OUID="root" OGID="root"
type=PATH msg=audit(1765978745.552:1930): item=2 name="/lib64/ld-linux-x86-64.so.2" inode=1481429 dev=08:02 mode=0100755 ouid=0 ogid=0 rdev=00:00 nametype=NORMAL cap_fp=0 cap_fi=0 cap_fe=0 cap_fver=0 cap_frootid=0OUID="root" OGID="root"
type=PROCTITLE msg=audit(1765978745.552:1930): proctitle=2F62696E2F7368002F7573722F7362696E2F7068707175657279002D56
type=SYSCALL msg=audit(1765978745.566:1931): arch=c000003e syscall=59 success=yes exit=0 a0=56ccc876d480 a1=56cc8dffe670 a2=56ccc876d418 a3=56ccc876d400 items=2 ppid=1554 pid=1555 auid=4294967295 uid=0 gid=0 euid=0 suid=0 fsuid=0 egid=0 sgid=0 fsgid=0 tty=(none) ses=4294967295 comm="expr" exe="/usr/bin/expr" subj=unconfined key="T1078_Valid_Accounts"ARCH=x86_64 SYSCALL=execve AUID="unset" UID="root" GID="root" EUID="root" SUID="root" FSUID="root" EGID="root" SGID="root" FSGID="root"
type=EXECVE msg=audit(1765978745.566:1931): argc=4 a0="expr" a1="2" a2="-" a3="1"
type=PATH msg=audit(1765978745.566:1931): item=0 name="/usr/bin/expr" inode=1442406 dev=08:02 mode=0100755 ouid=0 ogid=0 rdev=00:00 nametype=NORMAL cap_fp=0 cap_fi=0 cap_fe=0 cap_fver=0 cap_frootid=0OUID="root" OGID="root"
type=PATH msg=audit(1765978745.566:1931): item=1 name="/lib64/ld-linux-x86-64.so.2" inode=1481429 dev=08:02 mode=0100755 ouid=0 ogid=0 rdev=00:00 nametype=NORMAL cap_fp=0 cap_fi=0 cap_fe=0 cap_fver=0 cap_frootid=0OUID="root" OGID="root"
type=PROCTITLE msg=audit(1765978745.566:1931): proctitle=657870720032002D0031
type=SYSCALL msg=audit(1765978745.581:1932): arch=c000003e syscall=59 success=yes exit=0 a0=56ccc876d760 a1=56ccc876d6a0 a2=56ccc876d6f8 a3=8 items=2 ppid=1558 pid=1559 auid=4294967295 uid=0 gid=0 euid=0 suid=0 fsuid=0 egid=0 sgid=0 fsgid=0 tty=(none) ses=4294967295 comm="find" exe="/usr/bin/find" subj=unconfined key="T1078_Valid_Accounts"ARCH=x86_64 SYSCALL=execve AUID="unset" UID="root" GID="root" EUID="root" SUID="root" FSUID="root" EGID="root" SGID="root" FSGID="root"
type=EXECVE msg=audit(1765978745.581:1932): argc=10 a0="find" a1="/usr/lib/php" a2="-mindepth" a3="1" a4="-maxdepth" a5="1" a6="-regex" a7=".*[0-9]\.[0-9]" a8="-printf" a9="%f\n"
type=PATH msg=audit(1765978745.581:1932): item=0 name="/usr/bin/find" inode=1442415 dev=08:02 mode=0100755 ouid=0 ogid=0 rdev=00:00 nametype=NORMAL cap_fp=0 cap_fi=0 cap_fe=0 cap_fver=0 cap_frootid=0OUID="root" OGID="root"
type=PATH msg=audit(1765978745.581:1932): item=1 name="/lib64/ld-linux-x86-64.so.2" inode=1481429 dev=08:02 mode=0100755 ouid=0 ogid=0 rdev=00:00 nametype=NORMAL cap_fp=0 cap_fi=0 cap_fe=0 cap_fver=0 cap_frootid=0OUID="root" OGID="root"
type=PROCTITLE msg=audit(1765978745.581:1932): proctitle=66696E64002F7573722F6C69622F706870002D6D696E64657074680031002D6D617864657074680031002D7265676578002E2A5B302D395D5C2E5B302D395D002D7072696E74660025665C6E
type=SYSCALL msg=audit(1765978745.584:1933): arch=c000003e syscall=59 success=yes exit=0 a0=56ccc876d568 a1=56ccc876d4e8 a2=56ccc876d500 a3=7d53929a7ca0 items=2 ppid=1554 pid=1560 auid=4294967295 uid=0 gid=0 euid=0 suid=0 fsuid=0 egid=0 sgid=0 fsgid=0 tty=(none) ses=4294967295 comm="sort" exe="/usr/bin/sort" subj=unconfined key="T1078_Valid_Accounts"ARCH=x86_64 SYSCALL=execve AUID="unset" UID="root" GID="root" EUID="root" SUID="root" FSUID="root" EGID="root" SGID="root" FSGID="root"
type=EXECVE msg=audit(1765978745.584:1933): argc=2 a0="sort" a1="-rn"
type=PATH msg=audit(1765978745.584:1933): item=0 name="/usr/bin/sort" inode=1442847 dev=08:02 mode=0100755 ouid=0 ogid=0 rdev=00:00 nametype=NORMAL cap_fp=0 cap_fi=0 cap_fe=0 cap_fver=0 cap_frootid=0OUID="root" OGID="root"
type=PATH msg=audit(1765978745.584:1933): item=1 name="/lib64/ld-linux-x86-64.so.2" inode=1481429 dev=08:02 mode=0100755 ouid=0 ogid=0 rdev=00:00 nametype=NORMAL cap_fp=0 cap_fi=0 cap_fe=0 cap_fver=0 cap_frootid=0OUID="root" OGID="root"
type=PROCTITLE msg=audit(1765978745.584:1933): proctitle=736F7274002D726E
type=SYSCALL msg=audit(1765978745.600:1934): arch=c000003e syscall=59 success=yes exit=0 a0=5565764c5260 a1=5565764c56a0 a2=5565764c5720 a3=1 items=2 ppid=1550 pid=1561 auid=4294967295 uid=0 gid=0 euid=0 suid=0 fsuid=0 egid=0 sgid=0 fsgid=0 tty=(none) ses=4294967295 comm="php8.3" exe="/usr/bin/php8.3" subj=unconfined key="T1078_Valid_Accounts"ARCH=x86_64 SYSCALL=execve AUID="unset" UID="root" GID="root" EUID="root" SUID="root" FSUID="root" EGID="root" SGID="root" FSGID="root"
type=EXECVE msg=audit(1765978745.600:1934): argc=7 a0="/usr/bin/php8.3" a1="-c" a2="/etc/php/8.3/apache2/php.ini" a3="-d" a4="error_reporting='~E_ALL'" a5="-r" a6=666F726561636828696E695F6765745F616C6C282273657373696F6E222920617320246B203D3E20247629206563686F2022246B3D222E24765B226C6F63616C5F76616C7565225D2E225C6E223B
type=PATH msg=audit(1765978745.600:1934): item=0 name="/usr/bin/php8.3" inode=1499184 dev=08:02 mode=0100755 ouid=0 ogid=0 rdev=00:00 nametype=NORMAL cap_fp=0 cap_fi=0 cap_fe=0 cap_fver=0 cap_frootid=0OUID="root" OGID="root"
type=PATH msg=audit(1765978745.600:1934): item=1 name="/lib64/ld-linux-x86-64.so.2" inode=1481429 dev=08:02 mode=0100755 ouid=0 ogid=0 rdev=00:00 nametype=NORMAL cap_fp=0 cap_fi=0 cap_fe=0 cap_fver=0 cap_frootid=0OUID="root" OGID="root"
type=PROCTITLE msg=audit(1765978745.600:1934): proctitle=2F7573722F62696E2F706870382E33002D63002F6574632F7068702F382E332F617061636865322F7068702E696E69002D64006572726F725F7265706F7274696E673D277E455F414C4C27002D7200666F726561636828696E695F6765745F616C6C282273657373696F6E222920617320246B203D3E20247629206563686F20
type=SYSCALL msg=audit(1765978745.852:1935): arch=c000003e syscall=59 success=yes exit=0 a0=5565764c5750 a1=5565764c52e0 a2=5565764c56e8 a3=1 items=2 ppid=1562 pid=1564 auid=4294967295 uid=0 gid=0 euid=0 suid=0 fsuid=0 egid=0 sgid=0 fsgid=0 tty=(none) ses=4294967295 comm="sed" exe="/usr/bin/sed" subj=unconfined key="T1078_Valid_Accounts"ARCH=x86_64 SYSCALL=execve AUID="unset" UID="root" GID="root" EUID="root" SUID="root" FSUID="root" EGID="root" SGID="root" FSGID="root"
type=EXECVE msg=audit(1765978745.852:1935): argc=3 a0="sed" a1="-ne" a2="s/^session\.save_handler=\(.*\)$/\1/p"
type=PATH msg=audit(1765978745.852:1935): item=0 name="/usr/bin/sed" inode=1442742 dev=08:02 mode=0100755 ouid=0 ogid=0 rdev=00:00 nametype=NORMAL cap_fp=0 cap_fi=0 cap_fe=0 cap_fver=0 cap_frootid=0OUID="root" OGID="root"
type=PATH msg=audit(1765978745.852:1935): item=1 name="/lib64/ld-linux-x86-64.so.2" inode=1481429 dev=08:02 mode=0100755 ouid=0 ogid=0 rdev=00:00 nametype=NORMAL cap_fp=0 cap_fi=0 cap_fe=0 cap_fver=0 cap_frootid=0OUID="root" OGID="root"
type=PROCTITLE msg=audit(1765978745.852:1935): proctitle=736564002D6E6500732F5E73657373696F6E5C2E736176655F68616E646C65723D5C282E2A5C29242F5C312F70
type=SYSCALL msg=audit(1765978745.865:1936): arch=c000003e syscall=59 success=yes exit=0 a0=5565764c5760 a1=5565764c52e8 a2=5565764c56f8 a3=5565764c5ca0 items=2 ppid=1565 pid=1567 auid=4294967295 uid=0 gid=0 euid=0 suid=0 fsuid=0 egid=0 sgid=0 fsgid=0 tty=(none) ses=4294967295 comm="sed" exe="/usr/bin/sed" subj=unconfined key="T1078_Valid_Accounts"ARCH=x86_64 SYSCALL=execve AUID="unset" UID="root" GID="root" EUID="root" SUID="root" FSUID="root" EGID="root" SGID="root" FSGID="root"
type=EXECVE msg=audit(1765978745.865:1936): argc=3 a0="sed" a1="-ne" a2="s/^session\.save_path=\(.*;\)\?\(.*\)$/\2/p"
type=PATH msg=audit(1765978745.865:1936): item=0 name="/usr/bin/sed" inode=1442742 dev=08:02 mode=0100755 ouid=0 ogid=0 rdev=00:00 nametype=NORMAL cap_fp=0 cap_fi=0 cap_fe=0 cap_fver=0 cap_frootid=0OUID="root" OGID="root"
type=PATH msg=audit(1765978745.865:1936): item=1 name="/lib64/ld-linux-x86-64.so.2" inode=1481429 dev=08:02 mode=0100755 ouid=0 ogid=0 rdev=00:00 nametype=NORMAL cap_fp=0 cap_fi=0 cap_fe=0 cap_fver=0 cap_frootid=0OUID="root" OGID="root"
type=PROCTITLE msg=audit(1765978745.865:1936): proctitle=736564002D6E6500732F5E73657373696F6E5C2E736176655F706174683D5C282E2A3B5C295C3F5C282E2A5C29242F5C322F70
type=SYSCALL msg=audit(1765978745.880:1937): arch=c000003e syscall=59 success=yes exit=0 a0=5565764c5800 a1=5565764c52e0 a2=5565764c5798 a3=5565764c5ca0 items=2 ppid=1568 pid=1570 auid=4294967295 uid=0 gid=0 euid=0 suid=0 fsuid=0 egid=0 sgid=0 fsgid=0 tty=(none) ses=4294967295 comm="sed" exe="/usr/bin/sed" subj=unconfined key="T1078_Valid_Accounts"ARCH=x86_64 SYSCALL=execve AUID="unset" UID="root" GID="root" EUID="root" SUID="root" FSUID="root" EGID="root" SGID="root" FSGID="root"
type=EXECVE msg=audit(1765978745.880:1937): argc=3 a0="sed" a1="-ne" a2="s/^session\.gc_maxlifetime=\(.*\)$/\1/p"
type=PATH msg=audit(1765978745.880:1937): item=0 name="/usr/bin/sed" inode=1442742 dev=08:02 mode=0100755 ouid=0 ogid=0 rdev=00:00 nametype=NORMAL cap_fp=0 cap_fi=0 cap_fe=0 cap_fver=0 cap_frootid=0OUID="root" OGID="root"
type=PATH msg=audit(1765978745.880:1937): item=1 name="/lib64/ld-linux-x86-64.so.2" inode=1481429 dev=08:02 mode=0100755 ouid=0 ogid=0 rdev=00:00 nametype=NORMAL cap_fp=0 cap_fi=0 cap_fe=0 cap_fver=0 cap_frootid=0OUID="root" OGID="root"
type=PROCTITLE msg=audit(1765978745.880:1937): proctitle=736564002D6E6500732F5E73657373696F6E5C2E67635F6D61786C69666574696D653D5C282E2A5C29242F5C312F70
type=SYSCALL msg=audit(1765978745.892:1938): arch=c000003e syscall=59 success=yes exit=0 a0=5565764c5810 a1=5565764c52c0 a2=5565764c57a8 a3=5565764c5ca0 items=2 ppid=1571 pid=1573 auid=4294967295 uid=0 gid=0 euid=0 suid=0 fsuid=0 egid=0 sgid=0 fsgid=0 tty=(none) ses=4294967295 comm="sed" exe="/usr/bin/sed" subj=unconfined key="T1078_Valid_Accounts"ARCH=x86_64 SYSCALL=execve AUID="unset" UID="root" GID="root" EUID="root" SUID="root" FSUID="root" EGID="root" SGID="root" FSGID="root"
type=EXECVE msg=audit(1765978745.892:1938): argc=3 a0="sed" a1="-e" a2="s,@VERSION@,8.3,"
type=PATH msg=audit(1765978745.892:1938): item=0 name="/usr/bin/sed" inode=1442742 dev=08:02 mode=0100755 ouid=0 ogid=0 rdev=00:00 nametype=NORMAL cap_fp=0 cap_fi=0 cap_fe=0 cap_fver=0 cap_frootid=0OUID="root" OGID="root"
type=PATH msg=audit(1765978745.892:1938): item=1 name="/lib64/ld-linux-x86-64.so.2" inode=1481429 dev=08:02 mode=0100755 ouid=0 ogid=0 rdev=00:00 nametype=NORMAL cap_fp=0 cap_fi=0 cap_fe=0 cap_fver=0 cap_frootid=0OUID="root" OGID="root"
type=PROCTITLE msg=audit(1765978745.892:1938): proctitle=736564002D6500732C4056455253494F4E402C382E332C
type=SYSCALL msg=audit(1765978745.901:1939): arch=c000003e syscall=59 success=yes exit=0 a0=5565764c5260 a1=5565764c57c8 a2=5565764c5848 a3=5565764c5ca0 items=2 ppid=1550 pid=1574 auid=4294967295 uid=0 gid=0 euid=0 suid=0 fsuid=0 egid=0 sgid=0 fsgid=0 tty=(none) ses=4294967295 comm="php8.3" exe="/usr/bin/php8.3" subj=unconfined key="T1078_Valid_Accounts"ARCH=x86_64 SYSCALL=execve AUID="unset" UID="root" GID="root" EUID="root" SUID="root" FSUID="root" EGID="root" SGID="root" FSGID="root"
type=EXECVE msg=audit(1765978745.901:1939): argc=7 a0="/usr/bin/php8.3" a1="-c" a2="/etc/php/8.3/cli/php.ini" a3="-d" a4="error_reporting='~E_ALL'" a5="-r" a6=666F726561636828696E695F6765745F616C6C282273657373696F6E222920617320246B203D3E20247629206563686F2022246B3D222E24765B226C6F63616C5F76616C7565225D2E225C6E223B
type=PATH msg=audit(1765978745.901:1939): item=0 name="/usr/bin/php8.3" inode=1499184 dev=08:02 mode=0100755 ouid=0 ogid=0 rdev=00:00 nametype=NORMAL cap_fp=0 cap_fi=0 cap_fe=0 cap_fver=0 cap_frootid=0OUID="root" OGID="root"
type=PATH msg=audit(1765978745.901:1939): item=1 name="/lib64/ld-linux-x86-64.so.2" inode=1481429 dev=08:02 mode=0100755 ouid=0 ogid=0 rdev=00:00 nametype=NORMAL cap_fp=0 cap_fi=0 cap_fe=0 cap_fver=0 cap_frootid=0OUID="root" OGID="root"
type=PROCTITLE msg=audit(1765978745.901:1939): proctitle=2F7573722F62696E2F706870382E33002D63002F6574632F7068702F382E332F636C692F7068702E696E69002D64006572726F725F7265706F7274696E673D277E455F414C4C27002D7200666F726561636828696E695F6765745F616C6C282273657373696F6E222920617320246B203D3E20247629206563686F2022246B3D
type=SYSCALL msg=audit(1765978745.992:1940): arch=c000003e syscall=59 success=yes exit=0 a0=5565764c57b0 a1=5565764c52e0 a2=5565764c5748 a3=5565764c59e0 items=2 ppid=1575 pid=1577 auid=4294967295 uid=0 gid=0 euid=0 suid=0 fsuid=0 egid=0 sgid=0 fsgid=0 tty=(none) ses=4294967295 comm="sed" exe="/usr/bin/sed" subj=unconfined key="T1078_Valid_Accounts"ARCH=x86_64 SYSCALL=execve AUID="unset" UID="root" GID="root" EUID="root" SUID="root" FSUID="root" EGID="root" SGID="root" FSGID="root"
type=EXECVE msg=audit(1765978745.992:1940): argc=3 a0="sed" a1="-ne" a2="s/^session\.save_handler=\(.*\)$/\1/p"
type=PATH msg=audit(1765978745.992:1940): item=0 name="/usr/bin/sed" inode=1442742 dev=08:02 mode=0100755 ouid=0 ogid=0 rdev=00:00 nametype=NORMAL cap_fp=0 cap_fi=0 cap_fe=0 cap_fver=0 cap_frootid=0OUID="root" OGID="root"
type=PATH msg=audit(1765978745.992:1940): item=1 name="/lib64/ld-linux-x86-64.so.2" inode=1481429 dev=08:02 mode=0100755 ouid=0 ogid=0 rdev=00:00 nametype=NORMAL cap_fp=0 cap_fi=0 cap_fe=0 cap_fver=0 cap_frootid=0OUID="root" OGID="root"
type=PROCTITLE msg=audit(1765978745.992:1940): proctitle=736564002D6E6500732F5E73657373696F6E5C2E736176655F68616E646C65723D5C282E2A5C29242F5C312F70
type=SYSCALL msg=audit(1765978746.006:1941): arch=c000003e syscall=59 success=yes exit=0 a0=5565764c57b0 a1=5565764c52e8 a2=5565764c5748 a3=5565764c53e0 items=2 ppid=1578 pid=1580 auid=4294967295 uid=0 gid=0 euid=0 suid=0 fsuid=0 egid=0 sgid=0 fsgid=0 tty=(none) ses=4294967295 comm="sed" exe="/usr/bin/sed" subj=unconfined key="T1078_Valid_Accounts"ARCH=x86_64 SYSCALL=execve AUID="unset" UID="root" GID="root" EUID="root" SUID="root" FSUID="root" EGID="root" SGID="root" FSGID="root"
type=EXECVE msg=audit(1765978746.006:1941): argc=3 a0="sed" a1="-ne" a2="s/^session\.save_path=\(.*;\)\?\(.*\)$/\2/p"
type=PATH msg=audit(1765978746.006:1941): item=0 name="/usr/bin/sed" inode=1442742 dev=08:02 mode=0100755 ouid=0 ogid=0 rdev=00:00 nametype=NORMAL cap_fp=0 cap_fi=0 cap_fe=0 cap_fver=0 cap_frootid=0OUID="root" OGID="root"
type=PATH msg=audit(1765978746.006:1941): item=1 name="/lib64/ld-linux-x86-64.so.2" inode=1481429 dev=08:02 mode=0100755 ouid=0 ogid=0 rdev=00:00 nametype=NORMAL cap_fp=0 cap_fi=0 cap_fe=0 cap_fver=0 cap_frootid=0OUID="root" OGID="root"
type=PROCTITLE msg=audit(1765978746.006:1941): proctitle=736564002D6E6500732F5E73657373696F6E5C2E736176655F706174683D5C282E2A3B5C295C3F5C282E2A5C29242F5C322F70
type=SYSCALL msg=audit(1765978746.022:1942): arch=c000003e syscall=59 success=yes exit=0 a0=5565764c57b0 a1=5565764c52e0 a2=5565764c5748 a3=5565764c59e0 items=2 ppid=1581 pid=1583 auid=4294967295 uid=0 gid=0 euid=0 suid=0 fsuid=0 egid=0 sgid=0 fsgid=0 tty=(none) ses=4294967295 comm="sed" exe="/usr/bin/sed" subj=unconfined key="T1078_Valid_Accounts"ARCH=x86_64 SYSCALL=execve AUID="unset" UID="root" GID="root" EUID="root" SUID="root" FSUID="root" EGID="root" SGID="root" FSGID="root"
type=EXECVE msg=audit(1765978746.022:1942): argc=3 a0="sed" a1="-ne" a2="s/^session\.gc_maxlifetime=\(.*\)$/\1/p"
type=PATH msg=audit(1765978746.022:1942): item=0 name="/usr/bin/sed" inode=1442742 dev=08:02 mode=0100755 ouid=0 ogid=0 rdev=00:00 nametype=NORMAL cap_fp=0 cap_fi=0 cap_fe=0 cap_fver=0 cap_frootid=0OUID="root" OGID="root"
type=PATH msg=audit(1765978746.022:1942): item=1 name="/lib64/ld-linux-x86-64.so.2" inode=1481429 dev=08:02 mode=0100755 ouid=0 ogid=0 rdev=00:00 nametype=NORMAL cap_fp=0 cap_fi=0 cap_fe=0 cap_fver=0 cap_frootid=0OUID="root" OGID="root"
type=PROCTITLE msg=audit(1765978746.022:1942): proctitle=736564002D6E6500732F5E73657373696F6E5C2E67635F6D61786C69666574696D653D5C282E2A5C29242F5C312F70
type=SYSCALL msg=audit(1765978746.034:1943): arch=c000003e syscall=59 success=yes exit=0 a0=5565764c57b0 a1=5565764c52c8 a2=5565764c5748 a3=0 items=2 ppid=1584 pid=1586 auid=4294967295 uid=0 gid=0 euid=0 suid=0 fsuid=0 egid=0 sgid=0 fsgid=0 tty=(none) ses=4294967295 comm="sed" exe="/usr/bin/sed" subj=unconfined key="T1078_Valid_Accounts"ARCH=x86_64 SYSCALL=execve AUID="unset" UID="root" GID="root" EUID="root" SUID="root" FSUID="root" EGID="root" SGID="root" FSGID="root"
type=EXECVE msg=audit(1765978746.034:1943): argc=3 a0="sed" a1="-e" a2="s,@VERSION@,8.3,"
type=PATH msg=audit(1765978746.034:1943): item=0 name="/usr/bin/sed" inode=1442742 dev=08:02 mode=0100755 ouid=0 ogid=0 rdev=00:00 nametype=NORMAL cap_fp=0 cap_fi=0 cap_fe=0 cap_fver=0 cap_frootid=0OUID="root" OGID="root"
type=PATH msg=audit(1765978746.034:1943): item=1 name="/lib64/ld-linux-x86-64.so.2" inode=1481429 dev=08:02 mode=0100755 ouid=0 ogid=0 rdev=00:00 nametype=NORMAL cap_fp=0 cap_fi=0 cap_fe=0 cap_fver=0 cap_frootid=0OUID="root" OGID="root"
type=PROCTITLE msg=audit(1765978746.034:1943): proctitle=736564002D6500732C4056455253494F4E402C382E332C
type=SYSCALL msg=audit(1765978746.046:1944): arch=c000003e syscall=59 success=yes exit=0 a0=5565764c5250 a1=5565764c51c8 a2=5565764c51e8 a3=79b45f7a7b00 items=2 ppid=1550 pid=1587 auid=4294967295 uid=0 gid=0 euid=0 suid=0 fsuid=0 egid=0 sgid=0 fsgid=0 tty=(none) ses=4294967295 comm="pidof" exe="/usr/sbin/killall5" subj=unconfined key="T1078_Valid_Accounts"ARCH=x86_64 SYSCALL=execve AUID="unset" UID="root" GID="root" EUID="root" SUID="root" FSUID="root" EGID="root" SGID="root" FSGID="root"
type=EXECVE msg=audit(1765978746.046:1944): argc=3 a0="pidof" a1="apache2" a2="php8.3"
type=PATH msg=audit(1765978746.046:1944): item=0 name="/usr/bin/pidof" inode=1459945 dev=08:02 mode=0100755 ouid=0 ogid=0 rdev=00:00 nametype=NORMAL cap_fp=0 cap_fi=0 cap_fe=0 cap_fver=0 cap_frootid=0OUID="root" OGID="root"
type=PATH msg=audit(1765978746.046:1944): item=1 name="/lib64/ld-linux-x86-64.so.2" inode=1481429 dev=08:02 mode=0100755 ouid=0 ogid=0 rdev=00:00 nametype=NORMAL cap_fp=0 cap_fi=0 cap_fe=0 cap_fver=0 cap_frootid=0OUID="root" OGID="root"
type=PROCTITLE msg=audit(1765978746.046:1944): proctitle=7069646F66006170616368653200706870382E33
type=SYSCALL msg=audit(1765978746.129:1945): arch=c000003e syscall=59 success=yes exit=0 a0=5565764c5858 a1=5565764c5778 a2=5565764c57f0 a3=8 items=2 ppid=1550 pid=1590 auid=4294967295 uid=0 gid=0 euid=0 suid=0 fsuid=0 egid=0 sgid=0 fsgid=0 tty=(none) ses=4294967295 comm="find" exe="/usr/bin/find" subj=unconfined key="T1078_Valid_Accounts"ARCH=x86_64 SYSCALL=execve AUID="unset" UID="root" GID="root" EUID="root" SUID="root" FSUID="root" EGID="root" SGID="root" FSGID="root"
type=EXECVE msg=audit(1765978746.129:1945): argc=10 a0="find" a1="/proc/1496/fd" a2="-ignore_readdir_race" a3="-lname" a4="/var/lib/php/sessions/sess_*" a5="-exec" a6="touch" a7="-c" a8="{}" a9=";"
type=PATH msg=audit(1765978746.129:1945): item=0 name="/usr/bin/find" inode=1442415 dev=08:02 mode=0100755 ouid=0 ogid=0 rdev=00:00 nametype=NORMAL cap_fp=0 cap_fi=0 cap_fe=0 cap_fver=0 cap_frootid=0OUID="root" OGID="root"
type=PATH msg=audit(1765978746.129:1945): item=1 name="/lib64/ld-linux-x86-64.so.2" inode=1481429 dev=08:02 mode=0100755 ouid=0 ogid=0 rdev=00:00 nametype=NORMAL cap_fp=0 cap_fi=0 cap_fe=0 cap_fver=0 cap_frootid=0OUID="root" OGID="root"
type=PROCTITLE msg=audit(1765978746.129:1945): proctitle=66696E64002F70726F632F313439362F6664002D69676E6F72655F726561646469725F72616365002D6C6E616D65002F7661722F6C69622F7068702F73657373696F6E732F736573735F2A002D6578656300746F756368002D63007B7D003B
type=SYSCALL msg=audit(1765978746.139:1946): arch=c000003e syscall=59 success=yes exit=0 a0=5565764c5858 a1=5565764c5778 a2=5565764c57f0 a3=8 items=2 ppid=1550 pid=1591 auid=4294967295 uid=0 gid=0 euid=0 suid=0 fsuid=0 egid=0 sgid=0 fsgid=0 tty=(none) ses=4294967295 comm="find" exe="/usr/bin/find" subj=unconfined key="T1078_Valid_Accounts"ARCH=x86_64 SYSCALL=execve AUID="unset" UID="root" GID="root" EUID="root" SUID="root" FSUID="root" EGID="root" SGID="root" FSGID="root"
type=EXECVE msg=audit(1765978746.139:1946): argc=10 a0="find" a1="/proc/1415/fd" a2="-ignore_readdir_race" a3="-lname" a4="/var/lib/php/sessions/sess_*" a5="-exec" a6="touch" a7="-c" a8="{}" a9=";"
type=PATH msg=audit(1765978746.139:1946): item=0 name="/usr/bin/find" inode=1442415 dev=08:02 mode=0100755 ouid=0 ogid=0 rdev=00:00 nametype=NORMAL cap_fp=0 cap_fi=0 cap_fe=0 cap_fver=0 cap_frootid=0OUID="root" OGID="root"
type=PATH msg=audit(1765978746.139:1946): item=1 name="/lib64/ld-linux-x86-64.so.2" inode=1481429 dev=08:02 mode=0100755 ouid=0 ogid=0 rdev=00:00 nametype=NORMAL cap_fp=0 cap_fi=0 cap_fe=0 cap_fver=0 cap_frootid=0OUID="root" OGID="root"
type=PROCTITLE msg=audit(1765978746.139:1946): proctitle=66696E64002F70726F632F313431352F6664002D69676E6F72655F726561646469725F72616365002D6C6E616D65002F7661722F6C69622F7068702F73657373696F6E732F736573735F2A002D6578656300746F756368002D63007B7D003B
type=SYSCALL msg=audit(1765978746.148:1947): arch=c000003e syscall=59 success=yes exit=0 a0=5565764c5858 a1=5565764c5778 a2=5565764c57f0 a3=8 items=2 ppid=1550 pid=1592 auid=4294967295 uid=0 gid=0 euid=0 suid=0 fsuid=0 egid=0 sgid=0 fsgid=0 tty=(none) ses=4294967295 comm="find" exe="/usr/bin/find" subj=unconfined key="T1078_Valid_Accounts"ARCH=x86_64 SYSCALL=execve AUID="unset" UID="root" GID="root" EUID="root" SUID="root" FSUID="root" EGID="root" SGID="root" FSGID="root"
type=EXECVE msg=audit(1765978746.148:1947): argc=10 a0="find" a1="/proc/1414/fd" a2="-ignore_readdir_race" a3="-lname" a4="/var/lib/php/sessions/sess_*" a5="-exec" a6="touch" a7="-c" a8="{}" a9=";"
type=PATH msg=audit(1765978746.148:1947): item=0 name="/usr/bin/find" inode=1442415 dev=08:02 mode=0100755 ouid=0 ogid=0 rdev=00:00 nametype=NORMAL cap_fp=0 cap_fi=0 cap_fe=0 cap_fver=0 cap_frootid=0OUID="root" OGID="root"
type=PATH msg=audit(1765978746.148:1947): item=1 name="/lib64/ld-linux-x86-64.so.2" inode=1481429 dev=08:02 mode=0100755 ouid=0 ogid=0 rdev=00:00 nametype=NORMAL cap_fp=0 cap_fi=0 cap_fe=0 cap_fver=0 cap_frootid=0OUID="root" OGID="root"
type=PROCTITLE msg=audit(1765978746.148:1947): proctitle=66696E64002F70726F632F313431342F6664002D69676E6F72655F726561646469725F72616365002D6C6E616D65002F7661722F6C69622F7068702F73657373696F6E732F736573735F2A002D6578656300746F756368002D63007B7D003B
type=SYSCALL msg=audit(1765978746.157:1948): arch=c000003e syscall=59 success=yes exit=0 a0=5565764c5858 a1=5565764c5778 a2=5565764c57f0 a3=8 items=2 ppid=1550 pid=1593 auid=4294967295 uid=0 gid=0 euid=0 suid=0 fsuid=0 egid=0 sgid=0 fsgid=0 tty=(none) ses=4294967295 comm="find" exe="/usr/bin/find" subj=unconfined key="T1078_Valid_Accounts"ARCH=x86_64 SYSCALL=execve AUID="unset" UID="root" GID="root" EUID="root" SUID="root" FSUID="root" EGID="root" SGID="root" FSGID="root"
type=EXECVE msg=audit(1765978746.157:1948): argc=10 a0="find" a1="/proc/1413/fd" a2="-ignore_readdir_race" a3="-lname" a4="/var/lib/php/sessions/sess_*" a5="-exec" a6="touch" a7="-c" a8="{}" a9=";"
type=PATH msg=audit(1765978746.157:1948): item=0 name="/usr/bin/find" inode=1442415 dev=08:02 mode=0100755 ouid=0 ogid=0 rdev=00:00 nametype=NORMAL cap_fp=0 cap_fi=0 cap_fe=0 cap_fver=0 cap_frootid=0OUID="root" OGID="root"
type=PATH msg=audit(1765978746.157:1948): item=1 name="/lib64/ld-linux-x86-64.so.2" inode=1481429 dev=08:02 mode=0100755 ouid=0 ogid=0 rdev=00:00 nametype=NORMAL cap_fp=0 cap_fi=0 cap_fe=0 cap_fver=0 cap_frootid=0OUID="root" OGID="root"
type=PROCTITLE msg=audit(1765978746.157:1948): proctitle=66696E64002F70726F632F313431332F6664002D69676E6F72655F726561646469725F72616365002D6C6E616D65002F7661722F6C69622F7068702F73657373696F6E732F736573735F2A002D6578656300746F756368002D63007B7D003B
type=SYSCALL msg=audit(1765978746.167:1949): arch=c000003e syscall=59 success=yes exit=0 a0=5565764c5858 a1=5565764c5778 a2=5565764c57f0 a3=8 items=2 ppid=1550 pid=1594 auid=4294967295 uid=0 gid=0 euid=0 suid=0 fsuid=0 egid=0 sgid=0 fsgid=0 tty=(none) ses=4294967295 comm="find" exe="/usr/bin/find" subj=unconfined key="T1078_Valid_Accounts"ARCH=x86_64 SYSCALL=execve AUID="unset" UID="root" GID="root" EUID="root" SUID="root" FSUID="root" EGID="root" SGID="root" FSGID="root"
type=EXECVE msg=audit(1765978746.167:1949): argc=10 a0="find" a1="/proc/1412/fd" a2="-ignore_readdir_race" a3="-lname" a4="/var/lib/php/sessions/sess_*" a5="-exec" a6="touch" a7="-c" a8="{}" a9=";"
type=PATH msg=audit(1765978746.167:1949): item=0 name="/usr/bin/find" inode=1442415 dev=08:02 mode=0100755 ouid=0 ogid=0 rdev=00:00 nametype=NORMAL cap_fp=0 cap_fi=0 cap_fe=0 cap_fver=0 cap_frootid=0OUID="root" OGID="root"
type=PATH msg=audit(1765978746.167:1949): item=1 name="/lib64/ld-linux-x86-64.so.2" inode=1481429 dev=08:02 mode=0100755 ouid=0 ogid=0 rdev=00:00 nametype=NORMAL cap_fp=0 cap_fi=0 cap_fe=0 cap_fver=0 cap_frootid=0OUID="root" OGID="root"
type=PROCTITLE msg=audit(1765978746.167:1949): proctitle=66696E64002F70726F632F313431322F6664002D69676E6F72655F726561646469725F72616365002D6C6E616D65002F7661722F6C69622F7068702F73657373696F6E732F736573735F2A002D6578656300746F756368002D63007B7D003B
type=SYSCALL msg=audit(1765978746.178:1950): arch=c000003e syscall=59 success=yes exit=0 a0=5565764c5858 a1=5565764c5778 a2=5565764c57f0 a3=8 items=2 ppid=1550 pid=1595 auid=4294967295 uid=0 gid=0 euid=0 suid=0 fsuid=0 egid=0 sgid=0 fsgid=0 tty=(none) ses=4294967295 comm="find" exe="/usr/bin/find" subj=unconfined key="T1078_Valid_Accounts"ARCH=x86_64 SYSCALL=execve AUID="unset" UID="root" GID="root" EUID="root" SUID="root" FSUID="root" EGID="root" SGID="root" FSGID="root"
type=EXECVE msg=audit(1765978746.178:1950): argc=10 a0="find" a1="/proc/1411/fd" a2="-ignore_readdir_race" a3="-lname" a4="/var/lib/php/sessions/sess_*" a5="-exec" a6="touch" a7="-c" a8="{}" a9=";"
type=PATH msg=audit(1765978746.178:1950): item=0 name="/usr/bin/find" inode=1442415 dev=08:02 mode=0100755 ouid=0 ogid=0 rdev=00:00 nametype=NORMAL cap_fp=0 cap_fi=0 cap_fe=0 cap_fver=0 cap_frootid=0OUID="root" OGID="root"
type=PATH msg=audit(1765978746.178:1950): item=1 name="/lib64/ld-linux-x86-64.so.2" inode=1481429 dev=08:02 mode=0100755 ouid=0 ogid=0 rdev=00:00 nametype=NORMAL cap_fp=0 cap_fi=0 cap_fe=0 cap_fver=0 cap_frootid=0OUID="root" OGID="root"
type=PROCTITLE msg=audit(1765978746.178:1950): proctitle=66696E64002F70726F632F313431312F6664002D69676E6F72655F726561646469725F72616365002D6C6E616D65002F7661722F6C69622F7068702F73657373696F6E732F736573735F2A002D6578656300746F756368002D63007B7D003B
type=SYSCALL msg=audit(1765978746.188:1951): arch=c000003e syscall=59 success=yes exit=0 a0=5565764c5858 a1=5565764c5778 a2=5565764c57f0 a3=8 items=2 ppid=1550 pid=1596 auid=4294967295 uid=0 gid=0 euid=0 suid=0 fsuid=0 egid=0 sgid=0 fsgid=0 tty=(none) ses=4294967295 comm="find" exe="/usr/bin/find" subj=unconfined key="T1078_Valid_Accounts"ARCH=x86_64 SYSCALL=execve AUID="unset" UID="root" GID="root" EUID="root" SUID="root" FSUID="root" EGID="root" SGID="root" FSGID="root"
type=EXECVE msg=audit(1765978746.188:1951): argc=10 a0="find" a1="/proc/926/fd" a2="-ignore_readdir_race" a3="-lname" a4="/var/lib/php/sessions/sess_*" a5="-exec" a6="touch" a7="-c" a8="{}" a9=";"
type=PATH msg=audit(1765978746.188:1951): item=0 name="/usr/bin/find" inode=1442415 dev=08:02 mode=0100755 ouid=0 ogid=0 rdev=00:00 nametype=NORMAL cap_fp=0 cap_fi=0 cap_fe=0 cap_fver=0 cap_frootid=0OUID="root" OGID="root"
type=PATH msg=audit(1765978746.188:1951): item=1 name="/lib64/ld-linux-x86-64.so.2" inode=1481429 dev=08:02 mode=0100755 ouid=0 ogid=0 rdev=00:00 nametype=NORMAL cap_fp=0 cap_fi=0 cap_fe=0 cap_fver=0 cap_frootid=0OUID="root" OGID="root"
type=PROCTITLE msg=audit(1765978746.188:1951): proctitle=66696E64002F70726F632F3932362F6664002D69676E6F72655F726561646469725F72616365002D6C6E616D65002F7661722F6C69622F7068702F73657373696F6E732F736573735F2A002D6578656300746F756368002D63007B7D003B
type=SYSCALL msg=audit(1765978746.203:1952): arch=c000003e syscall=59 success=yes exit=0 a0=5565764c56a0 a1=5565764c55c0 a2=5565764c5638 a3=8 items=2 ppid=1553 pid=1597 auid=4294967295 uid=0 gid=0 euid=0 suid=0 fsuid=0 egid=0 sgid=0 fsgid=0 tty=(none) ses=4294967295 comm="find" exe="/usr/bin/find" subj=unconfined key="T1078_Valid_Accounts"ARCH=x86_64 SYSCALL=execve AUID="unset" UID="root" GID="root" EUID="root" SUID="root" FSUID="root" EGID="root" SGID="root" FSGID="root"
type=EXECVE msg=audit(1765978746.203:1952): argc=14 a0="find" a1="-O3" a2="/var/lib/php/sessions/" a3="-ignore_readdir_race" a4="-depth" a5="-mindepth" a6="1" a7="-name" a8="sess_*" a9="-type" a10="f" a11="-cmin" a12="+24" a13="-delete"
type=PATH msg=audit(1765978746.203:1952): item=0 name="/usr/bin/find" inode=1442415 dev=08:02 mode=0100755 ouid=0 ogid=0 rdev=00:00 nametype=NORMAL cap_fp=0 cap_fi=0 cap_fe=0 cap_fver=0 cap_frootid=0OUID="root" OGID="root"
type=PATH msg=audit(1765978746.203:1952): item=1 name="/lib64/ld-linux-x86-64.so.2" inode=1481429 dev=08:02 mode=0100755 ouid=0 ogid=0 rdev=00:00 nametype=NORMAL cap_fp=0 cap_fi=0 cap_fe=0 cap_fver=0 cap_frootid=0OUID="root" OGID="root"
type=PROCTITLE msg=audit(1765978746.203:1952): proctitle=66696E64002D4F33002F7661722F6C69622F7068702F73657373696F6E732F002D69676E6F72655F726561646469725F72616365002D6465707468002D6D696E64657074680031002D6E616D6500736573735F2A002D747970650066002D636D696E002B3234002D64656C657465
type=SERVICE_START msg=audit(1765978746.213:1953): pid=1 uid=0 auid=4294967295 ses=4294967295 subj=unconfined msg='unit=phpsessionclean comm="systemd" exe="/usr/lib/systemd/systemd" hostname=? addr=? terminal=? res=success'UID="root" AUID="unset"
type=SERVICE_STOP msg=audit(1765978746.213:1954): pid=1 uid=0 auid=4294967295 ses=4294967295 subj=unconfined msg='unit=phpsessionclean comm="systemd" exe="/usr/lib/systemd/systemd" hostname=? addr=? terminal=? res=success'UID="root" AUID="unset"
type=SYSCALL msg=audit(1765978782.969:1955): arch=c000003e syscall=59 success=yes exit=0 a0=62b7116cd970 a1=62b711686740 a2=62b711587cc0 a3=62b7115a3e70 items=2 ppid=1481 pid=1601 auid=1000 uid=0 gid=0 euid=0 suid=0 fsuid=0 egid=0 sgid=0 fsgid=0 tty=pts3 ses=4 comm="tail" exe="/usr/bin/tail" subj=unconfined key="T1078_Valid_Accounts"ARCH=x86_64 SYSCALL=execve AUID="vboxuser" UID="root" GID="root" EUID="root" SUID="root" FSUID="root" EGID="root" SGID="root" FSGID="root"
type=EXECVE msg=audit(1765978782.969:1955): argc=4 a0="tail" a1="-c" a2="+10456406" a3="/var/www/nextcloud/data/nextcloud.log"
type=PATH msg=audit(1765978782.969:1955): item=0 name="/usr/bin/tail" inode=1442904 dev=08:02 mode=0100755 ouid=0 ogid=0 rdev=00:00 nametype=NORMAL cap_fp=0 cap_fi=0 cap_fe=0 cap_fver=0 cap_frootid=0OUID="root" OGID="root"
type=PATH msg=audit(1765978782.969:1955): item=1 name="/lib64/ld-linux-x86-64.so.2" inode=1481429 dev=08:02 mode=0100755 ouid=0 ogid=0 rdev=00:00 nametype=NORMAL cap_fp=0 cap_fi=0 cap_fe=0 cap_fver=0 cap_frootid=0OUID="root" OGID="root"
type=PROCTITLE msg=audit(1765978782.969:1955): proctitle=7461696C002D63002B3130343536343036002F7661722F7777772F6E657874636C6F75642F646174612F6E657874636C6F75642E6C6F67
type=SYSCALL msg=audit(1765978783.103:1956): arch=c000003e syscall=59 success=yes exit=0 a0=62b7116cda30 a1=62b711686aa0 a2=62b711587cc0 a3=62b7116cd480 items=2 ppid=1481 pid=1602 auid=1000 uid=0 gid=0 euid=0 suid=0 fsuid=0 egid=0 sgid=0 fsgid=0 tty=pts3 ses=4 comm="tail" exe="/usr/bin/tail" subj=unconfined key="T1078_Valid_Accounts"ARCH=x86_64 SYSCALL=execve AUID="vboxuser" UID="root" GID="root" EUID="root" SUID="root" FSUID="root" EGID="root" SGID="root" FSGID="root"
type=EXECVE msg=audit(1765978783.103:1956): argc=4 a0="tail" a1="-c" a2="+865725" a3="/var/log/syslog"
type=PATH msg=audit(1765978783.103:1956): item=0 name="/usr/bin/tail" inode=1442904 dev=08:02 mode=0100755 ouid=0 ogid=0 rdev=00:00 nametype=NORMAL cap_fp=0 cap_fi=0 cap_fe=0 cap_fver=0 cap_frootid=0OUID="root" OGID="root"
type=PATH msg=audit(1765978783.103:1956): item=1 name="/lib64/ld-linux-x86-64.so.2" inode=1481429 dev=08:02 mode=0100755 ouid=0 ogid=0 rdev=00:00 nametype=NORMAL cap_fp=0 cap_fi=0 cap_fe=0 cap_fver=0 cap_frootid=0OUID="root" OGID="root"
type=PROCTITLE msg=audit(1765978783.103:1956): proctitle=7461696C002D63002B383635373235002F7661722F6C6F672F7379736C6F67
type=SYSCALL msg=audit(1765978783.184:1957): arch=c000003e syscall=59 success=yes exit=0 a0=62b711666e90 a1=62b711686aa0 a2=62b711587cc0 a3=62b7116cdb30 items=2 ppid=1481 pid=1603 auid=1000 uid=0 gid=0 euid=0 suid=0 fsuid=0 egid=0 sgid=0 fsgid=0 tty=pts3 ses=4 comm="tail" exe="/usr/bin/tail" subj=unconfined key="T1078_Valid_Accounts"ARCH=x86_64 SYSCALL=execve AUID="vboxuser" UID="root" GID="root" EUID="root" SUID="root" FSUID="root" EGID="root" SGID="root" FSGID="root"
type=EXECVE msg=audit(1765978783.184:1957): argc=4 a0="tail" a1="-c" a2="+48936" a3="/var/log/auth.log"
type=PATH msg=audit(1765978783.184:1957): item=0 name="/usr/bin/tail" inode=1442904 dev=08:02 mode=0100755 ouid=0 ogid=0 rdev=00:00 nametype=NORMAL cap_fp=0 cap_fi=0 cap_fe=0 cap_fver=0 cap_frootid=0OUID="root" OGID="root"
type=PATH msg=audit(1765978783.184:1957): item=1 name="/lib64/ld-linux-x86-64.so.2" inode=1481429 dev=08:02 mode=0100755 ouid=0 ogid=0 rdev=00:00 nametype=NORMAL cap_fp=0 cap_fi=0 cap_fe=0 cap_fver=0 cap_frootid=0OUID="root" OGID="root"
type=PROCTITLE msg=audit(1765978783.184:1957): proctitle=7461696C002D63002B3438393336002F7661722F6C6F672F617574682E6C6F67
type=SYSCALL msg=audit(1765978783.291:1958): arch=c000003e syscall=59 success=yes exit=0 a0=62b711666e50 a1=62b711686740 a2=62b711587cc0 a3=62b7116cdb70 items=2 ppid=1481 pid=1604 auid=1000 uid=0 gid=0 euid=0 suid=0 fsuid=0 egid=0 sgid=0 fsgid=0 tty=pts3 ses=4 comm="tail" exe="/usr/bin/tail" subj=unconfined key="T1078_Valid_Accounts"ARCH=x86_64 SYSCALL=execve AUID="vboxuser" UID="root" GID="root" EUID="root" SUID="root" FSUID="root" EGID="root" SGID="root" FSGID="root"
type=EXECVE msg=audit(1765978783.291:1958): argc=4 a0="tail" a1="-c" a2="+150066212" a3="/var/log/audit/audit.log"
type=PATH msg=audit(1765978783.291:1958): item=0 name="/usr/bin/tail" inode=1442904 dev=08:02 mode=0100755 ouid=0 ogid=0 rdev=00:00 nametype=NORMAL cap_fp=0 cap_fi=0 cap_fe=0 cap_fver=0 cap_frootid=0OUID="root" OGID="root"
type=PATH msg=audit(1765978783.291:1958): item=1 name="/lib64/ld-linux-x86-64.so.2" inode=1481429 dev=08:02 mode=0100755 ouid=0 ogid=0 rdev=00:00 nametype=NORMAL cap_fp=0 cap_fi=0 cap_fe=0 cap_fver=0 cap_frootid=0OUID="root" OGID="root"
type=PROCTITLE msg=audit(1765978783.291:1958): proctitle=7461696C002D63002B313530303636323132002F7661722F6C6F672F61756469742F61756469742E6C6F67
type=SYSCALL msg=audit(1765978783.299:1959): arch=c000003e syscall=257 success=yes exit=3 a0=ffffff9c a1=7ffee6cbc6c3 a2=0 a3=0 items=1 ppid=1481 pid=1604 auid=1000 uid=0 gid=0 euid=0 suid=0 fsuid=0 egid=0 sgid=0 fsgid=0 tty=pts3 ses=4 comm="tail" exe="/usr/bin/tail" subj=unconfined key="auditlog"ARCH=x86_64 SYSCALL=openat AUID="vboxuser" UID="root" GID="root" EUID="root" SUID="root" FSUID="root" EGID="root" SGID="root" FSGID="root"
type=PATH msg=audit(1765978783.299:1959): item=0 name="/var/log/audit/audit.log" inode=659339 dev=08:02 mode=0100640 ouid=0 ogid=4 rdev=00:00 nametype=NORMAL cap_fp=0 cap_fi=0 cap_fe=0 cap_fver=0 cap_frootid=0OUID="root" OGID="adm"
type=PROCTITLE msg=audit(1765978783.299:1959): proctitle=7461696C002D63002B313530303636323132002F7661722F6C6F672F61756469742F61756469742E6C6F67