2025-12-17T12:09:01.736812+00:00 finalArenaServer CRON[1783]: (root) CMD (  [ -x /usr/lib/php/sessionclean ] && if [ ! -d /run/systemd/system ]; then /usr/lib/php/sessionclean; fi)
2025-12-17T12:09:29.536193+00:00 finalArenaServer systemd[1]: Starting phpsessionclean.service - Clean php session files...
2025-12-17T12:09:29.761309+00:00 finalArenaServer systemd[1]: phpsessionclean.service: Deactivated successfully.
2025-12-17T12:09:29.761451+00:00 finalArenaServer systemd[1]: Finished phpsessionclean.service - Clean php session files.
2025-12-17T12:09:39.972040+00:00 finalArenaServer systemd[1]: Starting update-notifier-download.service - Download data for packages that failed at package install time...
2025-12-17T12:09:40.162909+00:00 finalArenaServer systemd[1]: update-notifier-download.service: Deactivated successfully.
2025-12-17T12:09:40.162979+00:00 finalArenaServer systemd[1]: Finished update-notifier-download.service - Download data for packages that failed at package install time.
2025-12-17T12:10:31.323600+00:00 finalArenaServer systemd[1]: Starting sysstat-collect.service - system activity accounting tool...
2025-12-17T12:10:31.352956+00:00 finalArenaServer systemd[1]: Starting redis-server.service - Advanced key-value store...
2025-12-17T12:10:31.385261+00:00 finalArenaServer systemd[1]: sysstat-collect.service: Deactivated successfully.
2025-12-17T12:10:31.386913+00:00 finalArenaServer systemd[1]: Finished sysstat-collect.service - system activity accounting tool.
2025-12-17T12:10:31.504643+00:00 finalArenaServer systemd[1]: Started redis-server.service - Advanced key-value store.
2025-12-17T12:10:46.314798+00:00 finalArenaServer systemd[1]: Stopping apache2.service - The Apache HTTP Server...
2025-12-17T12:10:46.451622+00:00 finalArenaServer apachectl[1904]: AH00558: apache2: Could not reliably determine the server's fully qualified domain name, using fd17:625c:f037:2:a00:27ff:fe3f:3739. Set the 'ServerName' directive globally to suppress this message
2025-12-17T12:10:46.554556+00:00 finalArenaServer systemd[1]: apache2.service: Deactivated successfully.
2025-12-17T12:10:46.554734+00:00 finalArenaServer systemd[1]: Stopped apache2.service - The Apache HTTP Server.
2025-12-17T12:10:46.554841+00:00 finalArenaServer systemd[1]: apache2.service: Consumed 1.215s CPU time, 37.7M memory peak, 0B memory swap peak.
2025-12-17T12:10:46.573632+00:00 finalArenaServer systemd[1]: Starting apache2.service - The Apache HTTP Server...
2025-12-17T12:10:46.664891+00:00 finalArenaServer apachectl[1910]: AH00558: apache2: Could not reliably determine the server's fully qualified domain name, using fd17:625c:f037:2:a00:27ff:fe3f:3739. Set the 'ServerName' directive globally to suppress this message
2025-12-17T12:10:46.686250+00:00 finalArenaServer systemd[1]: Started apache2.service - The Apache HTTP Server.
2025-12-17T12:10:49.522288+00:00 finalArenaServer systemd[1189]: launchpadlib-cache-clean.service - Clean up old files in the Launchpadlib cache was skipped because of an unmet condition check (ConditionPathExists=/home/vboxuser/.launchpadlib/api.launchpad.net/cache).
2025-12-17T12:15:01.800047+00:00 finalArenaServer CRON[1980]: (root) CMD (command -v debian-sa1 > /dev/null && debian-sa1 1 1)
2025-12-17T12:15:23.967049+00:00 finalArenaServer kernel: workqueue: drm_fb_helper_damage_work hogged CPU for >10000us 4 times, consider switching to WQ_UNBOUND
2025-12-17T12:15:41.882442+00:00 finalArenaServer kernel: workqueue: blk_mq_run_work_fn hogged CPU for >10000us 8 times, consider switching to WQ_UNBOUND
2025-12-17T12:17:01.825075+00:00 finalArenaServer CRON[2028]: (root) CMD (cd / && run-parts --report /etc/cron.hourly)
2025-12-17T12:17:49.530486+00:00 finalArenaServer systemd[1]: Starting fwupd-refresh.service - Refresh fwupd metadata and update motd...
2025-12-17T12:17:49.633383+00:00 finalArenaServer dbus-daemon[625]: [system] Activating via systemd: service name='org.freedesktop.fwupd' unit='fwupd.service' requested by ':1.21' (uid=989 pid=2094 comm="/usr/bin/fwupdmgr refresh" label="unconfined")
2025-12-17T12:17:49.649264+00:00 finalArenaServer systemd[1]: Starting fwupd.service - Firmware update daemon...
2025-12-17T12:17:50.102323+00:00 finalArenaServer dbus-daemon[625]: [system] Activating via systemd: service name='org.freedesktop.UPower' unit='upower.service' requested by ':1.22' (uid=0 pid=2099 comm="/usr/libexec/fwupd/fwupd" label="unconfined")
2025-12-17T12:17:50.119556+00:00 finalArenaServer systemd[1]: Starting upower.service - Daemon for power management...
2025-12-17T12:17:50.418702+00:00 finalArenaServer dbus-daemon[625]: [system] Successfully activated service 'org.freedesktop.UPower'
2025-12-17T12:17:50.420298+00:00 finalArenaServer systemd[1]: Started upower.service - Daemon for power management.
2025-12-17T12:17:50.558653+00:00 finalArenaServer fwupd[2099]: 12:17:50.557 FuEngine             failed to add device /sys/devices/pci0000:00/0000:00:01.1/ata2/host1/target1:0:0/1:0:0:0/block/sr0: failed to open /dev/sr0: No medium found
2025-12-17T12:17:50.650426+00:00 finalArenaServer fwupd[2099]: 12:17:50.650 FuMain               fwupd 1.9.30 ready for requests (locale en_US.UTF-8)
2025-12-17T12:17:50.655866+00:00 finalArenaServer dbus-daemon[625]: [system] Successfully activated service 'org.freedesktop.fwupd'
2025-12-17T12:17:50.656670+00:00 finalArenaServer systemd[1]: Started fwupd.service - Firmware update daemon.
2025-12-17T12:17:50.692975+00:00 finalArenaServer fwupdmgr[2094]: Updating lvfs
2025-12-17T12:17:55.554801+00:00 finalArenaServer fwupdmgr[2094]: Successfully downloaded new metadata: 0 local devices supported
2025-12-17T12:17:55.563159+00:00 finalArenaServer systemd[1]: fwupd-refresh.service: Deactivated successfully.
2025-12-17T12:17:55.565103+00:00 finalArenaServer systemd[1]: Finished fwupd-refresh.service - Refresh fwupd metadata and update motd.