2026-01-11T21:51:50.028103+00:00 finalArenaServer kernel: workqueue: drm_fb_helper_damage_work hogged CPU for >10000us 4 times, consider switching to WQ_UNBOUND
2026-01-11T21:51:53.555192+00:00 finalArenaServer kernel: workqueue: drm_fb_helper_damage_work hogged CPU for >10000us 8 times, consider switching to WQ_UNBOUND
2026-01-11T21:51:53.711804+00:00 finalArenaServer systemd[1]: Starting e2scrub_all.service - Online ext4 Metadata Check for All Filesystems...
2026-01-11T21:51:53.736534+00:00 finalArenaServer systemd[1]: e2scrub_all.service: Deactivated successfully.
2026-01-11T21:51:53.739910+00:00 finalArenaServer systemd[1]: Finished e2scrub_all.service - Online ext4 Metadata Check for All Filesystems.
2026-01-11T21:51:55.310980+00:00 finalArenaServer systemd[1]: systemd-hostnamed.service: Deactivated successfully.
2026-01-11T21:51:57.143790+00:00 finalArenaServer systemd[1]: systemd-timedated.service: Deactivated successfully.
2026-01-11T21:51:59.006932+00:00 finalArenaServer systemd-resolved[438]: Clock change detected. Flushing caches.
2026-01-11T21:51:59.007239+00:00 finalArenaServer systemd-timesyncd[446]: Contacted time server 185.144.161.170:123 (2.ubuntu.pool.ntp.org).
2026-01-11T21:51:59.007424+00:00 finalArenaServer systemd-timesyncd[446]: Initial clock synchronization to Sun 2026-01-11 21:51:59.005957 UTC.
2026-01-11T21:52:02.465966+00:00 finalArenaServer kernel: workqueue: e1000_watchdog [e1000] hogged CPU for >10000us 4 times, consider switching to WQ_UNBOUND
2026-01-11T21:52:04.940832+00:00 finalArenaServer kernel: workqueue: drm_fb_helper_damage_work hogged CPU for >10000us 16 times, consider switching to WQ_UNBOUND
2026-01-11T21:52:28.247289+00:00 finalArenaServer kernel: clocksource: Long readout interval, skipping watchdog check: cs_nsec: 4579183454 wd_nsec: 4579181613
2026-01-11T21:52:28.328108+00:00 finalArenaServer kernel: workqueue: blk_mq_run_work_fn hogged CPU for >10000us 4 times, consider switching to WQ_UNBOUND
2026-01-11T21:52:29.349294+00:00 finalArenaServer kernel: workqueue: e1000_watchdog [e1000] hogged CPU for >10000us 8 times, consider switching to WQ_UNBOUND
2026-01-11T21:52:47.137012+00:00 finalArenaServer kernel: workqueue: drm_fb_helper_damage_work hogged CPU for >10000us 32 times, consider switching to WQ_UNBOUND
2026-01-11T21:53:04.216503+00:00 finalArenaServer kernel: workqueue: e1000_watchdog [e1000] hogged CPU for >10000us 16 times, consider switching to WQ_UNBOUND
2026-01-11T21:53:41.096753+00:00 finalArenaServer kernel: workqueue: e1000_watchdog [e1000] hogged CPU for >10000us 32 times, consider switching to WQ_UNBOUND
2026-01-11T21:54:58.902623+00:00 finalArenaServer kernel: workqueue: e1000_watchdog [e1000] hogged CPU for >10000us 64 times, consider switching to WQ_UNBOUND
2026-01-11T21:55:02.433081+00:00 finalArenaServer CRON[1458]: (root) CMD (command -v debian-sa1 > /dev/null && debian-sa1 1 1)
2026-01-11T21:56:21.047610+00:00 finalArenaServer kernel: workqueue: blk_mq_run_work_fn hogged CPU for >10000us 8 times, consider switching to WQ_UNBOUND
2026-01-11T21:56:24.994503+00:00 finalArenaServer systemd[1]: Starting update-notifier-download.service - Download data for packages that failed at package install time...
2026-01-11T21:56:25.282690+00:00 finalArenaServer systemd[1]: update-notifier-download.service: Deactivated successfully.
2026-01-11T21:56:25.282872+00:00 finalArenaServer systemd[1]: Finished update-notifier-download.service - Download data for packages that failed at package install time.