2026-02-26T14:18:04.769528+00:00 arena-wp kernel: workqueue: e1000_watchdog [e1000] hogged CPU for >10000us 32 times, consider switching to WQ_UNBOUND
2026-02-26T14:18:09.529545+00:00 arena-wp kernel: workqueue: blk_mq_requeue_work hogged CPU for >10000us 8 times, consider switching to WQ_UNBOUND
2026-02-26T14:19:13.067013+00:00 arena-wp systemd[1]: Stopping apache2.service - The Apache HTTP Server...
2026-02-26T14:19:13.486978+00:00 arena-wp apachectl[1625]: AH00558: apache2: Could not reliably determine the server's fully qualified domain name, using fd17:625c:f037:2:a00:27ff:fed8:540d. Set the 'ServerName' directive globally to suppress this message
2026-02-26T14:19:13.697805+00:00 arena-wp systemd[1]: apache2.service: Deactivated successfully.
2026-02-26T14:19:13.699463+00:00 arena-wp systemd[1]: Stopped apache2.service - The Apache HTTP Server.
2026-02-26T14:19:13.699761+00:00 arena-wp systemd[1]: apache2.service: Consumed 3.232s CPU time, 38.3M memory peak, 0B memory swap peak.
2026-02-26T14:19:13.732286+00:00 arena-wp systemd[1]: Starting apache2.service - The Apache HTTP Server...
2026-02-26T14:19:14.074296+00:00 arena-wp apachectl[1631]: AH00558: apache2: Could not reliably determine the server's fully qualified domain name, using fd17:625c:f037:2:a00:27ff:fed8:540d. Set the 'ServerName' directive globally to suppress this message
2026-02-26T14:19:14.128064+00:00 arena-wp systemd[1]: Started apache2.service - The Apache HTTP Server.
2026-02-26T14:19:16.191743+00:00 arena-wp kernel: workqueue: drm_fb_helper_damage_work hogged CPU for >10000us 64 times, consider switching to WQ_UNBOUND
2026-02-26T14:19:16.391749+00:00 arena-wp kernel: workqueue: ata_sff_pio_task hogged CPU for >10000us 4 times, consider switching to WQ_UNBOUND
2026-02-26T14:19:44.332711+00:00 arena-wp systemd[1]: Stopping apache2.service - The Apache HTTP Server...
2026-02-26T14:19:44.660876+00:00 arena-wp apachectl[1653]: AH00558: apache2: Could not reliably determine the server's fully qualified domain name, using fd17:625c:f037:2:a00:27ff:fed8:540d. Set the 'ServerName' directive globally to suppress this message
2026-02-26T14:19:44.820645+00:00 arena-wp systemd[1]: apache2.service: Deactivated successfully.
2026-02-26T14:19:44.834026+00:00 arena-wp systemd[1]: Stopped apache2.service - The Apache HTTP Server.
2026-02-26T14:19:44.834289+00:00 arena-wp systemd[1]: apache2.service: Consumed 1.191s CPU time.
2026-02-26T14:19:44.860501+00:00 arena-wp systemd[1]: Starting apache2.service - The Apache HTTP Server...
2026-02-26T14:19:45.132606+00:00 arena-wp apachectl[1659]: AH00558: apache2: Could not reliably determine the server's fully qualified domain name, using fd17:625c:f037:2:a00:27ff:fed8:540d. Set the 'ServerName' directive globally to suppress this message
2026-02-26T14:19:45.206231+00:00 arena-wp systemd[1]: Started apache2.service - The Apache HTTP Server.
2026-02-26T14:19:47.221596+00:00 arena-wp kernel: workqueue: e1000_watchdog [e1000] hogged CPU for >10000us 64 times, consider switching to WQ_UNBOUND