2026-02-24T11:20:56.521089+00:00 arena-wp systemd-resolved[454]: Clock change detected. Flushing caches.
2026-02-24T11:20:56.521765+00:00 arena-wp systemd-timesyncd[457]: Contacted time server 162.159.200.123:123 (2.ubuntu.pool.ntp.org).
2026-02-24T11:20:56.521875+00:00 arena-wp systemd-timesyncd[457]: Initial clock synchronization to Tue 2026-02-24 11:20:56.516898 UTC.
2026-02-24T11:20:59.331504+00:00 arena-wp systemd[1]: systemd-hostnamed.service: Deactivated successfully.
2026-02-24T11:21:03.847268+00:00 arena-wp systemd[1]: systemd-timedated.service: Deactivated successfully.
2026-02-24T11:21:04.215593+00:00 arena-wp mariadbd[1034]: 2026-02-24 11:21:04 31 [Warning] Access denied for user 'wp_admin'@'localhost' (using password: YES)
2026-02-24T11:21:15.891460+00:00 arena-wp kernel: hrtimer: interrupt took 2879621 ns
2026-02-24T11:21:24.299376+00:00 arena-wp kernel: workqueue: drm_fb_helper_damage_work hogged CPU for >10000us 4 times, consider switching to WQ_UNBOUND
2026-02-24T11:21:30.396894+00:00 arena-wp systemd[1]: Started session-4.scope - Session 4 of User vboxuser.
2026-02-24T11:21:40.570681+00:00 arena-wp kernel: workqueue: e1000_watchdog [e1000] hogged CPU for >10000us 4 times, consider switching to WQ_UNBOUND
2026-02-24T11:21:41.922911+00:00 arena-wp kernel: workqueue: blk_mq_run_work_fn hogged CPU for >10000us 16 times, consider switching to WQ_UNBOUND
2026-02-24T11:22:02.372506+00:00 arena-wp kernel: workqueue: drm_fb_helper_damage_work hogged CPU for >10000us 8 times, consider switching to WQ_UNBOUND
2026-02-24T11:22:05.036905+00:00 arena-wp kernel: workqueue: e1000_watchdog [e1000] hogged CPU for >10000us 8 times, consider switching to WQ_UNBOUND
2026-02-24T11:23:52.384021+00:00 arena-wp mariadbd[1034]: 2026-02-24 11:23:52 32 [Warning] Access denied for user 'wp_admin'@'localhost' (using password: YES)
2026-02-24T11:24:45.377927+00:00 arena-wp mariadbd[1034]: 2026-02-24 11:24:45 34 [Warning] Access denied for user 'wp_user'@'localhost' (using password: YES)
2026-02-24T11:25:01.405544+00:00 arena-wp CRON[1534]: (root) CMD (command -v debian-sa1 > /dev/null && debian-sa1 1 1)
2026-02-24T11:25:23.135061+00:00 arena-wp systemd[1]: Starting update-notifier-download.service - Download data for packages that failed at package install time...
2026-02-24T11:25:23.526431+00:00 arena-wp systemd[1]: update-notifier-download.service: Deactivated successfully.
2026-02-24T11:25:23.527090+00:00 arena-wp systemd[1]: Finished update-notifier-download.service - Download data for packages that failed at package install time.
2026-02-24T11:25:48.719391+00:00 arena-wp kernel: workqueue: drm_fb_helper_damage_work hogged CPU for >10000us 16 times, consider switching to WQ_UNBOUND