2026-02-27T18:12:00.891899+00:00 arena-wp kernel: workqueue: drm_fb_helper_damage_work hogged CPU for >10000us 4 times, consider switching to WQ_UNBOUND
2026-02-27T18:12:06.343112+00:00 arena-wp kernel: workqueue: blk_mq_run_work_fn hogged CPU for >10000us 16 times, consider switching to WQ_UNBOUND
2026-02-27T18:12:07.102643+00:00 arena-wp kernel: workqueue: drm_fb_helper_damage_work hogged CPU for >10000us 8 times, consider switching to WQ_UNBOUND
2026-02-27T18:12:48.132274+00:00 arena-wp kernel: clocksource: Long readout interval, skipping watchdog check: cs_nsec: 5193872785 wd_nsec: 5193872761
2026-02-27T18:13:01.686851+00:00 arena-wp kernel: workqueue: e1000_watchdog [e1000] hogged CPU for >10000us 4 times, consider switching to WQ_UNBOUND
2026-02-27T18:13:07.071326+00:00 arena-wp mariadbd[928]: 2026-02-27 18:13:07 32 [Warning] Access denied for user 'wp_admin'@'localhost' (using password: YES)
2026-02-27T18:13:36.576664+00:00 arena-wp kernel: workqueue: e1000_watchdog [e1000] hogged CPU for >10000us 8 times, consider switching to WQ_UNBOUND
2026-03-05T13:59:18.920802+00:00 arena-wp systemd[1]: Starting e2scrub_all.service - Online ext4 Metadata Check for All Filesystems...
2026-03-05T13:59:18.936601+00:00 arena-wp systemd[1]: e2scrub_all.service: Deactivated successfully.
2026-03-05T13:59:18.938360+00:00 arena-wp systemd[1]: Finished e2scrub_all.service - Online ext4 Metadata Check for All Filesystems.
2026-03-05T13:59:33.522802+00:00 arena-wp kernel: workqueue: drm_fb_helper_damage_work hogged CPU for >10000us 4 times, consider switching to WQ_UNBOUND
2026-03-05T14:00:05.784479+00:00 arena-wp mariadbd[969]: 2026-03-05 14:00:05 33 [Warning] Access denied for user 'wp_admin'@'localhost' (using password: YES)
2026-03-05T14:00:05.813982+00:00 arena-wp systemd[1]: Starting sysstat-collect.service - system activity accounting tool...
2026-03-05T14:00:05.896133+00:00 arena-wp systemd[1]: sysstat-collect.service: Deactivated successfully.
2026-03-05T14:00:05.896304+00:00 arena-wp systemd[1]: Finished sysstat-collect.service - system activity accounting tool.
2026-03-05T14:00:08.546158+00:00 arena-wp kernel: workqueue: drm_fb_helper_damage_work hogged CPU for >10000us 8 times, consider switching to WQ_UNBOUND
2026-03-05T14:00:15.641296+00:00 arena-wp kernel: workqueue: e1000_watchdog [e1000] hogged CPU for >10000us 4 times, consider switching to WQ_UNBOUND
2026-03-05T14:01:31.434448+00:00 arena-wp kernel: workqueue: e1000_watchdog [e1000] hogged CPU for >10000us 8 times, consider switching to WQ_UNBOUND
2026-03-05T14:01:31.941758+00:00 arena-wp kernel: workqueue: drm_fb_helper_damage_work hogged CPU for >10000us 16 times, consider switching to WQ_UNBOUND
2026-03-05T14:01:45.242137+00:00 arena-wp kernel: workqueue: drm_fb_helper_damage_work hogged CPU for >10000us 32 times, consider switching to WQ_UNBOUND
2026-03-09T13:47:35.143209+00:00 arena-wp mariadbd[898]: 2026-03-09 13:47:35 31 [Warning] Access denied for user 'wp_admin'@'localhost' (using password: YES)
2026-03-09T13:48:53.407382+00:00 arena-wp mariadbd[898]: 2026-03-09 13:48:53 32 [Warning] Access denied for user 'wp_admin'@'localhost' (using password: YES)
2026-03-09T13:50:06.167806+00:00 arena-wp systemd[1]: Starting sysstat-collect.service - system activity accounting tool...
2026-03-09T13:50:06.195267+00:00 arena-wp systemd[1]: sysstat-collect.service: Deactivated successfully.
2026-03-09T13:50:06.197039+00:00 arena-wp systemd[1]: Finished sysstat-collect.service - system activity accounting tool.
2026-03-09T21:29:15.949357+00:00 arena-wp systemd[1]: systemd-hostnamed.service: Deactivated successfully.
2026-03-09T21:29:18.288511+00:00 arena-wp systemd-timesyncd[458]: Contacted time server 162.159.200.1:123 (2.ubuntu.pool.ntp.org).
2026-03-09T21:29:18.288577+00:00 arena-wp systemd-timesyncd[458]: Initial clock synchronization to Mon 2026-03-09 21:29:18.287970 UTC.
2026-03-09T21:29:18.289257+00:00 arena-wp systemd-resolved[455]: Clock change detected. Flushing caches.
2026-03-09T21:29:20.192753+00:00 arena-wp systemd[1]: systemd-timedated.service: Deactivated successfully.
2026-03-09T21:29:30.940855+00:00 arena-wp mariadbd[936]: 2026-03-09 21:29:30 31 [Warning] Access denied for user 'wp_admin'@'localhost' (using password: YES)
2026-03-09T21:30:09.816651+00:00 arena-wp systemd[1]: Starting sysstat-collect.service - system activity accounting tool...
2026-03-09T21:30:09.845612+00:00 arena-wp systemd[1]: sysstat-collect.service: Deactivated successfully.
2026-03-09T21:30:09.845695+00:00 arena-wp systemd[1]: Finished sysstat-collect.service - system activity accounting tool.
2026-03-09T21:31:15.922267+00:00 arena-wp mariadbd[936]: 2026-03-09 21:31:15 32 [Warning] Access denied for user 'wp_admin'@'localhost' (using password: YES)
2026-03-09T21:32:43.428395+00:00 arena-wp systemd[1]: Reloading apache2.service - The Apache HTTP Server...
2026-03-09T21:32:43.543542+00:00 arena-wp apachectl[1374]: AH00558: apache2: Could not reliably determine the server's fully qualified domain name, using fd17:625c:f037:2:a00:27ff:fed8:540d. Set the 'ServerName' directive globally to suppress this message
2026-03-09T21:32:43.590145+00:00 arena-wp systemd[1]: Reloaded apache2.service - The Apache HTTP Server.
