2026-01-11T21:36:06.186613+00:00 finalArenaServer kernel: workqueue: drm_fb_helper_damage_work hogged CPU for >10000us 8 times, consider switching to WQ_UNBOUND
2026-01-11T21:36:08.268415+00:00 finalArenaServer kernel: workqueue: drm_fb_helper_damage_work hogged CPU for >10000us 16 times, consider switching to WQ_UNBOUND
2026-01-11T21:36:55.220670+00:00 finalArenaServer kernel: workqueue: e1000_watchdog [e1000] hogged CPU for >10000us 64 times, consider switching to WQ_UNBOUND
2026-01-11T21:36:55.289866+00:00 finalArenaServer kernel: workqueue: drm_fb_helper_damage_work hogged CPU for >10000us 32 times, consider switching to WQ_UNBOUND
2026-01-11T21:37:19.284673+00:00 finalArenaServer kernel: workqueue: blk_mq_run_work_fn hogged CPU for >10000us 16 times, consider switching to WQ_UNBOUND
2026-01-11T21:37:19.488389+00:00 finalArenaServer systemd[1]: Starting update-notifier-download.service - Download data for packages that failed at package install time...
2026-01-11T21:37:19.768016+00:00 finalArenaServer systemd[1]: update-notifier-download.service: Deactivated successfully.
2026-01-11T21:37:19.770134+00:00 finalArenaServer systemd[1]: Finished update-notifier-download.service - Download data for packages that failed at package install time.
2026-01-11T21:37:30.138297+00:00 finalArenaServer systemd[1]: Reloading apache2.service - The Apache HTTP Server...
2026-01-11T21:37:30.675356+00:00 finalArenaServer apachectl[1586]: AH00558: apache2: Could not reliably determine the server's fully qualified domain name, using fd17:625c:f037:2:a00:27ff:fe3f:3739. Set the 'ServerName' directive globally to suppress this message
2026-01-11T21:37:30.745932+00:00 finalArenaServer systemd[1]: Reloaded apache2.service - The Apache HTTP Server.2026-01-12T01:20:39.912394+00:00 finalArenaServer kernel: workqueue: blk_mq_run_work_fn hogged CPU for >10000us 8 times, consider switching to WQ_UNBOUND
2026-01-12T01:20:46.976299+00:00 finalArenaServer kernel: workqueue: e1000_watchdog [e1000] hogged CPU for >10000us 8 times, consider switching to WQ_UNBOUND
2026-01-12T01:20:48.962675+00:00 finalArenaServer systemd[1]: Starting e2scrub_all.service - Online ext4 Metadata Check for All Filesystems...
2026-01-12T01:20:49.076922+00:00 finalArenaServer systemd[1]: e2scrub_all.service: Deactivated successfully.
2026-01-12T01:20:49.077598+00:00 finalArenaServer systemd[1]: Finished e2scrub_all.service - Online ext4 Metadata Check for All Filesystems.
2026-01-12T01:21:04.331858+00:00 finalArenaServer kernel: clocksource: Long readout interval, skipping watchdog check: cs_nsec: 5815823020 wd_nsec: 5815820927
2026-01-12T01:21:58.028608+00:00 finalArenaServer kernel: workqueue: e1000_watchdog [e1000] hogged CPU for >10000us 16 times, consider switching to WQ_UNBOUND
2026-01-12T01:22:50.364903+00:00 finalArenaServer kernel: workqueue: blk_mq_run_work_fn hogged CPU for >10000us 16 times, consider switching to WQ_UNBOUND
2026-01-12T01:24:33.851093+00:00 finalArenaServer kernel: workqueue: e1000_watchdog [e1000] hogged CPU for >10000us 32 times, consider switching to WQ_UNBOUND
2026-01-12T01:24:57.643208+00:00 finalArenaServer systemd[1]: Starting update-notifier-download.service - Download data for packages that failed at package install time...
2026-01-12T01:24:57.843442+00:00 finalArenaServer systemd[1]: update-notifier-download.service: Deactivated successfully.
2026-01-12T01:24:57.844533+00:00 finalArenaServer systemd[1]: Finished update-notifier-download.service - Download data for packages that failed at package install time.
2026-01-12T01:24:58.140918+00:00 finalArenaServer systemd[1]: Reloading apache2.service - The Apache HTTP Server...
2026-01-12T01:24:58.291082+00:00 finalArenaServer apachectl[1534]: AH00558: apache2: Could not reliably determine the server's fully qualified domain name, using fd17:625c:f037:2:a00:27ff:fe3f:3739. Set the 'ServerName' directive globally to suppress this message
2026-01-12T01:24:58.350511+00:00 finalArenaServer systemd[1]: Reloaded apache2.service - The Apache HTTP Server.
2026-01-12T01:25:01.408655+00:00 finalArenaServer CRON[1542]: (root) CMD (command -v debian-sa1 > /dev/null && debian-sa1 1 1)
2026-01-12T01:25:36.370586+00:00 finalArenaServer kernel: workqueue: drm_fb_helper_damage_work hogged CPU for >10000us 8 times, consider switching to WQ_UNBOUND
2026-01-12T01:25:43.166692+00:00 finalArenaServer systemd[1167]: launchpadlib-cache-clean.service - Clean up old files in the Launchpadlib cache was skipped because of an unmet condition check (ConditionPathExists=/home/vboxuser/.launchpadlib/api.launchpad.net/cache).
2026-01-12T01:26:27.576155+00:00 finalArenaServer systemd[1]: Reloading apache2.service - The Apache HTTP Server...
2026-01-12T01:26:27.710978+00:00 finalArenaServer apachectl[1562]: AH00558: apache2: Could not reliably determine the server's fully qualified domain name, using fd17:625c:f037:2:a00:27ff:fe3f:3739. Set the 'ServerName' directive globally to suppress this message
2026-01-12T01:26:27.769278+00:00 finalArenaServer systemd[1]: Reloaded apache2.service - The Apache HTTP Server.2026-01-11T22:33:57.194676+00:00 finalArenaServer systemd[1]: Starting e2scrub_all.service - Online ext4 Metadata Check for All Filesystems...
2026-01-11T22:33:57.243890+00:00 finalArenaServer systemd[1]: e2scrub_all.service: Deactivated successfully.
2026-01-11T22:33:57.246599+00:00 finalArenaServer systemd[1]: Finished e2scrub_all.service - Online ext4 Metadata Check for All Filesystems.
2026-01-11T22:33:57.907745+00:00 finalArenaServer kernel: workqueue: e1000_watchdog [e1000] hogged CPU for >10000us 8 times, consider switching to WQ_UNBOUND
2026-01-11T22:34:08.802043+00:00 finalArenaServer kernel: workqueue: drm_fb_helper_damage_work hogged CPU for >10000us 8 times, consider switching to WQ_UNBOUND
2026-01-11T22:34:12.889635+00:00 finalArenaServer kernel: workqueue: e1000_watchdog [e1000] hogged CPU for >10000us 16 times, consider switching to WQ_UNBOUND
2026-01-11T22:34:32.349154+00:00 finalArenaServer kernel: workqueue: blk_mq_run_work_fn hogged CPU for >10000us 4 times, consider switching to WQ_UNBOUND
2026-01-11T22:34:46.549528+00:00 finalArenaServer kernel: workqueue: drm_fb_helper_damage_work hogged CPU for >10000us 16 times, consider switching to WQ_UNBOUND
2026-01-11T22:34:48.194064+00:00 finalArenaServer kernel: workqueue: e1000_watchdog [e1000] hogged CPU for >10000us 32 times, consider switching to WQ_UNBOUND
2026-01-11T22:34:48.707882+00:00 finalArenaServer systemd[1]: Stopping apache2.service - The Apache HTTP Server...
2026-01-11T22:34:48.871515+00:00 finalArenaServer systemd[1]: apache2.service: Deactivated successfully.
2026-01-11T22:34:48.871665+00:00 finalArenaServer systemd[1]: Stopped apache2.service - The Apache HTTP Server.
2026-01-11T22:34:48.889323+00:00 finalArenaServer systemd[1]: Starting apache2.service - The Apache HTTP Server...
2026-01-11T22:34:48.937400+00:00 finalArenaServer systemd[1]: Started apache2.service - The Apache HTTP Server.
2026-01-11T22:34:52.310818+00:00 finalArenaServer kernel: workqueue: blk_mq_run_work_fn hogged CPU for >10000us 8 times, consider switching to WQ_UNBOUND
2026-01-11T22:35:01.275248+00:00 finalArenaServer CRON[1558]: (root) CMD (command -v debian-sa1 > /dev/null && debian-sa1 1 1)2026-01-11T23:31:18.852086+00:00 finalArenaServer kernel: workqueue: blk_mq_run_work_fn hogged CPU for >10000us 16 times, consider switching to WQ_UNBOUND
2026-01-11T23:31:19.283207+00:00 finalArenaServer kernel: workqueue: e1000_watchdog [e1000] hogged CPU for >10000us 4 times, consider switching to WQ_UNBOUND
2026-01-11T23:31:23.379378+00:00 finalArenaServer kernel: workqueue: e1000_watchdog [e1000] hogged CPU for >10000us 8 times, consider switching to WQ_UNBOUND
2026-01-11T23:31:38.203720+00:00 finalArenaServer kernel: workqueue: drm_fb_helper_damage_work hogged CPU for >10000us 8 times, consider switching to WQ_UNBOUND
2026-01-11T23:31:41.814508+00:00 finalArenaServer kernel: workqueue: e1000_watchdog [e1000] hogged CPU for >10000us 16 times, consider switching to WQ_UNBOUND
2026-01-11T23:31:50.893846+00:00 finalArenaServer kernel: workqueue: drm_fb_helper_damage_work hogged CPU for >10000us 16 times, consider switching to WQ_UNBOUND
2026-01-11T23:32:20.732529+00:00 finalArenaServer kernel: workqueue: e1000_watchdog [e1000] hogged CPU for >10000us 32 times, consider switching to WQ_UNBOUND