2026-01-12T01:30:45.249364+00:00 finalArenaServer systemd[1]: Starting e2scrub_all.service - Online ext4 Metadata Check for All Filesystems...
2026-01-12T01:30:45.255388+00:00 finalArenaServer systemd[1]: systemd-hostnamed.service: Deactivated successfully.
2026-01-12T01:30:45.301228+00:00 finalArenaServer systemd[1]: e2scrub_all.service: Deactivated successfully.
2026-01-12T01:30:45.301374+00:00 finalArenaServer systemd[1]: Finished e2scrub_all.service - Online ext4 Metadata Check for All Filesystems.
2026-01-12T01:30:46.384584+00:00 finalArenaServer systemd[1]: systemd-timedated.service: Deactivated successfully.
2026-01-12T01:30:49.549613+00:00 finalArenaServer systemd-resolved[465]: Clock change detected. Flushing caches.
2026-01-12T01:30:49.549929+00:00 finalArenaServer systemd-timesyncd[470]: Contacted time server 151.236.30.71:123 (2.ubuntu.pool.ntp.org).
2026-01-12T01:30:49.550035+00:00 finalArenaServer systemd-timesyncd[470]: Initial clock synchronization to Mon 2026-01-12 01:30:49.546276 UTC.
2026-01-12T01:30:53.279245+00:00 finalArenaServer kernel: workqueue: e1000_watchdog [e1000] hogged CPU for >10000us 4 times, consider switching to WQ_UNBOUND
2026-01-12T01:30:55.517963+00:00 finalArenaServer kernel: workqueue: drm_fb_helper_damage_work hogged CPU for >10000us 4 times, consider switching to WQ_UNBOUND
2026-01-12T01:31:05.086141+00:00 finalArenaServer kernel: workqueue: e1000_watchdog [e1000] hogged CPU for >10000us 8 times, consider switching to WQ_UNBOUND
2026-01-12T01:31:17.292496+00:00 finalArenaServer kernel: clocksource: Long readout interval, skipping watchdog check: cs_nsec: 7130489038 wd_nsec: 7130486601
2026-01-12T01:31:17.292538+00:00 finalArenaServer kernel: workqueue: blk_mq_run_work_fn hogged CPU for >10000us 8 times, consider switching to WQ_UNBOUND
2026-01-12T01:31:31.791661+00:00 finalArenaServer kernel: workqueue: e1000_watchdog [e1000] hogged CPU for >10000us 16 times, consider switching to WQ_UNBOUND
2026-01-12T01:31:53.099677+00:00 finalArenaServer kernel: workqueue: drm_fb_helper_damage_work hogged CPU for >10000us 8 times, consider switching to WQ_UNBOUND
2026-01-12T01:32:16.301489+00:00 finalArenaServer kernel: workqueue: e1000_watchdog [e1000] hogged CPU for >10000us 32 times, consider switching to WQ_UNBOUND
2026-01-12T01:32:46.784546+00:00 finalArenaServer kernel: workqueue: drm_fb_helper_damage_work hogged CPU for >10000us 16 times, consider switching to WQ_UNBOUND
2026-01-12T01:32:54.523274+00:00 finalArenaServer systemd[1]: Reloading apache2.service - The Apache HTTP Server...
2026-01-12T01:32:54.671949+00:00 finalArenaServer apachectl[1473]: AH00558: apache2: Could not reliably determine the server's fully qualified domain name, using fd17:625c:f037:2:a00:27ff:fe3f:3739. Set the 'ServerName' directive globally to suppress this message
2026-01-12T01:32:54.709800+00:00 finalArenaServer systemd[1]: Reloaded apache2.service - The Apache HTTP Server.
2026-01-12T01:33:00.260839+00:00 finalArenaServer mariadbd[1002]: 2026-01-12  1:33:00 31 [Warning] Access denied for user 'nc_user'@'localhost'
2026-01-12T01:33:00.299493+00:00 finalArenaServer mariadbd[1002]: 2026-01-12  1:33:00 32 [Warning] Access denied for user 'nc_user'@'localhost'
2026-01-12T01:33:00.311379+00:00 finalArenaServer mariadbd[1002]: 2026-01-12  1:33:00 33 [Warning] Access denied for user 'nc_user'@'localhost'
2026-01-12T01:33:00.311893+00:00 finalArenaServer mariadbd[1002]: 2026-01-12  1:33:00 34 [Warning] Access denied for user 'nc_user'@'localhost'
2026-01-12T01:33:00.313595+00:00 finalArenaServer mariadbd[1002]: 2026-01-12  1:33:00 35 [Warning] Access denied for user 'nc_user'@'localhost'
2026-01-12T01:33:00.314455+00:00 finalArenaServer mariadbd[1002]: 2026-01-12  1:33:00 36 [Warning] Access denied for user 'nc_user'@'localhost'
2026-01-12T01:33:00.317542+00:00 finalArenaServer mariadbd[1002]: 2026-01-12  1:33:00 37 [Warning] Access denied for user 'nc_user'@'localhost'
2026-01-12T01:33:00.317780+00:00 finalArenaServer mariadbd[1002]: 2026-01-12  1:33:00 38 [Warning] Access denied for user 'nc_user'@'localhost'
2026-01-12T01:33:00.382093+00:00 finalArenaServer mariadbd[1002]: 2026-01-12  1:33:00 39 [Warning] Access denied for user 'nc_user'@'localhost'
2026-01-12T01:33:00.382354+00:00 finalArenaServer mariadbd[1002]: 2026-01-12  1:33:00 40 [Warning] Access denied for user 'nc_user'@'localhost'
2026-01-12T01:33:00.384520+00:00 finalArenaServer mariadbd[1002]: 2026-01-12  1:33:00 41 [Warning] Access denied for user 'nc_user'@'localhost'
2026-01-12T01:33:00.385106+00:00 finalArenaServer mariadbd[1002]: 2026-01-12  1:33:00 42 [Warning] Access denied for user 'nc_user'@'localhost'
2026-01-12T01:33:00.403092+00:00 finalArenaServer mariadbd[1002]: 2026-01-12  1:33:00 43 [Warning] Access denied for user 'nc_user'@'localhost'
2026-01-12T01:33:00.404196+00:00 finalArenaServer mariadbd[1002]: 2026-01-12  1:33:00 44 [Warning] Access denied for user 'nc_user'@'localhost'
2026-01-12T01:33:00.465951+00:00 finalArenaServer mariadbd[1002]: 2026-01-12  1:33:00 45 [Warning] Access denied for user 'nc_user'@'localhost'
2026-01-12T01:33:00.466948+00:00 finalArenaServer mariadbd[1002]: 2026-01-12  1:33:00 46 [Warning] Access denied for user 'nc_user'@'localhost'
2026-01-12T01:33:00.516466+00:00 finalArenaServer mariadbd[1002]: 2026-01-12  1:33:00 47 [Warning] Access denied for user 'nc_user'@'localhost'
2026-01-12T01:33:00.517813+00:00 finalArenaServer mariadbd[1002]: 2026-01-12  1:33:00 48 [Warning] Access denied for user 'nc_user'@'localhost'
2026-01-12T01:33:00.518498+00:00 finalArenaServer mariadbd[1002]: 2026-01-12  1:33:00 49 [Warning] Access denied for user 'nc_user'@'localhost'
2026-01-12T01:33:00.519245+00:00 finalArenaServer mariadbd[1002]: 2026-01-12  1:33:00 50 [Warning] Access denied for user 'nc_user'@'localhost'
2026-01-12T01:33:00.520009+00:00 finalArenaServer mariadbd[1002]: 2026-01-12  1:33:00 51 [Warning] Access denied for user 'nc_user'@'localhost'
2026-01-12T01:33:00.520446+00:00 finalArenaServer mariadbd[1002]: 2026-01-12  1:33:00 52 [Warning] Access denied for user 'nc_user'@'localhost'
2026-01-12T01:33:00.521191+00:00 finalArenaServer mariadbd[1002]: 2026-01-12  1:33:00 53 [Warning] Access denied for user 'nc_user'@'localhost'
2026-01-12T01:33:00.521609+00:00 finalArenaServer mariadbd[1002]: 2026-01-12  1:33:00 54 [Warning] Access denied for user 'nc_user'@'localhost'
2026-01-12T01:33:00.522961+00:00 finalArenaServer mariadbd[1002]: 2026-01-12  1:33:00 55 [Warning] Access denied for user 'nc_user'@'localhost'
2026-01-12T01:33:00.523641+00:00 finalArenaServer mariadbd[1002]: 2026-01-12  1:33:00 56 [Warning] Access denied for user 'nc_user'@'localhost'
2026-01-12T01:33:00.525125+00:00 finalArenaServer mariadbd[1002]: 2026-01-12  1:33:00 57 [Warning] Access denied for user 'nc_user'@'localhost'
2026-01-12T01:33:00.526305+00:00 finalArenaServer mariadbd[1002]: 2026-01-12  1:33:00 58 [Warning] Access denied for user 'nc_user'@'localhost'
2026-01-12T01:33:00.528008+00:00 finalArenaServer mariadbd[1002]: 2026-01-12  1:33:00 59 [Warning] Access denied for user 'nc_user'@'localhost'
2026-01-12T01:33:00.528613+00:00 finalArenaServer mariadbd[1002]: 2026-01-12  1:33:00 60 [Warning] Access denied for user 'nc_user'@'localhost'
2026-01-12T01:33:00.531114+00:00 finalArenaServer mariadbd[1002]: 2026-01-12  1:33:00 61 [Warning] Access denied for user 'nc_user'@'localhost'
2026-01-12T01:33:00.531959+00:00 finalArenaServer mariadbd[1002]: 2026-01-12  1:33:00 62 [Warning] Access denied for user 'nc_user'@'localhost'
2026-01-12T01:33:02.268314+00:00 finalArenaServer kernel: workqueue: blk_mq_run_work_fn hogged CPU for >10000us 16 times, consider switching to WQ_UNBOUND
2026-01-12T01:33:26.377591+00:00 finalArenaServer kernel: workqueue: e1000_watchdog [e1000] hogged CPU for >10000us 64 times, consider switching to WQ_UNBOUND
2026-01-12T01:33:54.417717+00:00 finalArenaServer mariadbd[1002]: 2026-01-12  1:33:54 63 [Warning] Access denied for user 'nc_user'@'localhost'
2026-01-12T01:34:10.231680+00:00 finalArenaServer kernel: workqueue: ata_sff_pio_task hogged CPU for >10000us 4 times, consider switching to WQ_UNBOUND
2026-01-12T01:35:02.141040+00:00 finalArenaServer CRON[1508]: (root) CMD (command -v debian-sa1 > /dev/null && debian-sa1 1 1)